=== RUN   TestGameEntitiesPhase0
    game_state_measure_test.go:63: FILM 000d5950 · chunks 27 · paquets delta 30418 · horloge film 4517903087 us · delta [4517904166 , 5025986167] us (508.1 s)
    game_state_measure_test.go:63: BANDES · ti=0 (vide) · ti=5 32 slots [52 .. 83] · ti=4 1 slots [123] · controle voisin 32 · controle vide 32 · slots ambigus ecartes 0 · comblement NON applique (aurait ajoute 0 slots)
    game_state_measure_test.go:63: SONDE ti=4 high-frequency : 30375 annonces recues par le hook pendant ce balayage
    game_state_measure_test.go:63: RECENSEMENT DES IMAGES-CLES (slots distincts par archetype) : ti=2:1 ti=4:1 ti=5:32 ti=6:48 ti=9:8 ti=12:3 ti=13:8 ti=14:32 ti=15:1 ti=17:33 ti=18:1 ti=19:1 ti=20:7 ti=21:8 ti=22:1 ti=25:1 ti=26:1 ti=27:1 ti=29:1 ti=34:1 ti=35:90 ti=37:278 ti=38:139 ti=41:19 ti=42:178 ti=43:2 ti=45:1 ti=47:8
    game_state_measure_test.go:63: PREMIERS SLOTS DES IMAGES-CLES : 0->[22] 1->[34] 2->[2] 3->[6] 4->[6] 5->[6] 6->[6] 7->[6] 8->[6] 9->[6] 10->[6] 11->[6] 12->[6] 13->[6] 14->[6] 15->[6] 16->[6] 17->[6] 18->[6] 19->[6] 20->[6] 21->[6] 22->[6] 23->[6]
    game_state_measure_test.go:64: ti=0 moteur de partie · bande 0 slots · peuples 0 · records 0 (0/slot) · DANS LA GRAMMAIRE 0 · avec un composant vise 0 · marche ABOUTIE 0 · CASSEE 0 · purete n/a (hors grammaire 0 / 27 composants) · plancher de bruit 0.0
    game_state_measure_test.go:65: ti=5 joueur · bande 32 slots · peuples 32 · records 9646 (301/slot) · DANS LA GRAMMAIRE 4450 · avec un composant vise 3501 · marche ABOUTIE 3474 · CASSEE 27 · purete 46.13 % (hors grammaire 5196 / 27 composants) · plancher de bruit 142.0
    game_state_measure_test.go:65:     i0  player-waypoint-component                            annonces    1474  x10.4 du plancher
    game_state_measure_test.go:65:     i1  player-respawn-timer-component                       annonces    1249  x8.8 du plancher
    game_state_measure_test.go:65:     i60                                                      annonces     915  x6.4 du plancher
    game_state_measure_test.go:65:     i27                                                      annonces     805  x5.7 du plancher
    game_state_measure_test.go:65:     i20 player-malleable-properties-simulation-component     annonces     615  x4.3 du plancher
    game_state_measure_test.go:65:     i55                                                      annonces     588  x4.1 du plancher
    game_state_measure_test.go:65:     i57                                                      annonces     567  x4.0 du plancher
    game_state_measure_test.go:65:     i26 player-allowed-to-quit-component                     annonces     431  x3.0 du plancher
    game_state_measure_test.go:65:     i59                                                      annonces     369  x2.6 du plancher
    game_state_measure_test.go:65:     i58                                                      annonces     365  x2.6 du plancher
    game_state_measure_test.go:65:     i24 player-desired-frame-configuration-component         annonces     345  x2.4 du plancher
    game_state_measure_test.go:65:     i17 player-control-aiming-component                      annonces     325  x2.3 du plancher
    game_state_measure_test.go:65:     i8  player-early-respawn-requested-component             annonces     321  x2.3 du plancher
    game_state_measure_test.go:65:     i32                                                      annonces     291  x2.0 du plancher
    game_state_measure_test.go:65:     i52                                                      annonces     272  x1.9 du plancher
    game_state_measure_test.go:65:     i16 player-vehicle-entrance-ban-component                annonces     269  x1.9 du plancher
    game_state_measure_test.go:65:     i3  player-target-tracking-detection-component           annonces     268  x1.9 du plancher
    game_state_measure_test.go:65:     i22 player-aim-assist-component                          annonces     263  x1.9 du plancher
    game_state_measure_test.go:65:     i4  player-unsafe-respawn-timer-component                annonces     260  x1.8 du plancher
    game_state_measure_test.go:65:     i36                                                      annonces     248  x1.7 du plancher
    game_state_measure_test.go:66: ti=4 temoin d'ancrage · bande 1 slots · peuples 1 · records 30764 (30764/slot) · DANS LA GRAMMAIRE 30339 · avec un composant vise 30375 · marche ABOUTIE 30375 · CASSEE 0 · purete 98.62 % (hors grammaire 425 / 1 composants) · plancher de bruit 8.0
    game_state_measure_test.go:66:     i0  high-frequency                                       annonces   30375  x3796.9 du plancher
    game_state_measure_test.go:66:     i60                                                      annonces      50  x6.2 du plancher
    game_state_measure_test.go:66:     i17                                                      annonces      31  x3.9 du plancher
    game_state_measure_test.go:66:     i4                                                       annonces      29  x3.6 du plancher
    game_state_measure_test.go:66:     i12                                                      annonces      25  x3.1 du plancher
    game_state_measure_test.go:66:     i15                                                      annonces      24  x3.0 du plancher
    game_state_measure_test.go:66:     i55                                                      annonces      20  x2.5 du plancher
    game_state_measure_test.go:66:     i61                                                      annonces      19  x2.4 du plancher
    game_state_measure_test.go:66:     i63                                                      annonces      18  x2.2 du plancher
    game_state_measure_test.go:66:     i32                                                      annonces      16  x2.0 du plancher
    game_state_measure_test.go:66:     i8                                                       annonces      15  x1.9 du plancher
    game_state_measure_test.go:66:     i13                                                      annonces      14  x1.8 du plancher
    game_state_measure_test.go:66:     i18                                                      annonces      13  x1.6 du plancher
    game_state_measure_test.go:66:     i20                                                      annonces      13  x1.6 du plancher
    game_state_measure_test.go:66:     i5                                                       annonces      13  x1.6 du plancher
    game_state_measure_test.go:66:     i62                                                      annonces      12  x1.5 du plancher
    game_state_measure_test.go:66:     i35                                                      annonces      12  x1.5 du plancher
    game_state_measure_test.go:66:     i36                                                      annonces      12  x1.5 du plancher
    game_state_measure_test.go:66:     i33                                                      annonces      11  x1.4 du plancher
    game_state_measure_test.go:66:     i26                                                      annonces      11  x1.4 du plancher
    game_state_measure_test.go:67: CONTROLE voisinage · bande 32 slots · peuples 32 · records 15173 (474/slot) · DANS LA GRAMMAIRE ti=5 4762 (149/slot) · avec un composant vise 4238 (132/slot) · plancher 339.0
    game_state_measure_test.go:67: CONTROLE vide (haut de l'espace) · bande 32 slots · peuples 32 · records 9049 (283/slot) · DANS LA GRAMMAIRE ti=5 4218 (132/slot) · avec un composant vise 1715 (54/slot) · plancher 114.5
    game_state_measure_test.go:67: RAPPORT REEL/FANTOME ti=5 · EN-TETES BRUTS 301/slot contre 474 (voisinage) et 283 (vide) -> x0.64 et x1.07
    game_state_measure_test.go:67: RAPPORT REEL/FANTOME ti=5 · COMPOSANT VISE 109.4/slot contre 132.4 (voisinage) et 53.6 (vide) -> x0.83 et x2.04
    game_state_measure_test.go:67: RAPPORT REEL/FANTOME ti=4 · EN-TETES BRUTS 30764/slot contre 474 (voisinage) et 283 (vide) -> x64.88 et x108.79
    game_state_measure_test.go:67: RAPPORT REEL/FANTOME ti=4 · COMPOSANT VISE 30375.0/slot contre 132.4 (voisinage) et 53.6 (vide) -> x229.35 et x566.76
    game_state_measure_test.go:68: ti=0 CHAMPS (records dont la marche a abouti : 0)
    game_state_measure_test.go:68:     game-engine-current-state-component              masque      0 · LU      0 · porte fermee      0
    game_state_measure_test.go:68:     game-engine-current-round-component              masque      0 · LU      0 · porte fermee      0
    game_state_measure_test.go:68:     game-engine-sudden-death-time-left-component     masque      0 · LU      0 · porte fermee      0
    game_state_measure_test.go:68:     game-engine-grace-period-time-left-component     masque      0 · LU      0 · porte fermee      0
    game_state_measure_test.go:68:     game-engine-round-condition-flags-component      masque      0 · LU      0 · porte fermee      0
    game_state_measure_test.go:68:     game-engine-round-timer-component                CAPTURE : 0 records portent une horloge de manche
    game_state_measure_test.go:69: ti=5 CHAMPS (records dont la marche a abouti : 3474)
    game_state_measure_test.go:69:     player-soft-kill-timer-component                 masque    175 · LU    175 · porte fermee      0
    game_state_measure_test.go:69:     player-target-tracking-detection-component       masque    268 · LU    268 · porte fermee      0
    game_state_measure_test.go:69:     player-desired-respawn-player-component          masque    178 · LU    170 · porte fermee      0
    game_state_measure_test.go:69:     player-engine-loadout-component                  masque    118 · LU    118 · porte fermee      0
    game_state_measure_test.go:69:     player-desired-respawn-location-component        masque    170 · LU    168 · porte fermee    131
    game_state_measure_test.go:69:     player-lives-remaining-component                 masque    193 · LU    192 · porte fermee      0
    game_state_measure_test.go:69:     player-last-betrayer-component                   masque     63 · LU     63 · porte fermee      0
    game_state_measure_test.go:69:     player-control-aiming-component                  masque    325 · LU    325 · porte fermee      0
    game_state_measure_test.go:69:     player-active-in-game-component                  masque    222 · LU    222 · porte fermee      0
    game_state_measure_test.go:69:     player-pending-join-in-progress-spawn-component  masque     86 · LU     83 · porte fermee      0
    game_state_measure_test.go:69:     player-malleable-properties-simulation-component masque    615 · LU    602 · porte fermee      0
    game_state_measure_test.go:69:     player-respawn-timer-component                   CAPTURE : 1249 records portent un compte a rebours
    game_state_measure_test.go:70: ti=5 VENTILATION PAR SLOT (32 slots ont rendu une lecture) : 68:257 53:249 55:220 58:219 54:219 59:196 79:190 56:179 52:164 57:153 80:151 62:108 76:99 72:95 75:92 65:88
    game_state_measure_test.go:70: ti=5 DEBIT DES 8 SLOTS LES PLUS BAVARDS : 216.1 lectures/slot contre 132.4 (voisinage) et 53.6 (vide) -> x1.63 et x4.03
    game_state_measure_test.go:71: ti=5 DISTRIBUTION DES VALEURS (P.0.5)
    game_state_measure_test.go:71:     player-soft-kill-timer-component                 lectures   175 · porte fermee     0 · valeurs distinctes  126 · 2,1,6(15) 2,0,30(13) 31,31,1(8) 1,24,6(5) 0,21,9(4) 6,0,0(4)
    game_state_measure_test.go:71:     player-target-tracking-detection-component       lectures   268 · porte fermee     0 · valeurs distinctes    4 · 0,0(185) 1,0(52) 0,1(22) 1,1(9)
    game_state_measure_test.go:71:     player-desired-respawn-player-component          lectures   170 · porte fermee     0 · valeurs distinctes   89 · 4221(65) 32768(8) 28696(6) 41091(5) 2096(2) 0(1)
    game_state_measure_test.go:71:     player-engine-loadout-component                  lectures   118 · porte fermee     0 · valeurs distinctes   74 · 144,150,194,160,223,248,45,103(37) 0,255,255,255,255,255,255,255(8) 177,49,35,130,0,0,0,105(2) 0,145,227,166,6,0,153,19(1) 0,146,62,166,6,0,153,19(1) 0,21,89,4,74,162,121,48(1)
    game_state_measure_test.go:71:     player-desired-respawn-location-component        lectures   168 · porte fermee   131 · valeurs distinctes   37 · 0,1,42,409761,1(1) 109,84,48,2114,1(1) 11,37,97,211344,1(1) 118,81,4,166912,1(1) 123,8,23,305300,1(1) 14,6,87,231385,1(1)
    game_state_measure_test.go:71:     player-lives-remaining-component                 lectures   192 · porte fermee     0 · valeurs distinctes   80 · 1(25) 101(21) 0(11) 64(8) 24(6) 26(5)
    game_state_measure_test.go:71:     player-last-betrayer-component                   lectures    63 · porte fermee     0 · valeurs distinctes   32 · 11(11) 18(7) 0(3) 24(3) 31(3) 6(3)
    game_state_measure_test.go:71:     player-control-aiming-component                  lectures   325 · porte fermee     0 · valeurs distinctes  167 · 262233(35) 4228(23) 5696(21) 262210(16) 5697(16) 14734(8)
    game_state_measure_test.go:71:     player-active-in-game-component                  lectures   222 · porte fermee     0 · valeurs distinctes    2 · 0(180) 1(42)
    game_state_measure_test.go:71:     player-pending-join-in-progress-spawn-component  lectures    83 · porte fermee     0 · valeurs distinctes    2 · 0(43) 1(40)
    game_state_measure_test.go:71:     player-malleable-properties-simulation-component lectures   602 · porte fermee     0 · valeurs distinctes  161 · 1,1,1,1,478,1,797,1,1434,1,1106,1,1106,0...(199) 1,1,1,1,478,1,797,1,1434,1,1106,1,1106,0...(191) 0,0,0,0,0,1,2055,0,0,0,0,0,0,0,0,0,0,0,0...(14) 1,0,0,0,0,0,0,0,0,0,0,0,0,0,0,0,0,0,0,0,...(8) 1,0,1,0,0,1,1666,0,0,0,0,1,630,0,0,1,0,0...(6) 1,0,1,0,0,0,0,0,0,0,0,0,0,0,0,0,0,0,0,0,...(5)
    game_state_measure_test.go:72: CHAINE SEQUENTIELLE · paquets 30418 dont PROPRES 11384 (37.4 %) · records 86578 dont ABOUTIS 54054 (62.4 %) · ti=0 0 · ti=5 836
    game_state_measure_test.go:72: CHAINE · VENTILATION DES RECORDS ABOUTIS PAR ARCHETYPE : ti=4:26854 ti=35:18042 ti=8:2102 ti=21:1643 ti=5:1480 ti=6:1440 ti=2:1058 ti=22:387 ti=42:255 ti=38:206 ti=17:135 ti=14:75 ti=32:70 ti=37:46 ti=0:44 ti=41:34 ti=36:34 ti=43:28 ti=47:26 ti=9:15 ti=1:10 ti=20:10 ti=3:8 ti=33:8 ti=16:7 ti=15:7 ti=44:7 ti=34:6 ti=29:5 ti=45:3 ti=48:2 ti=30:2 ti=19:1 ti=12:1 ti=25:1 ti=18:1 ti=39:1
    game_state_measure_test.go:72: CHAINE · LES MEMES, LIAISON CONFIRMEE PAR UNE IMAGE-CLE : ti=4:24421 ti=35:18041 ti=21:1613 ti=5:836 ti=6:327 ti=2:1054 ti=22:371 ti=42:16 ti=38:194 ti=17:103 ti=14:34 ti=37:40 ti=43:28 ti=47:22 ti=9:10 ti=15:7 ti=34:6 ti=29:3 ti=45:2 ti=19:1
    game_state_measure_test.go:72: CHAINE · ti=5 PAR SLOT (31 slots) : 55:138 53:134 56:107 54:100 59:85 58:75 57:74 52:68 73:5 67:5 74:5 66:4 81:4 72:4 78:3 83:3 60:3 80:3 77:3 70:2 79:1 68:1 63:1 76:1 75:1 71:1 61:1 64:1 82:1 65:1 69:1
    game_state_measure_test.go:72: CHAINE · ti=0 CHAMPS
    game_state_measure_test.go:72:     game-engine-current-state-component              lectures     0 · porte fermee     0 · distinctes    0 · 
    game_state_measure_test.go:72:     game-engine-current-round-component              lectures     0 · porte fermee     0 · distinctes    0 · 
    game_state_measure_test.go:72:     game-engine-sudden-death-time-left-component     lectures     0 · porte fermee     0 · distinctes    0 · 
    game_state_measure_test.go:72:     game-engine-grace-period-time-left-component     lectures     0 · porte fermee     0 · distinctes    0 · 
    game_state_measure_test.go:72:     game-engine-round-condition-flags-component      lectures     0 · porte fermee     0 · distinctes    0 · 
    game_state_measure_test.go:72:     game-engine-round-timer-component                CAPTURE : 0 lectures certaines
    game_state_measure_test.go:72: CHAINE · ti=5 CHAMPS
    game_state_measure_test.go:72:     player-soft-kill-timer-component                 lectures     9 · porte fermee     0 · distinctes    9 · 1,2,9(1) 10,0,0(1) 18,25,28(1) 2,4,21(1) 25,0,17(1) 26,21,4(1)
    game_state_measure_test.go:72:     player-target-tracking-detection-component       lectures    33 · porte fermee     0 · distinctes    4 · 0,0(20) 1,0(8) 0,1(3) 1,1(2)
    game_state_measure_test.go:72:     player-desired-respawn-player-component          lectures     7 · porte fermee     0 · distinctes    7 · 0(1) 149(1) 20550(1) 26833(1) 33344(1) 43909(1)
    game_state_measure_test.go:72:     player-engine-loadout-component                  lectures     7 · porte fermee     0 · distinctes    7 · 0,143,26,62,61,36,137,16(1) 0,170,200,32,189,37,89,135(1) 0,44,129,231,83,172,153,104(1) 170,206,192,118,139,141,166,62(1) 209,0,200,31,98,245,73,143(1) 215,240,93,148,68,34,148,0(1)
    game_state_measure_test.go:72:     player-desired-respawn-location-component        lectures     7 · porte fermee     6 · distinctes    1 · 28,97,96,53318,1(1)
    game_state_measure_test.go:72:     player-lives-remaining-component                 lectures    16 · porte fermee     0 · distinctes   15 · 109(2) 1(1) 10(1) 127(1) 19(1) 28(1)
    game_state_measure_test.go:72:     player-last-betrayer-component                   lectures     8 · porte fermee     0 · distinctes    7 · 17(2) 0(1) 14(1) 18(1) 4(1) 42(1)
    game_state_measure_test.go:72:     player-control-aiming-component                  lectures    12 · porte fermee     0 · distinctes   11 · 85(2) 15386(1) 1600(1) 174880(1) 19930(1) 206080(1)
    game_state_measure_test.go:72:     player-active-in-game-component                  lectures     8 · porte fermee     0 · distinctes    2 · 0(6) 1(2)
    game_state_measure_test.go:72:     player-pending-join-in-progress-spawn-component  lectures     5 · porte fermee     0 · distinctes    2 · 0(4) 1(1)
    game_state_measure_test.go:72:     player-malleable-properties-simulation-component lectures   256 · porte fermee     0 · distinctes   10 · 1,1,1,1,478,1,797,1,1434,1,1106,1,1106,0...(138) 1,1,1,1,478,1,797,1,1434,1,1106,1,1106,0...(110) 0,0,0,0,0,1,345,0,0,0,0,0,0,0,0,0,1,0,0,...(1) 0,0,0,1,1369,0,0,0,0,0,0,0,0,0,0,1,0,0,0...(1) 0,1,0,0,0,0,0,1,576,0,0,0,0,0,0,0,0,0,0,...(1) 0,1,0,1,1536,0,0,0,0,0,0,0,0,0,0,0,1,1,0...(1)
    game_state_measure_test.go:72:     player-respawn-timer-component                   CAPTURE : 310 lectures certaines dont ACTIF 4 · distinctes 16 · false/4/8(75) false/6/8(73) false/7/8(71) false/5/8(68) false/4/9(4) false/5/9(4)
    game_state_measure_test.go:73: CHASSE ti=0 : la bande est VIDE (aucun slot d'archetype 0 dans les images-cles) — recherche du slot par la grammaire de l'archetype et l'annonce de game-engine-round-timer-component
    game_state_measure_test.go:73: CHASSE ti=0 : 8192 slots ont porte au moins un en-tete · total annonces i5 21960 · mediane par slot 0.0
    game_state_measure_test.go:73:     slot   569 · en-tetes   3185 · dans la grammaire   2968 · annoncent i5    842
    game_state_measure_test.go:73:     slot   564 · en-tetes   2656 · dans la grammaire   2256 · annoncent i5    747
    game_state_measure_test.go:73:     slot   588 · en-tetes   1659 · dans la grammaire   1595 · annoncent i5    674
    game_state_measure_test.go:73:     slot   554 · en-tetes   5273 · dans la grammaire   5087 · annoncent i5    626
    game_state_measure_test.go:73:     slot   516 · en-tetes   3466 · dans la grammaire   3340 · annoncent i5    586
    game_state_measure_test.go:73:     slot   540 · en-tetes   1703 · dans la grammaire   1552 · annoncent i5    521
    game_state_measure_test.go:73:     slot   557 · en-tetes   1756 · dans la grammaire   1317 · annoncent i5    505
    game_state_measure_test.go:73:     slot     2 · en-tetes   3412 · dans la grammaire   1096 · annoncent i5    494
    game_state_measure_test.go:73:     slot   562 · en-tetes   1108 · dans la grammaire   1055 · annoncent i5    475
    game_state_measure_test.go:73:     slot   529 · en-tetes   1635 · dans la grammaire   1515 · annoncent i5    434
    game_state_measure_test.go:73: CHASSE HORLOGE non demandee (CLOCK_HUNT absent) : la passe qui marche tous les slots coute ~50 s par film et n'a rien rendu sur les films deja mesures
    game_state_measure_test.go:74: TSV deposes dans C:\Users\Guillaume\Projects\LevelUp-wt-joueur-moteur\.ai\V7.5\replay2d\registre_film\lotBP
--- PASS: TestGameEntitiesPhase0 (13.31s)
PASS
ok  	levelup/go-api/internal/analysis/filmdec	14.291s
