=== RUN   TestGameEntitiesPhase0
2026/08/18 00:55:56 WARN empreinte du registre ECS du film INCONNUE — grammaire des composants suspecte (mise a jour du jeu ?) ; le film reste decode empreinte=15840958574520518035 empreinte_connue=7053924395561516366 blocs=118 slots_non_vides=1068
    game_state_measure_test.go:63: FILM 00162144 · chunks 24 · paquets delta 27447 · horloge film 1171895994 us · delta [1171897191 , 1630329345] us (458.4 s)
    game_state_measure_test.go:63: BANDES · ti=0 (vide) · ti=5 32 slots [52 .. 83] · ti=4 1 slots [123] · controle voisin 32 · controle vide 32 · slots ambigus ecartes 0 · comblement NON applique (aurait ajoute 0 slots)
    game_state_measure_test.go:63: SONDE ti=4 high-frequency : 27126 annonces recues par le hook pendant ce balayage
    game_state_measure_test.go:63: RECENSEMENT DES IMAGES-CLES (slots distincts par archetype) : ti=2:1 ti=4:1 ti=5:32 ti=6:48 ti=9:10 ti=10:35 ti=11:1 ti=12:16 ti=13:8 ti=14:32 ti=15:1 ti=17:33 ti=18:1 ti=19:1 ti=20:3 ti=21:2 ti=22:1 ti=25:1 ti=26:1 ti=27:1 ti=29:1 ti=34:1 ti=35:91 ti=37:260 ti=38:409 ti=41:10 ti=42:238 ti=43:25 ti=45:1 ti=47:10
    game_state_measure_test.go:63: PREMIERS SLOTS DES IMAGES-CLES : 0->[22] 1->[34] 2->[2] 3->[6] 4->[6] 5->[6] 6->[6] 7->[6] 8->[6] 9->[6] 10->[6] 11->[6] 12->[6] 13->[6] 14->[6] 15->[6] 16->[6] 17->[6] 18->[6] 19->[6] 20->[6] 21->[6] 22->[6] 23->[6]
    game_state_measure_test.go:64: ti=0 moteur de partie · bande 0 slots · peuples 0 · records 0 (0/slot) · DANS LA GRAMMAIRE 0 · avec un composant vise 0 · marche ABOUTIE 0 · CASSEE 0 · purete n/a (hors grammaire 0 / 27 composants) · plancher de bruit 0.0
    game_state_measure_test.go:65: ti=5 joueur · bande 32 slots · peuples 32 · records 12055 (377/slot) · DANS LA GRAMMAIRE 7585 · avec un composant vise 4934 · marche ABOUTIE 4928 · CASSEE 6 · purete 62.92 % (hors grammaire 4470 / 27 composants) · plancher de bruit 171.0
    game_state_measure_test.go:65:     i0  player-waypoint-component                            annonces    1318  x7.7 du plancher
    game_state_measure_test.go:65:     i60                                                      annonces    1259  x7.4 du plancher
    game_state_measure_test.go:65:     i1  player-respawn-timer-component                       annonces    1176  x6.9 du plancher
    game_state_measure_test.go:65:     i20 player-malleable-properties-simulation-component     annonces     940  x5.5 du plancher
    game_state_measure_test.go:65:     i57                                                      annonces     573  x3.4 du plancher
    game_state_measure_test.go:65:     i55                                                      annonces     551  x3.2 du plancher
    game_state_measure_test.go:65:     i4  player-unsafe-respawn-timer-component                annonces     533  x3.1 du plancher
    game_state_measure_test.go:65:     i14 player-lives-remaining-component                     annonces     522  x3.1 du plancher
    game_state_measure_test.go:65:     i13 player-fade-properties-component                     annonces     496  x2.9 du plancher
    game_state_measure_test.go:65:     i5  player-respawn-safety-component                      annonces     437  x2.6 du plancher
    game_state_measure_test.go:65:     i6  player-desired-respawn-player-component              annonces     433  x2.5 du plancher
    game_state_measure_test.go:65:     i8  player-early-respawn-requested-component             annonces     375  x2.2 du plancher
    game_state_measure_test.go:65:     i18 player-active-in-game-component                      annonces     368  x2.2 du plancher
    game_state_measure_test.go:65:     i27                                                      annonces     349  x2.0 du plancher
    game_state_measure_test.go:65:     i17 player-control-aiming-component                      annonces     327  x1.9 du plancher
    game_state_measure_test.go:65:     i3  player-target-tracking-detection-component           annonces     326  x1.9 du plancher
    game_state_measure_test.go:65:     i22 player-aim-assist-component                          annonces     323  x1.9 du plancher
    game_state_measure_test.go:65:     i16 player-vehicle-entrance-ban-component                annonces     316  x1.8 du plancher
    game_state_measure_test.go:65:     i26 player-allowed-to-quit-component                     annonces     307  x1.8 du plancher
    game_state_measure_test.go:65:     i2  player-soft-kill-timer-component                     annonces     278  x1.6 du plancher
    game_state_measure_test.go:66: ti=4 temoin d'ancrage · bande 1 slots · peuples 1 · records 27370 (27370/slot) · DANS LA GRAMMAIRE 27124 · avec un composant vise 27126 · marche ABOUTIE 27126 · CASSEE 0 · purete 99.10 % (hors grammaire 246 / 1 composants) · plancher de bruit 2.0
    game_state_measure_test.go:66:     i0  high-frequency                                       annonces   27126  x13563.0 du plancher
    game_state_measure_test.go:66:     i14                                                      annonces      25  x12.5 du plancher
    game_state_measure_test.go:66:     i6                                                       annonces      23  x11.5 du plancher
    game_state_measure_test.go:66:     i12                                                      annonces      19  x9.5 du plancher
    game_state_measure_test.go:66:     i10                                                      annonces      14  x7.0 du plancher
    game_state_measure_test.go:66:     i21                                                      annonces      14  x7.0 du plancher
    game_state_measure_test.go:66:     i17                                                      annonces      14  x7.0 du plancher
    game_state_measure_test.go:66:     i20                                                      annonces      12  x6.0 du plancher
    game_state_measure_test.go:66:     i19                                                      annonces      12  x6.0 du plancher
    game_state_measure_test.go:66:     i13                                                      annonces      11  x5.5 du plancher
    game_state_measure_test.go:66:     i9                                                       annonces      10  x5.0 du plancher
    game_state_measure_test.go:66:     i3                                                       annonces       9  x4.5 du plancher
    game_state_measure_test.go:66:     i2                                                       annonces       7  x3.5 du plancher
    game_state_measure_test.go:66:     i15                                                      annonces       6  x3.0 du plancher
    game_state_measure_test.go:66:     i11                                                      annonces       6  x3.0 du plancher
    game_state_measure_test.go:66:     i16                                                      annonces       5  x2.5 du plancher
    game_state_measure_test.go:66:     i27                                                      annonces       5  x2.5 du plancher
    game_state_measure_test.go:66:     i39                                                      annonces       4  x2.0 du plancher
    game_state_measure_test.go:66:     i7                                                       annonces       4  x2.0 du plancher
    game_state_measure_test.go:66:     i28                                                      annonces       4  x2.0 du plancher
    game_state_measure_test.go:67: CONTROLE voisinage · bande 32 slots · peuples 32 · records 8784 (274/slot) · DANS LA GRAMMAIRE ti=5 4753 (149/slot) · avec un composant vise 2793 (87/slot) · plancher 141.5
    game_state_measure_test.go:67: CONTROLE vide (haut de l'espace) · bande 32 slots · peuples 32 · records 4303 (134/slot) · DANS LA GRAMMAIRE ti=5 1957 (61/slot) · avec un composant vise 1211 (38/slot) · plancher 43.5
    game_state_measure_test.go:67: RAPPORT REEL/FANTOME ti=5 · EN-TETES BRUTS 377/slot contre 274 (voisinage) et 134 (vide) -> x1.37 et x2.80
    game_state_measure_test.go:67: RAPPORT REEL/FANTOME ti=5 · COMPOSANT VISE 154.2/slot contre 87.3 (voisinage) et 37.8 (vide) -> x1.77 et x4.07
    game_state_measure_test.go:67: RAPPORT REEL/FANTOME ti=4 · EN-TETES BRUTS 27370/slot contre 274 (voisinage) et 134 (vide) -> x99.71 et x203.54
    game_state_measure_test.go:67: RAPPORT REEL/FANTOME ti=4 · COMPOSANT VISE 27126.0/slot contre 87.3 (voisinage) et 37.8 (vide) -> x310.79 et x716.79
    game_state_measure_test.go:68: ti=0 CHAMPS (records dont la marche a abouti : 0)
    game_state_measure_test.go:68:     game-engine-current-state-component              masque      0 · LU      0 · porte fermee      0
    game_state_measure_test.go:68:     game-engine-current-round-component              masque      0 · LU      0 · porte fermee      0
    game_state_measure_test.go:68:     game-engine-sudden-death-time-left-component     masque      0 · LU      0 · porte fermee      0
    game_state_measure_test.go:68:     game-engine-grace-period-time-left-component     masque      0 · LU      0 · porte fermee      0
    game_state_measure_test.go:68:     game-engine-round-condition-flags-component      masque      0 · LU      0 · porte fermee      0
    game_state_measure_test.go:68:     game-engine-round-timer-component                CAPTURE : 0 records portent une horloge de manche
    game_state_measure_test.go:69: ti=5 CHAMPS (records dont la marche a abouti : 4928)
    game_state_measure_test.go:69:     player-soft-kill-timer-component                 masque    278 · LU    278 · porte fermee      0
    game_state_measure_test.go:69:     player-target-tracking-detection-component       masque    326 · LU    326 · porte fermee      0
    game_state_measure_test.go:69:     player-desired-respawn-player-component          masque    433 · LU    431 · porte fermee      0
    game_state_measure_test.go:69:     player-engine-loadout-component                  masque    185 · LU    185 · porte fermee      0
    game_state_measure_test.go:69:     player-desired-respawn-location-component        masque    226 · LU    226 · porte fermee    173
    game_state_measure_test.go:69:     player-lives-remaining-component                 masque    522 · LU    521 · porte fermee      0
    game_state_measure_test.go:69:     player-last-betrayer-component                   masque    171 · LU    171 · porte fermee      0
    game_state_measure_test.go:69:     player-control-aiming-component                  masque    327 · LU    327 · porte fermee      0
    game_state_measure_test.go:69:     player-active-in-game-component                  masque    368 · LU    367 · porte fermee      0
    game_state_measure_test.go:69:     player-pending-join-in-progress-spawn-component  masque    186 · LU    184 · porte fermee      0
    game_state_measure_test.go:69:     player-malleable-properties-simulation-component masque    940 · LU    940 · porte fermee      0
    game_state_measure_test.go:69:     player-respawn-timer-component                   CAPTURE : 1176 records portent un compte a rebours
    game_state_measure_test.go:70: ti=5 VENTILATION PAR SLOT (32 slots ont rendu une lecture) : 53:468 55:388 59:307 54:289 57:281 56:269 62:253 52:232 68:227 58:195 67:147 73:145 77:134 79:117 75:115 61:114
    game_state_measure_test.go:70: ti=5 DEBIT DES 8 SLOTS LES PLUS BAVARDS : 310.9 lectures/slot contre 87.3 (voisinage) et 37.8 (vide) -> x3.56 et x8.21
    game_state_measure_test.go:71: ti=5 DISTRIBUTION DES VALEURS (P.0.5)
    game_state_measure_test.go:71:     player-soft-kill-timer-component                 lectures   278 · porte fermee     0 · valeurs distinctes  115 · 2,0,6(44) 24,0,2(27) 24,0,18(20) 0,2,14(15) 23,0,2(11) 0,12,13(7)
    game_state_measure_test.go:71:     player-target-tracking-detection-component       lectures   326 · porte fermee     0 · valeurs distinctes    4 · 0,0(142) 0,1(118) 1,0(36) 1,1(30)
    game_state_measure_test.go:71:     player-desired-respawn-player-component          lectures   431 · porte fermee     0 · valeurs distinctes  225 · 41091(49) 4221(41) 42115(15) 1039(11) 1040(8) 26(7)
    game_state_measure_test.go:71:     player-engine-loadout-component                  lectures   185 · porte fermee     0 · valeurs distinctes  176 · 0,255,255,255,255,255,255,255(7) 16,82,102,6,79,246,136,32(2) 177,49,34,160,0,0,0,105(2) 63,218,16,134,125,2,86,127(2) 0,173,193,11,68,173,111,137(1) 0,36,139,76,176,176,9,72(1)
    game_state_measure_test.go:71:     player-desired-respawn-location-component        lectures   226 · porte fermee   173 · valeurs distinctes   52 · 63,94,88,466049,1(2) 0,10,102,133842,1(1) 0,10,86,133837,1(1) 0,10,86,133843,1(1) 0,10,86,133852,1(1) 0,10,86,133858,1(1)
    game_state_measure_test.go:71:     player-lives-remaining-component                 lectures   521 · porte fermee     0 · valeurs distinctes   49 · 0(124) 2(89) 32(50) 16(47) 64(36) 48(31)
    game_state_measure_test.go:71:     player-last-betrayer-component                   lectures   171 · porte fermee     0 · valeurs distinctes   30 · 48(26) 32(21) 0(18) 40(18) 8(18) 16(12)
    game_state_measure_test.go:71:     player-control-aiming-component                  lectures   327 · porte fermee     0 · valeurs distinctes  246 · 262233(15) 5697(13) 262210(6) 263513(6) 24864(4) 262489(4)
    game_state_measure_test.go:71:     player-active-in-game-component                  lectures   367 · porte fermee     0 · valeurs distinctes    2 · 0(207) 1(160)
    game_state_measure_test.go:71:     player-pending-join-in-progress-spawn-component  lectures   184 · porte fermee     0 · valeurs distinctes    2 · 0(125) 1(59)
    game_state_measure_test.go:71:     player-malleable-properties-simulation-component lectures   940 · porte fermee     0 · valeurs distinctes  291 · 1,1,1,1,478,1,797,1,1434,1,1106,1,1106,0...(268) 1,1,1,1,478,1,797,1,1434,1,1106,1,1106,0...(267) 0,1,1,0,0,0,0,0,0,0,0,0,0,0,0,0,0,0,0,1,...(31) 0,0,0,0,0,0,0,0,0,0,0,0,0,1,131,0,0,0,1,...(16) 0,1,0,0,0,0,0,0,0,0,0,1,100,0,0,1,1,0,0,...(12) 0,1,0,0,0,0,0,0,0,0,0,1,100,0,0,1,0,1,1,...(10)
    game_state_measure_test.go:72: CHAINE SEQUENTIELLE · paquets 27447 dont PROPRES 12147 (44.3 %) · records 65655 dont ABOUTIS 42264 (64.4 %) · ti=0 0 · ti=5 964
    game_state_measure_test.go:72: CHAINE · VENTILATION DES RECORDS ABOUTIS PAR ARCHETYPE : ti=4:20467 ti=35:16180 ti=2:1465 ti=8:1111 ti=5:1101 ti=38:591 ti=21:407 ti=14:264 ti=6:129 ti=37:101 ti=42:72 ti=17:52 ti=1:43 ti=32:35 ti=45:33 ti=47:26 ti=22:24 ti=0:19 ti=48:19 ti=41:19 ti=49:17 ti=9:16 ti=16:13 ti=36:12 ti=44:12 ti=15:5 ti=34:3 ti=33:3 ti=29:3 ti=10:3 ti=3:3 ti=25:2 ti=13:2 ti=20:2 ti=28:2 ti=12:2 ti=39:2 ti=26:1 ti=40:1 ti=43:1 ti=30:1
    game_state_measure_test.go:72: CHAINE · LES MEMES, LIAISON CONFIRMEE PAR UNE IMAGE-CLE : ti=4:19491 ti=35:16178 ti=2:646 ti=5:964 ti=38:586 ti=21:368 ti=14:38 ti=6:118 ti=37:99 ti=42:52 ti=17:43 ti=47:25 ti=22:16 ti=9:7 ti=15:2 ti=34:2 ti=29:1 ti=10:3 ti=13:2 ti=12:2 ti=26:1 ti=43:1
    game_state_measure_test.go:72: CHAINE · ti=5 PAR SLOT (23 slots) : 54:162 55:125 53:120 52:120 56:112 58:109 57:96 59:90 72:9 60:3 68:3 70:2 65:2 64:2 77:1 74:1 73:1 63:1 80:1 69:1 78:1 62:1 81:1
    game_state_measure_test.go:72: CHAINE · ti=0 CHAMPS
    game_state_measure_test.go:72:     game-engine-current-state-component              lectures     0 · porte fermee     0 · distinctes    0 · 
    game_state_measure_test.go:72:     game-engine-current-round-component              lectures     0 · porte fermee     0 · distinctes    0 · 
    game_state_measure_test.go:72:     game-engine-sudden-death-time-left-component     lectures     0 · porte fermee     0 · distinctes    0 · 
    game_state_measure_test.go:72:     game-engine-grace-period-time-left-component     lectures     0 · porte fermee     0 · distinctes    0 · 
    game_state_measure_test.go:72:     game-engine-round-condition-flags-component      lectures     0 · porte fermee     0 · distinctes    0 · 
    game_state_measure_test.go:72:     game-engine-round-timer-component                CAPTURE : 0 lectures certaines
    game_state_measure_test.go:72: CHAINE · ti=5 CHAMPS
    game_state_measure_test.go:72:     player-soft-kill-timer-component                 lectures    11 · porte fermee     0 · distinctes   11 · 0,0,0(1) 10,18,7(1) 2,17,5(1) 2,24,2(1) 21,11,4(1) 22,18,10(1)
    game_state_measure_test.go:72:     player-target-tracking-detection-component       lectures    33 · porte fermee     0 · distinctes    4 · 0,0(16) 0,1(11) 1,0(5) 1,1(1)
    game_state_measure_test.go:72:     player-desired-respawn-player-component          lectures     6 · porte fermee     0 · distinctes    6 · 0(1) 30810(1) 33935(1) 35239(1) 41923(1) 554(1)
    game_state_measure_test.go:72:     player-engine-loadout-component                  lectures     6 · porte fermee     0 · distinctes    6 · 0,0,0,0,0,0,0,0(1) 0,0,16,78,203,49,162,1(1) 134,85,16,162,80,1,21,86(1) 169,225,36,150,183,128,10,50(1) 171,32,162,113,63,199,134,158(1) 245,67,141,187,160,98,4,137(1)
    game_state_measure_test.go:72:     player-desired-respawn-location-component        lectures     3 · porte fermee     3 · distinctes    0 · 
    game_state_measure_test.go:72:     player-lives-remaining-component                 lectures     8 · porte fermee     0 · distinctes    8 · 0(1) 102(1) 32(1) 35(1) 4(1) 41(1)
    game_state_measure_test.go:72:     player-last-betrayer-component                   lectures     3 · porte fermee     0 · distinctes    2 · 0(2) 16(1)
    game_state_measure_test.go:72:     player-control-aiming-component                  lectures     4 · porte fermee     0 · distinctes    4 · 0(1) 330039(1) 346715(1) 423147(1)
    game_state_measure_test.go:72:     player-active-in-game-component                  lectures     7 · porte fermee     0 · distinctes    2 · 1(6) 0(1)
    game_state_measure_test.go:72:     player-pending-join-in-progress-spawn-component  lectures     4 · porte fermee     0 · distinctes    1 · 0(4)
    game_state_measure_test.go:72:     player-malleable-properties-simulation-component lectures   379 · porte fermee     0 · distinctes    8 · 1,1,1,1,478,1,797,1,1434,1,1106,1,1106,0...(188) 1,1,1,1,478,1,797,1,1434,1,1106,1,1106,0...(185) 0,0,0,0,0,0,0,0,0,0,0,0,0,0,0,0,0,0,0,0,...(1) 0,0,0,0,0,1,928,0,0,1,2006,0,0,1,2092,1,...(1) 0,0,0,1,1281,1,0,0,0,1,3719,0,0,1,4055,1...(1) 0,0,0,1,932,0,0,1,112,1,1096,0,0,0,0,0,1...(1)
    game_state_measure_test.go:72:     player-respawn-timer-component                   CAPTURE : 301 lectures certaines dont ACTIF 5 · distinctes 15 · false/4/8(74) false/7/8(74) false/5/8(73) false/6/8(69) false/0/0(1) false/128/684(1)
    game_state_measure_test.go:73: CHASSE ti=0 : la bande est VIDE (aucun slot d'archetype 0 dans les images-cles) — recherche du slot par la grammaire de l'archetype et l'annonce de game-engine-round-timer-component
    game_state_measure_test.go:73: CHASSE ti=0 : 8192 slots ont porte au moins un en-tete · total annonces i5 43455 · mediane par slot 0.0
    game_state_measure_test.go:73:     slot     0 · en-tetes   8354 · dans la grammaire   4802 · annoncent i5   2886
    game_state_measure_test.go:73:     slot   582 · en-tetes   4621 · dans la grammaire   4502 · annoncent i5   2155
    game_state_measure_test.go:73:     slot   532 · en-tetes   2118 · dans la grammaire   2036 · annoncent i5   1588
    game_state_measure_test.go:73:     slot   605 · en-tetes   2114 · dans la grammaire   2041 · annoncent i5   1228
    game_state_measure_test.go:73:     slot   552 · en-tetes   2268 · dans la grammaire   2172 · annoncent i5   1041
    game_state_measure_test.go:73:     slot   565 · en-tetes   2304 · dans la grammaire   2209 · annoncent i5    972
    game_state_measure_test.go:73:     slot   575 · en-tetes   2671 · dans la grammaire   2528 · annoncent i5    958
    game_state_measure_test.go:73:     slot   580 · en-tetes   2187 · dans la grammaire   2097 · annoncent i5    934
    game_state_measure_test.go:73:     slot  5280 · en-tetes   1083 · dans la grammaire   1003 · annoncent i5    928
    game_state_measure_test.go:73:     slot  1184 · en-tetes    949 · dans la grammaire    912 · annoncent i5    794
    game_state_measure_test.go:73: CHASSE HORLOGE non demandee (CLOCK_HUNT absent) : la passe qui marche tous les slots coute ~50 s par film et n'a rien rendu sur les films deja mesures
    game_state_measure_test.go:74: TSV deposes dans C:\Users\Guillaume\Projects\LevelUp-wt-joueur-moteur\.ai\V7.5\replay2d\registre_film\lotBP
--- PASS: TestGameEntitiesPhase0 (29.42s)
PASS
ok  	levelup/go-api/internal/analysis/filmdec	30.462s
