=== RUN   TestGameEntitiesPhase0
2026/08/18 01:03:14 WARN empreinte du registre ECS du film INCONNUE — grammaire des composants suspecte (mise a jour du jeu ?) ; le film reste decode empreinte=6352105362972388787 empreinte_connue=7053924395561516366 blocs=116 slots_non_vides=1031
    game_state_measure_test.go:63: FILM 06dfe6d9 · chunks 45 · paquets delta 25395 · horloge film 7765589861 us · delta [7765591095 , 8633603592] us (868.0 s)
    game_state_measure_test.go:63: BANDES · ti=0 1 slots [364] · ti=5 32 slots [52 .. 83] · ti=4 1 slots [123] · controle voisin 33 · controle vide 33 · slots ambigus ecartes 0 · comblement NON applique (aurait ajoute 0 slots)
    game_state_measure_test.go:63: SONDE ti=4 high-frequency : 24187 annonces recues par le hook pendant ce balayage
    game_state_measure_test.go:63: RECENSEMENT DES IMAGES-CLES (slots distincts par archetype) : ti=0:1 ti=2:1 ti=4:1 ti=5:32 ti=6:48 ti=9:29 ti=10:247 ti=11:8 ti=12:50 ti=13:19 ti=14:32 ti=15:1 ti=17:47 ti=18:1 ti=19:1 ti=20:8 ti=22:1 ti=25:1 ti=26:1 ti=27:1 ti=29:1 ti=34:1 ti=35:254 ti=37:1153 ti=38:358 ti=40:100 ti=41:89 ti=42:693 ti=43:115 ti=45:1 ti=47:27
    game_state_measure_test.go:63: PREMIERS SLOTS DES IMAGES-CLES : 0->[22] 1->[34] 2->[2] 3->[6] 4->[6] 5->[6] 6->[6] 7->[6] 8->[6] 9->[6] 10->[6] 11->[6] 12->[6] 13->[6] 14->[6] 15->[6] 16->[6] 17->[6] 18->[6] 19->[6] 20->[6] 21->[6] 22->[6] 23->[6]
    game_state_measure_test.go:64: ti=0 moteur de partie · bande 1 slots · peuples 1 · records 210 (210/slot) · DANS LA GRAMMAIRE 63 · avec un composant vise 48 · marche ABOUTIE 48 · CASSEE 0 · purete 30.00 % (hors grammaire 147 / 27 composants) · plancher de bruit 4.0
    game_state_measure_test.go:64:     i36                                                      annonces      32  x8.0 du plancher
    game_state_measure_test.go:64:     i52                                                      annonces      22  x5.5 du plancher
    game_state_measure_test.go:64:     i33                                                      annonces      20  x5.0 du plancher
    game_state_measure_test.go:64:     i20 forge-engine-map-properties-component                annonces      19  x4.8 du plancher
    game_state_measure_test.go:64:     i2  game-engine-current-state-component                  annonces      15  x3.8 du plancher
    game_state_measure_test.go:64:     i8  game-engine-round-condition-flags-component          annonces      11  x2.8 du plancher
    game_state_measure_test.go:64:     i1  game-engine-shared-team-lives-component              annonces      10  x2.5 du plancher
    game_state_measure_test.go:64:     i6  game-engine-sudden-death-time-left-component         annonces       9  x2.2 du plancher
    game_state_measure_test.go:64:     i0  game-engine-team-mapping-component                   annonces       9  x2.2 du plancher
    game_state_measure_test.go:64:     i56                                                      annonces       9  x2.2 du plancher
    game_state_measure_test.go:64:     i4  game-engine-current-round-component                  annonces       8  x2.0 du plancher
    game_state_measure_test.go:64:     i34                                                      annonces       8  x2.0 du plancher
    game_state_measure_test.go:64:     i53                                                      annonces       7  x1.8 du plancher
    game_state_measure_test.go:64:     i40                                                      annonces       7  x1.8 du plancher
    game_state_measure_test.go:64:     i23 forge-engine-ugc-status-component                    annonces       7  x1.8 du plancher
    game_state_measure_test.go:64:     i57                                                      annonces       7  x1.8 du plancher
    game_state_measure_test.go:64:     i16 scenario-intro-component                             annonces       7  x1.8 du plancher
    game_state_measure_test.go:64:     i32                                                      annonces       7  x1.8 du plancher
    game_state_measure_test.go:64:     i3  game-engine-game-finished-component                  annonces       7  x1.8 du plancher
    game_state_measure_test.go:64:     i31                                                      annonces       7  x1.8 du plancher
    game_state_measure_test.go:65: ti=5 joueur · bande 32 slots · peuples 32 · records 25645 (801/slot) · DANS LA GRAMMAIRE 14268 · avec un composant vise 10576 · marche ABOUTIE 10537 · CASSEE 39 · purete 55.64 % (hors grammaire 11377 / 27 composants) · plancher de bruit 377.0
    game_state_measure_test.go:65:     i1  player-respawn-timer-component                       annonces    3717  x9.9 du plancher
    game_state_measure_test.go:65:     i0  player-waypoint-component                            annonces    2869  x7.6 du plancher
    game_state_measure_test.go:65:     i20 player-malleable-properties-simulation-component     annonces    2673  x7.1 du plancher
    game_state_measure_test.go:65:     i60                                                      annonces    1980  x5.3 du plancher
    game_state_measure_test.go:65:     i22 player-aim-assist-component                          annonces    1578  x4.2 du plancher
    game_state_measure_test.go:65:     i55                                                      annonces    1434  x3.8 du plancher
    game_state_measure_test.go:65:     i57                                                      annonces    1349  x3.6 du plancher
    game_state_measure_test.go:65:     i24 player-desired-frame-configuration-component         annonces     958  x2.5 du plancher
    game_state_measure_test.go:65:     i17 player-control-aiming-component                      annonces     942  x2.5 du plancher
    game_state_measure_test.go:65:     i8  player-early-respawn-requested-component             annonces     893  x2.4 du plancher
    game_state_measure_test.go:65:     i14 player-lives-remaining-component                     annonces     764  x2.0 du plancher
    game_state_measure_test.go:65:     i54                                                      annonces     731  x1.9 du plancher
    game_state_measure_test.go:65:     i4  player-unsafe-respawn-timer-component                annonces     666  x1.8 du plancher
    game_state_measure_test.go:65:     i2  player-soft-kill-timer-component                     annonces     655  x1.7 du plancher
    game_state_measure_test.go:65:     i9  player-engine-loadout-index-component                annonces     588  x1.6 du plancher
    game_state_measure_test.go:65:     i36                                                      annonces     520  x1.4 du plancher
    game_state_measure_test.go:65:     i16 player-vehicle-entrance-ban-component                annonces     520  x1.4 du plancher
    game_state_measure_test.go:65:     i32                                                      annonces     514  x1.4 du plancher
    game_state_measure_test.go:65:     i27                                                      annonces     500  x1.3 du plancher
    game_state_measure_test.go:65:     i18 player-active-in-game-component                      annonces     488  x1.3 du plancher
    game_state_measure_test.go:66: ti=4 temoin d'ancrage · bande 1 slots · peuples 1 · records 24777 (24777/slot) · DANS LA GRAMMAIRE 24178 · avec un composant vise 24187 · marche ABOUTIE 24187 · CASSEE 0 · purete 97.58 % (hors grammaire 599 / 1 composants) · plancher de bruit 10.0
    game_state_measure_test.go:66:     i0  high-frequency                                       annonces   24187  x2418.7 du plancher
    game_state_measure_test.go:66:     i29                                                      annonces      50  x5.0 du plancher
    game_state_measure_test.go:66:     i28                                                      annonces      48  x4.8 du plancher
    game_state_measure_test.go:66:     i32                                                      annonces      47  x4.7 du plancher
    game_state_measure_test.go:66:     i27                                                      annonces      44  x4.4 du plancher
    game_state_measure_test.go:66:     i31                                                      annonces      40  x4.0 du plancher
    game_state_measure_test.go:66:     i17                                                      annonces      38  x3.8 du plancher
    game_state_measure_test.go:66:     i25                                                      annonces      36  x3.6 du plancher
    game_state_measure_test.go:66:     i26                                                      annonces      36  x3.6 du plancher
    game_state_measure_test.go:66:     i37                                                      annonces      34  x3.4 du plancher
    game_state_measure_test.go:66:     i38                                                      annonces      31  x3.1 du plancher
    game_state_measure_test.go:66:     i35                                                      annonces      30  x3.0 du plancher
    game_state_measure_test.go:66:     i13                                                      annonces      29  x2.9 du plancher
    game_state_measure_test.go:66:     i63                                                      annonces      27  x2.7 du plancher
    game_state_measure_test.go:66:     i9                                                       annonces      25  x2.5 du plancher
    game_state_measure_test.go:66:     i60                                                      annonces      24  x2.4 du plancher
    game_state_measure_test.go:66:     i36                                                      annonces      23  x2.3 du plancher
    game_state_measure_test.go:66:     i34                                                      annonces      22  x2.2 du plancher
    game_state_measure_test.go:66:     i55                                                      annonces      19  x1.9 du plancher
    game_state_measure_test.go:66:     i30                                                      annonces      18  x1.8 du plancher
    game_state_measure_test.go:67: CONTROLE voisinage · bande 33 slots · peuples 33 · records 26508 (803/slot) · DANS LA GRAMMAIRE ti=5 4902 (149/slot) · avec un composant vise 3430 (104/slot) · plancher 488.5
    game_state_measure_test.go:67: CONTROLE vide (haut de l'espace) · bande 33 slots · peuples 33 · records 13348 (404/slot) · DANS LA GRAMMAIRE ti=5 5838 (177/slot) · avec un composant vise 3556 (108/slot) · plancher 204.0
    game_state_measure_test.go:67: RAPPORT REEL/FANTOME ti=0 · EN-TETES BRUTS 210/slot contre 803 (voisinage) et 404 (vide) -> x0.26 et x0.52
    game_state_measure_test.go:67: RAPPORT REEL/FANTOME ti=0 · COMPOSANT VISE 48.0/slot contre 103.9 (voisinage) et 107.8 (vide) -> x0.46 et x0.45
    game_state_measure_test.go:67: RAPPORT REEL/FANTOME ti=5 · EN-TETES BRUTS 801/slot contre 803 (voisinage) et 404 (vide) -> x1.00 et x1.98
    game_state_measure_test.go:67: RAPPORT REEL/FANTOME ti=5 · COMPOSANT VISE 330.5/slot contre 103.9 (voisinage) et 107.8 (vide) -> x3.18 et x3.07
    game_state_measure_test.go:67: RAPPORT REEL/FANTOME ti=4 · EN-TETES BRUTS 24777/slot contre 803 (voisinage) et 404 (vide) -> x30.85 et x61.26
    game_state_measure_test.go:67: RAPPORT REEL/FANTOME ti=4 · COMPOSANT VISE 24187.0/slot contre 103.9 (voisinage) et 107.8 (vide) -> x232.70 et x224.46
    game_state_measure_test.go:68: ti=0 CHAMPS (records dont la marche a abouti : 48)
    game_state_measure_test.go:68:     game-engine-current-state-component              masque     15 · LU     15 · porte fermee      0
    game_state_measure_test.go:68:     game-engine-current-round-component              masque      8 · LU      8 · porte fermee      4
    game_state_measure_test.go:68:     game-engine-sudden-death-time-left-component     masque      9 · LU      9 · porte fermee      0
    game_state_measure_test.go:68:     game-engine-grace-period-time-left-component     masque      3 · LU      3 · porte fermee      0
    game_state_measure_test.go:68:     game-engine-round-condition-flags-component      masque     11 · LU     11 · porte fermee      0
    game_state_measure_test.go:68:     game-engine-round-timer-component                CAPTURE : 6 records portent une horloge de manche
    game_state_measure_test.go:69: ti=5 CHAMPS (records dont la marche a abouti : 10537)
    game_state_measure_test.go:69:     player-soft-kill-timer-component                 masque    655 · LU    654 · porte fermee      0
    game_state_measure_test.go:69:     player-target-tracking-detection-component       masque    374 · LU    374 · porte fermee      0
    game_state_measure_test.go:69:     player-desired-respawn-player-component          masque    356 · LU    356 · porte fermee      0
    game_state_measure_test.go:69:     player-engine-loadout-component                  masque    325 · LU    319 · porte fermee      0
    game_state_measure_test.go:69:     player-desired-respawn-location-component        masque    338 · LU    335 · porte fermee    261
    game_state_measure_test.go:69:     player-lives-remaining-component                 masque    764 · LU    762 · porte fermee      0
    game_state_measure_test.go:69:     player-last-betrayer-component                   masque    221 · LU    214 · porte fermee      0
    game_state_measure_test.go:69:     player-control-aiming-component                  masque    942 · LU    937 · porte fermee      0
    game_state_measure_test.go:69:     player-active-in-game-component                  masque    488 · LU    485 · porte fermee      0
    game_state_measure_test.go:69:     player-pending-join-in-progress-spawn-component  masque    250 · LU    247 · porte fermee      0
    game_state_measure_test.go:69:     player-malleable-properties-simulation-component masque   2673 · LU   2661 · porte fermee      0
    game_state_measure_test.go:69:     player-respawn-timer-component                   CAPTURE : 3716 records portent un compte a rebours
    game_state_measure_test.go:70: ti=5 VENTILATION PAR SLOT (32 slots ont rendu une lecture) : 64:747 62:621 52:516 68:507 69:463 66:462 61:445 72:438 56:434 59:434 54:405 55:393 53:386 67:369 58:364 71:336
    game_state_measure_test.go:70: ti=5 DEBIT DES 8 SLOTS LES PLUS BAVARDS : 524.9 lectures/slot contre 103.9 (voisinage) et 107.8 (vide) -> x5.05 et x4.87
    game_state_measure_test.go:71: ti=5 DISTRIBUTION DES VALEURS (P.0.5)
    game_state_measure_test.go:71:     player-soft-kill-timer-component                 lectures   654 · porte fermee     0 · valeurs distinctes  335 · 16,0,0(85) 31,31,1(39) 16,16,14(15) 31,31,6(14) 31,28,6(12) 2,0,6(9)
    game_state_measure_test.go:71:     player-target-tracking-detection-component       lectures   374 · porte fermee     0 · valeurs distinctes    4 · 0,0(127) 1,0(119) 0,1(86) 1,1(42)
    game_state_measure_test.go:71:     player-desired-respawn-player-component          lectures   356 · porte fermee     0 · valeurs distinctes  211 · 32768(25) 4221(24) 15880(14) 48648(11) 0(9) 11924(8)
    game_state_measure_test.go:71:     player-engine-loadout-component                  lectures   319 · porte fermee     0 · valeurs distinctes  206 · 74,6,3,1,42,1,0,0(30) 0,255,255,255,255,255,255,255(25) 47,195,124,14,178,252,124,187(19) 208,202,195,121,96,82,237,130(18) 74,4,42,1,0,0,203,24(16) 68,132,16,82,208,201,73,16(3)
    game_state_measure_test.go:71:     player-desired-respawn-location-component        lectures   335 · porte fermee   261 · valeurs distinctes   61 · 59,118,0,18429,1(10) 32,66,102,63124,1(3) 69,20,48,2848,1(3) 0,1,4,50324,1(1) 0,10,86,133284,1(1) 0,65,67,351809,1(1)
    game_state_measure_test.go:71:     player-lives-remaining-component                 lectures   762 · porte fermee     0 · valeurs distinctes  103 · 103(351) 126(58) 0(39) 100(14) 8(14) 95(12)
    game_state_measure_test.go:71:     player-last-betrayer-component                   lectures   214 · porte fermee     0 · valeurs distinctes   61 · 4(17) 15(9) 3(9) 56(8) 7(8) 2(7)
    game_state_measure_test.go:71:     player-control-aiming-component                  lectures   937 · porte fermee     0 · valeurs distinctes  601 · 35311(32) 262233(22) 5697(22) 131082(18) 35127(13) 98315(12)
    game_state_measure_test.go:71:     player-active-in-game-component                  lectures   485 · porte fermee     0 · valeurs distinctes    2 · 0(322) 1(163)
    game_state_measure_test.go:71:     player-pending-join-in-progress-spawn-component  lectures   247 · porte fermee     0 · valeurs distinctes    2 · 0(127) 1(120)
    game_state_measure_test.go:71:     player-malleable-properties-simulation-component lectures  2661 · porte fermee     0 · valeurs distinctes  322 · 1,1,1,1,638,1,1062,1,1912,1,1106,1,1106,...(1126) 1,1,1,1,638,1,1062,1,1912,1,1106,1,1106,...(1121) 0,0,0,0,0,1,2055,0,0,0,0,0,0,0,0,0,0,0,0...(25) 0,0,0,1,349,0,0,1,3964,0,0,0,0,0,0,1,0,0...(15) 1,0,0,0,0,0,0,0,0,0,0,0,0,0,0,0,0,0,1,0,...(10) 0,1,1,1,582,0,0,1,1024,1,1229,0,0,1,3934...(7)
    game_state_measure_test.go:72: CHAINE SEQUENTIELLE · paquets 25395 dont PROPRES 12236 (48.2 %) · records 46799 dont ABOUTIS 25874 (55.3 %) · ti=0 0 · ti=5 2089
    game_state_measure_test.go:72: CHAINE · VENTILATION DES RECORDS ABOUTIS PAR ARCHETYPE : ti=4:11249 ti=35:9334 ti=5:2124 ti=2:906 ti=38:820 ti=6:350 ti=8:267 ti=30:239 ti=41:180 ti=37:79 ti=42:62 ti=17:40 ti=43:37 ti=14:32 ti=36:28 ti=47:25 ti=22:20 ti=10:18 ti=9:14 ti=40:13 ti=1:7 ti=16:6 ti=49:5 ti=33:4 ti=44:3 ti=0:2 ti=32:2 ti=29:2 ti=21:2 ti=34:1 ti=25:1 ti=45:1 ti=12:1
    game_state_measure_test.go:72: CHAINE · LES MEMES, LIAISON CONFIRMEE PAR UNE IMAGE-CLE : ti=4:11138 ti=35:9332 ti=5:2089 ti=2:687 ti=38:820 ti=6:102 ti=41:170 ti=37:78 ti=42:49 ti=17:37 ti=43:37 ti=14:31 ti=47:25 ti=22:17 ti=10:18 ti=9:13 ti=40:13 ti=29:1 ti=25:1 ti=45:1 ti=12:1
    game_state_measure_test.go:72: CHAINE · ti=5 PAR SLOT (25 slots) : 61:146 56:136 62:116 52:109 59:108 71:105 69:96 54:91 66:91 57:91 63:90 55:86 72:85 67:84 58:79 70:76 73:74 74:72 68:70 60:67 53:61 64:55 65:51 75:48 78:2
    game_state_measure_test.go:72: CHAINE · ti=0 CHAMPS
    game_state_measure_test.go:72:     game-engine-current-state-component              lectures     0 · porte fermee     0 · distinctes    0 · 
    game_state_measure_test.go:72:     game-engine-current-round-component              lectures     0 · porte fermee     0 · distinctes    0 · 
    game_state_measure_test.go:72:     game-engine-sudden-death-time-left-component     lectures     0 · porte fermee     0 · distinctes    0 · 
    game_state_measure_test.go:72:     game-engine-grace-period-time-left-component     lectures     0 · porte fermee     0 · distinctes    0 · 
    game_state_measure_test.go:72:     game-engine-round-condition-flags-component      lectures     0 · porte fermee     0 · distinctes    0 · 
    game_state_measure_test.go:72:     game-engine-round-timer-component                CAPTURE : 0 lectures certaines
    game_state_measure_test.go:72: CHAINE · ti=5 CHAMPS
    game_state_measure_test.go:72:     player-soft-kill-timer-component                 lectures    58 · porte fermee     0 · distinctes   18 · 31,25,6(6) 31,28,6(6) 31,31,6(6) 31,13,6(5) 31,16,6(4) 31,28,19(4)
    game_state_measure_test.go:72:     player-target-tracking-detection-component       lectures    37 · porte fermee     0 · distinctes    3 · 0,0(26) 1,0(6) 0,1(5)
    game_state_measure_test.go:72:     player-desired-respawn-player-component          lectures     3 · porte fermee     0 · distinctes    3 · 17263(1) 47572(1) 51228(1)
    game_state_measure_test.go:72:     player-engine-loadout-component                  lectures     1 · porte fermee     0 · distinctes    1 · 1,146,204,197,107,164,41,192(1)
    game_state_measure_test.go:72:     player-desired-respawn-location-component        lectures     2 · porte fermee     2 · distinctes    0 · 
    game_state_measure_test.go:72:     player-lives-remaining-component                 lectures     1 · porte fermee     0 · distinctes    1 · 49(1)
    game_state_measure_test.go:72:     player-last-betrayer-component                   lectures     0 · porte fermee     0 · distinctes    0 · 
    game_state_measure_test.go:72:     player-control-aiming-component                  lectures     1 · porte fermee     0 · distinctes    1 · 66909(1)
    game_state_measure_test.go:72:     player-active-in-game-component                  lectures     6 · porte fermee     0 · distinctes    2 · 0(4) 1(2)
    game_state_measure_test.go:72:     player-pending-join-in-progress-spawn-component  lectures     1 · porte fermee     0 · distinctes    1 · 1(1)
    game_state_measure_test.go:72:     player-malleable-properties-simulation-component lectures   865 · porte fermee     0 · distinctes    5 · 1,1,1,1,638,1,1062,1,1912,1,1106,1,1106,...(462) 1,1,1,1,638,1,1062,1,1912,1,1106,1,1106,...(399) 1,1,1,0,0,0,0,0,0,0,0,0,0,0,0,1,0,1,1,0,...(2) 1,0,0,0,0,1,3619,0,0,0,0,0,0,0,0,0,0,0,0...(1) 1,1,1,1,3117,0,0,1,1032,0,0,0,0,0,0,0,0,...(1)
    game_state_measure_test.go:72:     player-respawn-timer-component                   CAPTURE : 753 lectures certaines dont ACTIF 11 · distinctes 21 · false/5/10(128) false/4/10(125) false/6/10(124) false/8/10(122) false/7/10(120) false/9/10(94)
    game_state_measure_test.go:74: TSV deposes dans C:\Users\Guillaume\Projects\LevelUp-wt-joueur-moteur\.ai\V7.5\replay2d\registre_film\lotBP
--- PASS: TestGameEntitiesPhase0 (88.63s)
PASS
ok  	levelup/go-api/internal/analysis/filmdec	89.612s
