=== RUN   TestGameEntitiesPhase0
    game_state_measure_test.go:63: FILM 44e14331 · chunks 45 · paquets delta 52277 · horloge film 4212730416 us · delta [4212731567 , 5085656786] us (872.9 s)
    game_state_measure_test.go:63: BANDES · ti=0 4 slots [182 364 1536 3608] · ti=5 32 slots [52 .. 83] · ti=4 2 slots [123 124] · controle voisin 36 · controle vide 36 · slots ambigus ecartes 1 · comblement NON applique (aurait ajoute 3423 slots)
    game_state_measure_test.go:63: SONDE ti=4 high-frequency : 51972 annonces recues par le hook pendant ce balayage
    game_state_measure_test.go:63: RECENSEMENT DES IMAGES-CLES (slots distincts par archetype) : ti=0:4 ti=1:1 ti=2:2 ti=3:1 ti=4:3 ti=5:32 ti=6:48 ti=9:8 ti=10:161 ti=11:5 ti=12:19 ti=13:19 ti=14:32 ti=15:1 ti=17:33 ti=18:1 ti=19:1 ti=20:1 ti=22:1 ti=25:1 ti=26:1 ti=27:1 ti=29:1 ti=34:1 ti=35:151 ti=37:306 ti=38:107 ti=41:12 ti=42:340 ti=43:23 ti=45:1 ti=47:8
    game_state_measure_test.go:63: PREMIERS SLOTS DES IMAGES-CLES : 0->[22] 1->[34] 2->[2] 3->[6] 4->[6] 5->[3 4 6] 6->[6] 7->[2 6] 8->[6] 9->[6] 10->[6] 11->[6] 12->[6] 13->[6] 14->[6] 15->[6] 16->[6] 17->[6] 18->[6] 19->[6] 20->[6] 21->[6] 22->[6] 23->[6]
    game_state_measure_test.go:64: ti=0 moteur de partie · bande 4 slots · peuples 4 · records 1046 (262/slot) · DANS LA GRAMMAIRE 311 · avec un composant vise 206 · marche ABOUTIE 203 · CASSEE 3 · purete 29.73 % (hors grammaire 735 / 27 composants) · plancher de bruit 16.5
    game_state_measure_test.go:64:     i19 forge-engine-total-budget-component                  annonces     115  x7.0 du plancher
    game_state_measure_test.go:64:     i0  game-engine-team-mapping-component                   annonces     108  x6.5 du plancher
    game_state_measure_test.go:64:     i1  game-engine-shared-team-lives-component              annonces     107  x6.5 du plancher
    game_state_measure_test.go:64:     i31                                                      annonces      83  x5.0 du plancher
    game_state_measure_test.go:64:     i32                                                      annonces      76  x4.6 du plancher
    game_state_measure_test.go:64:     i2  game-engine-current-state-component                  annonces      66  x4.0 du plancher
    game_state_measure_test.go:64:     i27                                                      annonces      64  x3.9 du plancher
    game_state_measure_test.go:64:     i55                                                      annonces      62  x3.8 du plancher
    game_state_measure_test.go:64:     i34                                                      annonces      61  x3.7 du plancher
    game_state_measure_test.go:64:     i60                                                      annonces      61  x3.7 du plancher
    game_state_measure_test.go:64:     i8  game-engine-round-condition-flags-component          annonces      59  x3.6 du plancher
    game_state_measure_test.go:64:     i33                                                      annonces      57  x3.5 du plancher
    game_state_measure_test.go:64:     i57                                                      annonces      57  x3.5 du plancher
    game_state_measure_test.go:64:     i3  game-engine-game-finished-component                  annonces      55  x3.3 du plancher
    game_state_measure_test.go:64:     i39                                                      annonces      53  x3.2 du plancher
    game_state_measure_test.go:64:     i36                                                      annonces      49  x3.0 du plancher
    game_state_measure_test.go:64:     i35                                                      annonces      41  x2.5 du plancher
    game_state_measure_test.go:64:     i45                                                      annonces      38  x2.3 du plancher
    game_state_measure_test.go:64:     i5  game-engine-round-timer-component                    annonces      37  x2.2 du plancher
    game_state_measure_test.go:64:     i49                                                      annonces      36  x2.2 du plancher
    game_state_measure_test.go:65: ti=5 joueur · bande 32 slots · peuples 32 · records 20156 (630/slot) · DANS LA GRAMMAIRE 7972 · avec un composant vise 6459 · marche ABOUTIE 6411 · CASSEE 48 · purete 39.55 % (hors grammaire 12184 / 27 composants) · plancher de bruit 261.0
    game_state_measure_test.go:65:     i60                                                      annonces    2750  x10.5 du plancher
    game_state_measure_test.go:65:     i36                                                      annonces    2560  x9.8 du plancher
    game_state_measure_test.go:65:     i1  player-respawn-timer-component                       annonces    2210  x8.5 du plancher
    game_state_measure_test.go:65:     i0  player-waypoint-component                            annonces    1701  x6.5 du plancher
    game_state_measure_test.go:65:     i20 player-malleable-properties-simulation-component     annonces    1136  x4.4 du plancher
    game_state_measure_test.go:65:     i57                                                      annonces    1040  x4.0 du plancher
    game_state_measure_test.go:65:     i55                                                      annonces    1038  x4.0 du plancher
    game_state_measure_test.go:65:     i8  player-early-respawn-requested-component             annonces     923  x3.5 du plancher
    game_state_measure_test.go:65:     i5  player-respawn-safety-component                      annonces     913  x3.5 du plancher
    game_state_measure_test.go:65:     i27                                                      annonces     877  x3.4 du plancher
    game_state_measure_test.go:65:     i4  player-unsafe-respawn-timer-component                annonces     797  x3.1 du plancher
    game_state_measure_test.go:65:     i40                                                      annonces     788  x3.0 du plancher
    game_state_measure_test.go:65:     i21 player-representation-component                      annonces     635  x2.4 du plancher
    game_state_measure_test.go:65:     i6  player-desired-respawn-player-component              annonces     576  x2.2 du plancher
    game_state_measure_test.go:65:     i56                                                      annonces     563  x2.2 du plancher
    game_state_measure_test.go:65:     i59                                                      annonces     554  x2.1 du plancher
    game_state_measure_test.go:65:     i32                                                      annonces     517  x2.0 du plancher
    game_state_measure_test.go:65:     i39                                                      annonces     516  x2.0 du plancher
    game_state_measure_test.go:65:     i17 player-control-aiming-component                      annonces     502  x1.9 du plancher
    game_state_measure_test.go:65:     i3  player-target-tracking-detection-component           annonces     465  x1.8 du plancher
    game_state_measure_test.go:66: ti=4 temoin d'ancrage · bande 2 slots · peuples 2 · records 55556 (27778/slot) · DANS LA GRAMMAIRE 51906 · avec un composant vise 51972 · marche ABOUTIE 51972 · CASSEE 0 · purete 93.43 % (hors grammaire 3650 / 1 composants) · plancher de bruit 42.0
    game_state_measure_test.go:66:     i0  high-frequency                                       annonces   51972  x1237.4 du plancher
    game_state_measure_test.go:66:     i25                                                      annonces     749  x17.8 du plancher
    game_state_measure_test.go:66:     i55                                                      annonces     578  x13.8 du plancher
    game_state_measure_test.go:66:     i60                                                      annonces     572  x13.6 du plancher
    game_state_measure_test.go:66:     i57                                                      annonces     568  x13.5 du plancher
    game_state_measure_test.go:66:     i23                                                      annonces     433  x10.3 du plancher
    game_state_measure_test.go:66:     i22                                                      annonces     388  x9.2 du plancher
    game_state_measure_test.go:66:     i24                                                      annonces     322  x7.7 du plancher
    game_state_measure_test.go:66:     i26                                                      annonces     304  x7.2 du plancher
    game_state_measure_test.go:66:     i8                                                       annonces     285  x6.8 du plancher
    game_state_measure_test.go:66:     i6                                                       annonces     261  x6.2 du plancher
    game_state_measure_test.go:66:     i3                                                       annonces     142  x3.4 du plancher
    game_state_measure_test.go:66:     i63                                                      annonces     111  x2.6 du plancher
    game_state_measure_test.go:66:     i5                                                       annonces     104  x2.5 du plancher
    game_state_measure_test.go:66:     i56                                                      annonces     101  x2.4 du plancher
    game_state_measure_test.go:66:     i2                                                       annonces      97  x2.3 du plancher
    game_state_measure_test.go:66:     i30                                                      annonces      96  x2.3 du plancher
    game_state_measure_test.go:66:     i39                                                      annonces      85  x2.0 du plancher
    game_state_measure_test.go:66:     i7                                                       annonces      83  x2.0 du plancher
    game_state_measure_test.go:66:     i28                                                      annonces      80  x1.9 du plancher
    game_state_measure_test.go:67: CONTROLE voisinage · bande 36 slots · peuples 36 · records 27823 (773/slot) · DANS LA GRAMMAIRE ti=5 11203 (311/slot) · avec un composant vise 5220 (145/slot) · plancher 439.5
    game_state_measure_test.go:67: CONTROLE vide (haut de l'espace) · bande 36 slots · peuples 36 · records 6624 (184/slot) · DANS LA GRAMMAIRE ti=5 2876 (80/slot) · avec un composant vise 1403 (39/slot) · plancher 116.0
    game_state_measure_test.go:67: RAPPORT REEL/FANTOME ti=0 · EN-TETES BRUTS 262/slot contre 773 (voisinage) et 184 (vide) -> x0.34 et x1.42
    game_state_measure_test.go:67: RAPPORT REEL/FANTOME ti=0 · COMPOSANT VISE 51.5/slot contre 145.0 (voisinage) et 39.0 (vide) -> x0.36 et x1.32
    game_state_measure_test.go:67: RAPPORT REEL/FANTOME ti=5 · EN-TETES BRUTS 630/slot contre 773 (voisinage) et 184 (vide) -> x0.81 et x3.42
    game_state_measure_test.go:67: RAPPORT REEL/FANTOME ti=5 · COMPOSANT VISE 201.8/slot contre 145.0 (voisinage) et 39.0 (vide) -> x1.39 et x5.18
    game_state_measure_test.go:67: RAPPORT REEL/FANTOME ti=4 · EN-TETES BRUTS 27778/slot contre 773 (voisinage) et 184 (vide) -> x35.94 et x150.97
    game_state_measure_test.go:67: RAPPORT REEL/FANTOME ti=4 · COMPOSANT VISE 25986.0/slot contre 145.0 (voisinage) et 39.0 (vide) -> x179.21 et x666.78
    game_state_measure_test.go:68: ti=0 CHAMPS (records dont la marche a abouti : 203)
    game_state_measure_test.go:68:     game-engine-current-state-component              masque     66 · LU     66 · porte fermee      0
    game_state_measure_test.go:68:     game-engine-current-round-component              masque     24 · LU     24 · porte fermee      5
    game_state_measure_test.go:68:     game-engine-sudden-death-time-left-component     masque     20 · LU     20 · porte fermee      0
    game_state_measure_test.go:68:     game-engine-grace-period-time-left-component     masque     11 · LU     11 · porte fermee      0
    game_state_measure_test.go:68:     game-engine-round-condition-flags-component      masque     59 · LU     59 · porte fermee      0
    game_state_measure_test.go:68:     game-engine-round-timer-component                CAPTURE : 34 records portent une horloge de manche
    game_state_measure_test.go:69: ti=5 CHAMPS (records dont la marche a abouti : 6411)
    game_state_measure_test.go:69:     player-soft-kill-timer-component                 masque    224 · LU    224 · porte fermee      0
    game_state_measure_test.go:69:     player-target-tracking-detection-component       masque    465 · LU    465 · porte fermee      0
    game_state_measure_test.go:69:     player-desired-respawn-player-component          masque    576 · LU    539 · porte fermee      0
    game_state_measure_test.go:69:     player-engine-loadout-component                  masque    213 · LU    211 · porte fermee      0
    game_state_measure_test.go:69:     player-desired-respawn-location-component        masque    325 · LU    324 · porte fermee    237
    game_state_measure_test.go:69:     player-lives-remaining-component                 masque    183 · LU    181 · porte fermee      0
    game_state_measure_test.go:69:     player-last-betrayer-component                   masque    235 · LU    231 · porte fermee      0
    game_state_measure_test.go:69:     player-control-aiming-component                  masque    502 · LU    501 · porte fermee      0
    game_state_measure_test.go:69:     player-active-in-game-component                  masque    417 · LU    417 · porte fermee      0
    game_state_measure_test.go:69:     player-pending-join-in-progress-spawn-component  masque    198 · LU    197 · porte fermee      0
    game_state_measure_test.go:69:     player-malleable-properties-simulation-component masque   1136 · LU   1136 · porte fermee      0
    game_state_measure_test.go:69:     player-respawn-timer-component                   CAPTURE : 2209 records portent un compte a rebours
    game_state_measure_test.go:70: ti=5 VENTILATION PAR SLOT (32 slots ont rendu une lecture) : 62:826 57:504 54:447 53:437 55:407 58:368 56:353 52:324 59:322 68:263 69:177 67:161 64:150 60:146 66:136 61:134
    game_state_measure_test.go:70: ti=5 DEBIT DES 8 SLOTS LES PLUS BAVARDS : 458.2 lectures/slot contre 145.0 (voisinage) et 39.0 (vide) -> x3.16 et x11.76
    game_state_measure_test.go:71: ti=5 DISTRIBUTION DES VALEURS (P.0.5)
    game_state_measure_test.go:71:     player-soft-kill-timer-component                 lectures   224 · porte fermee     0 · valeurs distinctes  131 · 2,0,6(24) 2,0,30(20) 2,1,6(16) 31,31,1(8) 4,3,6(8) 2,2,1(5)
    game_state_measure_test.go:71:     player-target-tracking-detection-component       lectures   465 · porte fermee     0 · valeurs distinctes    4 · 0,0(193) 0,1(171) 1,1(62) 1,0(39)
    game_state_measure_test.go:71:     player-desired-respawn-player-component          lectures   539 · porte fermee     0 · valeurs distinctes  169 · 4221(317) 33923(21) 58657(10) 32768(8) 512(4) 16745(3)
    game_state_measure_test.go:71:     player-engine-loadout-component                  lectures   211 · porte fermee     0 · valeurs distinctes  196 · 0,255,255,255,255,255,255,255(8) 64,55,216,193,1,223,159,4(4) 105,116,65,6,196,70,98,227(2) 110,244,33,3,126,97,44,222(2) 110,244,65,6,13,249,132,185(2) 177,49,32,1,0,0,0,105(2)
    game_state_measure_test.go:71:     player-desired-respawn-location-component        lectures   324 · porte fermee   237 · valeurs distinctes   86 · 82,65,13,1024,1(2) 0,0,6,229001,1(1) 0,1,42,409871,1(1) 10,17,65,65541,1(1) 100,14,70,496002,1(1) 105,98,34,263602,1(1)
    game_state_measure_test.go:71:     player-lives-remaining-component                 lectures   181 · porte fermee     0 · valeurs distinctes   71 · 1(25) 4(15) 35(10) 0(8) 5(7) 80(7)
    game_state_measure_test.go:71:     player-last-betrayer-component                   lectures   231 · porte fermee     0 · valeurs distinctes   53 · 49(27) 2(23) 1(16) 4(15) 3(10) 0(9)
    game_state_measure_test.go:71:     player-control-aiming-component                  lectures   501 · porte fermee     0 · valeurs distinctes  354 · 262233(33) 5696(15) 1600(14) 5697(13) 1601(12) 263513(10)
    game_state_measure_test.go:71:     player-active-in-game-component                  lectures   417 · porte fermee     0 · valeurs distinctes    2 · 0(293) 1(124)
    game_state_measure_test.go:71:     player-pending-join-in-progress-spawn-component  lectures   197 · porte fermee     0 · valeurs distinctes    2 · 0(110) 1(87)
    game_state_measure_test.go:71:     player-malleable-properties-simulation-component lectures  1136 · porte fermee     0 · valeurs distinctes  244 · 1,1,1,1,478,1,797,1,1434,1,1106,1,1106,0...(458) 1,1,1,1,478,1,797,1,1434,1,1106,1,1106,0...(422) 0,0,0,0,0,0,0,0,0,0,0,0,0,0,0,0,0,1,0,1,...(5) 0,1,1,0,0,0,0,0,0,0,0,0,0,0,0,0,0,0,0,0,...(4) 1,0,0,0,0,0,0,0,0,0,0,0,0,0,0,0,0,0,0,0,...(3) 1,0,0,0,0,0,0,0,0,0,0,0,0,0,0,0,0,0,0,0,...(3)
    game_state_measure_test.go:72: CHAINE SEQUENTIELLE · paquets 52277 dont PROPRES 20247 (38.7 %) · records 129481 dont ABOUTIS 82974 (64.1 %) · ti=0 0 · ti=5 1767
    game_state_measure_test.go:72: CHAINE · VENTILATION DES RECORDS ABOUTIS PAR ARCHETYPE : ti=4:40256 ti=35:30123 ti=2:4697 ti=8:2642 ti=5:1897 ti=6:952 ti=38:719 ti=1:279 ti=30:263 ti=37:159 ti=32:112 ti=0:112 ti=17:99 ti=42:99 ti=22:94 ti=44:64 ti=14:63 ti=47:43 ti=9:42 ti=36:40 ti=41:36 ti=34:20 ti=10:20 ti=45:20 ti=26:17 ti=21:16 ti=48:15 ti=43:13 ti=16:11 ti=25:11 ti=33:10 ti=40:8 ti=29:6 ti=28:4 ti=15:3 ti=13:3 ti=12:2 ti=31:1 ti=39:1 ti=11:1 ti=3:1
    game_state_measure_test.go:72: CHAINE · LES MEMES, LIAISON CONFIRMEE PAR UNE IMAGE-CLE : ti=4:37185 ti=35:30118 ti=2:1276 ti=5:1767 ti=6:531 ti=38:200 ti=37:148 ti=17:81 ti=42:46 ti=22:57 ti=14:63 ti=47:42 ti=9:33 ti=41:1 ti=34:5 ti=10:15 ti=45:19 ti=26:16 ti=43:11 ti=29:2 ti=15:1 ti=13:3 ti=12:2 ti=11:1
    game_state_measure_test.go:72: CHAINE · ti=5 PAR SLOT (26 slots) : 57:291 54:232 52:208 55:203 58:200 53:196 56:191 59:160 72:27 65:14 70:10 68:9 75:3 83:3 81:3 66:3 82:2 61:2 80:2 63:2 67:1 69:1 60:1 71:1 62:1 79:1
    game_state_measure_test.go:72: CHAINE · ti=0 CHAMPS
    game_state_measure_test.go:72:     game-engine-current-state-component              lectures     0 · porte fermee     0 · distinctes    0 · 
    game_state_measure_test.go:72:     game-engine-current-round-component              lectures     0 · porte fermee     0 · distinctes    0 · 
    game_state_measure_test.go:72:     game-engine-sudden-death-time-left-component     lectures     0 · porte fermee     0 · distinctes    0 · 
    game_state_measure_test.go:72:     game-engine-grace-period-time-left-component     lectures     0 · porte fermee     0 · distinctes    0 · 
    game_state_measure_test.go:72:     game-engine-round-condition-flags-component      lectures     0 · porte fermee     0 · distinctes    0 · 
    game_state_measure_test.go:72:     game-engine-round-timer-component                CAPTURE : 0 lectures certaines
    game_state_measure_test.go:72: CHAINE · ti=5 CHAMPS
    game_state_measure_test.go:72:     player-soft-kill-timer-component                 lectures    12 · porte fermee     0 · distinctes   12 · 10,13,14(1) 10,13,15(1) 10,30,4(1) 16,4,17(1) 18,24,18(1) 19,28,12(1)
    game_state_measure_test.go:72:     player-target-tracking-detection-component       lectures    31 · porte fermee     0 · distinctes    4 · 0,0(16) 1,0(12) 0,1(2) 1,1(1)
    game_state_measure_test.go:72:     player-desired-respawn-player-component          lectures     4 · porte fermee     0 · distinctes    3 · 1536(2) 41608(1) 48544(1)
    game_state_measure_test.go:72:     player-engine-loadout-component                  lectures     4 · porte fermee     0 · distinctes    4 · 0,7,12,14,248,8,55,72(1) 130,48,91,17,46,35,224,75(1) 17,17,241,77,225,49,74,68(1) 18,125,16,0,97,159,247,196(1)
    game_state_measure_test.go:72:     player-desired-respawn-location-component        lectures     3 · porte fermee     2 · distinctes    1 · 19,25,77,325328,1(1)
    game_state_measure_test.go:72:     player-lives-remaining-component                 lectures     4 · porte fermee     0 · distinctes    4 · 10(1) 6(1) 61(1) 79(1)
    game_state_measure_test.go:72:     player-last-betrayer-component                   lectures    11 · porte fermee     0 · distinctes   10 · 49(2) 1(1) 10(1) 11(1) 16(1) 20(1)
    game_state_measure_test.go:72:     player-control-aiming-component                  lectures     7 · porte fermee     0 · distinctes    7 · 180836(1) 249915(1) 2993(1) 360031(1) 371676(1) 437630(1)
    game_state_measure_test.go:72:     player-active-in-game-component                  lectures    14 · porte fermee     0 · distinctes    2 · 0(11) 1(3)
    game_state_measure_test.go:72:     player-pending-join-in-progress-spawn-component  lectures     7 · porte fermee     0 · distinctes    2 · 1(5) 0(2)
    game_state_measure_test.go:72:     player-malleable-properties-simulation-component lectures   629 · porte fermee     0 · distinctes    9 · 1,1,1,1,478,1,797,1,1434,1,1106,1,1106,0...(336) 1,1,1,1,478,1,797,1,1434,1,1106,1,1106,0...(286) 0,0,1,0,0,1,1732,0,0,0,0,0,0,0,0,0,1,1,0...(1) 0,1,0,0,0,1,742,1,1026,0,0,1,647,1,267,1...(1) 0,1,1,0,0,0,0,1,2433,0,0,1,3,1,1360,1,1,...(1) 0,1,1,1,3665,0,0,0,0,1,3125,0,0,0,0,0,1,...(1)
    game_state_measure_test.go:72:     player-respawn-timer-component                   CAPTURE : 683 lectures certaines dont ACTIF 3 · distinctes 23 · false/6/10(109) false/8/10(108) false/5/10(107) false/4/10(106) false/7/10(106) false/9/10(104)
    game_state_measure_test.go:74: TSV deposes dans C:\Users\Guillaume\Projects\LevelUp-wt-joueur-moteur\.ai\V7.5\replay2d\registre_film\lotBP
--- PASS: TestGameEntitiesPhase0 (29.21s)
PASS
ok  	levelup/go-api/internal/analysis/filmdec	30.287s
