=== RUN   TestGameEntitiesPhase0
    game_state_measure_test.go:63: FILM 606d9844 · chunks 14 · paquets delta 14791 · horloge film 8576240751 us · delta [8576241935 , 8823353974] us (247.1 s)
    game_state_measure_test.go:63: BANDES · ti=0 1 slots [1536] · ti=5 32 slots [52 .. 83] · ti=4 1 slots [123] · controle voisin 33 · controle vide 33 · slots ambigus ecartes 0 · comblement NON applique (aurait ajoute 0 slots)
    game_state_measure_test.go:63: SONDE ti=4 high-frequency : 14632 annonces recues par le hook pendant ce balayage
    game_state_measure_test.go:63: RECENSEMENT DES IMAGES-CLES (slots distincts par archetype) : ti=0:1 ti=2:1 ti=4:1 ti=5:32 ti=6:48 ti=9:9 ti=10:30 ti=11:1 ti=12:10 ti=13:20 ti=14:32 ti=15:1 ti=17:33 ti=18:1 ti=19:1 ti=20:1 ti=22:1 ti=25:1 ti=26:1 ti=27:1 ti=29:1 ti=34:1 ti=35:39 ti=37:96 ti=38:63 ti=41:10 ti=42:99 ti=43:31 ti=45:1 ti=47:9
    game_state_measure_test.go:63: PREMIERS SLOTS DES IMAGES-CLES : 0->[22] 1->[34] 2->[2] 3->[6] 4->[6] 5->[6] 6->[6] 7->[6] 8->[6] 9->[6] 10->[6] 11->[6] 12->[6] 13->[6] 14->[6] 15->[6] 16->[6] 17->[6] 18->[6] 19->[6] 20->[6] 21->[6] 22->[6] 23->[6]
    game_state_measure_test.go:64: ti=0 moteur de partie · bande 1 slots · peuples 1 · records 1420 (1420/slot) · DANS LA GRAMMAIRE 907 · avec un composant vise 27 · marche ABOUTIE 27 · CASSEE 0 · purete 63.87 % (hors grammaire 513 / 27 composants) · plancher de bruit 2.0
    game_state_measure_test.go:64:     i38                                                      annonces     432  x216.0 du plancher
    game_state_measure_test.go:64:     i13 game-engine-disabled-kill-volume-flags-component     annonces     283  x141.5 du plancher
    game_state_measure_test.go:64:     i21 forge-engine-forge-mode-component                    annonces     282  x141.0 du plancher
    game_state_measure_test.go:64:     i1  game-engine-shared-team-lives-component              annonces     220  x110.0 du plancher
    game_state_measure_test.go:64:     i24 forge-engine-baking-data-component                   annonces     219  x109.5 du plancher
    game_state_measure_test.go:64:     i25 forge-engine-baking-data-component                   annonces     217  x108.5 du plancher
    game_state_measure_test.go:64:     i17 matchflow-isplaying-flags-component                  annonces      79  x39.5 du plancher
    game_state_measure_test.go:64:     i15 managed-engine-timers-component                      annonces      69  x34.5 du plancher
    game_state_measure_test.go:64:     i0  game-engine-team-mapping-component                   annonces      17  x8.5 du plancher
    game_state_measure_test.go:64:     i8  game-engine-round-condition-flags-component          annonces      15  x7.5 du plancher
    game_state_measure_test.go:64:     i58                                                      annonces      10  x5.0 du plancher
    game_state_measure_test.go:64:     i33                                                      annonces       9  x4.5 du plancher
    game_state_measure_test.go:64:     i19 forge-engine-total-budget-component                  annonces       9  x4.5 du plancher
    game_state_measure_test.go:64:     i29                                                      annonces       6  x3.0 du plancher
    game_state_measure_test.go:64:     i27                                                      annonces       6  x3.0 du plancher
    game_state_measure_test.go:64:     i7  game-engine-grace-period-time-left-component         annonces       6  x3.0 du plancher
    game_state_measure_test.go:64:     i16 scenario-intro-component                             annonces       6  x3.0 du plancher
    game_state_measure_test.go:64:     i45                                                      annonces       5  x2.5 du plancher
    game_state_measure_test.go:64:     i31                                                      annonces       5  x2.5 du plancher
    game_state_measure_test.go:64:     i55                                                      annonces       5  x2.5 du plancher
    game_state_measure_test.go:65: ti=5 joueur · bande 32 slots · peuples 32 · records 4642 (145/slot) · DANS LA GRAMMAIRE 2233 · avec un composant vise 1345 · marche ABOUTIE 1328 · CASSEE 17 · purete 48.10 % (hors grammaire 2409 / 27 composants) · plancher de bruit 59.5
    game_state_measure_test.go:65:     i0  player-waypoint-component                            annonces     979  x16.5 du plancher
    game_state_measure_test.go:65:     i1  player-respawn-timer-component                       annonces     514  x8.6 du plancher
    game_state_measure_test.go:65:     i60                                                      annonces     345  x5.8 du plancher
    game_state_measure_test.go:65:     i4  player-unsafe-respawn-timer-component                annonces     311  x5.2 du plancher
    game_state_measure_test.go:65:     i59                                                      annonces     277  x4.7 du plancher
    game_state_measure_test.go:65:     i20 player-malleable-properties-simulation-component     annonces     276  x4.6 du plancher
    game_state_measure_test.go:65:     i36                                                      annonces     212  x3.6 du plancher
    game_state_measure_test.go:65:     i58                                                      annonces     190  x3.2 du plancher
    game_state_measure_test.go:65:     i57                                                      annonces     178  x3.0 du plancher
    game_state_measure_test.go:65:     i8  player-early-respawn-requested-component             annonces     167  x2.8 du plancher
    game_state_measure_test.go:65:     i5  player-respawn-safety-component                      annonces     164  x2.8 du plancher
    game_state_measure_test.go:65:     i22 player-aim-assist-component                          annonces     160  x2.7 du plancher
    game_state_measure_test.go:65:     i17 player-control-aiming-component                      annonces     137  x2.3 du plancher
    game_state_measure_test.go:65:     i55                                                      annonces     132  x2.2 du plancher
    game_state_measure_test.go:65:     i32                                                      annonces     124  x2.1 du plancher
    game_state_measure_test.go:65:     i56                                                      annonces     123  x2.1 du plancher
    game_state_measure_test.go:65:     i27                                                      annonces     100  x1.7 du plancher
    game_state_measure_test.go:65:     i12 player-desired-respawn-location-component            annonces      97  x1.6 du plancher
    game_state_measure_test.go:65:     i18 player-active-in-game-component                      annonces      97  x1.6 du plancher
    game_state_measure_test.go:65:     i44                                                      annonces      86  x1.4 du plancher
    game_state_measure_test.go:66: ti=4 temoin d'ancrage · bande 1 slots · peuples 1 · records 14729 (14729/slot) · DANS LA GRAMMAIRE 14627 · avec un composant vise 14632 · marche ABOUTIE 14632 · CASSEE 0 · purete 99.31 % (hors grammaire 102 / 1 composants) · plancher de bruit 0.5
    game_state_measure_test.go:66:     i0  high-frequency                                       annonces   14632  x29264.0 du plancher
    game_state_measure_test.go:66:     i60                                                      annonces      42  x84.0 du plancher
    game_state_measure_test.go:66:     i6                                                       annonces       7  x14.0 du plancher
    game_state_measure_test.go:66:     i7                                                       annonces       7  x14.0 du plancher
    game_state_measure_test.go:66:     i33                                                      annonces       7  x14.0 du plancher
    game_state_measure_test.go:66:     i17                                                      annonces       5  x10.0 du plancher
    game_state_measure_test.go:66:     i4                                                       annonces       5  x10.0 du plancher
    game_state_measure_test.go:66:     i5                                                       annonces       5  x10.0 du plancher
    game_state_measure_test.go:66:     i12                                                      annonces       5  x10.0 du plancher
    game_state_measure_test.go:66:     i53                                                      annonces       4  x8.0 du plancher
    game_state_measure_test.go:66:     i44                                                      annonces       4  x8.0 du plancher
    game_state_measure_test.go:66:     i36                                                      annonces       4  x8.0 du plancher
    game_state_measure_test.go:66:     i52                                                      annonces       4  x8.0 du plancher
    game_state_measure_test.go:66:     i29                                                      annonces       3  x6.0 du plancher
    game_state_measure_test.go:66:     i26                                                      annonces       3  x6.0 du plancher
    game_state_measure_test.go:66:     i28                                                      annonces       3  x6.0 du plancher
    game_state_measure_test.go:66:     i32                                                      annonces       3  x6.0 du plancher
    game_state_measure_test.go:66:     i48                                                      annonces       3  x6.0 du plancher
    game_state_measure_test.go:66:     i56                                                      annonces       2  x4.0 du plancher
    game_state_measure_test.go:66:     i10                                                      annonces       2  x4.0 du plancher
    game_state_measure_test.go:67: CONTROLE voisinage · bande 33 slots · peuples 33 · records 3508 (106/slot) · DANS LA GRAMMAIRE ti=5 1330 (40/slot) · avec un composant vise 877 (27/slot) · plancher 63.0
    game_state_measure_test.go:67: CONTROLE vide (haut de l'espace) · bande 33 slots · peuples 33 · records 2687 (81/slot) · DANS LA GRAMMAIRE ti=5 1329 (40/slot) · avec un composant vise 555 (17/slot) · plancher 23.0
    game_state_measure_test.go:67: RAPPORT REEL/FANTOME ti=0 · EN-TETES BRUTS 1420/slot contre 106 (voisinage) et 81 (vide) -> x13.36 et x17.44
    game_state_measure_test.go:67: RAPPORT REEL/FANTOME ti=0 · COMPOSANT VISE 27.0/slot contre 26.6 (voisinage) et 16.8 (vide) -> x1.02 et x1.61
    game_state_measure_test.go:67: RAPPORT REEL/FANTOME ti=5 · EN-TETES BRUTS 145/slot contre 106 (voisinage) et 81 (vide) -> x1.36 et x1.78
    game_state_measure_test.go:67: RAPPORT REEL/FANTOME ti=5 · COMPOSANT VISE 42.0/slot contre 26.6 (voisinage) et 16.8 (vide) -> x1.58 et x2.50
    game_state_measure_test.go:67: RAPPORT REEL/FANTOME ti=4 · EN-TETES BRUTS 14729/slot contre 106 (voisinage) et 81 (vide) -> x138.56 et x180.89
    game_state_measure_test.go:67: RAPPORT REEL/FANTOME ti=4 · COMPOSANT VISE 14632.0/slot contre 26.6 (voisinage) et 16.8 (vide) -> x550.58 et x870.01
    game_state_measure_test.go:68: ti=0 CHAMPS (records dont la marche a abouti : 27)
    game_state_measure_test.go:68:     game-engine-current-state-component              masque      4 · LU      4 · porte fermee      0
    game_state_measure_test.go:68:     game-engine-current-round-component              masque      2 · LU      2 · porte fermee      0
    game_state_measure_test.go:68:     game-engine-sudden-death-time-left-component     masque      2 · LU      2 · porte fermee      0
    game_state_measure_test.go:68:     game-engine-grace-period-time-left-component     masque      6 · LU      6 · porte fermee      0
    game_state_measure_test.go:68:     game-engine-round-condition-flags-component      masque     15 · LU     15 · porte fermee      0
    game_state_measure_test.go:68:     game-engine-round-timer-component                CAPTURE : 1 records portent une horloge de manche
    game_state_measure_test.go:69: ti=5 CHAMPS (records dont la marche a abouti : 1328)
    game_state_measure_test.go:69:     player-soft-kill-timer-component                 masque     65 · LU     64 · porte fermee      0
    game_state_measure_test.go:69:     player-target-tracking-detection-component       masque     55 · LU     55 · porte fermee      0
    game_state_measure_test.go:69:     player-desired-respawn-player-component          masque     44 · LU     39 · porte fermee      0
    game_state_measure_test.go:69:     player-engine-loadout-component                  masque     30 · LU     29 · porte fermee      0
    game_state_measure_test.go:69:     player-desired-respawn-location-component        masque     97 · LU     93 · porte fermee     47
    game_state_measure_test.go:69:     player-lives-remaining-component                 masque     50 · LU     50 · porte fermee      0
    game_state_measure_test.go:69:     player-last-betrayer-component                   masque     21 · LU     18 · porte fermee      0
    game_state_measure_test.go:69:     player-control-aiming-component                  masque    137 · LU    137 · porte fermee      0
    game_state_measure_test.go:69:     player-active-in-game-component                  masque     97 · LU     96 · porte fermee      0
    game_state_measure_test.go:69:     player-pending-join-in-progress-spawn-component  masque     35 · LU     34 · porte fermee      0
    game_state_measure_test.go:69:     player-malleable-properties-simulation-component masque    276 · LU    273 · porte fermee      0
    game_state_measure_test.go:69:     player-respawn-timer-component                   CAPTURE : 514 records portent un compte a rebours
    game_state_measure_test.go:70: ti=5 VENTILATION PAR SLOT (32 slots ont rendu une lecture) : 58:150 56:125 68:117 54:102 52:95 59:88 60:86 53:78 55:61 57:55 72:33 64:31 66:27 83:23 61:23 81:21
    game_state_measure_test.go:70: ti=5 DEBIT DES 8 SLOTS LES PLUS BAVARDS : 105.1 lectures/slot contre 26.6 (voisinage) et 16.8 (vide) -> x3.96 et x6.25
    game_state_measure_test.go:71: ti=5 DISTRIBUTION DES VALEURS (P.0.5)
    game_state_measure_test.go:71:     player-soft-kill-timer-component                 lectures    64 · porte fermee     0 · valeurs distinctes   39 · 31,31,1(8) 2,0,30(6) 16,18,0(5) 8,1,0(4) 8,1,9(3) 0,1,10(2)
    game_state_measure_test.go:71:     player-target-tracking-detection-component       lectures    55 · porte fermee     0 · valeurs distinctes    4 · 0,0(30) 1,0(13) 0,1(8) 1,1(4)
    game_state_measure_test.go:71:     player-desired-respawn-player-component          lectures    39 · porte fermee     0 · valeurs distinctes   26 · 32768(8) 4221(6) 2049(2) 14336(1) 15547(1) 16386(1)
    game_state_measure_test.go:71:     player-engine-loadout-component                  lectures    29 · porte fermee     0 · valeurs distinctes   22 · 0,255,255,255,255,255,255,255(8) 0,21,89,3,193,112,240,49(1) 120,58,67,194,40,16,228,93(1) 121,141,209,0,8,119,100,158(1) 177,49,33,129,0,0,0,105(1) 177,49,33,32,0,0,0,105(1)
    game_state_measure_test.go:71:     player-desired-respawn-location-component        lectures    93 · porte fermee    47 · valeurs distinctes   30 · 22,4,60,179905,1(6) 12,10,11,361860,1(3) 12,11,30,100740,1(3) 22,3,114,441537,1(3) 12,10,11,360836,1(2) 12,10,11,361063,1(2)
    game_state_measure_test.go:71:     player-lives-remaining-component                 lectures    50 · porte fermee     0 · valeurs distinctes   17 · 1(24) 0(10) 11(2) 13(1) 14(1) 16(1)
    game_state_measure_test.go:71:     player-last-betrayer-component                   lectures    18 · porte fermee     0 · valeurs distinctes   13 · 32(3) 33(3) 16(2) 13(1) 2(1) 22(1)
    game_state_measure_test.go:71:     player-control-aiming-component                  lectures   137 · porte fermee     0 · valeurs distinctes   82 · 5696(31) 262233(5) 270566(5) 18712(4) 0(3) 1600(3)
    game_state_measure_test.go:71:     player-active-in-game-component                  lectures    96 · porte fermee     0 · valeurs distinctes    2 · 0(60) 1(36)
    game_state_measure_test.go:71:     player-pending-join-in-progress-spawn-component  lectures    34 · porte fermee     0 · valeurs distinctes    2 · 1(21) 0(13)
    game_state_measure_test.go:71:     player-malleable-properties-simulation-component lectures   273 · porte fermee     0 · valeurs distinctes   75 · 1,1,1,1,478,1,797,1,1434,1,1106,1,1106,0...(96) 1,1,1,1,478,1,797,1,1434,1,1106,1,1106,0...(95) 1,0,0,0,0,0,0,0,0,0,0,0,0,0,0,0,0,0,0,0,...(3) 1,0,0,0,0,0,0,0,0,0,0,0,0,0,0,0,0,0,0,0,...(3) 0,0,0,0,0,0,0,0,0,0,0,0,0,0,0,0,0,0,0,1,...(2) 0,0,0,0,0,0,0,0,0,0,0,0,0,0,0,0,0,0,0,1,...(2)
    game_state_measure_test.go:72: CHAINE SEQUENTIELLE · paquets 14791 dont PROPRES 6593 (44.6 %) · records 35668 dont ABOUTIS 23543 (66.0 %) · ti=0 0 · ti=5 397
    game_state_measure_test.go:72: CHAINE · VENTILATION DES RECORDS ABOUTIS PAR ARCHETYPE : ti=4:11574 ti=35:9897 ti=6:779 ti=5:426 ti=42:385 ti=2:215 ti=36:81 ti=38:35 ti=17:26 ti=22:16 ti=37:15 ti=14:15 ti=41:9 ti=32:8 ti=9:7 ti=44:7 ti=16:6 ti=43:5 ti=1:5 ti=48:4 ti=25:4 ti=13:3 ti=8:3 ti=47:3 ti=0:2 ti=30:2 ti=18:2 ti=45:2 ti=27:1 ti=20:1 ti=26:1 ti=10:1 ti=15:1 ti=34:1 ti=21:1
    game_state_measure_test.go:72: CHAINE · LES MEMES, LIAISON CONFIRMEE PAR UNE IMAGE-CLE : ti=4:10527 ti=35:9893 ti=6:593 ti=5:397 ti=42:353 ti=2:215 ti=38:33 ti=17:25 ti=22:15 ti=37:15 ti=14:14 ti=9:2 ti=43:5 ti=25:4 ti=13:3 ti=45:1 ti=27:1 ti=26:1 ti=10:1
    game_state_measure_test.go:72: CHAINE · ti=5 PAR SLOT (16 slots) : 56:72 58:71 54:53 59:50 52:50 57:42 55:24 53:20 68:4 62:3 60:2 80:2 74:1 63:1 64:1 75:1
    game_state_measure_test.go:72: CHAINE · ti=0 CHAMPS
    game_state_measure_test.go:72:     game-engine-current-state-component              lectures     0 · porte fermee     0 · distinctes    0 · 
    game_state_measure_test.go:72:     game-engine-current-round-component              lectures     0 · porte fermee     0 · distinctes    0 · 
    game_state_measure_test.go:72:     game-engine-sudden-death-time-left-component     lectures     0 · porte fermee     0 · distinctes    0 · 
    game_state_measure_test.go:72:     game-engine-grace-period-time-left-component     lectures     0 · porte fermee     0 · distinctes    0 · 
    game_state_measure_test.go:72:     game-engine-round-condition-flags-component      lectures     0 · porte fermee     0 · distinctes    0 · 
    game_state_measure_test.go:72:     game-engine-round-timer-component                CAPTURE : 0 lectures certaines
    game_state_measure_test.go:72: CHAINE · ti=5 CHAMPS
    game_state_measure_test.go:72:     player-soft-kill-timer-component                 lectures     2 · porte fermee     0 · distinctes    2 · 11,4,1(1) 29,0,8(1)
    game_state_measure_test.go:72:     player-target-tracking-detection-component       lectures     2 · porte fermee     0 · distinctes    2 · 0,0(1) 1,0(1)
    game_state_measure_test.go:72:     player-desired-respawn-player-component          lectures     2 · porte fermee     0 · distinctes    2 · 12807(1) 5465(1)
    game_state_measure_test.go:72:     player-engine-loadout-component                  lectures     3 · porte fermee     0 · distinctes    3 · 100,15,32,195,199,214,46,240(1) 100,15,32,235,199,210,46,240(1) 88,22,137,2,13,167,39,67(1)
    game_state_measure_test.go:72:     player-desired-respawn-location-component        lectures     3 · porte fermee     3 · distinctes    0 · 
    game_state_measure_test.go:72:     player-lives-remaining-component                 lectures     5 · porte fermee     0 · distinctes    5 · 0(1) 1(1) 26(1) 71(1) 75(1)
    game_state_measure_test.go:72:     player-last-betrayer-component                   lectures     1 · porte fermee     0 · distinctes    1 · 59(1)
    game_state_measure_test.go:72:     player-control-aiming-component                  lectures     4 · porte fermee     0 · distinctes    4 · 279849(1) 32744(1) 39254(1) 4227(1)
    game_state_measure_test.go:72:     player-active-in-game-component                  lectures     7 · porte fermee     0 · distinctes    2 · 1(4) 0(3)
    game_state_measure_test.go:72:     player-pending-join-in-progress-spawn-component  lectures     4 · porte fermee     0 · distinctes    1 · 0(4)
    game_state_measure_test.go:72:     player-malleable-properties-simulation-component lectures   136 · porte fermee     0 · distinctes    5 · 1,1,1,1,478,1,797,1,1434,1,1106,1,1106,0...(69) 1,1,1,1,478,1,797,1,1434,1,1106,1,1106,0...(64) 0,0,0,1,478,1,162,1,3052,0,0,1,1172,0,0,...(1) 0,0,0,1,582,0,0,0,0,0,0,0,0,0,0,0,0,0,0,...(1) 1,1,1,0,0,1,272,1,1184,0,0,0,0,0,0,0,0,0...(1)
    game_state_measure_test.go:72:     player-respawn-timer-component                   CAPTURE : 161 lectures certaines dont ACTIF 2 · distinctes 18 · false/7/10(27) false/8/10(26) false/4/10(24) false/5/10(24) false/6/10(24) false/9/10(23)
    game_state_measure_test.go:74: TSV deposes dans C:\Users\Guillaume\Projects\LevelUp-wt-joueur-moteur\.ai\V7.5\replay2d\registre_film\lotBP
--- PASS: TestGameEntitiesPhase0 (6.76s)
PASS
ok  	levelup/go-api/internal/analysis/filmdec	7.842s
