=== RUN   TestGameEntitiesPhase0
    game_state_measure_test.go:63: FILM 64e8adfa · chunks 44 · paquets delta 50956 · horloge film 3885460979 us · delta [3885462088 , 4736437331] us (851.0 s)
    game_state_measure_test.go:63: BANDES · ti=0 (vide) · ti=5 32 slots [52 .. 83] · ti=4 2 slots [123 125] · controle voisin 32 · controle vide 32 · slots ambigus ecartes 1 · comblement NON applique (aurait ajoute 0 slots)
    game_state_measure_test.go:63: SONDE ti=4 high-frequency : 50674 annonces recues par le hook pendant ce balayage
    game_state_measure_test.go:63: RECENSEMENT DES IMAGES-CLES (slots distincts par archetype) : ti=0:1 ti=2:1 ti=4:2 ti=5:32 ti=6:48 ti=9:9 ti=10:157 ti=11:10 ti=12:34 ti=13:30 ti=14:32 ti=15:1 ti=17:33 ti=18:1 ti=19:1 ti=20:1 ti=21:1 ti=22:1 ti=25:1 ti=26:1 ti=27:1 ti=29:1 ti=34:1 ti=35:137 ti=37:311 ti=38:86 ti=41:9 ti=42:309 ti=43:48 ti=45:1 ti=47:8
    game_state_measure_test.go:63: PREMIERS SLOTS DES IMAGES-CLES : 0->[22] 1->[34] 2->[2] 3->[6] 4->[6] 5->[6 9] 6->[6] 7->[6] 8->[6] 9->[6] 10->[6] 11->[6] 12->[6] 13->[6] 14->[6] 15->[6] 16->[6] 17->[6] 18->[6] 19->[6] 20->[6] 21->[6] 22->[6] 23->[6]
    game_state_measure_test.go:64: ti=0 moteur de partie · bande 0 slots · peuples 0 · records 0 (0/slot) · DANS LA GRAMMAIRE 0 · avec un composant vise 0 · marche ABOUTIE 0 · CASSEE 0 · purete n/a (hors grammaire 0 / 27 composants) · plancher de bruit 0.0
    game_state_measure_test.go:65: ti=5 joueur · bande 32 slots · peuples 32 · records 15668 (490/slot) · DANS LA GRAMMAIRE 7296 · avec un composant vise 5223 · marche ABOUTIE 5163 · CASSEE 60 · purete 46.57 % (hors grammaire 8372 / 27 composants) · plancher de bruit 207.0
    game_state_measure_test.go:65:     i60                                                      annonces    1973  x9.5 du plancher
    game_state_measure_test.go:65:     i0  player-waypoint-component                            annonces    1961  x9.5 du plancher
    game_state_measure_test.go:65:     i1  player-respawn-timer-component                       annonces    1618  x7.8 du plancher
    game_state_measure_test.go:65:     i55                                                      annonces    1512  x7.3 du plancher
    game_state_measure_test.go:65:     i57                                                      annonces    1434  x6.9 du plancher
    game_state_measure_test.go:65:     i20 player-malleable-properties-simulation-component     annonces    1137  x5.5 du plancher
    game_state_measure_test.go:65:     i4  player-unsafe-respawn-timer-component                annonces     949  x4.6 du plancher
    game_state_measure_test.go:65:     i27                                                      annonces     883  x4.3 du plancher
    game_state_measure_test.go:65:     i5  player-respawn-safety-component                      annonces     735  x3.6 du plancher
    game_state_measure_test.go:65:     i36                                                      annonces     705  x3.4 du plancher
    game_state_measure_test.go:65:     i8  player-early-respawn-requested-component             annonces     640  x3.1 du plancher
    game_state_measure_test.go:65:     i53                                                      annonces     535  x2.6 du plancher
    game_state_measure_test.go:65:     i59                                                      annonces     491  x2.4 du plancher
    game_state_measure_test.go:65:     i58                                                      annonces     462  x2.2 du plancher
    game_state_measure_test.go:65:     i17 player-control-aiming-component                      annonces     444  x2.1 du plancher
    game_state_measure_test.go:65:     i3  player-target-tracking-detection-component           annonces     435  x2.1 du plancher
    game_state_measure_test.go:65:     i6  player-desired-respawn-player-component              annonces     432  x2.1 du plancher
    game_state_measure_test.go:65:     i21 player-representation-component                      annonces     370  x1.8 du plancher
    game_state_measure_test.go:65:     i26 player-allowed-to-quit-component                     annonces     357  x1.7 du plancher
    game_state_measure_test.go:65:     i32                                                      annonces     299  x1.4 du plancher
    game_state_measure_test.go:66: ti=4 temoin d'ancrage · bande 2 slots · peuples 2 · records 50896 (25448/slot) · DANS LA GRAMMAIRE 50611 · avec un composant vise 50674 · marche ABOUTIE 50674 · CASSEE 0 · purete 99.44 % (hors grammaire 285 / 1 composants) · plancher de bruit 5.0
    game_state_measure_test.go:66:     i0  high-frequency                                       annonces   50674  x10134.8 du plancher
    game_state_measure_test.go:66:     i4                                                       annonces      58  x11.6 du plancher
    game_state_measure_test.go:66:     i5                                                       annonces      47  x9.4 du plancher
    game_state_measure_test.go:66:     i55                                                      annonces      41  x8.2 du plancher
    game_state_measure_test.go:66:     i8                                                       annonces      23  x4.6 du plancher
    game_state_measure_test.go:66:     i53                                                      annonces      22  x4.4 du plancher
    game_state_measure_test.go:66:     i60                                                      annonces      21  x4.2 du plancher
    game_state_measure_test.go:66:     i17                                                      annonces      16  x3.2 du plancher
    game_state_measure_test.go:66:     i36                                                      annonces      15  x3.0 du plancher
    game_state_measure_test.go:66:     i52                                                      annonces      14  x2.8 du plancher
    game_state_measure_test.go:66:     i6                                                       annonces      13  x2.6 du plancher
    game_state_measure_test.go:66:     i32                                                      annonces      12  x2.4 du plancher
    game_state_measure_test.go:66:     i54                                                      annonces      11  x2.2 du plancher
    game_state_measure_test.go:66:     i33                                                      annonces      10  x2.0 du plancher
    game_state_measure_test.go:66:     i25                                                      annonces       9  x1.8 du plancher
    game_state_measure_test.go:66:     i9                                                       annonces       9  x1.8 du plancher
    game_state_measure_test.go:66:     i59                                                      annonces       9  x1.8 du plancher
    game_state_measure_test.go:66:     i45                                                      annonces       8  x1.6 du plancher
    game_state_measure_test.go:66:     i56                                                      annonces       7  x1.4 du plancher
    game_state_measure_test.go:66:     i1                                                       annonces       7  x1.4 du plancher
    game_state_measure_test.go:67: CONTROLE voisinage · bande 32 slots · peuples 32 · records 11635 (364/slot) · DANS LA GRAMMAIRE ti=5 3744 (117/slot) · avec un composant vise 2653 (83/slot) · plancher 206.5
    game_state_measure_test.go:67: CONTROLE vide (haut de l'espace) · bande 32 slots · peuples 32 · records 4995 (156/slot) · DANS LA GRAMMAIRE ti=5 1974 (62/slot) · avec un composant vise 922 (29/slot) · plancher 77.0
    game_state_measure_test.go:67: RAPPORT REEL/FANTOME ti=5 · EN-TETES BRUTS 490/slot contre 364 (voisinage) et 156 (vide) -> x1.35 et x3.14
    game_state_measure_test.go:67: RAPPORT REEL/FANTOME ti=5 · COMPOSANT VISE 163.2/slot contre 82.9 (voisinage) et 28.8 (vide) -> x1.97 et x5.66
    game_state_measure_test.go:67: RAPPORT REEL/FANTOME ti=4 · EN-TETES BRUTS 25448/slot contre 364 (voisinage) et 156 (vide) -> x69.99 et x163.03
    game_state_measure_test.go:67: RAPPORT REEL/FANTOME ti=4 · COMPOSANT VISE 25337.0/slot contre 82.9 (voisinage) et 28.8 (vide) -> x305.61 et x879.38
    game_state_measure_test.go:68: ti=0 CHAMPS (records dont la marche a abouti : 0)
    game_state_measure_test.go:68:     game-engine-current-state-component              masque      0 · LU      0 · porte fermee      0
    game_state_measure_test.go:68:     game-engine-current-round-component              masque      0 · LU      0 · porte fermee      0
    game_state_measure_test.go:68:     game-engine-sudden-death-time-left-component     masque      0 · LU      0 · porte fermee      0
    game_state_measure_test.go:68:     game-engine-grace-period-time-left-component     masque      0 · LU      0 · porte fermee      0
    game_state_measure_test.go:68:     game-engine-round-condition-flags-component      masque      0 · LU      0 · porte fermee      0
    game_state_measure_test.go:68:     game-engine-round-timer-component                CAPTURE : 0 records portent une horloge de manche
    game_state_measure_test.go:69: ti=5 CHAMPS (records dont la marche a abouti : 5163)
    game_state_measure_test.go:69:     player-soft-kill-timer-component                 masque    255 · LU    255 · porte fermee      0
    game_state_measure_test.go:69:     player-target-tracking-detection-component       masque    435 · LU    435 · porte fermee      0
    game_state_measure_test.go:69:     player-desired-respawn-player-component          masque    432 · LU    385 · porte fermee      0
    game_state_measure_test.go:69:     player-engine-loadout-component                  masque    164 · LU    163 · porte fermee      0
    game_state_measure_test.go:69:     player-desired-respawn-location-component        masque    209 · LU    209 · porte fermee    147
    game_state_measure_test.go:69:     player-lives-remaining-component                 masque    153 · LU    152 · porte fermee      0
    game_state_measure_test.go:69:     player-last-betrayer-component                   masque     64 · LU     63 · porte fermee      0
    game_state_measure_test.go:69:     player-control-aiming-component                  masque    444 · LU    443 · porte fermee      0
    game_state_measure_test.go:69:     player-active-in-game-component                  masque    293 · LU    292 · porte fermee      0
    game_state_measure_test.go:69:     player-pending-join-in-progress-spawn-component  masque    166 · LU    164 · porte fermee      0
    game_state_measure_test.go:69:     player-malleable-properties-simulation-component masque   1137 · LU   1130 · porte fermee      0
    game_state_measure_test.go:69:     player-respawn-timer-component                   CAPTURE : 1618 records portent un compte a rebours
    game_state_measure_test.go:70: ti=5 VENTILATION PAR SLOT (32 slots ont rendu une lecture) : 59:449 56:427 54:426 58:388 53:383 68:334 57:310 52:285 55:279 62:254 72:133 81:133 78:126 65:116 82:100 66:89
    game_state_measure_test.go:70: ti=5 DEBIT DES 8 SLOTS LES PLUS BAVARDS : 375.2 lectures/slot contre 82.9 (voisinage) et 28.8 (vide) -> x4.53 et x13.02
    game_state_measure_test.go:71: ti=5 DISTRIBUTION DES VALEURS (P.0.5)
    game_state_measure_test.go:71:     player-soft-kill-timer-component                 lectures   255 · porte fermee     0 · valeurs distinctes  129 · 2,0,30(48) 2,1,6(14) 8,0,0(9) 1,24,22(8) 31,31,1(8) 0,1,10(7)
    game_state_measure_test.go:71:     player-target-tracking-detection-component       lectures   435 · porte fermee     0 · valeurs distinctes    4 · 0,0(266) 1,0(95) 1,1(55) 0,1(19)
    game_state_measure_test.go:71:     player-desired-respawn-player-component          lectures   385 · porte fermee     0 · valeurs distinctes   82 · 4221(271) 17932(8) 32768(8) 58657(8) 2048(4) 256(4)
    game_state_measure_test.go:71:     player-engine-loadout-component                  lectures   163 · porte fermee     0 · valeurs distinctes   77 · 10,64,52,9,52,99,213,66(38) 8,194,164,40,48,141,88,126(37) 0,255,255,255,255,255,255,255(8) 2,74,0,34,170,200,53,216(5) 177,49,32,144,0,0,0,105(2) 177,49,34,2,0,0,0,105(2)
    game_state_measure_test.go:71:     player-desired-respawn-location-component        lectures   209 · porte fermee   147 · valeurs distinctes   60 · 78,36,48,2848,1(3) 0,1,42,410030,1(1) 0,64,18,13,1(1) 1,64,65,114424,1(1) 102,127,18,66,1(1) 103,106,3,414682,1(1)
    game_state_measure_test.go:71:     player-lives-remaining-component                 lectures   152 · porte fermee     0 · valeurs distinctes   71 · 1(29) 0(10) 127(8) 48(5) 49(4) 100(3)
    game_state_measure_test.go:71:     player-last-betrayer-component                   lectures    63 · porte fermee     0 · valeurs distinctes   39 · 17(5) 0(3) 30(3) 32(3) 4(3) 41(3)
    game_state_measure_test.go:71:     player-control-aiming-component                  lectures   443 · porte fermee     0 · valeurs distinctes  286 · 262233(43) 5697(26) 1601(17) 263513(10) 117016(9) 262210(9)
    game_state_measure_test.go:71:     player-active-in-game-component                  lectures   292 · porte fermee     0 · valeurs distinctes    2 · 0(214) 1(78)
    game_state_measure_test.go:71:     player-pending-join-in-progress-spawn-component  lectures   164 · porte fermee     0 · valeurs distinctes    2 · 1(93) 0(71)
    game_state_measure_test.go:71:     player-malleable-properties-simulation-component lectures  1130 · porte fermee     0 · valeurs distinctes  228 · 1,1,1,1,478,1,797,1,1434,1,1106,1,1106,0...(458) 1,1,1,1,478,1,797,1,1434,1,1106,1,1106,0...(416) 0,0,0,0,0,0,0,0,0,0,0,0,0,1,131,0,0,0,1,...(13) 0,0,0,0,0,0,0,0,0,0,0,0,0,0,0,0,0,1,0,1,...(4) 0,0,0,0,0,0,0,0,0,0,0,0,0,0,0,0,0,0,0,1,...(3) 0,0,0,0,0,0,0,0,0,0,0,0,0,0,0,0,0,1,0,0,...(3)
    game_state_measure_test.go:72: CHAINE SEQUENTIELLE · paquets 50956 dont PROPRES 18693 (36.7 %) · records 142861 dont ABOUTIS 89894 (62.9 %) · ti=0 0 · ti=5 1657
    game_state_measure_test.go:72: CHAINE · VENTILATION DES RECORDS ABOUTIS PAR ARCHETYPE : ti=4:43338 ti=35:40600 ti=5:1684 ti=2:1571 ti=8:560 ti=16:477 ti=21:418 ti=6:392 ti=22:120 ti=14:105 ti=17:97 ti=9:84 ti=42:71 ti=37:66 ti=32:49 ti=38:46 ti=0:27 ti=41:26 ti=43:25 ti=13:25 ti=47:22 ti=36:18 ti=12:15 ti=3:13 ti=10:9 ti=34:7 ti=30:6 ti=18:4 ti=39:3 ti=44:3 ti=20:3 ti=15:2 ti=45:2 ti=33:2 ti=28:2 ti=25:1 ti=29:1
    game_state_measure_test.go:72: CHAINE · LES MEMES, LIAISON CONFIRMEE PAR UNE IMAGE-CLE : ti=4:41213 ti=35:40598 ti=5:1657 ti=2:1425 ti=21:368 ti=6:303 ti=22:89 ti=14:104 ti=17:74 ti=9:24 ti=42:39 ti=37:64 ti=38:45 ti=41:6 ti=43:25 ti=13:25 ti=47:22 ti=12:15 ti=10:9 ti=34:6 ti=18:2 ti=45:2
    game_state_measure_test.go:72: CHAINE · ti=5 PAR SLOT (25 slots) : 59:269 54:230 57:228 56:224 53:177 58:176 55:169 52:140 68:7 71:5 70:5 81:4 60:3 65:3 64:2 66:2 78:2 62:2 67:2 69:2 61:1 63:1 83:1 74:1 73:1
    game_state_measure_test.go:72: CHAINE · ti=0 CHAMPS
    game_state_measure_test.go:72:     game-engine-current-state-component              lectures     0 · porte fermee     0 · distinctes    0 · 
    game_state_measure_test.go:72:     game-engine-current-round-component              lectures     0 · porte fermee     0 · distinctes    0 · 
    game_state_measure_test.go:72:     game-engine-sudden-death-time-left-component     lectures     0 · porte fermee     0 · distinctes    0 · 
    game_state_measure_test.go:72:     game-engine-grace-period-time-left-component     lectures     0 · porte fermee     0 · distinctes    0 · 
    game_state_measure_test.go:72:     game-engine-round-condition-flags-component      lectures     0 · porte fermee     0 · distinctes    0 · 
    game_state_measure_test.go:72:     game-engine-round-timer-component                CAPTURE : 0 lectures certaines
    game_state_measure_test.go:72: CHAINE · ti=5 CHAMPS
    game_state_measure_test.go:72:     player-soft-kill-timer-component                 lectures     8 · porte fermee     0 · distinctes    8 · 0,24,3(1) 1,4,9(1) 10,16,3(1) 16,30,20(1) 18,18,30(1) 18,3,9(1)
    game_state_measure_test.go:72:     player-target-tracking-detection-component       lectures    10 · porte fermee     0 · distinctes    4 · 1,1(4) 0,0(3) 1,0(2) 0,1(1)
    game_state_measure_test.go:72:     player-desired-respawn-player-component          lectures     6 · porte fermee     0 · distinctes    6 · 10952(1) 22790(1) 5323(1) 5481(1) 55236(1) 9764(1)
    game_state_measure_test.go:72:     player-engine-loadout-component                  lectures     4 · porte fermee     0 · distinctes    4 · 0,52,235,210,201,8,39,78(1) 112,40,158,145,128,11,32,220(1) 201,163,7,122,247,61,4,211(1) 214,20,74,233,0,4,86,65(1)
    game_state_measure_test.go:72:     player-desired-respawn-location-component        lectures     7 · porte fermee     7 · distinctes    0 · 
    game_state_measure_test.go:72:     player-lives-remaining-component                 lectures     7 · porte fermee     0 · distinctes    7 · 1(1) 13(1) 32(1) 37(1) 42(1) 78(1)
    game_state_measure_test.go:72:     player-last-betrayer-component                   lectures     8 · porte fermee     0 · distinctes    7 · 58(2) 17(1) 27(1) 40(1) 46(1) 51(1)
    game_state_measure_test.go:72:     player-control-aiming-component                  lectures     8 · porte fermee     0 · distinctes    7 · 492161(2) 205014(1) 302314(1) 356896(1) 378112(1) 712(1)
    game_state_measure_test.go:72:     player-active-in-game-component                  lectures    10 · porte fermee     0 · distinctes    2 · 0(6) 1(4)
    game_state_measure_test.go:72:     player-pending-join-in-progress-spawn-component  lectures     3 · porte fermee     0 · distinctes    2 · 1(2) 0(1)
    game_state_measure_test.go:72:     player-malleable-properties-simulation-component lectures   672 · porte fermee     0 · distinctes   10 · 1,1,1,1,478,1,797,1,1434,1,1106,1,1106,0...(363) 1,1,1,1,478,1,797,1,1434,1,1106,1,1106,0...(301) 0,0,0,0,0,0,0,0,0,0,0,0,0,0,0,0,1,0,1,0,...(1) 0,1,0,1,3526,0,0,0,0,0,0,0,0,0,0,0,1,1,0...(1) 0,1,1,1,3142,0,0,0,0,0,0,0,0,0,0,0,0,0,0...(1) 1,0,1,0,0,0,0,1,2789,0,0,1,3860,1,2937,0...(1)
    game_state_measure_test.go:72:     player-respawn-timer-component                   CAPTURE : 615 lectures certaines dont ACTIF 2 · distinctes 19 · false/6/10(100) false/5/10(98) false/7/10(97) false/8/10(97) false/9/10(96) false/4/10(95)
    game_state_measure_test.go:73: CHASSE ti=0 : la bande est VIDE (aucun slot d'archetype 0 dans les images-cles) — recherche du slot par la grammaire de l'archetype et l'annonce de game-engine-round-timer-component
    game_state_measure_test.go:73: CHASSE ti=0 : 8192 slots ont porte au moins un en-tete · total annonces i5 53051 · mediane par slot 1.0
    game_state_measure_test.go:73:     slot   602 · en-tetes  10765 · dans la grammaire  10215 · annoncent i5   2797
    game_state_measure_test.go:73:     slot   607 · en-tetes   6272 · dans la grammaire   5994 · annoncent i5   1879
    game_state_measure_test.go:73:     slot   599 · en-tetes   3593 · dans la grammaire   3376 · annoncent i5   1491
    game_state_measure_test.go:73:     slot   534 · en-tetes   4264 · dans la grammaire   4106 · annoncent i5   1038
    game_state_measure_test.go:73:     slot   605 · en-tetes   3398 · dans la grammaire   3231 · annoncent i5   1028
    game_state_measure_test.go:73:     slot   559 · en-tetes   3142 · dans la grammaire   3058 · annoncent i5    960
    game_state_measure_test.go:73:     slot   587 · en-tetes   2721 · dans la grammaire   2505 · annoncent i5    957
    game_state_measure_test.go:73:     slot   513 · en-tetes   3529 · dans la grammaire   3339 · annoncent i5    913
    game_state_measure_test.go:73:     slot   569 · en-tetes   4287 · dans la grammaire   4095 · annoncent i5    856
    game_state_measure_test.go:73:     slot   528 · en-tetes   2145 · dans la grammaire   1969 · annoncent i5    851
    game_state_measure_test.go:73: CHASSE HORLOGE non demandee (CLOCK_HUNT absent) : la passe qui marche tous les slots coute ~50 s par film et n'a rien rendu sur les films deja mesures
    game_state_measure_test.go:74: TSV deposes dans C:\Users\Guillaume\Projects\LevelUp-wt-joueur-moteur\.ai\V7.5\replay2d\registre_film\lotBP
--- PASS: TestGameEntitiesPhase0 (65.83s)
PASS
ok  	levelup/go-api/internal/analysis/filmdec	73.493s
