{
  "version": "1.4.0",
  "plugins_used": [
    {
      "name": "ArtifactoryDetector"
    },
    {
      "name": "AWSKeyDetector"
    },
    {
      "name": "AzureStorageKeyDetector"
    },
    {
      "name": "Base64HighEntropyString",
      "limit": 4.5
    },
    {
      "name": "BasicAuthDetector"
    },
    {
      "name": "CloudantDetector"
    },
    {
      "name": "DiscordBotTokenDetector"
    },
    {
      "name": "GitHubTokenDetector"
    },
    {
      "name": "HexHighEntropyString",
      "limit": 3.0
    },
    {
      "name": "IbmCloudIamDetector"
    },
    {
      "name": "IbmCosHmacDetector"
    },
    {
      "name": "JwtTokenDetector"
    },
    {
      "name": "KeywordDetector",
      "keyword_exclude": ""
    },
    {
      "name": "MailchimpDetector"
    },
    {
      "name": "NpmDetector"
    },
    {
      "name": "PrivateKeyDetector"
    },
    {
      "name": "SendGridDetector"
    },
    {
      "name": "SlackDetector"
    },
    {
      "name": "SoftlayerDetector"
    },
    {
      "name": "SquareOAuthDetector"
    },
    {
      "name": "StripeDetector"
    },
    {
      "name": "TwilioKeyDetector"
    }
  ],
  "filters_used": [
    {
      "path": "detect_secrets.filters.allowlist.is_line_allowlisted"
    },
    {
      "path": "detect_secrets.filters.common.is_baseline_file",
      "filename": ".secrets.baseline"
    },
    {
      "path": "detect_secrets.filters.common.is_ignored_due_to_verification_policies",
      "min_level": 2
    },
    {
      "path": "detect_secrets.filters.heuristic.is_indirect_reference"
    },
    {
      "path": "detect_secrets.filters.heuristic.is_likely_id_string"
    },
    {
      "path": "detect_secrets.filters.heuristic.is_lock_file"
    },
    {
      "path": "detect_secrets.filters.heuristic.is_not_alphanumeric_string"
    },
    {
      "path": "detect_secrets.filters.heuristic.is_potential_uuid"
    },
    {
      "path": "detect_secrets.filters.heuristic.is_prefixed_with_dollar_sign"
    },
    {
      "path": "detect_secrets.filters.heuristic.is_sequential_string"
    },
    {
      "path": "detect_secrets.filters.heuristic.is_swagger_file"
    },
    {
      "path": "detect_secrets.filters.heuristic.is_templated_secret"
    }
  ],
  "results": {
    "scripts/experimental/outputs/inv117_wid_contexts.json": [
      {
        "type": "Hex High Entropy String",
        "filename": "scripts/experimental/outputs/inv117_wid_contexts.json",
        "hashed_secret": "d7a60d5024d67d01bd62eb0b81a6ff368e8d3edc",
        "is_verified": false,
        "line_number": 2
      },
      {
        "type": "Hex High Entropy String",
        "filename": "scripts/experimental/outputs/inv117_wid_contexts.json",
        "hashed_secret": "0a6c7c13e299a73a7ce8f0429817f9f614ae1e8c",
        "is_verified": false,
        "line_number": 33
      },
      {
        "type": "Hex High Entropy String",
        "filename": "scripts/experimental/outputs/inv117_wid_contexts.json",
        "hashed_secret": "70b0f8afaae4f0bf0bbbe858bdd384f126043c81",
        "is_verified": false,
        "line_number": 51
      },
      {
        "type": "Hex High Entropy String",
        "filename": "scripts/experimental/outputs/inv117_wid_contexts.json",
        "hashed_secret": "4fd2d6da1bae1e18c8fabf85e9ccbd3db9659de7",
        "is_verified": false,
        "line_number": 73
      },
      {
        "type": "Hex High Entropy String",
        "filename": "scripts/experimental/outputs/inv117_wid_contexts.json",
        "hashed_secret": "b3da33ee1c869d9af31b5c939ebf42a017dd49cc",
        "is_verified": false,
        "line_number": 90
      },
      {
        "type": "Hex High Entropy String",
        "filename": "scripts/experimental/outputs/inv117_wid_contexts.json",
        "hashed_secret": "d9fae1f70d2beb3627610565991b949e4a513e67",
        "is_verified": false,
        "line_number": 107
      },
      {
        "type": "Hex High Entropy String",
        "filename": "scripts/experimental/outputs/inv117_wid_contexts.json",
        "hashed_secret": "e1a39259f602ae7cbef7e02f2fa8532ed553da0f",
        "is_verified": false,
        "line_number": 143
      },
      {
        "type": "Hex High Entropy String",
        "filename": "scripts/experimental/outputs/inv117_wid_contexts.json",
        "hashed_secret": "3b86b471afe782b7a92b0586142fced74dce1188",
        "is_verified": false,
        "line_number": 173
      }
    ],
    "scripts/experimental/outputs/inv118_kill_chunk_overlap.json": [
      {
        "type": "Hex High Entropy String",
        "filename": "scripts/experimental/outputs/inv118_kill_chunk_overlap.json",
        "hashed_secret": "517371d1333357ce2de3031f884e3bb9814dd703",
        "is_verified": false,
        "line_number": 19
      },
      {
        "type": "Hex High Entropy String",
        "filename": "scripts/experimental/outputs/inv118_kill_chunk_overlap.json",
        "hashed_secret": "e1a39259f602ae7cbef7e02f2fa8532ed553da0f",
        "is_verified": false,
        "line_number": 57
      },
      {
        "type": "Hex High Entropy String",
        "filename": "scripts/experimental/outputs/inv118_kill_chunk_overlap.json",
        "hashed_secret": "4a9eb33fa41b01cca65ad41daf3059efdaec4d55",
        "is_verified": false,
        "line_number": 88
      },
      {
        "type": "Hex High Entropy String",
        "filename": "scripts/experimental/outputs/inv118_kill_chunk_overlap.json",
        "hashed_secret": "7f886231051a3dc4e43f14093d991447bebadb26",
        "is_verified": false,
        "line_number": 119
      },
      {
        "type": "Hex High Entropy String",
        "filename": "scripts/experimental/outputs/inv118_kill_chunk_overlap.json",
        "hashed_secret": "7833ea11a3edc1f339bb51c3b8f13a9adfce6f8e",
        "is_verified": false,
        "line_number": 150
      },
      {
        "type": "Hex High Entropy String",
        "filename": "scripts/experimental/outputs/inv118_kill_chunk_overlap.json",
        "hashed_secret": "501c970e5295b5a23d14f4165abf12724b1b99ec",
        "is_verified": false,
        "line_number": 185
      },
      {
        "type": "Hex High Entropy String",
        "filename": "scripts/experimental/outputs/inv118_kill_chunk_overlap.json",
        "hashed_secret": "19af4a7b1db94eb0c7771341bc0be401be0842ab",
        "is_verified": false,
        "line_number": 242
      },
      {
        "type": "Hex High Entropy String",
        "filename": "scripts/experimental/outputs/inv118_kill_chunk_overlap.json",
        "hashed_secret": "6392481c68096297ceccc6ab36bc1823ad9d52cd",
        "is_verified": false,
        "line_number": 272
      },
      {
        "type": "Hex High Entropy String",
        "filename": "scripts/experimental/outputs/inv118_kill_chunk_overlap.json",
        "hashed_secret": "9b315cb2c361ba3716fec81203928b95258044cd",
        "is_verified": false,
        "line_number": 302
      },
      {
        "type": "Hex High Entropy String",
        "filename": "scripts/experimental/outputs/inv118_kill_chunk_overlap.json",
        "hashed_secret": "cad3b23b80ce907b6356c1690879dc3a6d26ddad",
        "is_verified": false,
        "line_number": 332
      },
      {
        "type": "Hex High Entropy String",
        "filename": "scripts/experimental/outputs/inv118_kill_chunk_overlap.json",
        "hashed_secret": "6f9e2e05ab949c8fc21f5b42af7fe392657c7ea4",
        "is_verified": false,
        "line_number": 364
      },
      {
        "type": "Hex High Entropy String",
        "filename": "scripts/experimental/outputs/inv118_kill_chunk_overlap.json",
        "hashed_secret": "f64360b7535abc78fff4f18037bffc1988aa8060",
        "is_verified": false,
        "line_number": 396
      },
      {
        "type": "Hex High Entropy String",
        "filename": "scripts/experimental/outputs/inv118_kill_chunk_overlap.json",
        "hashed_secret": "d9fae1f70d2beb3627610565991b949e4a513e67",
        "is_verified": false,
        "line_number": 430
      },
      {
        "type": "Hex High Entropy String",
        "filename": "scripts/experimental/outputs/inv118_kill_chunk_overlap.json",
        "hashed_secret": "3b86b471afe782b7a92b0586142fced74dce1188",
        "is_verified": false,
        "line_number": 462
      },
      {
        "type": "Hex High Entropy String",
        "filename": "scripts/experimental/outputs/inv118_kill_chunk_overlap.json",
        "hashed_secret": "c53e5a371f4311709f549b0d153828263659d054",
        "is_verified": false,
        "line_number": 492
      }
    ],
    "scripts/experimental/outputs/inv119_initial_state_proximity.json": [
      {
        "type": "Hex High Entropy String",
        "filename": "scripts/experimental/outputs/inv119_initial_state_proximity.json",
        "hashed_secret": "d7a60d5024d67d01bd62eb0b81a6ff368e8d3edc",
        "is_verified": false,
        "line_number": 4
      },
      {
        "type": "Hex High Entropy String",
        "filename": "scripts/experimental/outputs/inv119_initial_state_proximity.json",
        "hashed_secret": "0a6c7c13e299a73a7ce8f0429817f9f614ae1e8c",
        "is_verified": false,
        "line_number": 48
      }
    ],
    "scripts/experimental/outputs/inv120_post_wid_scan.json": [
      {
        "type": "Hex High Entropy String",
        "filename": "scripts/experimental/outputs/inv120_post_wid_scan.json",
        "hashed_secret": "d7a60d5024d67d01bd62eb0b81a6ff368e8d3edc",
        "is_verified": false,
        "line_number": 6
      },
      {
        "type": "Hex High Entropy String",
        "filename": "scripts/experimental/outputs/inv120_post_wid_scan.json",
        "hashed_secret": "a553b465900cbe6088defefab4bded69c198ff24",
        "is_verified": false,
        "line_number": 9
      },
      {
        "type": "Hex High Entropy String",
        "filename": "scripts/experimental/outputs/inv120_post_wid_scan.json",
        "hashed_secret": "21cb5bf5782327980554d382f0e294883a41ea94",
        "is_verified": false,
        "line_number": 17
      },
      {
        "type": "Hex High Entropy String",
        "filename": "scripts/experimental/outputs/inv120_post_wid_scan.json",
        "hashed_secret": "0a6c7c13e299a73a7ce8f0429817f9f614ae1e8c",
        "is_verified": false,
        "line_number": 24
      },
      {
        "type": "Hex High Entropy String",
        "filename": "scripts/experimental/outputs/inv120_post_wid_scan.json",
        "hashed_secret": "9132066d1a3d2e071f9dba843c54b6467a95cc7d",
        "is_verified": false,
        "line_number": 31
      },
      {
        "type": "Hex High Entropy String",
        "filename": "scripts/experimental/outputs/inv120_post_wid_scan.json",
        "hashed_secret": "a0d7a810498ff7bd1d2fd5b6b34b06a133cb276f",
        "is_verified": false,
        "line_number": 35
      },
      {
        "type": "Hex High Entropy String",
        "filename": "scripts/experimental/outputs/inv120_post_wid_scan.json",
        "hashed_secret": "70b0f8afaae4f0bf0bbbe858bdd384f126043c81",
        "is_verified": false,
        "line_number": 42
      },
      {
        "type": "Hex High Entropy String",
        "filename": "scripts/experimental/outputs/inv120_post_wid_scan.json",
        "hashed_secret": "0971c4684ab1ce25ef02dce13be4861065adbe5a",
        "is_verified": false,
        "line_number": 53
      },
      {
        "type": "Hex High Entropy String",
        "filename": "scripts/experimental/outputs/inv120_post_wid_scan.json",
        "hashed_secret": "4fd2d6da1bae1e18c8fabf85e9ccbd3db9659de7",
        "is_verified": false,
        "line_number": 60
      },
      {
        "type": "Hex High Entropy String",
        "filename": "scripts/experimental/outputs/inv120_post_wid_scan.json",
        "hashed_secret": "1d4cae65e4a4be1e76619cc9ee2f475c1e3c8e05",
        "is_verified": false,
        "line_number": 63
      },
      {
        "type": "Hex High Entropy String",
        "filename": "scripts/experimental/outputs/inv120_post_wid_scan.json",
        "hashed_secret": "c9b568d5c4377a5420dcdb7d13e310e64da4af97",
        "is_verified": false,
        "line_number": 67
      },
      {
        "type": "Hex High Entropy String",
        "filename": "scripts/experimental/outputs/inv120_post_wid_scan.json",
        "hashed_secret": "b3da33ee1c869d9af31b5c939ebf42a017dd49cc",
        "is_verified": false,
        "line_number": 78
      },
      {
        "type": "Hex High Entropy String",
        "filename": "scripts/experimental/outputs/inv120_post_wid_scan.json",
        "hashed_secret": "61af511143f2e671b1e5af4349bfacd5f6709db2",
        "is_verified": false,
        "line_number": 89
      }
    ],
    "scripts/experimental/outputs/inv121_full_adjacency.json": [
      {
        "type": "Hex High Entropy String",
        "filename": "scripts/experimental/outputs/inv121_full_adjacency.json",
        "hashed_secret": "d7a60d5024d67d01bd62eb0b81a6ff368e8d3edc",
        "is_verified": false,
        "line_number": 3
      },
      {
        "type": "Hex High Entropy String",
        "filename": "scripts/experimental/outputs/inv121_full_adjacency.json",
        "hashed_secret": "0a6c7c13e299a73a7ce8f0429817f9f614ae1e8c",
        "is_verified": false,
        "line_number": 4
      },
      {
        "type": "Hex High Entropy String",
        "filename": "scripts/experimental/outputs/inv121_full_adjacency.json",
        "hashed_secret": "70b0f8afaae4f0bf0bbbe858bdd384f126043c81",
        "is_verified": false,
        "line_number": 5
      },
      {
        "type": "Hex High Entropy String",
        "filename": "scripts/experimental/outputs/inv121_full_adjacency.json",
        "hashed_secret": "4fd2d6da1bae1e18c8fabf85e9ccbd3db9659de7",
        "is_verified": false,
        "line_number": 6
      },
      {
        "type": "Hex High Entropy String",
        "filename": "scripts/experimental/outputs/inv121_full_adjacency.json",
        "hashed_secret": "b3da33ee1c869d9af31b5c939ebf42a017dd49cc",
        "is_verified": false,
        "line_number": 7
      }
    ],
    "scripts/experimental/outputs/inv122_suffix_proximity.json": [
      {
        "type": "Hex High Entropy String",
        "filename": "scripts/experimental/outputs/inv122_suffix_proximity.json",
        "hashed_secret": "d7a60d5024d67d01bd62eb0b81a6ff368e8d3edc",
        "is_verified": false,
        "line_number": 3
      },
      {
        "type": "Hex High Entropy String",
        "filename": "scripts/experimental/outputs/inv122_suffix_proximity.json",
        "hashed_secret": "0a6c7c13e299a73a7ce8f0429817f9f614ae1e8c",
        "is_verified": false,
        "line_number": 4
      },
      {
        "type": "Hex High Entropy String",
        "filename": "scripts/experimental/outputs/inv122_suffix_proximity.json",
        "hashed_secret": "70b0f8afaae4f0bf0bbbe858bdd384f126043c81",
        "is_verified": false,
        "line_number": 5
      },
      {
        "type": "Hex High Entropy String",
        "filename": "scripts/experimental/outputs/inv122_suffix_proximity.json",
        "hashed_secret": "4fd2d6da1bae1e18c8fabf85e9ccbd3db9659de7",
        "is_verified": false,
        "line_number": 6
      },
      {
        "type": "Hex High Entropy String",
        "filename": "scripts/experimental/outputs/inv122_suffix_proximity.json",
        "hashed_secret": "b3da33ee1c869d9af31b5c939ebf42a017dd49cc",
        "is_verified": false,
        "line_number": 7
      }
    ],
    "apps/go-api/tests/fixtures/golden_values/match_history_page1_nofilter.json": [
      {
        "type": "Base64 High Entropy String",
        "filename": "apps/go-api/tests/fixtures/golden_values/match_history_page1_nofilter.json",
        "hashed_secret": "6d3b3373cc6144afa3fb16abe358626041117151",
        "is_verified": false,
        "line_number": 997,
        "is_secret": false
      }
    ]
  },
  "generated_at": "2026-03-09T15:42:34Z"
}
