time=2026-04-21T12:31:43.390+02:00 level=INFO msg="scan static maps" dir=C:\Users\Guillaume\Downloads\Scripts\LevelUp-go-migration\static\maps count=102
time=2026-04-21T12:31:43.404+02:00 level=INFO msg="name index built" entries=101
time=2026-04-21T12:31:43.404+02:00 level=INFO msg="would upsert" map_id=78da545f-a168-4a5e-9c8d-dd379067c352 map_name=Absolution local_path=/static/maps/Absolution.jpg
time=2026-04-21T12:31:43.404+02:00 level=INFO msg="would upsert" map_id=667072ae-ba00-4414-adda-8203e8c49295 map_name="Aquarius - Ranked" local_path="/static/maps/Aquarius - Ranked.png"
time=2026-04-21T12:31:43.404+02:00 level=INFO msg="would upsert" map_id=33c0766c-ef15-48f8-b298-34aba5bff3b4 map_name=Aquarius local_path=/static/maps/Aquarius.png
time=2026-04-21T12:31:43.404+02:00 level=INFO msg="would upsert" map_id=dd600260-d91c-4d77-9990-3f35873c90a1 map_name=Argyle local_path=/static/maps/Argyle.jpg
time=2026-04-21T12:31:43.404+02:00 level=INFO msg="would upsert" map_id=9ad226d8-8947-4c5b-95bc-d220187698c1 map_name="Banished Narrows" local_path="/static/maps/Banished Narrows.jpg"
time=2026-04-21T12:31:43.404+02:00 level=INFO msg="would upsert" map_id=298d5036-cd43-47b3-a4bd-31e127566593 map_name=Bazaar local_path=/static/maps/Bazaar.png
time=2026-04-21T12:31:43.404+02:00 level=INFO msg="would upsert" map_id=e9a5a982-6c4e-4db6-9383-7b03671460eb map_name=Behemoth local_path=/static/maps/Behemoth.png
time=2026-04-21T12:31:43.404+02:00 level=INFO msg="would upsert" map_id=953dc3e2-943f-4ae3-abdd-b4be2a6a7a3a map_name="Breaker Heavies" local_path="/static/maps/Breaker Heavies.png"
time=2026-04-21T12:31:43.404+02:00 level=INFO msg="would upsert" map_id=e6cbfe01-665b-4a8c-bf3a-d63a65a7c890 map_name=Breaker local_path=/static/maps/Breaker.png
time=2026-04-21T12:31:43.404+02:00 level=INFO msg="would upsert" map_id=e859cf75-9b8a-429a-91be-2376681c8537 map_name=Catalyst local_path=/static/maps/Catalyst.png
time=2026-04-21T12:31:43.404+02:00 level=INFO msg="would upsert" map_id=fc1ced39-128b-439d-9b44-4710225090f3 map_name=Chasm local_path=/static/maps/Chasm.jpg
time=2026-04-21T12:31:43.404+02:00 level=INFO msg="would upsert" map_id=81274d6f-6a94-425a-a16e-3bdb1e2eea9d map_name=Cliffhanger local_path=/static/maps/Cliffhanger.jpg
time=2026-04-21T12:31:43.404+02:00 level=INFO msg="would upsert" map_id=4bffd021-92c0-422b-8b6e-8f595511458c map_name=Cliffside local_path=/static/maps/Cliffside.jpg
time=2026-04-21T12:31:43.404+02:00 level=INFO msg="would upsert" map_id=571afb7f-63c3-40a4-9c21-06ef921eb415 map_name="Cole Protocol" local_path="/static/maps/Cole Protocol.jpg"
time=2026-04-21T12:31:43.404+02:00 level=INFO msg="would upsert" map_id=2c9f3490-6be2-4d90-9015-02095651e91e map_name=Command local_path=/static/maps/Command.jpg
time=2026-04-21T12:31:43.404+02:00 level=INFO msg="would upsert" map_id=8be179f7-8940-4868-b881-44cad1ca8711 map_name=Corpo local_path=/static/maps/Corpo.jpg
time=2026-04-21T12:31:43.404+02:00 level=INFO msg="would upsert" map_id=0cc728d2-9b4d-4b80-95c9-18c77c095575 map_name=Credence local_path=/static/maps/Credence.jpg
time=2026-04-21T12:31:43.404+02:00 level=INFO msg="would upsert" map_id=bae4df14-4f4a-424c-aac1-2f795c807146 map_name="Critical Dewpoint" local_path="/static/maps/Critical Dewpoint.jpg"
time=2026-04-21T12:31:43.404+02:00 level=INFO msg="would upsert" map_id=63d634be-0319-489d-8c21-9c4e012f664f map_name=Curfew local_path=/static/maps/Curfew.jpg
time=2026-04-21T12:31:43.404+02:00 level=INFO msg="would upsert" map_id=89dd4003-455c-4a1c-bcea-43acd514b20d map_name=Dawnbreaker local_path=/static/maps/Dawnbreaker.jpg
time=2026-04-21T12:31:43.404+02:00 level=INFO msg="would upsert" map_id=4fd75c74-5098-47ce-b6d3-4540df3f9b8e map_name="Deadlock Heavies" local_path="/static/maps/Deadlock Heavies.png"
time=2026-04-21T12:31:43.404+02:00 level=INFO msg="would upsert" map_id=08607bf4-6abe-4a5b-9547-290a6cc1433e map_name=Deadlock local_path=/static/maps/Deadlock.png
time=2026-04-21T12:31:43.404+02:00 level=INFO msg="would upsert" map_id=d39600e2-3c35-4a3a-bdf5-7b3cbdde98e1 map_name=Detachment local_path=/static/maps/Detachment.jpg
time=2026-04-21T12:31:43.404+02:00 level=INFO msg="would upsert" map_id=525451ca-0bfa-4b5c-8a0f-29524e0f2834 map_name=Disciple local_path=/static/maps/Disciple.jpg
time=2026-04-21T12:31:43.404+02:00 level=INFO msg="would upsert" map_id=921aebb1-783d-45e4-bacd-7ad869fa8dae map_name=Domicile local_path=/static/maps/Domicile.jpg
time=2026-04-21T12:31:43.404+02:00 level=INFO msg="would upsert" map_id=e4bb06db-065f-4902-b93b-d8dac315eac4 map_name=Dredge local_path=/static/maps/Dredge.jpg
time=2026-04-21T12:31:43.404+02:00 level=INFO msg="would upsert" map_id=cfd90b63-62fd-441a-8015-8d7804b9c3c3 map_name=Dynasty local_path=/static/maps/Dynasty.jpg
time=2026-04-21T12:31:43.404+02:00 level=WARN msg="unmatched map file" filename=Dévissage.jpg extracted_name=Dévissage
time=2026-04-21T12:31:43.404+02:00 level=INFO msg="would upsert" map_id=8816f240-9038-404b-bbd5-ef4f2b00f482 map_name=Ecotone local_path=/static/maps/Ecotone.jpg
time=2026-04-21T12:31:43.404+02:00 level=INFO msg="would upsert" map_id=76043dc6-2724-45e2-9b5a-6fe2e75da588 map_name=Elevation local_path=/static/maps/Elevation.jpg
time=2026-04-21T12:31:43.404+02:00 level=INFO msg="would upsert" map_id=d035fc3e-f298-4c14-9487-465be2e1dc1f map_name=Empyrean local_path=/static/maps/Empyrean.jpg
time=2026-04-21T12:31:43.404+02:00 level=INFO msg="would upsert" map_id=7097bc4f-efcf-4c5a-a96e-4ddb03e84d2a map_name="Flood Gulch" local_path="/static/maps/Flood Gulch.jpg"
time=2026-04-21T12:31:43.404+02:00 level=INFO msg="would upsert" map_id=87c03bfd-2db3-4a5b-bbf9-d5369c5894d1 map_name=Forbidden local_path=/static/maps/Forbidden.jpg
time=2026-04-21T12:31:43.404+02:00 level=INFO msg="would upsert" map_id=003c828e-c2b3-43b5-b482-4005f9d4ec25 map_name="Forest - Ranked" local_path="/static/maps/Forest - Ranked.jpg"
time=2026-04-21T12:31:43.404+02:00 level=INFO msg="would upsert" map_id=619bea21-f1e6-461f-8a7d-2bb4f905d0ca map_name=Forest local_path=/static/maps/Forest.jpg
time=2026-04-21T12:31:43.404+02:00 level=INFO msg="would upsert" map_id=305b1bdd-9a7b-4975-bacf-8bd63c8c13d2 map_name="Fortitude Heavies" local_path="/static/maps/Fortitude Heavies.jpg"
time=2026-04-21T12:31:43.404+02:00 level=INFO msg="would upsert" map_id=1ede38fa-4d30-4dfa-a8b7-5d08bf4e46e3 map_name=Fortitude local_path=/static/maps/Fortitude.jpg
time=2026-04-21T12:31:43.404+02:00 level=INFO msg="would upsert" map_id=0d1c9255-d912-416c-befc-5f3e5e176df2 map_name=Fortress local_path=/static/maps/Fortress.jpg
time=2026-04-21T12:31:43.404+02:00 level=INFO msg="would upsert" map_id=0d849a52-fedb-4aea-b5a3-caee268f1f49 map_name="Fragmentation Heavies" local_path="/static/maps/Fragmentation Heavies.jpg"
time=2026-04-21T12:31:43.404+02:00 level=INFO msg="would upsert" map_id=068f41f4-e3dd-4bec-b297-d2ded85ab54b map_name=Fragmentation local_path=/static/maps/Fragmentation.jpg
time=2026-04-21T12:31:43.404+02:00 level=INFO msg="would upsert" map_id=504ebf22-12b6-46c3-a9c1-ea20ca5bf03c map_name=Goliath local_path=/static/maps/Goliath.jpg
time=2026-04-21T12:31:43.404+02:00 level=INFO msg="would upsert" map_id=bb7b78ae-3468-46ce-b5ba-cca61c3a338a map_name="High Ground" local_path="/static/maps/High Ground.jpg"
time=2026-04-21T12:31:43.404+02:00 level=INFO msg="would upsert" map_id=ecbb3aa1-6227-43c7-8cf8-ce62d1a988f0 map_name="Highpower Heavies" local_path="/static/maps/Highpower Heavies.png"
time=2026-04-21T12:31:43.404+02:00 level=INFO msg="would upsert" map_id=142a5e23-46de-4429-a232-aac4e6459a11 map_name="Highpower Sentry Defense" local_path="/static/maps/Highpower Sentry Defense.png"
time=2026-04-21T12:31:43.404+02:00 level=INFO msg="would upsert" map_id=c494ef7c-d203-42a9-9c0f-b3f576334501 map_name=Highpower local_path=/static/maps/Highpower.png
time=2026-04-21T12:31:43.404+02:00 level=INFO msg="would upsert" map_id=6439625e-277b-4da9-9502-eefedb186ba8 map_name=Houseki local_path=/static/maps/Houseki.jpg
time=2026-04-21T12:31:43.404+02:00 level=INFO msg="would upsert" map_id=9e821f5e-042f-407c-97f3-de165b1cdb26 map_name=Illusion local_path=/static/maps/Illusion.jpg
time=2026-04-21T12:31:43.404+02:00 level=INFO msg="would upsert" map_id=2a339c65-5128-4457-88d4-0906e265034e map_name="Insolence Heavies" local_path="/static/maps/Insolence Heavies.jpg"
time=2026-04-21T12:31:43.404+02:00 level=INFO msg="would upsert" map_id=d5c5eb4f-0dcb-4677-a866-eae0dcbfde9b map_name=Insolence local_path=/static/maps/Insolence.jpg
time=2026-04-21T12:31:43.404+02:00 level=INFO msg="would upsert" map_id=01af558d-53ab-4f05-ba68-92d805fc6260 map_name=Isolation local_path=/static/maps/Isolation.jpg
time=2026-04-21T12:31:43.404+02:00 level=INFO msg="would upsert" map_id=98a83f87-2420-48c6-93f8-cc6b62d73235 map_name=Kaiketsu local_path=/static/maps/Kaiketsu.jpg
time=2026-04-21T12:31:43.404+02:00 level=INFO msg="would upsert" map_id=df7dbf08-b8de-4ade-9d7f-1947128c9ae4 map_name=Kiken'na local_path=/static/maps/Kiken'na.jpg
time=2026-04-21T12:31:43.404+02:00 level=INFO msg="would upsert" map_id=1a6cfc2e-ec86-48e1-9464-1ce1bff6ed48 map_name="Lattice - Ranked" local_path="/static/maps/Lattice - Ranked.jpg"
time=2026-04-21T12:31:43.404+02:00 level=INFO msg="would upsert" map_id=5646ce03-a86e-40d7-9cac-08d442d32606 map_name="Launch Site" local_path="/static/maps/Launch Site.png"
time=2026-04-21T12:31:43.404+02:00 level=INFO msg="would upsert" map_id=309253f8-7a75-48ff-83e1-e7fb3db2ac47 map_name="Live Fire - Ranked" local_path="/static/maps/Live Fire - Ranked.jpg"
time=2026-04-21T12:31:43.404+02:00 level=INFO msg="would upsert" map_id=6c01f693-c968-4a71-b157-efc35ffcf71f map_name="Live Fire" local_path="/static/maps/Live Fire.jpg"
time=2026-04-21T12:31:43.404+02:00 level=INFO msg="would upsert" map_id=7dfec55d-d968-4a38-aa68-bc31e8874cfd map_name="Merchant's Square" local_path="/static/maps/Merchant's Square.jpg"
time=2026-04-21T12:31:43.404+02:00 level=INFO msg="would upsert" map_id=6dbd1c0d-a6c2-4697-8453-f0799d941741 map_name=Nadair local_path=/static/maps/Nadair.jpg
time=2026-04-21T12:31:43.404+02:00 level=INFO msg="would upsert" map_id=2be34415-bc96-4d02-875c-c4f2aa135f89 map_name=Nemesis local_path=/static/maps/Nemesis.jpg
time=2026-04-21T12:31:43.404+02:00 level=INFO msg="would upsert" map_id=f566aa62-afe4-4f33-b44f-7a314cb23f9b map_name="Oasis Firefight" local_path="/static/maps/Oasis Firefight.jpg"
time=2026-04-21T12:31:43.404+02:00 level=INFO msg="would upsert" map_id=7f56a242-c93a-4a19-b084-a9bf9cdd0246 map_name="Oasis Heavies" local_path="/static/maps/Oasis Heavies.jpg"
time=2026-04-21T12:31:43.404+02:00 level=INFO msg="would upsert" map_id=052956b4-06d1-4f78-9938-6b43c66bb223 map_name="Oasis Sentry Defense" local_path="/static/maps/Oasis Sentry Defense.jpg"
time=2026-04-21T12:31:43.404+02:00 level=INFO msg="would upsert" map_id=7aa6fed5-4c21-43dd-b740-2fae8c971517 map_name=Oasis local_path=/static/maps/Oasis.jpg
time=2026-04-21T12:31:43.404+02:00 level=INFO msg="would upsert" map_id=e3681516-2930-491c-b94f-7dbfa161e000 map_name="Obituary Heavies" local_path="/static/maps/Obituary Heavies.jpg"
time=2026-04-21T12:31:43.404+02:00 level=INFO msg="would upsert" map_id=a289bafe-102e-4363-98f7-80b596007338 map_name=Obituary local_path=/static/maps/Obituary.jpg
time=2026-04-21T12:31:43.404+02:00 level=INFO msg="would upsert" map_id=255bbe78-b191-476e-b0ae-0763c3bc2f44 map_name=Opulence local_path=/static/maps/Opulence.jpg
time=2026-04-21T12:31:43.404+02:00 level=INFO msg="would upsert" map_id=46a8319c-2c63-46ee-9382-788906dcb049 map_name="Origin - Ranked" local_path="/static/maps/Origin - Ranked.jpg"
time=2026-04-21T12:31:43.404+02:00 level=INFO msg="would upsert" map_id=b302eb62-da9a-480b-a409-3c89df8c1a04 map_name=Origin local_path=/static/maps/Origin.jpg
time=2026-04-21T12:31:43.404+02:00 level=INFO msg="would upsert" map_id=ea7b30e6-d1b9-4c2c-a9e0-de955c48525d map_name=Outlook local_path=/static/maps/Outlook.jpg
time=2026-04-21T12:31:43.404+02:00 level=INFO msg="would upsert" map_id=c5ac9f12-660e-4f1a-83e7-2e7536bbcb04 map_name=Perilous local_path=/static/maps/Perilous.jpg
time=2026-04-21T12:31:43.404+02:00 level=INFO msg="would upsert" map_id=88d45250-97dd-4a28-8fb2-b52baaeebb39 map_name=Pharaoh local_path=/static/maps/Pharaoh.jpg
time=2026-04-21T12:31:43.404+02:00 level=INFO msg="would upsert" map_id=2fdb8370-e5ac-4a1a-bdce-a08bc738b9ad map_name=Prism local_path=/static/maps/Prism.jpg
time=2026-04-21T12:31:43.404+02:00 level=INFO msg="would upsert" map_id=133c0185-24ed-4bc2-b834-62db5c936257 map_name="Rat's Nest" local_path="/static/maps/Rat's Nest.jpg"
time=2026-04-21T12:31:43.404+02:00 level=INFO msg="would upsert" map_id=336b5174-3579-4fd8-b2f0-922e4a5f7628 map_name="Recharge - Ranked" local_path="/static/maps/Recharge - Ranked.png"
time=2026-04-21T12:31:43.404+02:00 level=INFO msg="would upsert" map_id=8420410b-044d-44d7-80b6-98a766c8c39f map_name=Recharge local_path=/static/maps/Recharge.png
time=2026-04-21T12:31:43.404+02:00 level=INFO msg="would upsert" map_id=c10c7e79-ec91-4f07-92e8-e570ed9ce79c map_name="Refuge Heavies" local_path="/static/maps/Refuge Heavies.jpg"
time=2026-04-21T12:31:43.404+02:00 level=INFO msg="would upsert" map_id=41217472-3020-4bd8-bce9-b2a2b0d50896 map_name=Refuge local_path=/static/maps/Refuge.jpg
time=2026-04-21T12:31:43.404+02:00 level=INFO msg="would upsert" map_id=f459867d-7457-4397-a332-dbbb6812792a map_name=Ronin local_path=/static/maps/Ronin.jpg
time=2026-04-21T12:31:43.404+02:00 level=INFO msg="would upsert" map_id=f633db01-3989-41d1-b6d4-bf2d220fc619 map_name=Salvation local_path=/static/maps/Salvation.jpg
time=2026-04-21T12:31:43.404+02:00 level=INFO msg="would upsert" map_id=79042fc0-ba3d-4046-aa97-5a6902462531 map_name="Scarlett's Landing" local_path="/static/maps/Scarlett's Landing.jpg"
time=2026-04-21T12:31:43.404+02:00 level=INFO msg="would upsert" map_id=ccb81e1f-ce22-4017-97bb-f46b181eb8f7 map_name=Scarr local_path=/static/maps/Scarr.jpg
time=2026-04-21T12:31:43.404+02:00 level=INFO msg="would upsert" map_id=2962c4e0-ab15-4979-8d28-c0792632c862 map_name=Shiro local_path=/static/maps/Shiro.jpg
time=2026-04-21T12:31:43.404+02:00 level=INFO msg="would upsert" map_id=33075df7-01c8-40e1-8b3e-1baee0054c76 map_name=Shogun local_path=/static/maps/Shogun.jpg
time=2026-04-21T12:31:43.404+02:00 level=INFO msg="would upsert" map_id=98783453-ce40-4020-9e87-62099a290b62 map_name=Smallhalla local_path=/static/maps/Smallhalla.jpg
time=2026-04-21T12:31:43.404+02:00 level=INFO msg="would upsert" map_id=410f1c01-aca6-4567-9df5-9b16bd550cb2 map_name=Snowbound local_path=/static/maps/Snowbound.jpg
time=2026-04-21T12:31:43.404+02:00 level=INFO msg="would upsert" map_id=4a5e5612-2b2e-4375-a0b3-9335a68815f3 map_name="Solitude - Ranked" local_path="/static/maps/Solitude - Ranked.jpg"
time=2026-04-21T12:31:43.404+02:00 level=INFO msg="would upsert" map_id=f1cc3b4e-471c-4ec5-b855-1db7d9e6ce42 map_name=Solitude local_path=/static/maps/Solitude.jpg
time=2026-04-21T12:31:43.404+02:00 level=INFO msg="would upsert" map_id=ee43d273-8677-45c2-a8cd-aedd2c463dc9 map_name=Solution local_path=/static/maps/Solution.jpg
time=2026-04-21T12:31:43.404+02:00 level=INFO msg="would upsert" map_id=50771a22-62a7-4f1f-8982-3403857ba225 map_name=Starboard local_path=/static/maps/Starboard.jpg
time=2026-04-21T12:31:43.404+02:00 level=INFO msg="would upsert" map_id=e23ea388-9bcb-4180-a0dc-fbe987751b9e map_name="Streets - Ranked" local_path="/static/maps/Streets - Ranked.png"
time=2026-04-21T12:31:43.404+02:00 level=INFO msg="would upsert" map_id=f0a1760f-0d4a-4bcc-ac7a-e8f9aee331dc map_name=Streets local_path=/static/maps/Streets.png
time=2026-04-21T12:31:43.404+02:00 level=INFO msg="would upsert" map_id=95b69e4b-485f-4c6c-9b00-4bd68c94c1e9 map_name=Sylvanus local_path=/static/maps/Sylvanus.jpg
time=2026-04-21T12:31:43.404+02:00 level=WARN msg="unmatched map file" filename="TFF Night Of The Undead.jpg" extracted_name="TFF Night Of The Undead"
time=2026-04-21T12:31:43.404+02:00 level=INFO msg="would upsert" map_id=edcd4467-6846-455f-ac44-f1034476f774 map_name=Takamanohara local_path=/static/maps/Takamanohara.jpg
time=2026-04-21T12:31:43.404+02:00 level=INFO msg="would upsert" map_id=648ae7aa-c5d0-4f80-861a-79eb30440fcb map_name="The Pit" local_path="/static/maps/The Pit.jpg"
time=2026-04-21T12:31:43.404+02:00 level=INFO msg="would upsert" map_id=ddbb3a00-b109-4703-af07-00433512af38 map_name=Threshold local_path=/static/maps/Threshold.jpg
time=2026-04-21T12:31:43.404+02:00 level=INFO msg="would upsert" map_id=37bc3df6-93e8-4d74-b16e-5ceaa30ebc23 map_name="Thunderhead Heavies" local_path="/static/maps/Thunderhead Heavies.jpg"
time=2026-04-21T12:31:43.404+02:00 level=INFO msg="would upsert" map_id=28a3ac28-f69d-4fa9-9ebf-a0449c89c8da map_name=Thunderhead local_path=/static/maps/Thunderhead.jpg
time=2026-04-21T12:31:43.404+02:00 level=INFO msg="would upsert" map_id=be848f91-3d87-4b80-8eb9-df3b52cb8d10 map_name="Urban Raid" local_path="/static/maps/Urban Raid.jpg"
time=2026-04-21T12:31:43.404+02:00 level=INFO msg="would upsert" map_id=105f5d84-8de1-4908-af3a-1c4f3bf9d642 map_name=Vagabond local_path=/static/maps/Vagabond.jpg
time=2026-04-21T12:31:43.404+02:00 level=INFO msg="would upsert" map_id=5b12d6d9-1b5c-4eac-b2a9-de4c36b8a6d3 map_name=Warehouse local_path=/static/maps/Warehouse.jpg
time=2026-04-21T12:31:43.404+02:00 level=WARN msg="unmatched map file" filename="allaheim Firefight.jpg" extracted_name="allaheim Firefight"
time=2026-04-21T12:31:43.404+02:00 level=INFO msg="=== RÉSUMÉ ==="
time=2026-04-21T12:31:43.404+02:00 level=INFO msg=matched count=99
time=2026-04-21T12:31:43.404+02:00 level=INFO msg=unmatched count=3
time=2026-04-21T12:31:43.404+02:00 level=INFO msg="unmatched maps written" path=unmatched_maps.csv
