2026/04/21 12:28:30 INFO populate-assets types=[map] langs="[en-US fr-FR de-DE es-ES es-MX it-IT ja-JP ko-KR pt-BR zh-CN zh-TW nl-NL pl-PL ru-RU]" dry_run=false force=false concurrency=10 freshness_days=30
2026/04/21 12:28:30 INFO populate-assets: traitement asset_type type=map
2026/04/21 12:28:30 INFO assets distincts trouvés type=map count=122
2026/04/21 12:28:30 INFO fetch version_ids via match stats unique_matches=122
2026/04/21 12:28:30 WARN fetch match stats failed match_id=0873c469-cf21-4378-8901-55eae8dcf787 err="fetch match stats 0873c469-cf21-4378-8901-55eae8dcf787: doGet https://halostats.svc.halowaypoint.com/hi/players/xuid(0)/matches/0873c469-cf21-4378-8901-55eae8dcf787/stats: HTTP 404 (ressource absente)"
2026/04/21 12:28:30 WARN fetch match stats failed match_id=dd29957c-6cf6-4b5c-8f35-a1d60b2937e5 err="fetch match stats dd29957c-6cf6-4b5c-8f35-a1d60b2937e5: doGet https://halostats.svc.halowaypoint.com/hi/players/xuid(0)/matches/dd29957c-6cf6-4b5c-8f35-a1d60b2937e5/stats: HTTP 404 (ressource absente)"
2026/04/21 12:28:30 WARN fetch match stats failed match_id=1b375d58-bf39-4f59-beca-747e7f9fa169 err="fetch match stats 1b375d58-bf39-4f59-beca-747e7f9fa169: doGet https://halostats.svc.halowaypoint.com/hi/players/xuid(0)/matches/1b375d58-bf39-4f59-beca-747e7f9fa169/stats: HTTP 404 (ressource absente)"
2026/04/21 12:28:30 WARN fetch match stats failed match_id=11899699-5d1f-4006-88cf-d7bff04b8f97 err="fetch match stats 11899699-5d1f-4006-88cf-d7bff04b8f97: doGet https://halostats.svc.halowaypoint.com/hi/players/xuid(0)/matches/11899699-5d1f-4006-88cf-d7bff04b8f97/stats: HTTP 404 (ressource absente)"
2026/04/21 12:28:30 WARN fetch match stats failed match_id=8c12fd58-98d4-4c89-ab06-db0b710fdc00 err="fetch match stats 8c12fd58-98d4-4c89-ab06-db0b710fdc00: doGet https://halostats.svc.halowaypoint.com/hi/players/xuid(0)/matches/8c12fd58-98d4-4c89-ab06-db0b710fdc00/stats: HTTP 404 (ressource absente)"
2026/04/21 12:28:30 WARN fetch match stats failed match_id=d22a5577-f416-4f62-a849-5f0f5a9d8fe5 err="fetch match stats d22a5577-f416-4f62-a849-5f0f5a9d8fe5: doGet https://halostats.svc.halowaypoint.com/hi/players/xuid(0)/matches/d22a5577-f416-4f62-a849-5f0f5a9d8fe5/stats: HTTP 404 (ressource absente)"
2026/04/21 12:28:30 WARN fetch match stats failed match_id=1aff43c2-9e48-4c30-9677-69002c8f08e1 err="fetch match stats 1aff43c2-9e48-4c30-9677-69002c8f08e1: doGet https://halostats.svc.halowaypoint.com/hi/players/xuid(0)/matches/1aff43c2-9e48-4c30-9677-69002c8f08e1/stats: HTTP 404 (ressource absente)"
2026/04/21 12:28:30 WARN fetch match stats failed match_id=69b16f5d-c9af-4ec1-a9ef-4ec788c49441 err="fetch match stats 69b16f5d-c9af-4ec1-a9ef-4ec788c49441: doGet https://halostats.svc.halowaypoint.com/hi/players/xuid(0)/matches/69b16f5d-c9af-4ec1-a9ef-4ec788c49441/stats: HTTP 404 (ressource absente)"
2026/04/21 12:28:30 WARN fetch match stats failed match_id=8f47559b-bd50-4e95-818f-1d04df65ff7e err="fetch match stats 8f47559b-bd50-4e95-818f-1d04df65ff7e: doGet https://halostats.svc.halowaypoint.com/hi/players/xuid(0)/matches/8f47559b-bd50-4e95-818f-1d04df65ff7e/stats: HTTP 404 (ressource absente)"
2026/04/21 12:28:30 WARN fetch match stats failed match_id=09a2c7eb-a848-46c8-8a76-89bdf0dcbe32 err="fetch match stats 09a2c7eb-a848-46c8-8a76-89bdf0dcbe32: doGet https://halostats.svc.halowaypoint.com/hi/players/xuid(0)/matches/09a2c7eb-a848-46c8-8a76-89bdf0dcbe32/stats: HTTP 404 (ressource absente)"
2026/04/21 12:28:30 WARN fetch match stats failed match_id=43009f28-a9ba-4a85-8a74-fc7e946672a7 err="fetch match stats 43009f28-a9ba-4a85-8a74-fc7e946672a7: doGet https://halostats.svc.halowaypoint.com/hi/players/xuid(0)/matches/43009f28-a9ba-4a85-8a74-fc7e946672a7/stats: HTTP 404 (ressource absente)"
2026/04/21 12:28:30 WARN fetch match stats failed match_id=f3a5f67d-0e50-4cb0-8df9-77d970d7731c err="fetch match stats f3a5f67d-0e50-4cb0-8df9-77d970d7731c: doGet https://halostats.svc.halowaypoint.com/hi/players/xuid(0)/matches/f3a5f67d-0e50-4cb0-8df9-77d970d7731c/stats: HTTP 404 (ressource absente)"
2026/04/21 12:28:30 WARN fetch match stats failed match_id=0e87bdbd-e79c-41ca-a642-feb988f5fe5e err="fetch match stats 0e87bdbd-e79c-41ca-a642-feb988f5fe5e: doGet https://halostats.svc.halowaypoint.com/hi/players/xuid(0)/matches/0e87bdbd-e79c-41ca-a642-feb988f5fe5e/stats: HTTP 404 (ressource absente)"
2026/04/21 12:28:30 WARN fetch match stats failed match_id=9a8d7d9b-64fc-444d-82a8-b2e24b0e45e5 err="fetch match stats 9a8d7d9b-64fc-444d-82a8-b2e24b0e45e5: doGet https://halostats.svc.halowaypoint.com/hi/players/xuid(0)/matches/9a8d7d9b-64fc-444d-82a8-b2e24b0e45e5/stats: HTTP 404 (ressource absente)"
2026/04/21 12:28:30 WARN fetch match stats failed match_id=353367d6-c02d-45dc-a28d-1d2f27c3bcbc err="fetch match stats 353367d6-c02d-45dc-a28d-1d2f27c3bcbc: doGet https://halostats.svc.halowaypoint.com/hi/players/xuid(0)/matches/353367d6-c02d-45dc-a28d-1d2f27c3bcbc/stats: HTTP 404 (ressource absente)"
2026/04/21 12:28:30 WARN fetch match stats failed match_id=f5443e17-8355-41c8-baee-6c5b0c103442 err="fetch match stats f5443e17-8355-41c8-baee-6c5b0c103442: doGet https://halostats.svc.halowaypoint.com/hi/players/xuid(0)/matches/f5443e17-8355-41c8-baee-6c5b0c103442/stats: HTTP 404 (ressource absente)"
2026/04/21 12:28:30 WARN fetch match stats failed match_id=15d8d850-2fc7-4271-acec-e9af2eb2f21c err="fetch match stats 15d8d850-2fc7-4271-acec-e9af2eb2f21c: doGet https://halostats.svc.halowaypoint.com/hi/players/xuid(0)/matches/15d8d850-2fc7-4271-acec-e9af2eb2f21c/stats: HTTP 404 (ressource absente)"
2026/04/21 12:28:30 WARN fetch match stats failed match_id=1c5a56a8-134b-4fca-9327-79b17dcc6ddc err="fetch match stats 1c5a56a8-134b-4fca-9327-79b17dcc6ddc: doGet https://halostats.svc.halowaypoint.com/hi/players/xuid(0)/matches/1c5a56a8-134b-4fca-9327-79b17dcc6ddc/stats: HTTP 404 (ressource absente)"
2026/04/21 12:28:30 WARN fetch match stats failed match_id=f3a4c0b4-8666-4267-a7e0-4cd32d2236c9 err="fetch match stats f3a4c0b4-8666-4267-a7e0-4cd32d2236c9: doGet https://halostats.svc.halowaypoint.com/hi/players/xuid(0)/matches/f3a4c0b4-8666-4267-a7e0-4cd32d2236c9/stats: HTTP 404 (ressource absente)"
2026/04/21 12:28:30 WARN fetch match stats failed match_id=2b2c5aa3-c05b-4307-a82a-1c9c4c0f42d8 err="fetch match stats 2b2c5aa3-c05b-4307-a82a-1c9c4c0f42d8: doGet https://halostats.svc.halowaypoint.com/hi/players/xuid(0)/matches/2b2c5aa3-c05b-4307-a82a-1c9c4c0f42d8/stats: HTTP 404 (ressource absente)"
2026/04/21 12:28:30 WARN fetch match stats failed match_id=edc5daf6-0df8-4eb0-b578-b8eb892ce184 err="fetch match stats edc5daf6-0df8-4eb0-b578-b8eb892ce184: doGet https://halostats.svc.halowaypoint.com/hi/players/xuid(0)/matches/edc5daf6-0df8-4eb0-b578-b8eb892ce184/stats: HTTP 404 (ressource absente)"
2026/04/21 12:28:30 WARN fetch match stats failed match_id=f6c0d615-b7f5-4bb2-a685-117d5dea613f err="fetch match stats f6c0d615-b7f5-4bb2-a685-117d5dea613f: doGet https://halostats.svc.halowaypoint.com/hi/players/xuid(0)/matches/f6c0d615-b7f5-4bb2-a685-117d5dea613f/stats: HTTP 404 (ressource absente)"
2026/04/21 12:28:30 WARN fetch match stats failed match_id=e3a2c1e9-4c35-44c4-a0b2-9eee6ab011d7 err="fetch match stats e3a2c1e9-4c35-44c4-a0b2-9eee6ab011d7: doGet https://halostats.svc.halowaypoint.com/hi/players/xuid(0)/matches/e3a2c1e9-4c35-44c4-a0b2-9eee6ab011d7/stats: HTTP 404 (ressource absente)"
2026/04/21 12:28:30 WARN fetch match stats failed match_id=4c3ba69d-b092-4c95-beda-5fa914666503 err="fetch match stats 4c3ba69d-b092-4c95-beda-5fa914666503: doGet https://halostats.svc.halowaypoint.com/hi/players/xuid(0)/matches/4c3ba69d-b092-4c95-beda-5fa914666503/stats: HTTP 404 (ressource absente)"
2026/04/21 12:28:30 WARN fetch match stats failed match_id=9157e90d-fa94-45af-a26d-2f7db1353b72 err="fetch match stats 9157e90d-fa94-45af-a26d-2f7db1353b72: doGet https://halostats.svc.halowaypoint.com/hi/players/xuid(0)/matches/9157e90d-fa94-45af-a26d-2f7db1353b72/stats: HTTP 404 (ressource absente)"
2026/04/21 12:28:30 WARN fetch match stats failed match_id=2ce58582-43d4-488b-bbe1-f6e89b3ac03a err="fetch match stats 2ce58582-43d4-488b-bbe1-f6e89b3ac03a: doGet https://halostats.svc.halowaypoint.com/hi/players/xuid(0)/matches/2ce58582-43d4-488b-bbe1-f6e89b3ac03a/stats: HTTP 404 (ressource absente)"
2026/04/21 12:28:30 WARN fetch match stats failed match_id=63415f8c-df8e-4575-a94b-9267db0fbccd err="fetch match stats 63415f8c-df8e-4575-a94b-9267db0fbccd: doGet https://halostats.svc.halowaypoint.com/hi/players/xuid(0)/matches/63415f8c-df8e-4575-a94b-9267db0fbccd/stats: HTTP 404 (ressource absente)"
2026/04/21 12:28:30 WARN fetch match stats failed match_id=fdcc8634-0511-4b9b-8955-5a6abe18908c err="fetch match stats fdcc8634-0511-4b9b-8955-5a6abe18908c: doGet https://halostats.svc.halowaypoint.com/hi/players/xuid(0)/matches/fdcc8634-0511-4b9b-8955-5a6abe18908c/stats: HTTP 404 (ressource absente)"
2026/04/21 12:28:30 WARN fetch match stats failed match_id=a1275b36-667f-4c8c-ae6d-44a9cbadaca0 err="fetch match stats a1275b36-667f-4c8c-ae6d-44a9cbadaca0: doGet https://halostats.svc.halowaypoint.com/hi/players/xuid(0)/matches/a1275b36-667f-4c8c-ae6d-44a9cbadaca0/stats: HTTP 404 (ressource absente)"
2026/04/21 12:28:30 WARN fetch match stats failed match_id=8d953c7c-28d2-461e-af07-18a1f6ee2a49 err="fetch match stats 8d953c7c-28d2-461e-af07-18a1f6ee2a49: doGet https://halostats.svc.halowaypoint.com/hi/players/xuid(0)/matches/8d953c7c-28d2-461e-af07-18a1f6ee2a49/stats: HTTP 404 (ressource absente)"
2026/04/21 12:28:31 WARN fetch match stats failed match_id=2b8aa0b9-b1e3-4d0c-8793-2c2ae6f5729f err="fetch match stats 2b8aa0b9-b1e3-4d0c-8793-2c2ae6f5729f: doGet https://halostats.svc.halowaypoint.com/hi/players/xuid(0)/matches/2b8aa0b9-b1e3-4d0c-8793-2c2ae6f5729f/stats: HTTP 404 (ressource absente)"
2026/04/21 12:28:31 WARN fetch match stats failed match_id=cc564695-59e4-450f-a393-a4b97594f23b err="fetch match stats cc564695-59e4-450f-a393-a4b97594f23b: doGet https://halostats.svc.halowaypoint.com/hi/players/xuid(0)/matches/cc564695-59e4-450f-a393-a4b97594f23b/stats: HTTP 404 (ressource absente)"
2026/04/21 12:28:31 WARN fetch match stats failed match_id=a521164d-01ba-49b1-8e68-05896d0156f9 err="fetch match stats a521164d-01ba-49b1-8e68-05896d0156f9: doGet https://halostats.svc.halowaypoint.com/hi/players/xuid(0)/matches/a521164d-01ba-49b1-8e68-05896d0156f9/stats: HTTP 404 (ressource absente)"
2026/04/21 12:28:31 WARN fetch match stats failed match_id=41722c72-d1af-4102-a789-3dd86c3e4114 err="fetch match stats 41722c72-d1af-4102-a789-3dd86c3e4114: doGet https://halostats.svc.halowaypoint.com/hi/players/xuid(0)/matches/41722c72-d1af-4102-a789-3dd86c3e4114/stats: HTTP 404 (ressource absente)"
2026/04/21 12:28:31 WARN fetch match stats failed match_id=ac7ec523-1aab-4cb4-9aef-395f7e725ae6 err="fetch match stats ac7ec523-1aab-4cb4-9aef-395f7e725ae6: doGet https://halostats.svc.halowaypoint.com/hi/players/xuid(0)/matches/ac7ec523-1aab-4cb4-9aef-395f7e725ae6/stats: HTTP 404 (ressource absente)"
2026/04/21 12:28:31 WARN fetch match stats failed match_id=03b7bbb6-12b7-472e-9511-3f09b172e7dc err="fetch match stats 03b7bbb6-12b7-472e-9511-3f09b172e7dc: doGet https://halostats.svc.halowaypoint.com/hi/players/xuid(0)/matches/03b7bbb6-12b7-472e-9511-3f09b172e7dc/stats: HTTP 404 (ressource absente)"
2026/04/21 12:28:31 WARN fetch match stats failed match_id=81019bcb-6485-412c-9c7c-d113784d774c err="fetch match stats 81019bcb-6485-412c-9c7c-d113784d774c: doGet https://halostats.svc.halowaypoint.com/hi/players/xuid(0)/matches/81019bcb-6485-412c-9c7c-d113784d774c/stats: HTTP 404 (ressource absente)"
2026/04/21 12:28:31 WARN fetch match stats failed match_id=43880965-88ba-4be5-95d1-d2fc91d8a3e5 err="fetch match stats 43880965-88ba-4be5-95d1-d2fc91d8a3e5: doGet https://halostats.svc.halowaypoint.com/hi/players/xuid(0)/matches/43880965-88ba-4be5-95d1-d2fc91d8a3e5/stats: HTTP 404 (ressource absente)"
2026/04/21 12:28:31 WARN fetch match stats failed match_id=e318a8b0-0ed6-45e9-9e0f-52ecd8022cdd err="fetch match stats e318a8b0-0ed6-45e9-9e0f-52ecd8022cdd: doGet https://halostats.svc.halowaypoint.com/hi/players/xuid(0)/matches/e318a8b0-0ed6-45e9-9e0f-52ecd8022cdd/stats: HTTP 404 (ressource absente)"
2026/04/21 12:28:31 WARN fetch match stats failed match_id=657cf5e8-ae1a-461e-b180-fd5c174bc370 err="fetch match stats 657cf5e8-ae1a-461e-b180-fd5c174bc370: doGet https://halostats.svc.halowaypoint.com/hi/players/xuid(0)/matches/657cf5e8-ae1a-461e-b180-fd5c174bc370/stats: HTTP 404 (ressource absente)"
2026/04/21 12:28:31 WARN fetch match stats failed match_id=3e06a064-0cb1-4856-8181-c9e486c43341 err="fetch match stats 3e06a064-0cb1-4856-8181-c9e486c43341: doGet https://halostats.svc.halowaypoint.com/hi/players/xuid(0)/matches/3e06a064-0cb1-4856-8181-c9e486c43341/stats: HTTP 404 (ressource absente)"
2026/04/21 12:28:31 WARN fetch match stats failed match_id=52fc79ef-e3fa-4167-924a-c9f1d969dfd2 err="fetch match stats 52fc79ef-e3fa-4167-924a-c9f1d969dfd2: doGet https://halostats.svc.halowaypoint.com/hi/players/xuid(0)/matches/52fc79ef-e3fa-4167-924a-c9f1d969dfd2/stats: HTTP 404 (ressource absente)"
2026/04/21 12:28:31 WARN fetch match stats failed match_id=42904c91-172d-4cac-956c-751b38fb6548 err="fetch match stats 42904c91-172d-4cac-956c-751b38fb6548: doGet https://halostats.svc.halowaypoint.com/hi/players/xuid(0)/matches/42904c91-172d-4cac-956c-751b38fb6548/stats: HTTP 404 (ressource absente)"
2026/04/21 12:28:31 WARN fetch match stats failed match_id=3efe4592-d239-4749-96d2-6614c286f4b2 err="fetch match stats 3efe4592-d239-4749-96d2-6614c286f4b2: doGet https://halostats.svc.halowaypoint.com/hi/players/xuid(0)/matches/3efe4592-d239-4749-96d2-6614c286f4b2/stats: HTTP 404 (ressource absente)"
2026/04/21 12:28:31 WARN fetch match stats failed match_id=ada28c24-f809-4996-87d5-d0fbea7935c0 err="fetch match stats ada28c24-f809-4996-87d5-d0fbea7935c0: doGet https://halostats.svc.halowaypoint.com/hi/players/xuid(0)/matches/ada28c24-f809-4996-87d5-d0fbea7935c0/stats: HTTP 404 (ressource absente)"
2026/04/21 12:28:31 WARN fetch match stats failed match_id=f7cf258c-7454-4d43-8e19-e6159b26865e err="fetch match stats f7cf258c-7454-4d43-8e19-e6159b26865e: doGet https://halostats.svc.halowaypoint.com/hi/players/xuid(0)/matches/f7cf258c-7454-4d43-8e19-e6159b26865e/stats: HTTP 404 (ressource absente)"
2026/04/21 12:28:31 WARN fetch match stats failed match_id=bdd4b8f5-3afb-451f-870e-290f560fd5a8 err="fetch match stats bdd4b8f5-3afb-451f-870e-290f560fd5a8: doGet https://halostats.svc.halowaypoint.com/hi/players/xuid(0)/matches/bdd4b8f5-3afb-451f-870e-290f560fd5a8/stats: HTTP 404 (ressource absente)"
2026/04/21 12:28:31 WARN fetch match stats failed match_id=44c4885e-2d75-4474-8137-0db062f4e651 err="fetch match stats 44c4885e-2d75-4474-8137-0db062f4e651: doGet https://halostats.svc.halowaypoint.com/hi/players/xuid(0)/matches/44c4885e-2d75-4474-8137-0db062f4e651/stats: HTTP 404 (ressource absente)"
2026/04/21 12:28:31 WARN fetch match stats failed match_id=fd8ac070-6431-4dae-9a98-062f5300b36f err="fetch match stats fd8ac070-6431-4dae-9a98-062f5300b36f: doGet https://halostats.svc.halowaypoint.com/hi/players/xuid(0)/matches/fd8ac070-6431-4dae-9a98-062f5300b36f/stats: HTTP 404 (ressource absente)"
2026/04/21 12:28:31 WARN fetch match stats failed match_id=d3df73d9-e7b4-42ac-8bff-1a7bed186aaf err="fetch match stats d3df73d9-e7b4-42ac-8bff-1a7bed186aaf: doGet https://halostats.svc.halowaypoint.com/hi/players/xuid(0)/matches/d3df73d9-e7b4-42ac-8bff-1a7bed186aaf/stats: HTTP 404 (ressource absente)"
2026/04/21 12:28:31 WARN fetch match stats failed match_id=1cc176d5-c5df-4fea-af32-2e4f9413c09c err="fetch match stats 1cc176d5-c5df-4fea-af32-2e4f9413c09c: doGet https://halostats.svc.halowaypoint.com/hi/players/xuid(0)/matches/1cc176d5-c5df-4fea-af32-2e4f9413c09c/stats: HTTP 404 (ressource absente)"
2026/04/21 12:28:31 WARN fetch match stats failed match_id=a8d61ba2-6971-4a88-889b-0a48c7e93de4 err="fetch match stats a8d61ba2-6971-4a88-889b-0a48c7e93de4: doGet https://halostats.svc.halowaypoint.com/hi/players/xuid(0)/matches/a8d61ba2-6971-4a88-889b-0a48c7e93de4/stats: HTTP 404 (ressource absente)"
2026/04/21 12:28:31 WARN fetch match stats failed match_id=f80cdf71-9c12-4f95-8f40-24e9f942c3f2 err="fetch match stats f80cdf71-9c12-4f95-8f40-24e9f942c3f2: doGet https://halostats.svc.halowaypoint.com/hi/players/xuid(0)/matches/f80cdf71-9c12-4f95-8f40-24e9f942c3f2/stats: HTTP 404 (ressource absente)"
2026/04/21 12:28:31 WARN fetch match stats failed match_id=d55f2475-fa98-4000-8e2b-404e5925bf24 err="fetch match stats d55f2475-fa98-4000-8e2b-404e5925bf24: doGet https://halostats.svc.halowaypoint.com/hi/players/xuid(0)/matches/d55f2475-fa98-4000-8e2b-404e5925bf24/stats: HTTP 404 (ressource absente)"
2026/04/21 12:28:31 WARN fetch match stats failed match_id=8ebab517-44e1-4cbb-99ea-d07e51a1561b err="fetch match stats 8ebab517-44e1-4cbb-99ea-d07e51a1561b: doGet https://halostats.svc.halowaypoint.com/hi/players/xuid(0)/matches/8ebab517-44e1-4cbb-99ea-d07e51a1561b/stats: HTTP 404 (ressource absente)"
2026/04/21 12:28:31 WARN fetch match stats failed match_id=e157a672-5ea8-4473-9bd5-f8a0c44619f0 err="fetch match stats e157a672-5ea8-4473-9bd5-f8a0c44619f0: doGet https://halostats.svc.halowaypoint.com/hi/players/xuid(0)/matches/e157a672-5ea8-4473-9bd5-f8a0c44619f0/stats: HTTP 404 (ressource absente)"
2026/04/21 12:28:31 WARN fetch match stats failed match_id=47149c49-ae40-43b9-91a1-dbd8cbf9400c err="fetch match stats 47149c49-ae40-43b9-91a1-dbd8cbf9400c: doGet https://halostats.svc.halowaypoint.com/hi/players/xuid(0)/matches/47149c49-ae40-43b9-91a1-dbd8cbf9400c/stats: HTTP 404 (ressource absente)"
2026/04/21 12:28:31 WARN fetch match stats failed match_id=ac919b39-1654-43d0-b2bc-bc2ad19afc3c err="fetch match stats ac919b39-1654-43d0-b2bc-bc2ad19afc3c: doGet https://halostats.svc.halowaypoint.com/hi/players/xuid(0)/matches/ac919b39-1654-43d0-b2bc-bc2ad19afc3c/stats: HTTP 404 (ressource absente)"
2026/04/21 12:28:31 WARN fetch match stats failed match_id=036c102a-b64a-4dd5-aba7-3214fe664cd4 err="fetch match stats 036c102a-b64a-4dd5-aba7-3214fe664cd4: doGet https://halostats.svc.halowaypoint.com/hi/players/xuid(0)/matches/036c102a-b64a-4dd5-aba7-3214fe664cd4/stats: HTTP 404 (ressource absente)"
2026/04/21 12:28:31 WARN fetch match stats failed match_id=0d76e8f1-729a-4f7d-be33-32fb02f90b7d err="fetch match stats 0d76e8f1-729a-4f7d-be33-32fb02f90b7d: doGet https://halostats.svc.halowaypoint.com/hi/players/xuid(0)/matches/0d76e8f1-729a-4f7d-be33-32fb02f90b7d/stats: HTTP 404 (ressource absente)"
2026/04/21 12:28:31 WARN fetch match stats failed match_id=007d53a4-1469-4174-be6b-3303c8e7bf36 err="fetch match stats 007d53a4-1469-4174-be6b-3303c8e7bf36: doGet https://halostats.svc.halowaypoint.com/hi/players/xuid(0)/matches/007d53a4-1469-4174-be6b-3303c8e7bf36/stats: HTTP 404 (ressource absente)"
2026/04/21 12:28:32 WARN fetch match stats failed match_id=574e2c00-9d40-4901-b256-4e884e8aa665 err="fetch match stats 574e2c00-9d40-4901-b256-4e884e8aa665: doGet https://halostats.svc.halowaypoint.com/hi/players/xuid(0)/matches/574e2c00-9d40-4901-b256-4e884e8aa665/stats: HTTP 404 (ressource absente)"
2026/04/21 12:28:33 WARN fetch match stats failed match_id=abcb4f59-d205-4be2-8ed7-3eecf64477b3 err="fetch match stats abcb4f59-d205-4be2-8ed7-3eecf64477b3: doGet https://halostats.svc.halowaypoint.com/hi/players/xuid(0)/matches/abcb4f59-d205-4be2-8ed7-3eecf64477b3/stats: HTTP 404 (ressource absente)"
2026/04/21 12:28:34 WARN fetch match stats failed match_id=fdb9abcd-cff1-4d16-be39-70217ca550bb err="fetch match stats fdb9abcd-cff1-4d16-be39-70217ca550bb: doGet https://halostats.svc.halowaypoint.com/hi/players/xuid(0)/matches/fdb9abcd-cff1-4d16-be39-70217ca550bb/stats: HTTP 404 (ressource absente)"
2026/04/21 12:28:35 WARN fetch match stats failed match_id=f13ce190-d661-4a2e-8a72-5eb8540110bc err="fetch match stats f13ce190-d661-4a2e-8a72-5eb8540110bc: doGet https://halostats.svc.halowaypoint.com/hi/players/xuid(0)/matches/f13ce190-d661-4a2e-8a72-5eb8540110bc/stats: HTTP 404 (ressource absente)"
2026/04/21 12:28:36 WARN fetch match stats failed match_id=af718783-4b82-49ca-8e8e-cb1128f8538a err="fetch match stats af718783-4b82-49ca-8e8e-cb1128f8538a: doGet https://halostats.svc.halowaypoint.com/hi/players/xuid(0)/matches/af718783-4b82-49ca-8e8e-cb1128f8538a/stats: HTTP 404 (ressource absente)"
2026/04/21 12:28:37 WARN fetch match stats failed match_id=0d61b891-c5c1-4b94-aae2-7d78a28b4299 err="fetch match stats 0d61b891-c5c1-4b94-aae2-7d78a28b4299: doGet https://halostats.svc.halowaypoint.com/hi/players/xuid(0)/matches/0d61b891-c5c1-4b94-aae2-7d78a28b4299/stats: HTTP 404 (ressource absente)"
2026/04/21 12:28:38 WARN fetch match stats failed match_id=f748d539-c34b-43d8-bb51-42786442cbc3 err="fetch match stats f748d539-c34b-43d8-bb51-42786442cbc3: doGet https://halostats.svc.halowaypoint.com/hi/players/xuid(0)/matches/f748d539-c34b-43d8-bb51-42786442cbc3/stats: HTTP 404 (ressource absente)"
2026/04/21 12:28:39 WARN fetch match stats failed match_id=cba488f7-2156-4c8f-ad31-ac8ef69e7533 err="fetch match stats cba488f7-2156-4c8f-ad31-ac8ef69e7533: doGet https://halostats.svc.halowaypoint.com/hi/players/xuid(0)/matches/cba488f7-2156-4c8f-ad31-ac8ef69e7533/stats: HTTP 404 (ressource absente)"
2026/04/21 12:28:40 WARN fetch match stats failed match_id=235bad23-16d9-4ad5-8db7-f543cd156809 err="fetch match stats 235bad23-16d9-4ad5-8db7-f543cd156809: doGet https://halostats.svc.halowaypoint.com/hi/players/xuid(0)/matches/235bad23-16d9-4ad5-8db7-f543cd156809/stats: HTTP 404 (ressource absente)"
2026/04/21 12:28:41 WARN fetch match stats failed match_id=b6336eeb-b123-4d0b-b728-50596cbc98bf err="fetch match stats b6336eeb-b123-4d0b-b728-50596cbc98bf: doGet https://halostats.svc.halowaypoint.com/hi/players/xuid(0)/matches/b6336eeb-b123-4d0b-b728-50596cbc98bf/stats: HTTP 404 (ressource absente)"
2026/04/21 12:28:42 WARN fetch match stats failed match_id=ca738284-0aee-4587-bb95-a7196117eccc err="fetch match stats ca738284-0aee-4587-bb95-a7196117eccc: doGet https://halostats.svc.halowaypoint.com/hi/players/xuid(0)/matches/ca738284-0aee-4587-bb95-a7196117eccc/stats: HTTP 404 (ressource absente)"
2026/04/21 12:28:43 WARN fetch match stats failed match_id=3b289bd8-f4bd-410c-aab4-e03f1344a430 err="fetch match stats 3b289bd8-f4bd-410c-aab4-e03f1344a430: doGet https://halostats.svc.halowaypoint.com/hi/players/xuid(0)/matches/3b289bd8-f4bd-410c-aab4-e03f1344a430/stats: HTTP 404 (ressource absente)"
2026/04/21 12:28:44 WARN fetch match stats failed match_id=34bb3bc8-a491-4049-97e5-e8374eeb713f err="fetch match stats 34bb3bc8-a491-4049-97e5-e8374eeb713f: doGet https://halostats.svc.halowaypoint.com/hi/players/xuid(0)/matches/34bb3bc8-a491-4049-97e5-e8374eeb713f/stats: HTTP 404 (ressource absente)"
2026/04/21 12:28:45 WARN fetch match stats failed match_id=da168525-dd58-4a3d-9909-1576d2657dd3 err="fetch match stats da168525-dd58-4a3d-9909-1576d2657dd3: doGet https://halostats.svc.halowaypoint.com/hi/players/xuid(0)/matches/da168525-dd58-4a3d-9909-1576d2657dd3/stats: HTTP 404 (ressource absente)"
2026/04/21 12:28:46 WARN fetch match stats failed match_id=e9f3dfd5-177c-429c-a857-051b4f76747b err="fetch match stats e9f3dfd5-177c-429c-a857-051b4f76747b: doGet https://halostats.svc.halowaypoint.com/hi/players/xuid(0)/matches/e9f3dfd5-177c-429c-a857-051b4f76747b/stats: HTTP 404 (ressource absente)"
2026/04/21 12:28:47 WARN fetch match stats failed match_id=257d1457-c5d0-4ce9-bb50-be429e55cc74 err="fetch match stats 257d1457-c5d0-4ce9-bb50-be429e55cc74: doGet https://halostats.svc.halowaypoint.com/hi/players/xuid(0)/matches/257d1457-c5d0-4ce9-bb50-be429e55cc74/stats: HTTP 404 (ressource absente)"
2026/04/21 12:28:48 WARN fetch match stats failed match_id=c8e1fde2-60a3-457e-9277-88222a4e4bda err="fetch match stats c8e1fde2-60a3-457e-9277-88222a4e4bda: doGet https://halostats.svc.halowaypoint.com/hi/players/xuid(0)/matches/c8e1fde2-60a3-457e-9277-88222a4e4bda/stats: HTTP 404 (ressource absente)"
2026/04/21 12:28:49 WARN fetch match stats failed match_id=77529fca-5425-4b6f-868b-586e252d701a err="fetch match stats 77529fca-5425-4b6f-868b-586e252d701a: doGet https://halostats.svc.halowaypoint.com/hi/players/xuid(0)/matches/77529fca-5425-4b6f-868b-586e252d701a/stats: HTTP 404 (ressource absente)"
2026/04/21 12:28:50 WARN fetch match stats failed match_id=e4e5c03f-04e8-46db-b9d7-35b6a7040d5b err="fetch match stats e4e5c03f-04e8-46db-b9d7-35b6a7040d5b: doGet https://halostats.svc.halowaypoint.com/hi/players/xuid(0)/matches/e4e5c03f-04e8-46db-b9d7-35b6a7040d5b/stats: HTTP 404 (ressource absente)"
2026/04/21 12:28:51 WARN fetch match stats failed match_id=eed0830b-181d-46e6-bab6-f134733f2838 err="fetch match stats eed0830b-181d-46e6-bab6-f134733f2838: doGet https://halostats.svc.halowaypoint.com/hi/players/xuid(0)/matches/eed0830b-181d-46e6-bab6-f134733f2838/stats: HTTP 404 (ressource absente)"
2026/04/21 12:28:52 WARN fetch match stats failed match_id=3abf0258-c6d0-48e4-81ff-0539b3898313 err="fetch match stats 3abf0258-c6d0-48e4-81ff-0539b3898313: doGet https://halostats.svc.halowaypoint.com/hi/players/xuid(0)/matches/3abf0258-c6d0-48e4-81ff-0539b3898313/stats: HTTP 404 (ressource absente)"
2026/04/21 12:28:53 WARN fetch match stats failed match_id=9acc4e57-80d6-4839-92a3-5f750e295330 err="fetch match stats 9acc4e57-80d6-4839-92a3-5f750e295330: doGet https://halostats.svc.halowaypoint.com/hi/players/xuid(0)/matches/9acc4e57-80d6-4839-92a3-5f750e295330/stats: HTTP 404 (ressource absente)"
2026/04/21 12:28:54 WARN fetch match stats failed match_id=b891ebcd-5b22-41a1-82e6-ad250393c59b err="fetch match stats b891ebcd-5b22-41a1-82e6-ad250393c59b: doGet https://halostats.svc.halowaypoint.com/hi/players/xuid(0)/matches/b891ebcd-5b22-41a1-82e6-ad250393c59b/stats: HTTP 404 (ressource absente)"
2026/04/21 12:28:55 WARN fetch match stats failed match_id=93090722-ba3e-45fa-b1ad-9a6eff059c0e err="fetch match stats 93090722-ba3e-45fa-b1ad-9a6eff059c0e: doGet https://halostats.svc.halowaypoint.com/hi/players/xuid(0)/matches/93090722-ba3e-45fa-b1ad-9a6eff059c0e/stats: HTTP 404 (ressource absente)"
2026/04/21 12:28:56 WARN fetch match stats failed match_id=e4d51fcf-d481-4bbf-b46c-2a251034c6a3 err="fetch match stats e4d51fcf-d481-4bbf-b46c-2a251034c6a3: doGet https://halostats.svc.halowaypoint.com/hi/players/xuid(0)/matches/e4d51fcf-d481-4bbf-b46c-2a251034c6a3/stats: HTTP 404 (ressource absente)"
2026/04/21 12:28:57 WARN fetch match stats failed match_id=8277ff2e-ca3a-4290-a251-142a61d4cf87 err="fetch match stats 8277ff2e-ca3a-4290-a251-142a61d4cf87: doGet https://halostats.svc.halowaypoint.com/hi/players/xuid(0)/matches/8277ff2e-ca3a-4290-a251-142a61d4cf87/stats: HTTP 404 (ressource absente)"
2026/04/21 12:28:58 WARN fetch match stats failed match_id=51ebbc0f-4d58-4faf-bf31-61bcfc329f4b err="fetch match stats 51ebbc0f-4d58-4faf-bf31-61bcfc329f4b: doGet https://halostats.svc.halowaypoint.com/hi/players/xuid(0)/matches/51ebbc0f-4d58-4faf-bf31-61bcfc329f4b/stats: HTTP 404 (ressource absente)"
2026/04/21 12:28:59 WARN fetch match stats failed match_id=1b4efbed-0ead-449f-ac84-4245cc298dcd err="fetch match stats 1b4efbed-0ead-449f-ac84-4245cc298dcd: doGet https://halostats.svc.halowaypoint.com/hi/players/xuid(0)/matches/1b4efbed-0ead-449f-ac84-4245cc298dcd/stats: HTTP 404 (ressource absente)"
2026/04/21 12:29:00 WARN fetch match stats failed match_id=b4035a67-b60e-475f-8bfa-c9842a5f3b39 err="fetch match stats b4035a67-b60e-475f-8bfa-c9842a5f3b39: doGet https://halostats.svc.halowaypoint.com/hi/players/xuid(0)/matches/b4035a67-b60e-475f-8bfa-c9842a5f3b39/stats: HTTP 404 (ressource absente)"
2026/04/21 12:29:01 WARN fetch match stats failed match_id=6a711138-82d7-4ad7-8555-14cf4805d36e err="fetch match stats 6a711138-82d7-4ad7-8555-14cf4805d36e: doGet https://halostats.svc.halowaypoint.com/hi/players/xuid(0)/matches/6a711138-82d7-4ad7-8555-14cf4805d36e/stats: HTTP 404 (ressource absente)"
2026/04/21 12:29:02 WARN fetch match stats failed match_id=56ebfc53-870e-4c3c-b673-f69a74ab0670 err="fetch match stats 56ebfc53-870e-4c3c-b673-f69a74ab0670: doGet https://halostats.svc.halowaypoint.com/hi/players/xuid(0)/matches/56ebfc53-870e-4c3c-b673-f69a74ab0670/stats: HTTP 404 (ressource absente)"
2026/04/21 12:29:03 WARN fetch match stats failed match_id=c3256313-edd2-4124-9823-0c91ba271472 err="fetch match stats c3256313-edd2-4124-9823-0c91ba271472: doGet https://halostats.svc.halowaypoint.com/hi/players/xuid(0)/matches/c3256313-edd2-4124-9823-0c91ba271472/stats: HTTP 404 (ressource absente)"
2026/04/21 12:29:04 WARN fetch match stats failed match_id=53c5b097-959b-4bb7-ab75-41cfcd37b7d6 err="fetch match stats 53c5b097-959b-4bb7-ab75-41cfcd37b7d6: doGet https://halostats.svc.halowaypoint.com/hi/players/xuid(0)/matches/53c5b097-959b-4bb7-ab75-41cfcd37b7d6/stats: HTTP 404 (ressource absente)"
2026/04/21 12:29:05 WARN fetch match stats failed match_id=268337cf-f2ca-4ba2-9cc2-e07a7ddbf04f err="fetch match stats 268337cf-f2ca-4ba2-9cc2-e07a7ddbf04f: doGet https://halostats.svc.halowaypoint.com/hi/players/xuid(0)/matches/268337cf-f2ca-4ba2-9cc2-e07a7ddbf04f/stats: HTTP 404 (ressource absente)"
2026/04/21 12:29:06 WARN fetch match stats failed match_id=4ef7415a-eddd-4758-9823-75baa43cec0d err="fetch match stats 4ef7415a-eddd-4758-9823-75baa43cec0d: doGet https://halostats.svc.halowaypoint.com/hi/players/xuid(0)/matches/4ef7415a-eddd-4758-9823-75baa43cec0d/stats: HTTP 404 (ressource absente)"
2026/04/21 12:29:07 WARN fetch match stats failed match_id=e822c3de-cb86-48b5-9909-4c0bc52676cf err="fetch match stats e822c3de-cb86-48b5-9909-4c0bc52676cf: doGet https://halostats.svc.halowaypoint.com/hi/players/xuid(0)/matches/e822c3de-cb86-48b5-9909-4c0bc52676cf/stats: HTTP 404 (ressource absente)"
2026/04/21 12:29:08 WARN fetch match stats failed match_id=5e121187-2687-4bb8-992f-5a548faf9622 err="fetch match stats 5e121187-2687-4bb8-992f-5a548faf9622: doGet https://halostats.svc.halowaypoint.com/hi/players/xuid(0)/matches/5e121187-2687-4bb8-992f-5a548faf9622/stats: HTTP 404 (ressource absente)"
2026/04/21 12:29:09 WARN fetch match stats failed match_id=4ba92d2c-f003-4ffb-b810-1f522b553cc7 err="fetch match stats 4ba92d2c-f003-4ffb-b810-1f522b553cc7: doGet https://halostats.svc.halowaypoint.com/hi/players/xuid(0)/matches/4ba92d2c-f003-4ffb-b810-1f522b553cc7/stats: HTTP 404 (ressource absente)"
2026/04/21 12:29:10 WARN fetch match stats failed match_id=9f9b19e5-5df4-4268-aa32-900a4fc6725a err="fetch match stats 9f9b19e5-5df4-4268-aa32-900a4fc6725a: doGet https://halostats.svc.halowaypoint.com/hi/players/xuid(0)/matches/9f9b19e5-5df4-4268-aa32-900a4fc6725a/stats: HTTP 404 (ressource absente)"
2026/04/21 12:29:11 WARN fetch match stats failed match_id=3277e050-dcfc-4bed-a6c5-8d23f727ca15 err="fetch match stats 3277e050-dcfc-4bed-a6c5-8d23f727ca15: doGet https://halostats.svc.halowaypoint.com/hi/players/xuid(0)/matches/3277e050-dcfc-4bed-a6c5-8d23f727ca15/stats: HTTP 404 (ressource absente)"
2026/04/21 12:29:12 WARN fetch match stats failed match_id=8d4ec71f-92d9-4d8f-a41f-a383c46a5227 err="fetch match stats 8d4ec71f-92d9-4d8f-a41f-a383c46a5227: doGet https://halostats.svc.halowaypoint.com/hi/players/xuid(0)/matches/8d4ec71f-92d9-4d8f-a41f-a383c46a5227/stats: HTTP 404 (ressource absente)"
2026/04/21 12:29:13 WARN fetch match stats failed match_id=1eedd3c8-ad17-480e-b743-061e88a09bad err="fetch match stats 1eedd3c8-ad17-480e-b743-061e88a09bad: doGet https://halostats.svc.halowaypoint.com/hi/players/xuid(0)/matches/1eedd3c8-ad17-480e-b743-061e88a09bad/stats: HTTP 404 (ressource absente)"
2026/04/21 12:29:14 WARN fetch match stats failed match_id=0a247154-c9f8-462a-b363-794e1a3ee6b1 err="fetch match stats 0a247154-c9f8-462a-b363-794e1a3ee6b1: doGet https://halostats.svc.halowaypoint.com/hi/players/xuid(0)/matches/0a247154-c9f8-462a-b363-794e1a3ee6b1/stats: HTTP 404 (ressource absente)"
2026/04/21 12:29:15 WARN fetch match stats failed match_id=2000143c-03f7-442a-b9ce-f786a042ab79 err="fetch match stats 2000143c-03f7-442a-b9ce-f786a042ab79: doGet https://halostats.svc.halowaypoint.com/hi/players/xuid(0)/matches/2000143c-03f7-442a-b9ce-f786a042ab79/stats: HTTP 404 (ressource absente)"
2026/04/21 12:29:16 WARN fetch match stats failed match_id=7c562d68-1b74-4eb2-a0dc-64152ff49776 err="fetch match stats 7c562d68-1b74-4eb2-a0dc-64152ff49776: doGet https://halostats.svc.halowaypoint.com/hi/players/xuid(0)/matches/7c562d68-1b74-4eb2-a0dc-64152ff49776/stats: HTTP 404 (ressource absente)"
2026/04/21 12:29:17 WARN fetch match stats failed match_id=f5487fdb-75d8-4379-8a84-1c4cb0673616 err="fetch match stats f5487fdb-75d8-4379-8a84-1c4cb0673616: doGet https://halostats.svc.halowaypoint.com/hi/players/xuid(0)/matches/f5487fdb-75d8-4379-8a84-1c4cb0673616/stats: HTTP 404 (ressource absente)"
2026/04/21 12:29:18 WARN fetch match stats failed match_id=ad2968c9-546d-40bc-8204-64631347aec6 err="fetch match stats ad2968c9-546d-40bc-8204-64631347aec6: doGet https://halostats.svc.halowaypoint.com/hi/players/xuid(0)/matches/ad2968c9-546d-40bc-8204-64631347aec6/stats: HTTP 404 (ressource absente)"
2026/04/21 12:29:19 WARN fetch match stats failed match_id=88b6090b-cf93-4c62-be3a-18da608f2471 err="fetch match stats 88b6090b-cf93-4c62-be3a-18da608f2471: doGet https://halostats.svc.halowaypoint.com/hi/players/xuid(0)/matches/88b6090b-cf93-4c62-be3a-18da608f2471/stats: HTTP 404 (ressource absente)"
2026/04/21 12:29:20 WARN fetch match stats failed match_id=00761d27-487c-4d7d-ac4c-bf7584de652c err="fetch match stats 00761d27-487c-4d7d-ac4c-bf7584de652c: doGet https://halostats.svc.halowaypoint.com/hi/players/xuid(0)/matches/00761d27-487c-4d7d-ac4c-bf7584de652c/stats: HTTP 404 (ressource absente)"
2026/04/21 12:29:21 WARN fetch match stats failed match_id=92f18088-d0f8-4660-b09b-8246cf956719 err="fetch match stats 92f18088-d0f8-4660-b09b-8246cf956719: doGet https://halostats.svc.halowaypoint.com/hi/players/xuid(0)/matches/92f18088-d0f8-4660-b09b-8246cf956719/stats: HTTP 404 (ressource absente)"
2026/04/21 12:29:22 WARN fetch match stats failed match_id=be758198-f809-4728-ab2d-6617b8e97190 err="fetch match stats be758198-f809-4728-ab2d-6617b8e97190: doGet https://halostats.svc.halowaypoint.com/hi/players/xuid(0)/matches/be758198-f809-4728-ab2d-6617b8e97190/stats: HTTP 404 (ressource absente)"
2026/04/21 12:29:23 WARN fetch match stats failed match_id=24dbb67d-a7d8-4359-b319-bdf13959178d err="fetch match stats 24dbb67d-a7d8-4359-b319-bdf13959178d: doGet https://halostats.svc.halowaypoint.com/hi/players/xuid(0)/matches/24dbb67d-a7d8-4359-b319-bdf13959178d/stats: HTTP 404 (ressource absente)"
2026/04/21 12:29:24 WARN fetch match stats failed match_id=404f743e-e92b-444b-b688-b2b0bcd49b1e err="fetch match stats 404f743e-e92b-444b-b688-b2b0bcd49b1e: doGet https://halostats.svc.halowaypoint.com/hi/players/xuid(0)/matches/404f743e-e92b-444b-b688-b2b0bcd49b1e/stats: HTTP 404 (ressource absente)"
2026/04/21 12:29:25 WARN fetch match stats failed match_id=b429a7d3-5ba5-4342-8206-c3a9d862cf6f err="fetch match stats b429a7d3-5ba5-4342-8206-c3a9d862cf6f: doGet https://halostats.svc.halowaypoint.com/hi/players/xuid(0)/matches/b429a7d3-5ba5-4342-8206-c3a9d862cf6f/stats: HTTP 404 (ressource absente)"
2026/04/21 12:29:26 WARN fetch match stats failed match_id=a808c389-234c-4198-b1cb-1b11c76acc63 err="fetch match stats a808c389-234c-4198-b1cb-1b11c76acc63: doGet https://halostats.svc.halowaypoint.com/hi/players/xuid(0)/matches/a808c389-234c-4198-b1cb-1b11c76acc63/stats: HTTP 404 (ressource absente)"
2026/04/21 12:29:27 WARN fetch match stats failed match_id=00162144-fd65-4e5a-ba7a-8a121c53dafa err="fetch match stats 00162144-fd65-4e5a-ba7a-8a121c53dafa: doGet https://halostats.svc.halowaypoint.com/hi/players/xuid(0)/matches/00162144-fd65-4e5a-ba7a-8a121c53dafa/stats: HTTP 404 (ressource absente)"
2026/04/21 12:29:28 WARN fetch match stats failed match_id=e71ef7e9-ab84-4b0d-a2d2-4086282931a8 err="fetch match stats e71ef7e9-ab84-4b0d-a2d2-4086282931a8: doGet https://halostats.svc.halowaypoint.com/hi/players/xuid(0)/matches/e71ef7e9-ab84-4b0d-a2d2-4086282931a8/stats: HTTP 404 (ressource absente)"
2026/04/21 12:29:29 WARN fetch match stats failed match_id=50de9126-8357-42db-942c-1686755fbdd1 err="fetch match stats 50de9126-8357-42db-942c-1686755fbdd1: doGet https://halostats.svc.halowaypoint.com/hi/players/xuid(0)/matches/50de9126-8357-42db-942c-1686755fbdd1/stats: HTTP 404 (ressource absente)"
2026/04/21 12:29:30 WARN fetch match stats failed match_id=2f05dc98-472d-4087-9c60-8938d5fdef0a err="fetch match stats 2f05dc98-472d-4087-9c60-8938d5fdef0a: doGet https://halostats.svc.halowaypoint.com/hi/players/xuid(0)/matches/2f05dc98-472d-4087-9c60-8938d5fdef0a/stats: HTTP 404 (ressource absente)"
2026/04/21 12:29:31 WARN fetch match stats failed match_id=e82fcb32-f62c-4027-a2f5-3e6ece596c0c err="fetch match stats e82fcb32-f62c-4027-a2f5-3e6ece596c0c: doGet https://halostats.svc.halowaypoint.com/hi/players/xuid(0)/matches/e82fcb32-f62c-4027-a2f5-3e6ece596c0c/stats: HTTP 404 (ressource absente)"
2026/04/21 12:29:32 WARN fetch match stats failed match_id=e8351cdb-0f60-48f8-99fd-53d77f8406c7 err="fetch match stats e8351cdb-0f60-48f8-99fd-53d77f8406c7: doGet https://halostats.svc.halowaypoint.com/hi/players/xuid(0)/matches/e8351cdb-0f60-48f8-99fd-53d77f8406c7/stats: HTTP 404 (ressource absente)"
2026/04/21 12:29:32 INFO version_ids récupérés type=map covered=0 total=122
2026/04/21 12:29:32 INFO langue déjà complète type=map lang=en-US already=122
2026/04/21 12:29:32 INFO langue déjà complète type=map lang=fr-FR already=122
2026/04/21 12:29:32 INFO langue déjà complète type=map lang=de-DE already=122
2026/04/21 12:29:32 INFO langue déjà complète type=map lang=es-ES already=122
2026/04/21 12:29:32 INFO langue déjà complète type=map lang=es-MX already=122
2026/04/21 12:29:32 INFO langue déjà complète type=map lang=it-IT already=122
2026/04/21 12:29:32 INFO langue déjà complète type=map lang=ja-JP already=122
2026/04/21 12:29:32 INFO langue déjà complète type=map lang=ko-KR already=122
2026/04/21 12:29:32 INFO langue déjà complète type=map lang=pt-BR already=122
2026/04/21 12:29:32 INFO langue déjà complète type=map lang=zh-CN already=122
2026/04/21 12:29:32 INFO langue déjà complète type=map lang=zh-TW already=122
2026/04/21 12:29:32 INFO langue déjà complète type=map lang=nl-NL already=122
2026/04/21 12:29:32 INFO langue déjà complète type=map lang=pl-PL already=122
2026/04/21 12:29:32 INFO langue déjà complète type=map lang=ru-RU already=122
2026/04/21 12:29:32 INFO asset_type terminé type=map upserted=0
2026/04/21 12:29:32 INFO === RÉSUMÉ ===
2026/04/21 12:29:32 INFO total upserts type=map count=0
2026/04/21 12:29:32 INFO traductions en DB type=map counts="map[de-DE:122 en-US:122 es-ES:122 es-MX:122 fr-FR:122 it-IT:122 ja-JP:122 ko-KR:122 nl-NL:122 pl-PL:122 pt-BR:122 ru-RU:122 zh-CN:122 zh-TW:122]"
2026/04/21 12:29:32 INFO populate-assets: terminé avec succès
