=== RUN   TestEquipmentUsesPhase0
    equipment_uses_research_test.go:99: carte auto-detectee par signature [13 13 14] : cliffhanger
    equipment_uses_research_test.go:102: FILM 000d5950 · largeurs d'axe [13 13 14] · bornes MONDE (metres)
    equipment_uses_research_test.go:109: == D.0.1 VOLUMES == records delta ti=37 55488 · slots 960 · masque∋(un des 6) 1970 · marche ABOUTIE 1965 · CASSEE 5
    equipment_uses_research_test.go:109:   equipment-deployed-component                   masque    131 · LU    129 · porte fermee     0
    equipment_uses_research_test.go:109:   equipment-activated-component                  masque     62 · LU     62 · porte fermee    21
    equipment_uses_research_test.go:109:   equipment-creator-component                    masque     34 · LU     33 · porte fermee    10
    equipment_uses_research_test.go:109:   equipment-energy-component                     masque     50 · LU     48 · porte fermee     0
    equipment_uses_research_test.go:109:   equipment-energy-delay-ticks-left-component    masque    820 · LU    820 · porte fermee     0
    equipment_uses_research_test.go:109:   equipment-charges-remaining-component          masque    883 · LU    883 · porte fermee     0
    equipment_uses_research_test.go:109:   recensement brut au masque i26 : 820
    equipment_uses_research_test.go:109:   recensement brut au masque i27 : 883
    equipment_uses_research_test.go:109:   D.0.3 (alternative) i19 `item-ignore-player` annonce 59 fois — sa grammaire est R(1)[+R(5)] (components_world.go:124), soit 5 bits : la MEME forme que i23 `equipment-creator`, deja REFUTEE comme slot de bipede (0 valeur sur 1 328 dans la bande) ET comme index de joueur (28 valeurs distinctes sur un film a 8 joueurs). Sa VALEUR n'est pas lisible en phase 0 : le deser la jette, et poser un hook est de la plomberie (interdite ici, lecture seule)
    equipment_uses_research_test.go:110: == D.0.1 TRANSITIONS BRUTES (groupees par (slot, generation) SEULE — le comptage du lot 0, sur 1216 cles) ==
    equipment_uses_research_test.go:110:   equipment-energy-delay-ticks-left-component    126 transitions sur 172 paires consecutives · dont 103 en BAISSE
    equipment_uses_research_test.go:110:   equipment-charges-remaining-component          194 transitions sur 263 paires consecutives · dont 109 en BAISSE
    equipment_uses_research_test.go:117: == TEMOIN (c) PLANCHER DE BRUIT DE L'ANCRAGE == calibration 9/5 (21 accords contre 4 à 7/2 ; 77 ancres, 397 vies, 3 chunks) · vies 397 · ancres 6651 · acceptes 401 · CONFIRMES par l'oracle de position 295 (73.57 % des acceptes) · poses 295
    equipment_uses_research_test.go:117:   purete etablie de l'ancrage ti=37 en DELTA (hors de ce lot, ecrite au registre ECS) : 97,2 % de 628 368 echantillons i0 dans l'emprise des bipedes du meme film, 12 films sur 12 ; temoin d'ancrage a 1 slot (ti=4) : 98,7-99,8 % (lot C phase 1a). `ScanFilmEquipmentState` ne prend pas de bande en parametre : un tirage FANTOME du balayage d'etat exigerait de modifier du code de production, hors phase 0.
    equipment_uses_research_test.go:120: == D.0.1 DISTRIBUTION DES VALEURS TRANSMISES — REEL (lecture rattachee a une vie CONFIRMEE par l'oracle de position) contre FANTOME (aucune vie confirmee) ==
    equipment_uses_research_test.go:120:   REEL    equipment-charges-remaining-component     30 valeurs ·  17 distinctes · max  251 · 2:1 3:1 8:1 11:3 65:1 91:1 127:1 130:1 151:1 184:1 192:1 215:3 223:8 231:1 233:1 243:1 … 17 classes au total
    equipment_uses_research_test.go:120:   FANTOME equipment-charges-remaining-component    853 valeurs · 118 distinctes · max  255 · 0:20 1:12 2:9 3:17 5:1 8:8 9:3 11:2 16:5 18:2 19:1 22:17 24:1 26:1 27:5 32:27 … 118 classes au total
    equipment_uses_research_test.go:120:   REEL    equipment-energy-delay-ticks-left-component   328 valeurs ·  10 distinctes · max  973 · 0:261 1:57 18:2 68:1 90:1 96:1 174:1 260:2 950:1 973:1
    equipment_uses_research_test.go:120:   FANTOME equipment-energy-delay-ticks-left-component   492 valeurs · 141 distinctes · max 1023 · 0:8 1:1 2:1 4:3 8:2 10:1 11:1 14:1 15:3 16:1 18:1 19:1 20:1 25:2 33:2 36:2 … 141 classes au total
    equipment_uses_research_test.go:121: == JOINTURE == 295 vies d'objet IDENTIFIEES · 368 lectures rattachees
    equipment_uses_research_test.go:121:   grapple                 30 vies ·   5 portent i27 (9 lectures) ·  30 portent i26
    equipment_uses_research_test.go:121:   grenade_dynamo          29 vies ·   3 portent i27 (3 lectures) ·  29 portent i26
    equipment_uses_research_test.go:121:   grenade_frag            48 vies ·   3 portent i27 (3 lectures) ·  48 portent i26
    equipment_uses_research_test.go:121:   grenade_plasma          49 vies ·   3 portent i27 (3 lectures) ·  49 portent i26
    equipment_uses_research_test.go:121:   grenade_spike           59 vies ·   4 portent i27 (7 lectures) ·  59 portent i26
    equipment_uses_research_test.go:121:   sensor                  19 vies ·   0 portent i27 (0 lectures) ·   0 portent i26
    equipment_uses_research_test.go:121:   thruster                33 vies ·   3 portent i27 (3 lectures) ·  33 portent i26
    equipment_uses_research_test.go:121:   wall                    28 vies ·   2 portent i27 (2 lectures) ·  15 portent i26
    equipment_uses_research_test.go:131: == D.0.2 ORACLE GRAPPIN == i59 : 171851 records biped · masque∋i59 1342 · lus 1309 · tag==3 57 · corps casses 0 · EVENEMENTS 57 · USAGES (paires tir/accroche) 32
    equipment_uses_research_test.go:131:   IDENTITE : 30 objet(s) ti=37 de famille `grapple`, par GlobalID de tag `eqip` du record de CREATION (manifeste du titre, meme table que la production) : 0x8c77ffe7:30 vies
    equipment_uses_research_test.go:131:   canal i27 decroissance (prescrit)  1 signaux `grapple` · APPARIES 0/57 (0.0 %) -> SEUIL NON TENU · temoin (a) +7 s 0/57 (0.0 %) · temoin (b) autres familles 0/57 (0.0 %)
    equipment_uses_research_test.go:131:   pont par i27 decroissance (prescrit) 0 vies appariees · 0 attribuees (>= 2 evenements d'un meme slot) · 0 ambigues · COHERENCE 0/0 (non calculable) -> SEUIL NON TENU
    equipment_uses_research_test.go:131:   canal i26 hausse (repli prescrit)  2 signaux `grapple` · APPARIES 0/57 (0.0 %) -> SEUIL NON TENU · temoin (a) +7 s 0/57 (0.0 %) · temoin (b) autres familles 1/57 (1.8 %)
    equipment_uses_research_test.go:131:   pont par i26 hausse (repli prescrit) 0 vies appariees · 0 attribuees (>= 2 evenements d'un meme slot) · 0 ambigues · COHERENCE 0/0 (non calculable) -> SEUIL NON TENU
    equipment_uses_research_test.go:131:   canal naissance de l'objet (controle) 30 signaux `grapple` · APPARIES 8/57 (14.0 %) -> SEUIL NON TENU · temoin (a) +7 s 1/57 (1.8 %) · temoin (b) autres familles 9/57 (15.8 %)
    equipment_uses_research_test.go:131:   pont par naissance de l'objet (controle) 5 vies appariees · 3 attribuees (>= 2 evenements d'un meme slot) · 0 ambigues · COHERENCE 3/3 (100.0 %) -> SEUIL TENU
    equipment_uses_research_test.go:132: == D.0.4 GENERALISATION == decroissances de charge par vie d'objet et par famille
    equipment_uses_research_test.go:132:   grapple                 30 vies ·   1 avec >= 1 decroissance ·    1 decroissances · max/vie 1
    equipment_uses_research_test.go:132:   grenade_dynamo          29 vies ·   0 avec >= 1 decroissance ·    0 decroissances · max/vie 0
    equipment_uses_research_test.go:132:   grenade_frag            48 vies ·   0 avec >= 1 decroissance ·    0 decroissances · max/vie 0
    equipment_uses_research_test.go:132:   grenade_plasma          49 vies ·   0 avec >= 1 decroissance ·    0 decroissances · max/vie 0
    equipment_uses_research_test.go:132:   grenade_spike           59 vies ·   1 avec >= 1 decroissance ·    1 decroissances · max/vie 1
    equipment_uses_research_test.go:132:   sensor                  19 vies ·   0 avec >= 1 decroissance ·    0 decroissances · max/vie 0
    equipment_uses_research_test.go:132:   thruster                33 vies ·   0 avec >= 1 decroissance ·    0 decroissances · max/vie 0
    equipment_uses_research_test.go:132:   wall                    28 vies ·   0 avec >= 1 decroissance ·    0 decroissances · max/vie 0
    equipment_uses_research_test.go:132:   CONTROLE CROISE pose <-> decroissance de la meme famille (fenetre ± 500 ms, seuil 80 %) :
    equipment_uses_research_test.go:132:     grapple                0/30 (0.0 %) -> SEUIL NON TENU · temoin +7 s 0/30 (0.0 %)
    equipment_uses_research_test.go:132:     grenade_dynamo          29 poses · AUCUNE decroissance dans cette famille : non calculable
    equipment_uses_research_test.go:132:     grenade_frag            48 poses · AUCUNE decroissance dans cette famille : non calculable
    equipment_uses_research_test.go:132:     grenade_plasma          49 poses · AUCUNE decroissance dans cette famille : non calculable
    equipment_uses_research_test.go:132:     grenade_spike          0/59 (0.0 %) -> SEUIL NON TENU · temoin +7 s 0/59 (0.0 %)
    equipment_uses_research_test.go:132:     sensor                  19 poses · AUCUNE decroissance dans cette famille : non calculable
    equipment_uses_research_test.go:132:     thruster                33 poses · AUCUNE decroissance dans cette famille : non calculable
    equipment_uses_research_test.go:132:     wall                    28 poses · AUCUNE decroissance dans cette famille : non calculable
    equipment_uses_research_test.go:133: == D.0.4 RELATION i26 <-> DECROISSANCE DE CHARGE == 0/2 (0.0 %) des decroissances sont accompagnees d'une HAUSSE d'i26 sur la MEME vie dans la fenetre ± 500 ms · 8 hausses d'i26 au total · 261 vies portent i26 sans aucune decroissance de charge
    equipment_uses_research_test.go:134: == D.0.4 POSES PAR POSEUR == 90 slots poseurs (VIES, pas joueurs) · 6 poses sans poseur a portee · total par famille : grapple:30 grenade_dynamo:29 grenade_frag:46 grenade_plasma:49 grenade_spike:57 sensor:19 thruster:31 wall:28
    equipment_uses_research_test.go:134:   mediane de poses par slot poseur : 3.0
    equipment_uses_research_test.go:135:   piece ecrite : C:\Users\Guillaume\Projects\LevelUp-wt-usages-film\.ai\V7.5\replay2d\registre_film\lotD\000d5950_vies.tsv
    equipment_uses_research_test.go:135:   piece ecrite : C:\Users\Guillaume\Projects\LevelUp-wt-usages-film\.ai\V7.5\replay2d\registre_film\lotD\000d5950_decroissances.tsv
--- PASS: TestEquipmentUsesPhase0 (38.86s)
PASS
