=== RUN   TestEquipmentUsesPhase0
    equipment_uses_research_test.go:99: signature [15 15 17] : 59 cartes candidates [944396dd-5661-4a16-b1d8-a6053f762c55 absolution banished narrows cliffside cole protocol command corpo credence critical dewpoint curfew dawnbreaker disciple domicile dredge dynasty ecotone elevation empyrean flood gulch fortitude fortress goliath high ground houseki insolence isolation kaiketsu kiken'na lattice merchant's square nadair nemesis obituary opulence origin outlook perilous pharaoh rat's nest refuge ronin salvation scarlett's landing shiro shogun smallhalla snowbound solitude solution starboard sylvanus takamanohara the pit threshold thunderhead urban raid vagabond vallaheim firefight warehouse] — bornes normalisees, poseur non mesurable (renseigner EQ_MAP pour trancher)
    equipment_uses_research_test.go:102: FILM 00162144 · largeurs d'axe [15 15 17] · bornes NORMALISEES [0,1]
    equipment_uses_research_test.go:109: == D.0.1 VOLUMES == records delta ti=37 53734 · slots 890 · masque∋(un des 6) 1426 · marche ABOUTIE 1415 · CASSEE 11
    equipment_uses_research_test.go:109:   equipment-deployed-component                   masque    182 · LU    180 · porte fermee     0
    equipment_uses_research_test.go:109:   equipment-activated-component                  masque     60 · LU     60 · porte fermee    25
    equipment_uses_research_test.go:109:   equipment-creator-component                    masque     17 · LU     17 · porte fermee    10
    equipment_uses_research_test.go:109:   equipment-energy-component                     masque    162 · LU    162 · porte fermee     0
    equipment_uses_research_test.go:109:   equipment-energy-delay-ticks-left-component    masque    498 · LU    494 · porte fermee     0
    equipment_uses_research_test.go:109:   equipment-charges-remaining-component          masque    517 · LU    512 · porte fermee     0
    equipment_uses_research_test.go:109:   recensement brut au masque i26 : 498
    equipment_uses_research_test.go:109:   recensement brut au masque i27 : 517
    equipment_uses_research_test.go:109:   D.0.3 (alternative) i19 `item-ignore-player` annonce 73 fois — sa grammaire est R(1)[+R(5)] (components_world.go:124), soit 5 bits : la MEME forme que i23 `equipment-creator`, deja REFUTEE comme slot de bipede (0 valeur sur 1 328 dans la bande) ET comme index de joueur (28 valeurs distinctes sur un film a 8 joueurs). Sa VALEUR n'est pas lisible en phase 0 : le deser la jette, et poser un hook est de la plomberie (interdite ici, lecture seule)
    equipment_uses_research_test.go:110: == D.0.1 TRANSITIONS BRUTES (groupees par (slot, generation) SEULE — le comptage du lot 0, sur 848 cles) ==
    equipment_uses_research_test.go:110:   equipment-energy-delay-ticks-left-component    38 transitions sur 68 paires consecutives · dont 22 en BAISSE
    equipment_uses_research_test.go:110:   equipment-charges-remaining-component          71 transitions sur 121 paires consecutives · dont 40 en BAISSE
    equipment_uses_research_test.go:117: == TEMOIN (c) PLANCHER DE BRUIT DE L'ANCRAGE == calibration 9/5 (15 accords contre 0 à 0/0 ; 32 ancres, 295 vies, 3 chunks) · vies 295 · ancres 6685 · acceptes 377 · CONFIRMES par l'oracle de position 181 (48.01 % des acceptes) · poses 181
    equipment_uses_research_test.go:117:   purete etablie de l'ancrage ti=37 en DELTA (hors de ce lot, ecrite au registre ECS) : 97,2 % de 628 368 echantillons i0 dans l'emprise des bipedes du meme film, 12 films sur 12 ; temoin d'ancrage a 1 slot (ti=4) : 98,7-99,8 % (lot C phase 1a). `ScanFilmEquipmentState` ne prend pas de bande en parametre : un tirage FANTOME du balayage d'etat exigerait de modifier du code de production, hors phase 0.
    equipment_uses_research_test.go:120: == D.0.1 DISTRIBUTION DES VALEURS TRANSMISES — REEL (lecture rattachee a une vie CONFIRMEE par l'oracle de position) contre FANTOME (aucune vie confirmee) ==
    equipment_uses_research_test.go:120:   REEL    equipment-charges-remaining-component      8 valeurs ·   8 distinctes · max  248 · 2:1 8:1 45:1 91:1 215:1 223:1 247:1 248:1
    equipment_uses_research_test.go:120:   FANTOME equipment-charges-remaining-component    504 valeurs ·  74 distinctes · max  255 · 0:17 1:1 2:29 3:16 4:6 5:3 6:2 7:9 8:4 9:1 10:1 15:2 16:1 19:2 20:1 22:16 … 74 classes au total
    equipment_uses_research_test.go:120:   REEL    equipment-energy-delay-ticks-left-component   172 valeurs ·   6 distinctes · max  975 · 0:161 1:7 104:1 203:1 894:1 975:1
    equipment_uses_research_test.go:120:   FANTOME equipment-energy-delay-ticks-left-component   322 valeurs ·  82 distinctes · max 1023 · 0:5 2:1 4:1 11:17 15:1 17:1 32:4 36:1 73:1 90:2 91:13 95:1 104:1 130:1 132:1 144:1 … 82 classes au total
    equipment_uses_research_test.go:121: == JOINTURE == 181 vies d'objet IDENTIFIEES · 189 lectures rattachees
    equipment_uses_research_test.go:121:   grapple                  9 vies ·   0 portent i27 (0 lectures) ·   9 portent i26
    equipment_uses_research_test.go:121:   grenade_frag           107 vies ·   6 portent i27 (6 lectures) · 107 portent i26
    equipment_uses_research_test.go:121:   grenade_plasma          30 vies ·   2 portent i27 (2 lectures) ·  30 portent i26
    equipment_uses_research_test.go:121:   grenade_spike            5 vies ·   0 portent i27 (0 lectures) ·   5 portent i26
    equipment_uses_research_test.go:121:   other                    9 vies ·   0 portent i27 (0 lectures) ·   0 portent i26
    equipment_uses_research_test.go:121:   powerup_overshield       1 vies ·   0 portent i27 (0 lectures) ·   0 portent i26
    equipment_uses_research_test.go:121:   wall                    20 vies ·   0 portent i27 (0 lectures) ·  10 portent i26
    equipment_uses_research_test.go:131: == D.0.2 ORACLE GRAPPIN == i59 : 141051 records biped · masque∋i59 769 · lus 761 · tag==3 6 · corps casses 0 · EVENEMENTS 6 · USAGES (paires tir/accroche) 3
    equipment_uses_research_test.go:131:   IDENTITE : 9 objet(s) ti=37 de famille `grapple`, par GlobalID de tag `eqip` du record de CREATION (manifeste du titre, meme table que la production) : 0x273fe0eb:9 vies
    equipment_uses_research_test.go:131:   canal i27 decroissance (prescrit)  0 signaux `grapple` · APPARIES 0/6 (0.0 %) -> SEUIL NON TENU · temoin (a) +7 s 0/6 (0.0 %) · temoin (b) autres familles 0/6 (0.0 %)
    equipment_uses_research_test.go:131:   pont par i27 decroissance (prescrit) 0 vies appariees · 0 attribuees (>= 2 evenements d'un meme slot) · 0 ambigues · COHERENCE 0/0 (non calculable) -> SEUIL NON TENU
    equipment_uses_research_test.go:131:   canal i26 hausse (repli prescrit)  0 signaux `grapple` · APPARIES 0/6 (0.0 %) -> SEUIL NON TENU · temoin (a) +7 s 0/6 (0.0 %) · temoin (b) autres familles 0/6 (0.0 %)
    equipment_uses_research_test.go:131:   pont par i26 hausse (repli prescrit) 0 vies appariees · 0 attribuees (>= 2 evenements d'un meme slot) · 0 ambigues · COHERENCE 0/0 (non calculable) -> SEUIL NON TENU
    equipment_uses_research_test.go:131:   canal naissance de l'objet (controle) 9 signaux `grapple` · APPARIES 0/6 (0.0 %) -> SEUIL NON TENU · temoin (a) +7 s 0/6 (0.0 %) · temoin (b) autres familles 0/6 (0.0 %)
    equipment_uses_research_test.go:131:   pont par naissance de l'objet (controle) 0 vies appariees · 0 attribuees (>= 2 evenements d'un meme slot) · 0 ambigues · COHERENCE 0/0 (non calculable) -> SEUIL NON TENU
    equipment_uses_research_test.go:132: == D.0.4 GENERALISATION == decroissances de charge par vie d'objet et par famille
    equipment_uses_research_test.go:132:   grapple                  9 vies ·   0 avec >= 1 decroissance ·    0 decroissances · max/vie 0
    equipment_uses_research_test.go:132:   grenade_frag           107 vies ·   0 avec >= 1 decroissance ·    0 decroissances · max/vie 0
    equipment_uses_research_test.go:132:   grenade_plasma          30 vies ·   0 avec >= 1 decroissance ·    0 decroissances · max/vie 0
    equipment_uses_research_test.go:132:   grenade_spike            5 vies ·   0 avec >= 1 decroissance ·    0 decroissances · max/vie 0
    equipment_uses_research_test.go:132:   other                    9 vies ·   0 avec >= 1 decroissance ·    0 decroissances · max/vie 0
    equipment_uses_research_test.go:132:   powerup_overshield       1 vies ·   0 avec >= 1 decroissance ·    0 decroissances · max/vie 0
    equipment_uses_research_test.go:132:   wall                    20 vies ·   0 avec >= 1 decroissance ·    0 decroissances · max/vie 0
    equipment_uses_research_test.go:132:   CONTROLE CROISE pose <-> decroissance de la meme famille (fenetre ± 500 ms, seuil 80 %) :
    equipment_uses_research_test.go:132:     grapple                  9 poses · AUCUNE decroissance dans cette famille : non calculable
    equipment_uses_research_test.go:132:     grenade_frag           107 poses · AUCUNE decroissance dans cette famille : non calculable
    equipment_uses_research_test.go:132:     grenade_plasma          30 poses · AUCUNE decroissance dans cette famille : non calculable
    equipment_uses_research_test.go:132:     grenade_spike            5 poses · AUCUNE decroissance dans cette famille : non calculable
    equipment_uses_research_test.go:132:     other                    9 poses · AUCUNE decroissance dans cette famille : non calculable
    equipment_uses_research_test.go:132:     powerup_overshield       1 poses · AUCUNE decroissance dans cette famille : non calculable
    equipment_uses_research_test.go:132:     wall                    20 poses · AUCUNE decroissance dans cette famille : non calculable
    equipment_uses_research_test.go:133: == D.0.4 RELATION i26 <-> DECROISSANCE DE CHARGE == 0/0 (non calculable) des decroissances sont accompagnees d'une HAUSSE d'i26 sur la MEME vie dans la fenetre ± 500 ms · 3 hausses d'i26 au total · 161 vies portent i26 sans aucune decroissance de charge
    equipment_uses_research_test.go:134: == D.0.4 POSES PAR POSEUR == NON CALCULABLE : le poseur (`equipmentOwner`, seuil de proximite en METRES) exige les bornes de la carte. Renseigner EQ_BOUNDS (et EQ_MAP si la signature de largeurs est ambigue).
    equipment_uses_research_test.go:135:   piece ecrite : C:\Users\Guillaume\Projects\LevelUp-wt-usages-film\.ai\V7.5\replay2d\registre_film\lotD\00162144_vies.tsv
    equipment_uses_research_test.go:135:   piece ecrite : C:\Users\Guillaume\Projects\LevelUp-wt-usages-film\.ai\V7.5\replay2d\registre_film\lotD\00162144_decroissances.tsv
--- PASS: TestEquipmentUsesPhase0 (72.47s)
PASS
