=== RUN   TestEquipmentUsesPhase0
    equipment_uses_research_test.go:99: signature [15 15 17] : 59 cartes candidates [944396dd-5661-4a16-b1d8-a6053f762c55 absolution banished narrows cliffside cole protocol command corpo credence critical dewpoint curfew dawnbreaker disciple domicile dredge dynasty ecotone elevation empyrean flood gulch fortitude fortress goliath high ground houseki insolence isolation kaiketsu kiken'na lattice merchant's square nadair nemesis obituary opulence origin outlook perilous pharaoh rat's nest refuge ronin salvation scarlett's landing shiro shogun smallhalla snowbound solitude solution starboard sylvanus takamanohara the pit threshold thunderhead urban raid vagabond vallaheim firefight warehouse] — bornes normalisees, poseur non mesurable (renseigner EQ_MAP pour trancher)
    equipment_uses_research_test.go:102: FILM 02784ce1 · largeurs d'axe [15 15 17] · bornes NORMALISEES [0,1]
    equipment_uses_research_test.go:109: == D.0.1 VOLUMES == records delta ti=37 59254 · slots 902 · masque∋(un des 6) 2211 · marche ABOUTIE 2207 · CASSEE 4
    equipment_uses_research_test.go:109:   equipment-deployed-component                   masque    128 · LU    127 · porte fermee     0
    equipment_uses_research_test.go:109:   equipment-activated-component                  masque     60 · LU     59 · porte fermee    32
    equipment_uses_research_test.go:109:   equipment-creator-component                    masque     35 · LU     35 · porte fermee    13
    equipment_uses_research_test.go:109:   equipment-energy-component                     masque     47 · LU     45 · porte fermee     0
    equipment_uses_research_test.go:109:   equipment-energy-delay-ticks-left-component    masque    908 · LU    908 · porte fermee     0
    equipment_uses_research_test.go:109:   equipment-charges-remaining-component          masque   1045 · LU   1045 · porte fermee     0
    equipment_uses_research_test.go:109:   recensement brut au masque i26 : 908
    equipment_uses_research_test.go:109:   recensement brut au masque i27 : 1045
    equipment_uses_research_test.go:109:   D.0.3 (alternative) i19 `item-ignore-player` annonce 79 fois — sa grammaire est R(1)[+R(5)] (components_world.go:124), soit 5 bits : la MEME forme que i23 `equipment-creator`, deja REFUTEE comme slot de bipede (0 valeur sur 1 328 dans la bande) ET comme index de joueur (28 valeurs distinctes sur un film a 8 joueurs). Sa VALEUR n'est pas lisible en phase 0 : le deser la jette, et poser un hook est de la plomberie (interdite ici, lecture seule)
    equipment_uses_research_test.go:110: == D.0.1 TRANSITIONS BRUTES (groupees par (slot, generation) SEULE — le comptage du lot 0, sur 1405 cles) ==
    equipment_uses_research_test.go:110:   equipment-energy-delay-ticks-left-component    106 transitions sur 213 paires consecutives · dont 66 en BAISSE
    equipment_uses_research_test.go:110:   equipment-charges-remaining-component          177 transitions sur 237 paires consecutives · dont 91 en BAISSE
    equipment_uses_research_test.go:117: == TEMOIN (c) PLANCHER DE BRUIT DE L'ANCRAGE == calibration 9/5 (12 accords contre 0 à 0/0 ; 48 ancres, 308 vies, 4 chunks) · vies 308 · ancres 8354 · acceptes 426 · CONFIRMES par l'oracle de position 175 (41.08 % des acceptes) · poses 175
    equipment_uses_research_test.go:117:   purete etablie de l'ancrage ti=37 en DELTA (hors de ce lot, ecrite au registre ECS) : 97,2 % de 628 368 echantillons i0 dans l'emprise des bipedes du meme film, 12 films sur 12 ; temoin d'ancrage a 1 slot (ti=4) : 98,7-99,8 % (lot C phase 1a). `ScanFilmEquipmentState` ne prend pas de bande en parametre : un tirage FANTOME du balayage d'etat exigerait de modifier du code de production, hors phase 0.
    equipment_uses_research_test.go:120: == D.0.1 DISTRIBUTION DES VALEURS TRANSMISES — REEL (lecture rattachee a une vie CONFIRMEE par l'oracle de position) contre FANTOME (aucune vie confirmee) ==
    equipment_uses_research_test.go:120:   REEL    equipment-charges-remaining-component     11 valeurs ·   8 distinctes · max  243 · 2:1 7:1 22:1 45:1 91:1 208:3 223:1 243:2
    equipment_uses_research_test.go:120:   FANTOME equipment-charges-remaining-component   1034 valeurs · 135 distinctes · max  255 · 0:3 1:5 2:15 3:15 4:16 5:5 6:4 7:2 8:3 10:1 11:2 13:1 14:1 15:3 16:3 18:1 … 135 classes au total
    equipment_uses_research_test.go:120:   REEL    equipment-energy-delay-ticks-left-component   217 valeurs ·  14 distinctes · max  970 · 0:171 1:30 11:1 15:1 18:4 223:1 255:1 367:1 833:2 842:1 882:1 894:1 945:1 970:1
    equipment_uses_research_test.go:120:   FANTOME equipment-energy-delay-ticks-left-component   691 valeurs · 183 distinctes · max 1023 · 2:1 4:3 5:1 6:1 9:1 10:2 11:27 12:1 13:1 15:18 16:1 19:4 21:2 32:1 33:1 37:1 … 183 classes au total
    equipment_uses_research_test.go:121: == JOINTURE == 175 vies d'objet IDENTIFIEES · 235 lectures rattachees
    equipment_uses_research_test.go:121:   grapple                 33 vies ·   1 portent i27 (1 lectures) ·  33 portent i26
    equipment_uses_research_test.go:121:   grenade_dynamo          17 vies ·   1 portent i27 (1 lectures) ·  17 portent i26
    equipment_uses_research_test.go:121:   grenade_frag           110 vies ·   6 portent i27 (8 lectures) · 110 portent i26
    equipment_uses_research_test.go:121:   grenade_plasma          13 vies ·   1 portent i27 (1 lectures) ·  13 portent i26
    equipment_uses_research_test.go:121:   grenade_spike            2 vies ·   0 portent i27 (0 lectures) ·   2 portent i26
    equipment_uses_research_test.go:131: == D.0.2 ORACLE GRAPPIN == i59 : 282256 records biped · masque∋i59 2186 · lus 2125 · tag==3 109 · corps casses 6 · EVENEMENTS 103 · USAGES (paires tir/accroche) 58
    equipment_uses_research_test.go:131:   IDENTITE : 33 objet(s) ti=37 de famille `grapple`, par GlobalID de tag `eqip` du record de CREATION (manifeste du titre, meme table que la production) : 0x273fe0eb:33 vies
    equipment_uses_research_test.go:131:   canal i27 decroissance (prescrit)  0 signaux `grapple` · APPARIES 0/103 (0.0 %) -> SEUIL NON TENU · temoin (a) +7 s 0/103 (0.0 %) · temoin (b) autres familles 0/103 (0.0 %)
    equipment_uses_research_test.go:131:   pont par i27 decroissance (prescrit) 0 vies appariees · 0 attribuees (>= 2 evenements d'un meme slot) · 0 ambigues · COHERENCE 0/0 (non calculable) -> SEUIL NON TENU
    equipment_uses_research_test.go:131:   canal i26 hausse (repli prescrit)  2 signaux `grapple` · APPARIES 0/103 (0.0 %) -> SEUIL NON TENU · temoin (a) +7 s 0/103 (0.0 %) · temoin (b) autres familles 3/103 (2.9 %)
    equipment_uses_research_test.go:131:   pont par i26 hausse (repli prescrit) 0 vies appariees · 0 attribuees (>= 2 evenements d'un meme slot) · 0 ambigues · COHERENCE 0/0 (non calculable) -> SEUIL NON TENU
    equipment_uses_research_test.go:131:   canal naissance de l'objet (controle) 33 signaux `grapple` · APPARIES 4/103 (3.9 %) -> SEUIL NON TENU · temoin (a) +7 s 2/103 (1.9 %) · temoin (b) autres familles 3/103 (2.9 %)
    equipment_uses_research_test.go:131:   pont par naissance de l'objet (controle) 3 vies appariees · 1 attribuees (>= 2 evenements d'un meme slot) · 0 ambigues · COHERENCE 1/1 (100.0 %) -> SEUIL TENU
    equipment_uses_research_test.go:132: == D.0.4 GENERALISATION == decroissances de charge par vie d'objet et par famille
    equipment_uses_research_test.go:132:   grapple                 33 vies ·   0 avec >= 1 decroissance ·    0 decroissances · max/vie 0
    equipment_uses_research_test.go:132:   grenade_dynamo          17 vies ·   0 avec >= 1 decroissance ·    0 decroissances · max/vie 0
    equipment_uses_research_test.go:132:   grenade_frag           110 vies ·   2 avec >= 1 decroissance ·    2 decroissances · max/vie 1
    equipment_uses_research_test.go:132:   grenade_plasma          13 vies ·   0 avec >= 1 decroissance ·    0 decroissances · max/vie 0
    equipment_uses_research_test.go:132:   grenade_spike            2 vies ·   0 avec >= 1 decroissance ·    0 decroissances · max/vie 0
    equipment_uses_research_test.go:132:   CONTROLE CROISE pose <-> decroissance de la meme famille (fenetre ± 500 ms, seuil 80 %) :
    equipment_uses_research_test.go:132:     grapple                 33 poses · AUCUNE decroissance dans cette famille : non calculable
    equipment_uses_research_test.go:132:     grenade_dynamo          17 poses · AUCUNE decroissance dans cette famille : non calculable
    equipment_uses_research_test.go:132:     grenade_frag           1/110 (0.9 %) -> SEUIL NON TENU · temoin +7 s 0/110 (0.0 %)
    equipment_uses_research_test.go:132:     grenade_plasma          13 poses · AUCUNE decroissance dans cette famille : non calculable
    equipment_uses_research_test.go:132:     grenade_spike            2 poses · AUCUNE decroissance dans cette famille : non calculable
    equipment_uses_research_test.go:133: == D.0.4 RELATION i26 <-> DECROISSANCE DE CHARGE == 0/2 (0.0 %) des decroissances sont accompagnees d'une HAUSSE d'i26 sur la MEME vie dans la fenetre ± 500 ms · 11 hausses d'i26 au total · 173 vies portent i26 sans aucune decroissance de charge
    equipment_uses_research_test.go:134: == D.0.4 POSES PAR POSEUR == NON CALCULABLE : le poseur (`equipmentOwner`, seuil de proximite en METRES) exige les bornes de la carte. Renseigner EQ_BOUNDS (et EQ_MAP si la signature de largeurs est ambigue).
    equipment_uses_research_test.go:135:   piece ecrite : C:\Users\Guillaume\Projects\LevelUp-wt-usages-film\.ai\V7.5\replay2d\registre_film\lotD\02784ce1_vies.tsv
    equipment_uses_research_test.go:135:   piece ecrite : C:\Users\Guillaume\Projects\LevelUp-wt-usages-film\.ai\V7.5\replay2d\registre_film\lotD\02784ce1_decroissances.tsv
--- PASS: TestEquipmentUsesPhase0 (55.91s)
PASS
