=== RUN   TestEquipmentUsesPhase0
    equipment_uses_research_test.go:99: signature [15 15 17] : 59 cartes candidates [944396dd-5661-4a16-b1d8-a6053f762c55 absolution banished narrows cliffside cole protocol command corpo credence critical dewpoint curfew dawnbreaker disciple domicile dredge dynasty ecotone elevation empyrean flood gulch fortitude fortress goliath high ground houseki insolence isolation kaiketsu kiken'na lattice merchant's square nadair nemesis obituary opulence origin outlook perilous pharaoh rat's nest refuge ronin salvation scarlett's landing shiro shogun smallhalla snowbound solitude solution starboard sylvanus takamanohara the pit threshold thunderhead urban raid vagabond vallaheim firefight warehouse] — bornes normalisees, poseur non mesurable (renseigner EQ_MAP pour trancher)
    equipment_uses_research_test.go:102: FILM 696a9d7c · largeurs d'axe [15 15 17] · bornes NORMALISEES [0,1]
    equipment_uses_research_test.go:109: == D.0.1 VOLUMES == records delta ti=37 52234 · slots 1124 · masque∋(un des 6) 2011 · marche ABOUTIE 1999 · CASSEE 12
    equipment_uses_research_test.go:109:   equipment-deployed-component                   masque    226 · LU    224 · porte fermee     0
    equipment_uses_research_test.go:109:   equipment-activated-component                  masque    131 · LU    131 · porte fermee    80
    equipment_uses_research_test.go:109:   equipment-creator-component                    masque     65 · LU     64 · porte fermee    22
    equipment_uses_research_test.go:109:   equipment-energy-component                     masque    271 · LU    269 · porte fermee     0
    equipment_uses_research_test.go:109:   equipment-energy-delay-ticks-left-component    masque    678 · LU    674 · porte fermee     0
    equipment_uses_research_test.go:109:   equipment-charges-remaining-component          masque    658 · LU    655 · porte fermee     0
    equipment_uses_research_test.go:109:   recensement brut au masque i26 : 678
    equipment_uses_research_test.go:109:   recensement brut au masque i27 : 658
    equipment_uses_research_test.go:109:   D.0.3 (alternative) i19 `item-ignore-player` annonce 102 fois — sa grammaire est R(1)[+R(5)] (components_world.go:124), soit 5 bits : la MEME forme que i23 `equipment-creator`, deja REFUTEE comme slot de bipede (0 valeur sur 1 328 dans la bande) ET comme index de joueur (28 valeurs distinctes sur un film a 8 joueurs). Sa VALEUR n'est pas lisible en phase 0 : le deser la jette, et poser un hook est de la plomberie (interdite ici, lecture seule)
    equipment_uses_research_test.go:110: == D.0.1 TRANSITIONS BRUTES (groupees par (slot, generation) SEULE — le comptage du lot 0, sur 1064 cles) ==
    equipment_uses_research_test.go:110:   equipment-energy-delay-ticks-left-component    100 transitions sur 160 paires consecutives · dont 57 en BAISSE
    equipment_uses_research_test.go:110:   equipment-charges-remaining-component          72 transitions sur 153 paires consecutives · dont 37 en BAISSE
    equipment_uses_research_test.go:117: == TEMOIN (c) PLANCHER DE BRUIT DE L'ANCRAGE == calibration 9/5 (12 accords contre 3 à 5/4 ; 79 ancres, 400 vies, 4 chunks) · vies 400 · ancres 7082 · acceptes 379 · CONFIRMES par l'oracle de position 172 (45.38 % des acceptes) · poses 172
    equipment_uses_research_test.go:117:   purete etablie de l'ancrage ti=37 en DELTA (hors de ce lot, ecrite au registre ECS) : 97,2 % de 628 368 echantillons i0 dans l'emprise des bipedes du meme film, 12 films sur 12 ; temoin d'ancrage a 1 slot (ti=4) : 98,7-99,8 % (lot C phase 1a). `ScanFilmEquipmentState` ne prend pas de bande en parametre : un tirage FANTOME du balayage d'etat exigerait de modifier du code de production, hors phase 0.
    equipment_uses_research_test.go:120: == D.0.1 DISTRIBUTION DES VALEURS TRANSMISES — REEL (lecture rattachee a une vie CONFIRMEE par l'oracle de position) contre FANTOME (aucune vie confirmee) ==
    equipment_uses_research_test.go:120:   REEL    equipment-charges-remaining-component      7 valeurs ·   6 distinctes · max  251 · 175:1 223:1 242:1 243:1 248:1 251:2
    equipment_uses_research_test.go:120:   FANTOME equipment-charges-remaining-component    648 valeurs · 120 distinctes · max  255 · 0:5 2:1 3:2 4:1 5:1 6:5 7:1 9:1 10:1 12:1 13:2 14:1 17:2 18:1 19:1 20:2 … 120 classes au total
    equipment_uses_research_test.go:120:   REEL    equipment-energy-delay-ticks-left-component   168 valeurs ·   8 distinctes · max  991 · 0:155 1:7 18:1 597:1 894:1 984:1 985:1 991:1
    equipment_uses_research_test.go:120:   FANTOME equipment-energy-delay-ticks-left-component   506 valeurs · 180 distinctes · max 1023 · 0:6 8:1 11:13 12:1 22:1 25:1 31:1 34:1 47:1 66:3 68:1 78:1 81:1 86:1 87:3 91:4 … 180 classes au total
    equipment_uses_research_test.go:121: == JOINTURE == 172 vies d'objet IDENTIFIEES · 187 lectures rattachees
    equipment_uses_research_test.go:121:   grapple                  8 vies ·   1 portent i27 (1 lectures) ·   8 portent i26
    equipment_uses_research_test.go:121:   grenade_frag           115 vies ·   5 portent i27 (5 lectures) · 115 portent i26
    equipment_uses_research_test.go:121:   grenade_plasma          24 vies ·   0 portent i27 (0 lectures) ·  23 portent i26
    equipment_uses_research_test.go:121:   grenade_spike            3 vies ·   0 portent i27 (0 lectures) ·   3 portent i26
    equipment_uses_research_test.go:121:   powerup_camo             1 vies ·   0 portent i27 (0 lectures) ·   1 portent i26
    equipment_uses_research_test.go:121:   sensor                   8 vies ·   1 portent i27 (1 lectures) ·   0 portent i26
    equipment_uses_research_test.go:121:   wall                    13 vies ·   0 portent i27 (0 lectures) ·   7 portent i26
    equipment_uses_research_test.go:131: == D.0.2 ORACLE GRAPPIN == i59 : 183513 records biped · masque∋i59 1450 · lus 1434 · tag==3 31 · corps casses 2 · EVENEMENTS 29 · USAGES (paires tir/accroche) 16
    equipment_uses_research_test.go:131:   IDENTITE : 8 objet(s) ti=37 de famille `grapple`, par GlobalID de tag `eqip` du record de CREATION (manifeste du titre, meme table que la production) : 0x273fe0eb:8 vies
    equipment_uses_research_test.go:131:   canal i27 decroissance (prescrit)  0 signaux `grapple` · APPARIES 0/29 (0.0 %) -> SEUIL NON TENU · temoin (a) +7 s 0/29 (0.0 %) · temoin (b) autres familles 0/29 (0.0 %)
    equipment_uses_research_test.go:131:   pont par i27 decroissance (prescrit) 0 vies appariees · 0 attribuees (>= 2 evenements d'un meme slot) · 0 ambigues · COHERENCE 0/0 (non calculable) -> SEUIL NON TENU
    equipment_uses_research_test.go:131:   canal i26 hausse (repli prescrit)  0 signaux `grapple` · APPARIES 0/29 (0.0 %) -> SEUIL NON TENU · temoin (a) +7 s 0/29 (0.0 %) · temoin (b) autres familles 0/29 (0.0 %)
    equipment_uses_research_test.go:131:   pont par i26 hausse (repli prescrit) 0 vies appariees · 0 attribuees (>= 2 evenements d'un meme slot) · 0 ambigues · COHERENCE 0/0 (non calculable) -> SEUIL NON TENU
    equipment_uses_research_test.go:131:   canal naissance de l'objet (controle) 8 signaux `grapple` · APPARIES 0/29 (0.0 %) -> SEUIL NON TENU · temoin (a) +7 s 2/29 (6.9 %) · temoin (b) autres familles 4/29 (13.8 %)
    equipment_uses_research_test.go:131:   pont par naissance de l'objet (controle) 0 vies appariees · 0 attribuees (>= 2 evenements d'un meme slot) · 0 ambigues · COHERENCE 0/0 (non calculable) -> SEUIL NON TENU
    equipment_uses_research_test.go:132: == D.0.4 GENERALISATION == decroissances de charge par vie d'objet et par famille
    equipment_uses_research_test.go:132:   grapple                  8 vies ·   0 avec >= 1 decroissance ·    0 decroissances · max/vie 0
    equipment_uses_research_test.go:132:   grenade_frag           115 vies ·   0 avec >= 1 decroissance ·    0 decroissances · max/vie 0
    equipment_uses_research_test.go:132:   grenade_plasma          24 vies ·   0 avec >= 1 decroissance ·    0 decroissances · max/vie 0
    equipment_uses_research_test.go:132:   grenade_spike            3 vies ·   0 avec >= 1 decroissance ·    0 decroissances · max/vie 0
    equipment_uses_research_test.go:132:   powerup_camo             1 vies ·   0 avec >= 1 decroissance ·    0 decroissances · max/vie 0
    equipment_uses_research_test.go:132:   sensor                   8 vies ·   0 avec >= 1 decroissance ·    0 decroissances · max/vie 0
    equipment_uses_research_test.go:132:   wall                    13 vies ·   0 avec >= 1 decroissance ·    0 decroissances · max/vie 0
    equipment_uses_research_test.go:132:   CONTROLE CROISE pose <-> decroissance de la meme famille (fenetre ± 500 ms, seuil 80 %) :
    equipment_uses_research_test.go:132:     grapple                  8 poses · AUCUNE decroissance dans cette famille : non calculable
    equipment_uses_research_test.go:132:     grenade_frag           115 poses · AUCUNE decroissance dans cette famille : non calculable
    equipment_uses_research_test.go:132:     grenade_plasma          24 poses · AUCUNE decroissance dans cette famille : non calculable
    equipment_uses_research_test.go:132:     grenade_spike            3 poses · AUCUNE decroissance dans cette famille : non calculable
    equipment_uses_research_test.go:132:     powerup_camo             1 poses · AUCUNE decroissance dans cette famille : non calculable
    equipment_uses_research_test.go:132:     sensor                   8 poses · AUCUNE decroissance dans cette famille : non calculable
    equipment_uses_research_test.go:132:     wall                    13 poses · AUCUNE decroissance dans cette famille : non calculable
    equipment_uses_research_test.go:133: == D.0.4 RELATION i26 <-> DECROISSANCE DE CHARGE == 0/0 (non calculable) des decroissances sont accompagnees d'une HAUSSE d'i26 sur la MEME vie dans la fenetre ± 500 ms · 3 hausses d'i26 au total · 157 vies portent i26 sans aucune decroissance de charge
    equipment_uses_research_test.go:134: == D.0.4 POSES PAR POSEUR == NON CALCULABLE : le poseur (`equipmentOwner`, seuil de proximite en METRES) exige les bornes de la carte. Renseigner EQ_BOUNDS (et EQ_MAP si la signature de largeurs est ambigue).
    equipment_uses_research_test.go:135:   piece ecrite : C:\Users\Guillaume\Projects\LevelUp-wt-usages-film\.ai\V7.5\replay2d\registre_film\lotD\696a9d7c_vies.tsv
    equipment_uses_research_test.go:135:   piece ecrite : C:\Users\Guillaume\Projects\LevelUp-wt-usages-film\.ai\V7.5\replay2d\registre_film\lotD\696a9d7c_decroissances.tsv
--- PASS: TestEquipmentUsesPhase0 (55.79s)
PASS
