=== RUN   TestEquipmentUsesPhase0
    equipment_uses_research_test.go:99: signature [15 15 17] : 59 cartes candidates [944396dd-5661-4a16-b1d8-a6053f762c55 absolution banished narrows cliffside cole protocol command corpo credence critical dewpoint curfew dawnbreaker disciple domicile dredge dynasty ecotone elevation empyrean flood gulch fortitude fortress goliath high ground houseki insolence isolation kaiketsu kiken'na lattice merchant's square nadair nemesis obituary opulence origin outlook perilous pharaoh rat's nest refuge ronin salvation scarlett's landing shiro shogun smallhalla snowbound solitude solution starboard sylvanus takamanohara the pit threshold thunderhead urban raid vagabond vallaheim firefight warehouse] — bornes normalisees, poseur non mesurable (renseigner EQ_MAP pour trancher)
    equipment_uses_research_test.go:102: FILM 8076f97f · largeurs d'axe [15 15 17] · bornes NORMALISEES [0,1]
    equipment_uses_research_test.go:109: == D.0.1 VOLUMES == records delta ti=37 30620 · slots 605 · masque∋(un des 6) 794 · marche ABOUTIE 792 · CASSEE 2
    equipment_uses_research_test.go:109:   equipment-deployed-component                   masque     60 · LU     59 · porte fermee     0
    equipment_uses_research_test.go:109:   equipment-activated-component                  masque     45 · LU     45 · porte fermee    23
    equipment_uses_research_test.go:109:   equipment-creator-component                    masque     24 · LU     24 · porte fermee     8
    equipment_uses_research_test.go:109:   equipment-energy-component                     masque    123 · LU    123 · porte fermee     0
    equipment_uses_research_test.go:109:   equipment-energy-delay-ticks-left-component    masque    201 · LU    201 · porte fermee     0
    equipment_uses_research_test.go:109:   equipment-charges-remaining-component          masque    349 · LU    348 · porte fermee     0
    equipment_uses_research_test.go:109:   recensement brut au masque i26 : 201
    equipment_uses_research_test.go:109:   recensement brut au masque i27 : 349
    equipment_uses_research_test.go:109:   D.0.3 (alternative) i19 `item-ignore-player` annonce 33 fois — sa grammaire est R(1)[+R(5)] (components_world.go:124), soit 5 bits : la MEME forme que i23 `equipment-creator`, deja REFUTEE comme slot de bipede (0 valeur sur 1 328 dans la bande) ET comme index de joueur (28 valeurs distinctes sur un film a 8 joueurs). Sa VALEUR n'est pas lisible en phase 0 : le deser la jette, et poser un hook est de la plomberie (interdite ici, lecture seule)
    equipment_uses_research_test.go:110: == D.0.1 TRANSITIONS BRUTES (groupees par (slot, generation) SEULE — le comptage du lot 0, sur 548 cles) ==
    equipment_uses_research_test.go:110:   equipment-energy-delay-ticks-left-component    11 transitions sur 20 paires consecutives · dont 3 en BAISSE
    equipment_uses_research_test.go:110:   equipment-charges-remaining-component          34 transitions sur 45 paires consecutives · dont 16 en BAISSE
    equipment_uses_research_test.go:117: == TEMOIN (c) PLANCHER DE BRUIT DE L'ANCRAGE == calibration 9/5 (17 accords contre 1 à 5/4 ; 38 ancres, 210 vies, 4 chunks) · vies 210 · ancres 1985 · acceptes 181 · CONFIRMES par l'oracle de position 108 (59.67 % des acceptes) · poses 108
    equipment_uses_research_test.go:117:   purete etablie de l'ancrage ti=37 en DELTA (hors de ce lot, ecrite au registre ECS) : 97,2 % de 628 368 echantillons i0 dans l'emprise des bipedes du meme film, 12 films sur 12 ; temoin d'ancrage a 1 slot (ti=4) : 98,7-99,8 % (lot C phase 1a). `ScanFilmEquipmentState` ne prend pas de bande en parametre : un tirage FANTOME du balayage d'etat exigerait de modifier du code de production, hors phase 0.
    equipment_uses_research_test.go:120: == D.0.1 DISTRIBUTION DES VALEURS TRANSMISES — REEL (lecture rattachee a une vie CONFIRMEE par l'oracle de position) contre FANTOME (aucune vie confirmee) ==
    equipment_uses_research_test.go:120:   REEL    equipment-charges-remaining-component      5 valeurs ·   5 distinctes · max  244 · 80:1 179:1 238:1 243:1 244:1
    equipment_uses_research_test.go:120:   FANTOME equipment-charges-remaining-component    343 valeurs ·  74 distinctes · max  255 · 0:3 2:2 3:6 4:7 5:3 6:2 7:1 11:2 12:5 13:3 14:2 23:1 30:1 32:2 34:1 38:1 … 74 classes au total
    equipment_uses_research_test.go:120:   REEL    equipment-energy-delay-ticks-left-component   102 valeurs ·   6 distinctes · max 1007 · 0:95 1:2 803:1 960:1 974:1 1007:2
    equipment_uses_research_test.go:120:   FANTOME equipment-energy-delay-ticks-left-component    99 valeurs ·  51 distinctes · max 1007 · 0:2 20:1 67:1 139:1 192:1 200:1 286:1 361:1 367:6 463:1 488:2 573:1 623:1 650:1 661:1 665:1 … 51 classes au total
    equipment_uses_research_test.go:121: == JOINTURE == 108 vies d'objet IDENTIFIEES · 115 lectures rattachees
    equipment_uses_research_test.go:121:   grapple                  2 vies ·   0 portent i27 (0 lectures) ·   2 portent i26
    equipment_uses_research_test.go:121:   grenade_dynamo           4 vies ·   0 portent i27 (0 lectures) ·   4 portent i26
    equipment_uses_research_test.go:121:   grenade_frag            75 vies ·   3 portent i27 (3 lectures) ·  75 portent i26
    equipment_uses_research_test.go:121:   grenade_spike           10 vies ·   1 portent i27 (1 lectures) ·  10 portent i26
    equipment_uses_research_test.go:121:   powerup_overshield       1 vies ·   0 portent i27 (0 lectures) ·   0 portent i26
    equipment_uses_research_test.go:121:   wall                    16 vies ·   1 portent i27 (1 lectures) ·   4 portent i26
    equipment_uses_research_test.go:131: == D.0.2 ORACLE GRAPPIN == i59 : 102212 records biped · masque∋i59 776 · lus 776 · tag==3 0 · corps casses 0 · EVENEMENTS 0 · USAGES (paires tir/accroche) 0
    equipment_uses_research_test.go:131:   IDENTITE : 2 objet(s) ti=37 de famille `grapple`, par GlobalID de tag `eqip` du record de CREATION (manifeste du titre, meme table que la production) : 0x273fe0eb:2 vies
    equipment_uses_research_test.go:131:   canal i27 decroissance (prescrit)  0 signaux `grapple` · APPARIES 0/0 (non calculable) -> SEUIL NON TENU · temoin (a) +7 s 0/0 (non calculable) · temoin (b) autres familles 0/0 (non calculable)
    equipment_uses_research_test.go:131:   pont par i27 decroissance (prescrit) 0 vies appariees · 0 attribuees (>= 2 evenements d'un meme slot) · 0 ambigues · COHERENCE 0/0 (non calculable) -> SEUIL NON TENU
    equipment_uses_research_test.go:131:   canal i26 hausse (repli prescrit)  0 signaux `grapple` · APPARIES 0/0 (non calculable) -> SEUIL NON TENU · temoin (a) +7 s 0/0 (non calculable) · temoin (b) autres familles 0/0 (non calculable)
    equipment_uses_research_test.go:131:   pont par i26 hausse (repli prescrit) 0 vies appariees · 0 attribuees (>= 2 evenements d'un meme slot) · 0 ambigues · COHERENCE 0/0 (non calculable) -> SEUIL NON TENU
    equipment_uses_research_test.go:131:   canal naissance de l'objet (controle) 2 signaux `grapple` · APPARIES 0/0 (non calculable) -> SEUIL NON TENU · temoin (a) +7 s 0/0 (non calculable) · temoin (b) autres familles 0/0 (non calculable)
    equipment_uses_research_test.go:131:   pont par naissance de l'objet (controle) 0 vies appariees · 0 attribuees (>= 2 evenements d'un meme slot) · 0 ambigues · COHERENCE 0/0 (non calculable) -> SEUIL NON TENU
    equipment_uses_research_test.go:132: == D.0.4 GENERALISATION == decroissances de charge par vie d'objet et par famille
    equipment_uses_research_test.go:132:   grapple                  2 vies ·   0 avec >= 1 decroissance ·    0 decroissances · max/vie 0
    equipment_uses_research_test.go:132:   grenade_dynamo           4 vies ·   0 avec >= 1 decroissance ·    0 decroissances · max/vie 0
    equipment_uses_research_test.go:132:   grenade_frag            75 vies ·   0 avec >= 1 decroissance ·    0 decroissances · max/vie 0
    equipment_uses_research_test.go:132:   grenade_spike           10 vies ·   0 avec >= 1 decroissance ·    0 decroissances · max/vie 0
    equipment_uses_research_test.go:132:   powerup_overshield       1 vies ·   0 avec >= 1 decroissance ·    0 decroissances · max/vie 0
    equipment_uses_research_test.go:132:   wall                    16 vies ·   0 avec >= 1 decroissance ·    0 decroissances · max/vie 0
    equipment_uses_research_test.go:132:   CONTROLE CROISE pose <-> decroissance de la meme famille (fenetre ± 500 ms, seuil 80 %) :
    equipment_uses_research_test.go:132:     grapple                  2 poses · AUCUNE decroissance dans cette famille : non calculable
    equipment_uses_research_test.go:132:     grenade_dynamo           4 poses · AUCUNE decroissance dans cette famille : non calculable
    equipment_uses_research_test.go:132:     grenade_frag            75 poses · AUCUNE decroissance dans cette famille : non calculable
    equipment_uses_research_test.go:132:     grenade_spike           10 poses · AUCUNE decroissance dans cette famille : non calculable
    equipment_uses_research_test.go:132:     powerup_overshield       1 poses · AUCUNE decroissance dans cette famille : non calculable
    equipment_uses_research_test.go:132:     wall                    16 poses · AUCUNE decroissance dans cette famille : non calculable
    equipment_uses_research_test.go:133: == D.0.4 RELATION i26 <-> DECROISSANCE DE CHARGE == 0/0 (non calculable) des decroissances sont accompagnees d'une HAUSSE d'i26 sur la MEME vie dans la fenetre ± 500 ms · 4 hausses d'i26 au total · 95 vies portent i26 sans aucune decroissance de charge
    equipment_uses_research_test.go:134: == D.0.4 POSES PAR POSEUR == NON CALCULABLE : le poseur (`equipmentOwner`, seuil de proximite en METRES) exige les bornes de la carte. Renseigner EQ_BOUNDS (et EQ_MAP si la signature de largeurs est ambigue).
    equipment_uses_research_test.go:135:   piece ecrite : C:\Users\Guillaume\Projects\LevelUp-wt-usages-film\.ai\V7.5\replay2d\registre_film\lotD\8076f97f_vies.tsv
    equipment_uses_research_test.go:135:   piece ecrite : C:\Users\Guillaume\Projects\LevelUp-wt-usages-film\.ai\V7.5\replay2d\registre_film\lotD\8076f97f_decroissances.tsv
--- PASS: TestEquipmentUsesPhase0 (37.81s)
PASS
