// Vitest Snapshot v1, https://vitest.dev/guide/snapshot.html

exports[`palette "default" > snapshot stable — toute modification doit être intentionnelle 1`] = `
{
  "chart-series-1": "#93C5FD",
  "chart-series-2": "#6366F1",
  "chart-series-3": "#4F46E5",
  "chart-series-4": "#4338CA",
  "chart-series-5": "#3730A3",
  "chart-series-6": "#10B981",
  "chart-series-7": "#F59E0B",
  "chart-series-8": "#EC4899",
  "compare-a": "#818CF8",
  "compare-b": "#D97706",
  "destructive": "#EF4444",
  "divergent-neg": "#EF4444",
  "divergent-neutral": "#60A5FA",
  "divergent-pos": "#22C55E",
  "heatmap-cold": "#EF4444",
  "heatmap-divergent-high": "#00DC82",
  "heatmap-divergent-low": "#FF4B4B",
  "heatmap-hot": "#10B981",
  "info": "#3B82F6",
  "narrative-contre-remontada": "#33D6FF",
  "narrative-contre-remontada-text": "#082F49",
  "narrative-debacle": "#D55E00",
  "narrative-debacle-text": "#FFF7ED",
  "narrative-dominant": "#00DC82",
  "narrative-dominant-text": "#052E16",
  "narrative-humiliation": "#8B5CF6",
  "narrative-humiliation-text": "#F8FAFC",
  "narrative-remontada": "#0072B2",
  "narrative-remontada-text": "#F8FAFC",
  "outcome-dnf": "#8B5CF6",
  "outcome-draw": "#3B82F6",
  "outcome-loss": "#EF4444",
  "outcome-win": "#10B981",
  "perf-tier-1": "#10B981",
  "perf-tier-2": "#06B6D4",
  "perf-tier-3": "#F59E0B",
  "perf-tier-4": "#F97316",
  "perf-tier-5": "#EF4444",
  "success": "#10B981",
  "warning": "#F59E0B",
}
`;

exports[`palette "okabe-ito" > snapshot stable — toute modification doit être intentionnelle 1`] = `
{
  "chart-series-1": "#E69F00",
  "chart-series-2": "#56B4E9",
  "chart-series-3": "#009E73",
  "chart-series-4": "#F0E442",
  "chart-series-5": "#0072B2",
  "chart-series-6": "#D55E00",
  "chart-series-7": "#CC79A7",
  "chart-series-8": "#BBBBBB",
  "compare-a": "#0072B2",
  "compare-b": "#CC79A7",
  "destructive": "#D55E00",
  "divergent-neg": "#D55E00",
  "divergent-neutral": "#888888",
  "divergent-pos": "#009E73",
  "heatmap-cold": "#D55E00",
  "heatmap-divergent-high": "#009E73",
  "heatmap-divergent-low": "#D55E00",
  "heatmap-hot": "#009E73",
  "info": "#56B4E9",
  "narrative-contre-remontada": "#E69F00",
  "narrative-contre-remontada-text": "#000000",
  "narrative-debacle": "#D55E00",
  "narrative-debacle-text": "#FFFFFF",
  "narrative-dominant": "#009E73",
  "narrative-dominant-text": "#000000",
  "narrative-humiliation": "#CC79A7",
  "narrative-humiliation-text": "#000000",
  "narrative-remontada": "#56B4E9",
  "narrative-remontada-text": "#000000",
  "outcome-dnf": "#CC79A7",
  "outcome-draw": "#56B4E9",
  "outcome-loss": "#D55E00",
  "outcome-win": "#009E73",
  "perf-tier-1": "#009E73",
  "perf-tier-2": "#56B4E9",
  "perf-tier-3": "#F0E442",
  "perf-tier-4": "#E69F00",
  "perf-tier-5": "#D55E00",
  "success": "#009E73",
  "warning": "#E69F00",
}
`;
