// Vitest Snapshot v1, https://vitest.dev/guide/snapshot.html

exports[`palette "cividis" > snapshot stable — toute modification doit être intentionnelle 1`] = `
{
  "bonus": "#B6A855",
  "chart-series-1": "#00224E",
  "chart-series-2": "#FEE838",
  "chart-series-3": "#3F4A6B",
  "chart-series-4": "#B6A855",
  "chart-series-5": "#575C6D",
  "chart-series-6": "#928D6B",
  "chart-series-7": "#1B3158",
  "chart-series-8": "#E1C752",
  "compare-a": "#00224E",
  "compare-b": "#FEE838",
  "compare-c": "#7C7B78",
  "destructive": "#D55E00",
  "divergent-neg": "#D55E00",
  "divergent-neutral": "#888888",
  "divergent-pos": "#0072B2",
  "heatmap-cold": "#D55E00",
  "heatmap-divergent-high": "#0072B2",
  "heatmap-divergent-low": "#D55E00",
  "heatmap-freq-high": "#FFEA46",
  "heatmap-freq-low": "#00204D",
  "heatmap-hot": "#0072B2",
  "info": "#575C6D",
  "narrative-contre-remontada": "#B6A855",
  "narrative-contre-remontada-text": "#000000",
  "narrative-debacle": "#D55E00",
  "narrative-debacle-text": "#000000",
  "narrative-dominant": "#FEE838",
  "narrative-dominant-text": "#000000",
  "narrative-encounter-ally-plus": "#166534",
  "narrative-encounter-cameleon": "#6D28D9",
  "narrative-encounter-coriace": "#9D174D",
  "narrative-encounter-cross-game": "#475569",
  "narrative-encounter-de-longue-date": "#3730A3",
  "narrative-encounter-duo-gagnant": "#115E59",
  "narrative-encounter-ordinal": "#1D4ED8",
  "narrative-encounter-proie-favorite": "#854D0E",
  "narrative-encounter-recrue": "#155E75",
  "narrative-encounter-tough-enemy": "#B91C1C",
  "narrative-humiliation": "#00224E",
  "narrative-humiliation-text": "#FFFFFF",
  "narrative-remontada": "#3F4A6B",
  "narrative-remontada-text": "#FFFFFF",
  "outcome-dnf": "#575C6D",
  "outcome-draw": "#FEE838",
  "outcome-loss": "#D55E00",
  "outcome-win": "#0072B2",
  "perf-tier-1": "#00224E",
  "perf-tier-2": "#3F4A6B",
  "perf-tier-3": "#7C7B78",
  "perf-tier-4": "#B6A855",
  "perf-tier-5": "#FEE838",
  "squad-player-1": "#3F4A6B",
  "squad-player-2": "#7C7B78",
  "squad-player-3": "#B6A855",
  "squad-player-4": "#FEE838",
  "success": "#0072B2",
  "team-ally": "#0072B2",
  "team-enemy": "#D55E00",
  "warning": "#B6A855",
}
`;

exports[`palette "default" > snapshot stable — toute modification doit être intentionnelle 1`] = `
{
  "bonus": "#A855F7",
  "chart-series-1": "#93C5FD",
  "chart-series-2": "#6366F1",
  "chart-series-3": "#4F46E5",
  "chart-series-4": "#4338CA",
  "chart-series-5": "#3730A3",
  "chart-series-6": "#10B981",
  "chart-series-7": "#F59E0B",
  "chart-series-8": "#EC4899",
  "compare-a": "#818CF8",
  "compare-b": "#D97706",
  "compare-c": "#10B981",
  "destructive": "#EF4444",
  "divergent-neg": "#EF4444",
  "divergent-neutral": "#8A9099",
  "divergent-pos": "#22C55E",
  "heatmap-cold": "#EF4444",
  "heatmap-divergent-high": "#00DC82",
  "heatmap-divergent-low": "#FF4B4B",
  "heatmap-freq-high": "#60A5FA",
  "heatmap-freq-low": "#1E3A5F",
  "heatmap-hot": "#10B981",
  "info": "#3B82F6",
  "narrative-contre-remontada": "#33D6FF",
  "narrative-contre-remontada-text": "#082F49",
  "narrative-debacle": "#D55E00",
  "narrative-debacle-text": "#000000",
  "narrative-dominant": "#00DC82",
  "narrative-dominant-text": "#052E16",
  "narrative-encounter-ally-plus": "#166534",
  "narrative-encounter-cameleon": "#6D28D9",
  "narrative-encounter-coriace": "#9D174D",
  "narrative-encounter-cross-game": "#475569",
  "narrative-encounter-de-longue-date": "#3730A3",
  "narrative-encounter-duo-gagnant": "#115E59",
  "narrative-encounter-ordinal": "#1D4ED8",
  "narrative-encounter-proie-favorite": "#854D0E",
  "narrative-encounter-recrue": "#155E75",
  "narrative-encounter-tough-enemy": "#B91C1C",
  "narrative-humiliation": "#7C3AED",
  "narrative-humiliation-text": "#F8FAFC",
  "narrative-remontada": "#0072B2",
  "narrative-remontada-text": "#F8FAFC",
  "outcome-dnf": "#8B5CF6",
  "outcome-draw": "#3B82F6",
  "outcome-loss": "#EF4444",
  "outcome-win": "#10B981",
  "perf-tier-1": "#10B981",
  "perf-tier-2": "#06B6D4",
  "perf-tier-3": "#F59E0B",
  "perf-tier-4": "#F97316",
  "perf-tier-5": "#EF4444",
  "squad-player-1": "#2563EB",
  "squad-player-2": "#D97706",
  "squad-player-3": "#DB2777",
  "squad-player-4": "#0891B2",
  "success": "#10B981",
  "team-ally": "#3B82F6",
  "team-enemy": "#EF4444",
  "warning": "#F59E0B",
}
`;

exports[`palette "okabe-ito" > snapshot stable — toute modification doit être intentionnelle 1`] = `
{
  "bonus": "#CC79A7",
  "chart-series-1": "#0072B2",
  "chart-series-2": "#E69F00",
  "chart-series-3": "#56B4E9",
  "chart-series-4": "#D55E00",
  "chart-series-5": "#009E73",
  "chart-series-6": "#F0E442",
  "chart-series-7": "#CC79A7",
  "chart-series-8": "#BBBBBB",
  "compare-a": "#0072B2",
  "compare-b": "#CC79A7",
  "compare-c": "#009E73",
  "destructive": "#D55E00",
  "divergent-neg": "#D55E00",
  "divergent-neutral": "#888888",
  "divergent-pos": "#0072B2",
  "heatmap-cold": "#D55E00",
  "heatmap-divergent-high": "#0072B2",
  "heatmap-divergent-low": "#D55E00",
  "heatmap-freq-high": "#56B4E9",
  "heatmap-freq-low": "#013A63",
  "heatmap-hot": "#0072B2",
  "info": "#56B4E9",
  "narrative-contre-remontada": "#E69F00",
  "narrative-contre-remontada-text": "#000000",
  "narrative-debacle": "#D55E00",
  "narrative-debacle-text": "#000000",
  "narrative-dominant": "#009E73",
  "narrative-dominant-text": "#000000",
  "narrative-encounter-ally-plus": "#166534",
  "narrative-encounter-cameleon": "#6D28D9",
  "narrative-encounter-coriace": "#9D174D",
  "narrative-encounter-cross-game": "#475569",
  "narrative-encounter-de-longue-date": "#3730A3",
  "narrative-encounter-duo-gagnant": "#115E59",
  "narrative-encounter-ordinal": "#1D4ED8",
  "narrative-encounter-proie-favorite": "#854D0E",
  "narrative-encounter-recrue": "#155E75",
  "narrative-encounter-tough-enemy": "#B91C1C",
  "narrative-humiliation": "#CC79A7",
  "narrative-humiliation-text": "#000000",
  "narrative-remontada": "#56B4E9",
  "narrative-remontada-text": "#000000",
  "outcome-dnf": "#6E7B8B",
  "outcome-draw": "#F0E442",
  "outcome-loss": "#D55E00",
  "outcome-win": "#0072B2",
  "perf-tier-1": "#0072B2",
  "perf-tier-2": "#56B4E9",
  "perf-tier-3": "#F0E442",
  "perf-tier-4": "#E69F00",
  "perf-tier-5": "#D55E00",
  "squad-player-1": "#0072B2",
  "squad-player-2": "#B77E00",
  "squad-player-3": "#8E5374",
  "squad-player-4": "#009E73",
  "success": "#009E73",
  "team-ally": "#0072B2",
  "team-enemy": "#D55E00",
  "warning": "#E69F00",
}
`;

exports[`palette "tol-bright" > snapshot stable — toute modification doit être intentionnelle 1`] = `
{
  "bonus": "#AA3377",
  "chart-series-1": "#4477AA",
  "chart-series-2": "#EE6677",
  "chart-series-3": "#228833",
  "chart-series-4": "#CCBB44",
  "chart-series-5": "#66CCEE",
  "chart-series-6": "#AA3377",
  "chart-series-7": "#BBBBBB",
  "chart-series-8": "#000000",
  "compare-a": "#4477AA",
  "compare-b": "#AA3377",
  "compare-c": "#228833",
  "destructive": "#EE6677",
  "divergent-neg": "#EE6677",
  "divergent-neutral": "#888888",
  "divergent-pos": "#4477AA",
  "heatmap-cold": "#EE6677",
  "heatmap-divergent-high": "#4477AA",
  "heatmap-divergent-low": "#EE6677",
  "heatmap-freq-high": "#66CCEE",
  "heatmap-freq-low": "#1A3550",
  "heatmap-hot": "#4477AA",
  "info": "#66CCEE",
  "narrative-contre-remontada": "#66CCEE",
  "narrative-contre-remontada-text": "#000000",
  "narrative-debacle": "#EE6677",
  "narrative-debacle-text": "#000000",
  "narrative-dominant": "#228833",
  "narrative-dominant-text": "#FFFFFF",
  "narrative-encounter-ally-plus": "#166534",
  "narrative-encounter-cameleon": "#6D28D9",
  "narrative-encounter-coriace": "#9D174D",
  "narrative-encounter-cross-game": "#475569",
  "narrative-encounter-de-longue-date": "#3730A3",
  "narrative-encounter-duo-gagnant": "#115E59",
  "narrative-encounter-ordinal": "#1D4ED8",
  "narrative-encounter-proie-favorite": "#854D0E",
  "narrative-encounter-recrue": "#155E75",
  "narrative-encounter-tough-enemy": "#B91C1C",
  "narrative-humiliation": "#882255",
  "narrative-humiliation-text": "#FFFFFF",
  "narrative-remontada": "#4477AA",
  "narrative-remontada-text": "#FFFFFF",
  "outcome-dnf": "#AA3377",
  "outcome-draw": "#CCBB44",
  "outcome-loss": "#EE6677",
  "outcome-win": "#4477AA",
  "perf-tier-1": "#364B9A",
  "perf-tier-2": "#4A7BB7",
  "perf-tier-3": "#98C2E0",
  "perf-tier-4": "#FAB57F",
  "perf-tier-5": "#DC4A38",
  "squad-player-1": "#0077BB",
  "squad-player-2": "#CC3311",
  "squad-player-3": "#AA4499",
  "squad-player-4": "#117733",
  "success": "#228833",
  "team-ally": "#4477AA",
  "team-enemy": "#EE6677",
  "warning": "#CCBB44",
}
`;
