=== RUN   TestCollineProprieteTemoin
2026/08/18 23:47:10 WARN empreinte du registre ECS du film INCONNUE — grammaire des composants suspecte (mise a jour du jeu ?) ; le film reste decode empreinte=11979330793883025789 empreinte_connue=7053924395561516366 blocs=118 slots_non_vides=1067
2026/08/18 23:49:11 INFO pont slot->joueur slots=74 viesNommees=69 viesTotal=87 lecturesIndex=19 desaccordsIndex=0 collisionsSlot=0
2026/08/18 23:49:11 INFO rejeu : tractions de grappin tirs=0 accroches=0 tractions=0 vies=0 rates=0 corpsCasses=0
2026/08/18 23:49:11 INFO rejeu : poses d'equipement balaye=false calibre=false decoupage="" poses=0 nommees=0 autres=0 avecPoseur=0 avecCap=0 deployees=0 lachees=0 origineInconnue=0
2026/08/18 23:49:11 INFO rejeu : socles d'arme au sol balaye=false ancres=0 acceptees=0 retenues=0 ecartees=0 objetsDObjectif=0 lachees=0 apparues=0 auRepos=0 grappes=0 socles=0 occupations=0 datees=0 sansPassage=0 jamaisVidees=0 cyclesEtablis=0
2026/08/18 23:49:11 WARN rejeu : appariements ECARTES — zones absentes de l'etat publie match_id=8076f97f methode=positions+geometry nonApparies=1 apparies=1 captures=0 attribuees=0
2026/08/18 23:49:11 INFO rejeu : etat des zones match_id=8076f97f methode=positions+geometry catalogue=3 slots=25 apparies=1 nonApparies=1 sansProprietaire=0 intervalles=1 periodesColline=1 proprietaireVerifie=0 proprietaireConcordant=0
2026/08/18 23:49:11 INFO rejeu : episodes d'equipement actif viesPubliees=77 viesCamo=0 episodesCamo=0 viesSurbouclier=0 episodesSurbouclier=0
2026/08/18 23:49:11 INFO rejeu : palette de capacites palette="non classee" lectures=0 rangsNommes=0
2026/08/18 23:49:11 INFO rejeu : couverture par calque tirsRattaches=0 tirsDisponibles=0 tirsSansSlot=0 tirsAmbigus=0 tirsHorsFenetre=0 tirsNonPublies=0 grenadesRattachees=0 grenadesDisponibles=0 verdictTirs="aucune donnée" verdictGrenades="aucune donnée" verdictPont=nominal
    colline_propriete_test.go:81: FILM 8076f97f (KOTH, shogun) — 8957 lectures ti=13 sur 52 slots de bande comblee (20 en bande stricte) · 10793 records ancres, 5503 marches, 1728 chainees (31.4 %) · lectures chainees 2863 (32.0 %), en bande stricte 5264 dont 2771 chainees (52.6 %) · rejeu 3398 frames de 100 ms, origine 15045 ms · film 3 zones au catalogue
    colline_propriete_test.go:82:   ecrit : C:\Users\Guillaume\Projects\LevelUp-wt-colline-propriete\.ai\V7.5\replay2d\registre_film\lotCter\8076f97f_ti13_series.tsv (8957 lignes)
    colline_propriete_test.go:84:   RESUME par (slot, mode, tag) — 805 series, dont 728 sans aucune lecture chainee (non listees) et 474 sur des slots hors bande stricte
    colline_propriete_test.go:84:     slot 1455   mode B tag 8  :   12 chainees (  12 avec valeur,    0 non chainees ecartees) ·   3 distinctes ·    8 changements ·  4 joueur(s) · t  184543 ->  347264 ms (frames  1694 ->  3322) · [0x00000001 x4 0x00000002 x4 0x00000003 x4]
    colline_propriete_test.go:84:     slot 1456   mode B tag 9  :    1 chainees (   1 avec valeur,    1 non chainees ecartees) ·   1 distinctes ·    0 changements ·  1 joueur(s) · t  272332 ->  272332 ms (frames  2572 ->  2572) · [0x54977EF2 x1]
    colline_propriete_test.go:84:     slot 1458   mode B tag 5  :    1 chainees (   0 avec valeur,    1 non chainees ecartees) ·   0 distinctes ·    0 changements ·  1 joueur(s) · t  331079 ->  331079 ms (frames  3160 ->  3160) · []
    colline_propriete_test.go:84:     slot 1458   mode B tag 6  :    1 chainees (   0 avec valeur,    5 non chainees ecartees) ·   0 distinctes ·    0 changements ·  1 joueur(s) · t  331079 ->  331079 ms (frames  3160 ->  3160) · []
    colline_propriete_test.go:84:     slot 1458   mode B tag 10 :    1 chainees (   1 avec valeur,    1 non chainees ecartees) ·   1 distinctes ·    0 changements ·  1 joueur(s) · t  331079 ->  331079 ms (frames  3160 ->  3160) · [0x00000000 x1]
    colline_propriete_test.go:84:     slot 1459   mode A tag 13 :    1 chainees (   0 avec valeur,    0 non chainees ecartees) ·   0 distinctes ·    0 changements ·  1 joueur(s) · t  232540 ->  232540 ms (frames  2174 ->  2174) · []
    colline_propriete_test.go:84:     slot 1459   mode B tag 1  :    1 chainees (   0 avec valeur,   10 non chainees ecartees) ·   0 distinctes ·    0 changements ·  1 joueur(s) · t  290966 ->  290966 ms (frames  2759 ->  2759) · []
    colline_propriete_test.go:84:     slot 1459   mode B tag 8  :    1 chainees (   1 avec valeur,    8 non chainees ecartees) ·   1 distinctes ·    0 changements ·  1 joueur(s) · t  300516 ->  300516 ms (frames  2854 ->  2854) · [0x002843B8 x1]
    colline_propriete_test.go:84:     slot 1459   mode B tag 12 :    2 chainees (   2 avec valeur,    9 non chainees ecartees) ·   2 distinctes ·    0 changements ·  2 joueur(s) · t  232540 ->  300316 ms (frames  2174 ->  2852) · [0x0000000C x1 0x00000007 x1]
    colline_propriete_test.go:84:     slot 1460   mode B tag 6  :    1 chainees (   0 avec valeur,    5 non chainees ecartees) ·   0 distinctes ·    0 changements ·  1 joueur(s) · t   90684 ->   90684 ms (frames   756 ->   756) · []
    colline_propriete_test.go:84:     slot 1461   mode B tag 8  :    1 chainees (   1 avec valeur,    3 non chainees ecartees) ·   1 distinctes ·    0 changements ·  1 joueur(s) · t  226769 ->  226769 ms (frames  2117 ->  2117) · [0x464D50C5 x1]
    colline_propriete_test.go:84:     slot 1461   mode B tag 9  :    1 chainees (   1 avec valeur,    1 non chainees ecartees) ·   1 distinctes ·    0 changements ·  1 joueur(s) · t   69646 ->   69646 ms (frames   546 ->   546) · [0xA9451084 x1]
    colline_propriete_test.go:84:     slot 1462   mode B tag 0  :    2 chainees (   0 avec valeur,    7 non chainees ecartees) ·   0 distinctes ·    0 changements ·  2 joueur(s) · t  172080 ->  306289 ms (frames  1570 ->  2912) · []
    colline_propriete_test.go:84:     slot 1462   mode B tag 5  :    1 chainees (   0 avec valeur,    3 non chainees ecartees) ·   0 distinctes ·    0 changements ·  1 joueur(s) · t  172080 ->  172080 ms (frames  1570 ->  1570) · []
    colline_propriete_test.go:84:     slot 1462   mode B tag 7  :  722 chainees ( 722 avec valeur,    0 non chainees ecartees) ·  35 distinctes ·  713 changements ·  9 joueur(s) · t   39953 ->  346262 ms (frames   249 ->  3312) · [0x0080A885 x24 0x00804189 x24 0x00809F29 x24 0x008079B5 x24 ...]
    colline_propriete_test.go:84:     slot 1463   mode B tag 8  :    2 chainees (   2 avec valeur,    4 non chainees ecartees) ·   1 distinctes ·    0 changements ·  2 joueur(s) · t   39953 ->   44722 ms (frames   249 ->   296) · [0x00000000 x2]
    colline_propriete_test.go:84:     slot 1464   mode B tag 7  :  722 chainees ( 722 avec valeur,    5 non chainees ecartees) ·  35 distinctes ·  713 changements ·  9 joueur(s) · t   39953 ->  346262 ms (frames   249 ->  3312) · [0x00805D9F x24 0x00807059 x24 0x00808312 x24 0x008095CC x24 ...]
    colline_propriete_test.go:84:     slot 1464   mode B tag 11 :    1 chainees (   1 avec valeur,    1 non chainees ecartees) ·   1 distinctes ·    0 changements ·  1 joueur(s) · t  149391 ->  149391 ms (frames  1343 ->  1343) · [0x00000000 x1]
    colline_propriete_test.go:84:     slot 1465   mode B tag 8  :    2 chainees (   2 avec valeur,    3 non chainees ecartees) ·   1 distinctes ·    0 changements ·  2 joueur(s) · t   39953 ->   44722 ms (frames   249 ->   296) · [0x00000001 x2]
    colline_propriete_test.go:84:     slot 1467   mode A tag 5  :    1 chainees (   1 avec valeur,    0 non chainees ecartees) ·   1 distinctes ·    0 changements ·  1 joueur(s) · t  347282 ->  347282 ms (frames  3322 ->  3322) · [0x6050ABD7 x1]
    colline_propriete_test.go:84:     slot 1468   mode A tag 0  :    1 chainees (   0 avec valeur,    9 non chainees ecartees) ·   0 distinctes ·    0 changements ·  1 joueur(s) · t  222850 ->  222850 ms (frames  2078 ->  2078) · []
    colline_propriete_test.go:84:     slot 1468   mode A tag 2  :    1 chainees (   1 avec valeur,    6 non chainees ecartees) ·   1 distinctes ·    0 changements ·  1 joueur(s) · t   59152 ->   59152 ms (frames   441 ->   441) · [0x00000001 x1]
    colline_propriete_test.go:84:     slot 1468   mode A tag 5  :    1 chainees (   1 avec valeur,    3 non chainees ecartees) ·   1 distinctes ·    0 changements ·  1 joueur(s) · t  347282 ->  347282 ms (frames  3322 ->  3322) · [0x3327C7DA x1]
    colline_propriete_test.go:84:     slot 1468   mode B tag 0  :    4 chainees (   0 avec valeur,  190 non chainees ecartees) ·   0 distinctes ·    0 changements ·  3 joueur(s) · t   59286 ->  212905 ms (frames   442 ->  1978) · []
    colline_propriete_test.go:84:     slot 1468   mode B tag 1  :    2 chainees (   0 avec valeur,   59 non chainees ecartees) ·   0 distinctes ·    0 changements ·  2 joueur(s) · t  212905 ->  212905 ms (frames  1978 ->  1978) · []
    colline_propriete_test.go:84:     slot 1468   mode B tag 4  :    3 chainees (   0 avec valeur,  160 non chainees ecartees) ·   0 distinctes ·    0 changements ·  3 joueur(s) · t  147775 ->  175166 ms (frames  1327 ->  1601) · []
    colline_propriete_test.go:84:     slot 1468   mode B tag 5  :    1 chainees (   0 avec valeur,  100 non chainees ecartees) ·   0 distinctes ·    0 changements ·  1 joueur(s) · t  222850 ->  222850 ms (frames  2078 ->  2078) · []
    colline_propriete_test.go:84:     slot 1468   mode B tag 11 :    1 chainees (   1 avec valeur,   74 non chainees ecartees) ·   1 distinctes ·    0 changements ·  1 joueur(s) · t  212905 ->  212905 ms (frames  1978 ->  1978) · [0x00000000 x1]
    colline_propriete_test.go:84:     slot 1468   mode B tag 12 :    2 chainees (   2 avec valeur,  141 non chainees ecartees) ·   1 distinctes ·    0 changements ·  2 joueur(s) · t   64157 ->   64191 ms (frames   491 ->   491) · [0x00000001 x2]
    colline_propriete_test.go:84:     slot 1469   mode A tag 5  :    1 chainees (   1 avec valeur,    0 non chainees ecartees) ·   1 distinctes ·    0 changements ·  1 joueur(s) · t  347282 ->  347282 ms (frames  3322 ->  3322) · [0xF2F9EB27 x1]
    colline_propriete_test.go:84:     slot 1469   mode B tag 2  :    2 chainees (   0 avec valeur,    1 non chainees ecartees) ·   0 distinctes ·    0 changements ·  2 joueur(s) · t  334166 ->  334166 ms (frames  3191 ->  3191) · []
    colline_propriete_test.go:84:     slot 1477 * mode B tag 3  :    1 chainees (   0 avec valeur,    4 non chainees ecartees) ·   0 distinctes ·    0 changements ·  1 joueur(s) · t  230238 ->  230238 ms (frames  2151 ->  2151) · []
    colline_propriete_test.go:84:     slot 1477 * mode B tag 12 :    1 chainees (   1 avec valeur,    1 non chainees ecartees) ·   1 distinctes ·    0 changements ·  1 joueur(s) · t  230238 ->  230238 ms (frames  2151 ->  2151) · [0x00000009 x1]
    colline_propriete_test.go:84:     slot 1478 * mode B tag 2  :    1 chainees (   0 avec valeur,   22 non chainees ecartees) ·   0 distinctes ·    0 changements ·  1 joueur(s) · t  161586 ->  161586 ms (frames  1465 ->  1465) · []
    colline_propriete_test.go:84:     slot 1478 * mode B tag 10 :    3 chainees (   3 avec valeur,    7 non chainees ecartees) ·   1 distinctes ·    0 changements ·  2 joueur(s) · t   49327 ->  133129 ms (frames   342 ->  1180) · [0x00000000 x3]
    colline_propriete_test.go:84:     slot 1479 * mode B tag 4  :    1 chainees (   0 avec valeur,    3 non chainees ecartees) ·   0 distinctes ·    0 changements ·  1 joueur(s) · t  258969 ->  258969 ms (frames  2439 ->  2439) · []
    colline_propriete_test.go:84:     slot 1482 * mode B tag 3  :    1 chainees (   0 avec valeur,    3 non chainees ecartees) ·   0 distinctes ·    0 changements ·  1 joueur(s) · t   83160 ->   83160 ms (frames   681 ->   681) · []
    colline_propriete_test.go:84:     slot 1482 * mode B tag 6  :    1 chainees (   0 avec valeur,    9 non chainees ecartees) ·   0 distinctes ·    0 changements ·  1 joueur(s) · t  106718 ->  106718 ms (frames   916 ->   916) · []
    colline_propriete_test.go:84:     slot 1482 * mode B tag 7  :    1 chainees (   1 avec valeur,    4 non chainees ecartees) ·   1 distinctes ·    0 changements ·  1 joueur(s) · t  106718 ->  106718 ms (frames   916 ->   916) · [0x002D4EB6 x1]
    colline_propriete_test.go:84:     slot 1482 * mode B tag 8  :    2 chainees (   2 avec valeur,   12 non chainees ecartees) ·   2 distinctes ·    0 changements ·  2 joueur(s) · t   83160 ->  106718 ms (frames   681 ->   916) · [0x7A5D1E97 x1 0x07B1BCDC x1]
    colline_propriete_test.go:84:     slot 1482 * mode B tag 9  :    1 chainees (   1 avec valeur,    6 non chainees ecartees) ·   1 distinctes ·    0 changements ·  1 joueur(s) · t  181823 ->  181823 ms (frames  1667 ->  1667) · [0x51A167AD x1]
    colline_propriete_test.go:84:     slot 1497 * mode B tag 11 :    1 chainees (   1 avec valeur,    4 non chainees ecartees) ·   1 distinctes ·    0 changements ·  1 joueur(s) · t  336818 ->  336818 ms (frames  3217 ->  3217) · [0x00000008 x1]
    colline_propriete_test.go:84:     slot 1518 * mode A tag 5  :    3 chainees (   3 avec valeur,    2 non chainees ecartees) ·   1 distinctes ·    0 changements ·  1 joueur(s) · t  353803 ->  354637 ms (frames  3387 ->  3395) · [0x00115564 x3]
    colline_propriete_test.go:84:     slot 1518 * mode A tag 11 :    1 chainees (   0 avec valeur,    3 non chainees ecartees) ·   0 distinctes ·    0 changements ·  1 joueur(s) · t  302284 ->  302284 ms (frames  2872 ->  2872) · []
    colline_propriete_test.go:84:     slot 1518 * mode B tag 0  :    5 chainees (   0 avec valeur,   76 non chainees ecartees) ·   0 distinctes ·    0 changements ·  5 joueur(s) · t  187196 ->  354637 ms (frames  1721 ->  3395) · []
    colline_propriete_test.go:84:     slot 1518 * mode B tag 1  :    1 chainees (   0 avec valeur,   21 non chainees ecartees) ·   0 distinctes ·    0 changements ·  1 joueur(s) · t  262805 ->  262805 ms (frames  2477 ->  2477) · []
    colline_propriete_test.go:84:     slot 1518 * mode B tag 2  :    1 chainees (   0 avec valeur,   23 non chainees ecartees) ·   0 distinctes ·    0 changements ·  1 joueur(s) · t  301617 ->  301617 ms (frames  2865 ->  2865) · []
    colline_propriete_test.go:84:     slot 1518 * mode B tag 4  :    2 chainees (   0 avec valeur,   73 non chainees ecartees) ·   0 distinctes ·    0 changements ·  2 joueur(s) · t  301717 ->  304720 ms (frames  2866 ->  2896) · []
    colline_propriete_test.go:84:     slot 1518 * mode B tag 7  :    1 chainees (   1 avec valeur,   42 non chainees ecartees) ·   1 distinctes ·    0 changements ·  1 joueur(s) · t  304720 ->  304720 ms (frames  2896 ->  2896) · [0x00000004 x1]
    colline_propriete_test.go:84:     slot 1518 * mode B tag 8  :    1 chainees (   1 avec valeur,   62 non chainees ecartees) ·   1 distinctes ·    0 changements ·  1 joueur(s) · t  303035 ->  303035 ms (frames  2879 ->  2879) · [0x66C17DEA x1]
    colline_propriete_test.go:84:     slot 1518 * mode B tag 10 :    1 chainees (   1 avec valeur,   22 non chainees ecartees) ·   1 distinctes ·    0 changements ·  1 joueur(s) · t  303035 ->  303035 ms (frames  2879 ->  2879) · [0x00000001 x1]
    colline_propriete_test.go:84:     slot 1518 * mode B tag 13 :    2 chainees (   2 avec valeur,   19 non chainees ecartees) ·   1 distinctes ·    0 changements ·  2 joueur(s) · t  291870 ->  291901 ms (frames  2768 ->  2768) · [0x00000007 x2]
    colline_propriete_test.go:84:     slot 1519 * mode B tag 0  :    1 chainees (   0 avec valeur,    4 non chainees ecartees) ·   0 distinctes ·    0 changements ·  1 joueur(s) · t  262755 ->  262755 ms (frames  2477 ->  2477) · []
    colline_propriete_test.go:84:     slot 1519 * mode B tag 1  :    1 chainees (   0 avec valeur,    1 non chainees ecartees) ·   0 distinctes ·    0 changements ·  1 joueur(s) · t  262755 ->  262755 ms (frames  2477 ->  2477) · []
    colline_propriete_test.go:84:     slot 1519 * mode B tag 3  :    1 chainees (   0 avec valeur,    0 non chainees ecartees) ·   0 distinctes ·    0 changements ·  1 joueur(s) · t  305854 ->  305854 ms (frames  2908 ->  2908) · []
    colline_propriete_test.go:84:     slot 1530 * mode B tag 0  :    1 chainees (   0 avec valeur,   14 non chainees ecartees) ·   0 distinctes ·    0 changements ·  1 joueur(s) · t   91502 ->   91502 ms (frames   764 ->   764) · []
    colline_propriete_test.go:84:     slot 1530 * mode B tag 1  :    1 chainees (   0 avec valeur,    3 non chainees ecartees) ·   0 distinctes ·    0 changements ·  1 joueur(s) · t   91502 ->   91502 ms (frames   764 ->   764) · []
    colline_propriete_test.go:84:     slot 1531 * mode B tag 6  :    1 chainees (   0 avec valeur,    5 non chainees ecartees) ·   0 distinctes ·    0 changements ·  1 joueur(s) · t  241683 ->  241683 ms (frames  2266 ->  2266) · []
    colline_propriete_test.go:84:     slot 1532 * mode B tag 0  :    2 chainees (   0 avec valeur,    8 non chainees ecartees) ·   0 distinctes ·    0 changements ·  2 joueur(s) · t  141319 ->  307390 ms (frames  1262 ->  2923) · []
    colline_propriete_test.go:84:     slot 1532 * mode B tag 4  :    1 chainees (   0 avec valeur,    3 non chainees ecartees) ·   0 distinctes ·    0 changements ·  1 joueur(s) · t  307390 ->  307390 ms (frames  2923 ->  2923) · []
    colline_propriete_test.go:84:     slot 1532 * mode B tag 6  :    1 chainees (   0 avec valeur,    6 non chainees ecartees) ·   0 distinctes ·    0 changements ·  1 joueur(s) · t  141319 ->  141319 ms (frames  1262 ->  1262) · []
    colline_propriete_test.go:84:     slot 1536 * mode B tag 0  :   22 chainees (   0 avec valeur,   65 non chainees ecartees) ·   0 distinctes ·    0 changements ·  3 joueur(s) · t  102582 ->  128173 ms (frames   875 ->  1131) · []
    colline_propriete_test.go:84:     slot 1536 * mode B tag 2  :   22 chainees (   0 avec valeur,  726 non chainees ecartees) ·   0 distinctes ·    0 changements ·  2 joueur(s) · t  102582 ->  128173 ms (frames   875 ->  1131) · []
    colline_propriete_test.go:84:     slot 1536 * mode B tag 3  :    1 chainees (   0 avec valeur,    8 non chainees ecartees) ·   0 distinctes ·    0 changements ·  1 joueur(s) · t  235493 ->  235493 ms (frames  2204 ->  2204) · []
    colline_propriete_test.go:84:     slot 1536 * mode B tag 6  :    1 chainees (   0 avec valeur,   13 non chainees ecartees) ·   0 distinctes ·    0 changements ·  1 joueur(s) · t  214289 ->  214289 ms (frames  1992 ->  1992) · []
    colline_propriete_test.go:84:     slot 1536 * mode B tag 7  :    1 chainees (   1 avec valeur,   36 non chainees ecartees) ·   1 distinctes ·    0 changements ·  1 joueur(s) · t  214289 ->  214289 ms (frames  1992 ->  1992) · [0x0071D935 x1]
    colline_propriete_test.go:84:     slot 1536 * mode B tag 12 :    1 chainees (   1 avec valeur,   39 non chainees ecartees) ·   1 distinctes ·    0 changements ·  1 joueur(s) · t  160736 ->  160736 ms (frames  1456 ->  1456) · [0x00000007 x1]
    colline_propriete_test.go:84:     slot 1537 * mode B tag 11 :    1 chainees (   1 avec valeur,    5 non chainees ecartees) ·   1 distinctes ·    0 changements ·  1 joueur(s) · t  336802 ->  336802 ms (frames  3217 ->  3217) · [0x00000006 x1]
    colline_propriete_test.go:84:     slot 1537 * mode B tag 12 :    1 chainees (   1 avec valeur,   13 non chainees ecartees) ·   1 distinctes ·    0 changements ·  1 joueur(s) · t  191768 ->  191768 ms (frames  1767 ->  1767) · [0x0000000D x1]
    colline_propriete_test.go:84:     slot 1540   mode A tag 5  :    2 chainees (   2 avec valeur,    0 non chainees ecartees) ·   2 distinctes ·    1 changements ·  1 joueur(s) · t  184560 ->  265459 ms (frames  1695 ->  2504) · [0x78F81557 x1 0x8727C0FF x1]
    colline_propriete_test.go:84:     slot 1540   mode B tag 0  :    1 chainees (   0 avec valeur,    5 non chainees ecartees) ·   0 distinctes ·    0 changements ·  1 joueur(s) · t  128591 ->  128591 ms (frames  1135 ->  1135) · []
    colline_propriete_test.go:84:     slot 1540   mode B tag 13 :    1 chainees (   1 avec valeur,    2 non chainees ecartees) ·   1 distinctes ·    0 changements ·  1 joueur(s) · t  128591 ->  128591 ms (frames  1135 ->  1135) · [0x00000007 x1]
    colline_propriete_test.go:84:     slot 1541   mode A tag 4  :   35 chainees (  35 avec valeur,    0 non chainees ecartees) ·   3 distinctes ·   34 changements ·  1 joueur(s) · t   55951 ->  332248 ms (frames   409 ->  3172) · [0xFFFFFFFF x17 0x00000001 x9 0x00000000 x9]
    colline_propriete_test.go:84:     slot 1541   mode B tag 6  :    1 chainees (   0 avec valeur,    1 non chainees ecartees) ·   0 distinctes ·    0 changements ·  1 joueur(s) · t  244420 ->  244420 ms (frames  2293 ->  2293) · []
    colline_propriete_test.go:84:     slot 1542   mode A tag 4  :   37 chainees (  37 avec valeur,    0 non chainees ecartees) ·   3 distinctes ·   36 changements ·  1 joueur(s) · t   55049 ->  332347 ms (frames   400 ->  3173) · [0xFFFFFFFF x18 0x00000001 x10 0x00000000 x9]
    colline_propriete_test.go:84:     slot 1543   mode A tag 3  : 1197 chainees (1197 avec valeur,    1 non chainees ecartees) · 165 distinctes · 1196 changements ·  1 joueur(s) · t   55049 ->  332347 ms (frames   400 ->  3173) · [0x007FFFFF x35 0x0080DFEA x24 0x00812173 x24 0x008100AE x23 ...]
    colline_propriete_test.go:84:     slot 1543   mode B tag 9  :    1 chainees (   1 avec valeur,    1 non chainees ecartees) ·   1 distinctes ·    0 changements ·  1 joueur(s) · t   45689 ->   45689 ms (frames   306 ->   306) · [0xD94017F4 x1]
    colline_propriete_test.go:85:   ecrit : C:\Users\Guillaume\Projects\LevelUp-wt-colline-propriete\.ai\V7.5\replay2d\registre_film\lotCter\8076f97f_ti13_resume.tsv (805 series)
--- PASS: TestCollineProprieteTemoin (131.76s)
PASS
ok  	levelup/go-api/internal/analysis/replay	134.356s
