=== RUN   TestCollineProprieteTemoin
2026/08/18 23:38:15 WARN empreinte du registre ECS du film INCONNUE — grammaire des composants suspecte (mise a jour du jeu ?) ; le film reste decode empreinte=2988684478930051889 empreinte_connue=7053924395561516366 blocs=116 slots_non_vides=1031
    colline_propriete_test.go:79: carte 4a5e5612-2b2e-4375-a0b3-9335a68815f3 ABSENTE du catalogue de formes : aucune zone (appariement impossible)
2026/08/18 23:42:38 INFO pont slot->joueur slots=159 viesNommees=158 viesTotal=169 lecturesIndex=40 desaccordsIndex=0 collisionsSlot=0
2026/08/18 23:42:38 INFO rejeu : tractions de grappin tirs=0 accroches=0 tractions=0 vies=0 rates=0 corpsCasses=0
2026/08/18 23:42:38 INFO rejeu : poses d'equipement balaye=false calibre=false decoupage="" poses=0 nommees=0 autres=0 avecPoseur=0 avecCap=0 deployees=0 lachees=0 origineInconnue=0
2026/08/18 23:42:38 INFO rejeu : socles d'arme au sol balaye=false ancres=0 acceptees=0 retenues=0 ecartees=0 objetsDObjectif=0 lachees=0 apparues=0 auRepos=0 grappes=0 socles=0 occupations=0 datees=0 sansPassage=0 jamaisVidees=0 cyclesEtablis=0
2026/08/18 23:42:38 WARN rejeu : etat des zones sans catalogue de carte — aucun intervalle publie match_id=0a247154 zones=0 frames=7838
2026/08/18 23:42:38 INFO rejeu : etat des zones match_id=0a247154 methode=captures+geometry catalogue=0 slots=0 apparies=0 nonApparies=0 sansProprietaire=0 intervalles=0 periodesColline=0 proprietaireVerifie=0 proprietaireConcordant=0
2026/08/18 23:42:38 INFO rejeu : episodes d'equipement actif viesPubliees=161 viesCamo=0 episodesCamo=0 viesSurbouclier=0 episodesSurbouclier=0
2026/08/18 23:42:38 INFO rejeu : palette de capacites palette="non classee" lectures=0 rangsNommes=0
2026/08/18 23:42:38 INFO rejeu : couverture par calque tirsRattaches=0 tirsDisponibles=0 tirsSansSlot=0 tirsAmbigus=0 tirsHorsFenetre=0 tirsNonPublies=0 grenadesRattachees=0 grenadesDisponibles=0 verdictTirs="aucune donnée" verdictGrenades="aucune donnée" verdictPont=nominal
    colline_propriete_test.go:81: FILM 0a247154 (KOTH, solitude) — 7742 lectures ti=13 sur 44 slots de bande comblee (20 en bande stricte) · 6709 records ancres, 3676 marches, 1096 chainees (29.8 %) · lectures chainees 3522 (45.5 %), en bande stricte 5090 dont 3470 chainees (68.2 %) · rejeu 7838 frames de 100 ms, origine 9204 ms · film 0 zones au catalogue
    colline_propriete_test.go:82:   ecrit : C:\Users\Guillaume\Projects\LevelUp-wt-colline-propriete\.ai\V7.5\replay2d\registre_film\lotCter\0a247154_ti13_series.tsv (7742 lignes)
    colline_propriete_test.go:84:   RESUME par (slot, mode, tag) — 723 series, dont 634 sans aucune lecture chainee (non listees) et 391 sur des slots hors bande stricte
    colline_propriete_test.go:84:     slot 1553   mode B tag 1  :    1 chainees (   0 avec valeur,    5 non chainees ecartees) ·   0 distinctes ·    0 changements ·  1 joueur(s) · t  272333 ->  272333 ms (frames  2631 ->  2631) · []
    colline_propriete_test.go:84:     slot 1553   mode B tag 8  :   25 chainees (  25 avec valeur,   10 non chainees ecartees) ·   5 distinctes ·   16 changements ·  9 joueur(s) · t   57667 ->  785506 ms (frames   484 ->  7763) · [0x00000002 x8 0x00000001 x8 0x00000003 x4 0x00000004 x4 ...]
    colline_propriete_test.go:84:     slot 1553   mode B tag 10 :    1 chainees (   1 avec valeur,    9 non chainees ecartees) ·   1 distinctes ·    0 changements ·  1 joueur(s) · t  440020 ->  440020 ms (frames  4308 ->  4308) · [0x00000000 x1]
    colline_propriete_test.go:84:     slot 1554   mode B tag 4  :    1 chainees (   0 avec valeur,    6 non chainees ecartees) ·   0 distinctes ·    0 changements ·  1 joueur(s) · t  485332 ->  485332 ms (frames  4761 ->  4761) · []
    colline_propriete_test.go:84:     slot 1554   mode B tag 8  :    1 chainees (   1 avec valeur,   28 non chainees ecartees) ·   1 distinctes ·    0 changements ·  1 joueur(s) · t  485332 ->  485332 ms (frames  4761 ->  4761) · [0x002AB207 x1]
    colline_propriete_test.go:84:     slot 1554   mode B tag 10 :    1 chainees (   1 avec valeur,    4 non chainees ecartees) ·   1 distinctes ·    0 changements ·  1 joueur(s) · t  628943 ->  628943 ms (frames  6197 ->  6197) · [0x00000000 x1]
    colline_propriete_test.go:84:     slot 1554   mode B tag 14 :    1 chainees (   1 avec valeur,    1 non chainees ecartees) ·   1 distinctes ·    0 changements ·  1 joueur(s) · t  628943 ->  628943 ms (frames  6197 ->  6197) · [0x0000000A x1]
    colline_propriete_test.go:84:     slot 1555   mode A tag 1  :    1 chainees (   1 avec valeur,    1 non chainees ecartees) ·   1 distinctes ·    0 changements ·  1 joueur(s) · t  374285 ->  374285 ms (frames  3650 ->  3650) · [0x00000002 x1]
    colline_propriete_test.go:84:     slot 1555   mode B tag 1  :    3 chainees (   0 avec valeur,    1 non chainees ecartees) ·   0 distinctes ·    0 changements ·  3 joueur(s) · t  354766 ->  772877 ms (frames  3455 ->  7636) · []
    colline_propriete_test.go:84:     slot 1555   mode B tag 4  :    1 chainees (   0 avec valeur,    9 non chainees ecartees) ·   0 distinctes ·    0 changements ·  1 joueur(s) · t  405951 ->  405951 ms (frames  3967 ->  3967) · []
    colline_propriete_test.go:84:     slot 1555   mode B tag 7  :    1 chainees (   1 avec valeur,    2 non chainees ecartees) ·   1 distinctes ·    0 changements ·  1 joueur(s) · t  207401 ->  207401 ms (frames  1981 ->  1981) · [0x00140588 x1]
    colline_propriete_test.go:84:     slot 1555   mode B tag 11 :    2 chainees (   2 avec valeur,    9 non chainees ecartees) ·   2 distinctes ·    0 changements ·  2 joueur(s) · t  405951 ->  618332 ms (frames  3967 ->  6091) · [0x00000003 x1 0x0000000D x1]
    colline_propriete_test.go:84:     slot 1555   mode B tag 12 :    1 chainees (   1 avec valeur,    0 non chainees ecartees) ·   1 distinctes ·    0 changements ·  1 joueur(s) · t  618332 ->  618332 ms (frames  6091 ->  6091) · [0x00000007 x1]
    colline_propriete_test.go:84:     slot 1557   mode A tag 3  :    1 chainees (   1 avec valeur,    0 non chainees ecartees) ·   1 distinctes ·    0 changements ·  1 joueur(s) · t   44704 ->   44704 ms (frames   355 ->   355) · [0x007D1101 x1]
    colline_propriete_test.go:84:     slot 1558   mode B tag 4  :    1 chainees (   0 avec valeur,   14 non chainees ecartees) ·   0 distinctes ·    0 changements ·  1 joueur(s) · t  398910 ->  398910 ms (frames  3897 ->  3897) · []
    colline_propriete_test.go:84:     slot 1558   mode B tag 9  :    1 chainees (   1 avec valeur,    4 non chainees ecartees) ·   1 distinctes ·    0 changements ·  1 joueur(s) · t  783637 ->  783637 ms (frames  7744 ->  7744) · [0x4B1D747D x1]
    colline_propriete_test.go:84:     slot 1559   mode B tag 1  :    2 chainees (   0 avec valeur,   10 non chainees ecartees) ·   0 distinctes ·    0 changements ·  2 joueur(s) · t   55682 ->  482896 ms (frames   464 ->  4736) · []
    colline_propriete_test.go:84:     slot 1559   mode B tag 7  :    1 chainees (   1 avec valeur,    8 non chainees ecartees) ·   1 distinctes ·    0 changements ·  1 joueur(s) · t   40750 ->   40750 ms (frames   315 ->   315) · [0x0028A068 x1]
    colline_propriete_test.go:84:     slot 1559   mode B tag 10 :    1 chainees (   1 avec valeur,    3 non chainees ecartees) ·   1 distinctes ·    0 changements ·  1 joueur(s) · t  556770 ->  556770 ms (frames  5475 ->  5475) · [0x00000000 x1]
    colline_propriete_test.go:84:     slot 1560   mode B tag 6  :    1 chainees (   0 avec valeur,    6 non chainees ecartees) ·   0 distinctes ·    0 changements ·  1 joueur(s) · t  781502 ->  781502 ms (frames  7722 ->  7722) · []
    colline_propriete_test.go:84:     slot 1560   mode B tag 7  : 1592 chainees (1592 avec valeur,    0 non chainees ecartees) ·  39 distinctes · 1584 changements ·  8 joueur(s) · t   49175 ->  784505 ms (frames   399 ->  7753) · [0x00804189 x44 0x00805A1D x44 0x0080A3D7 x44 0x0080AC08 x44 ...]
    colline_propriete_test.go:84:     slot 1560   mode B tag 9  :    1 chainees (   1 avec valeur,    4 non chainees ecartees) ·   1 distinctes ·    0 changements ·  1 joueur(s) · t  348159 ->  348159 ms (frames  3389 ->  3389) · [0x8004A43E x1]
    colline_propriete_test.go:84:     slot 1560   mode B tag 10 :    1 chainees (   1 avec valeur,    3 non chainees ecartees) ·   1 distinctes ·    0 changements ·  1 joueur(s) · t  451030 ->  451030 ms (frames  4418 ->  4418) · [0x00000001 x1]
    colline_propriete_test.go:84:     slot 1561   mode B tag 9  :    1 chainees (   1 avec valeur,    2 non chainees ecartees) ·   1 distinctes ·    0 changements ·  1 joueur(s) · t  231792 ->  231792 ms (frames  2225 ->  2225) · [0xE938488B x1]
    colline_propriete_test.go:84:     slot 1562   mode B tag 7  : 1588 chainees (1588 avec valeur,    6 non chainees ecartees) ·  39 distinctes · 1580 changements ·  8 joueur(s) · t   49175 ->  784505 ms (frames   399 ->  7753) · [0x0080B439 x44 0x008072B0 x44 0x00808B44 x44 0x0080CCCD x44 ...]
    colline_propriete_test.go:84:     slot 1563   mode B tag 0  :    1 chainees (   0 avec valeur,   15 non chainees ecartees) ·   0 distinctes ·    0 changements ·  1 joueur(s) · t  346941 ->  346941 ms (frames  3377 ->  3377) · []
    colline_propriete_test.go:84:     slot 1563   mode B tag 11 :    2 chainees (   2 avec valeur,    8 non chainees ecartees) ·   2 distinctes ·    0 changements ·  2 joueur(s) · t  346941 ->  618315 ms (frames  3377 ->  6091) · [0x00000007 x1 0x0000000D x1]
    colline_propriete_test.go:84:     slot 1563   mode B tag 12 :    1 chainees (   1 avec valeur,    4 non chainees ecartees) ·   1 distinctes ·    0 changements ·  1 joueur(s) · t  618315 ->  618315 ms (frames  6091 ->  6091) · [0x00000008 x1]
    colline_propriete_test.go:84:     slot 1564   mode B tag 0  :    1 chainees (   0 avec valeur,   22 non chainees ecartees) ·   0 distinctes ·    0 changements ·  1 joueur(s) · t  363875 ->  363875 ms (frames  3546 ->  3546) · []
    colline_propriete_test.go:84:     slot 1564   mode B tag 7  :    1 chainees (   1 avec valeur,    3 non chainees ecartees) ·   1 distinctes ·    0 changements ·  1 joueur(s) · t  363074 ->  363074 ms (frames  3538 ->  3538) · [0x00228F00 x1]
    colline_propriete_test.go:84:     slot 1564   mode B tag 9  :    1 chainees (   1 avec valeur,    5 non chainees ecartees) ·   1 distinctes ·    0 changements ·  1 joueur(s) · t  120763 ->  120763 ms (frames  1115 ->  1115) · [0x9C344208 x1]
    colline_propriete_test.go:84:     slot 1565   mode A tag 1  :    1 chainees (   1 avec valeur,    0 non chainees ecartees) ·   1 distinctes ·    0 changements ·  1 joueur(s) · t  581361 ->  581361 ms (frames  5721 ->  5721) · [0x00000001 x1]
    colline_propriete_test.go:84:     slot 1565   mode A tag 5  :    1 chainees (   1 avec valeur,    0 non chainees ecartees) ·   1 distinctes ·    0 changements ·  1 joueur(s) · t  785524 ->  785524 ms (frames  7763 ->  7763) · [0x6050ABD7 x1]
    colline_propriete_test.go:84:     slot 1565   mode B tag 3  :    1 chainees (   0 avec valeur,    7 non chainees ecartees) ·   0 distinctes ·    0 changements ·  1 joueur(s) · t  581361 ->  581361 ms (frames  5721 ->  5721) · []
    colline_propriete_test.go:84:     slot 1565   mode B tag 5  :    1 chainees (   0 avec valeur,    3 non chainees ecartees) ·   0 distinctes ·    0 changements ·  1 joueur(s) · t  581361 ->  581361 ms (frames  5721 ->  5721) · []
    colline_propriete_test.go:84:     slot 1566   mode A tag 5  :    1 chainees (   1 avec valeur,    0 non chainees ecartees) ·   1 distinctes ·    0 changements ·  1 joueur(s) · t  785524 ->  785524 ms (frames  7763 ->  7763) · [0x3327C7DA x1]
    colline_propriete_test.go:84:     slot 1567   mode A tag 5  :    1 chainees (   1 avec valeur,    1 non chainees ecartees) ·   1 distinctes ·    0 changements ·  1 joueur(s) · t  785524 ->  785524 ms (frames  7763 ->  7763) · [0xF2F9EB27 x1]
    colline_propriete_test.go:84:     slot 1567   mode B tag 4  :    1 chainees (   0 avec valeur,    5 non chainees ecartees) ·   0 distinctes ·    0 changements ·  1 joueur(s) · t  732449 ->  732449 ms (frames  7232 ->  7232) · []
    colline_propriete_test.go:84:     slot 1567   mode B tag 8  :    1 chainees (   1 avec valeur,    3 non chainees ecartees) ·   1 distinctes ·    0 changements ·  1 joueur(s) · t  732449 ->  732449 ms (frames  7232 ->  7232) · [0x002AB207 x1]
    colline_propriete_test.go:84:     slot 1573 * mode B tag 10 :    1 chainees (   1 avec valeur,    3 non chainees ecartees) ·   1 distinctes ·    0 changements ·  1 joueur(s) · t  186012 ->  186012 ms (frames  1768 ->  1768) · [0x00000000 x1]
    colline_propriete_test.go:84:     slot 1573 * mode B tag 13 :    1 chainees (   1 avec valeur,    1 non chainees ecartees) ·   1 distinctes ·    0 changements ·  1 joueur(s) · t  186012 ->  186012 ms (frames  1768 ->  1768) · [0x00000000 x1]
    colline_propriete_test.go:84:     slot 1574 * mode B tag 8  :    1 chainees (   1 avec valeur,    5 non chainees ecartees) ·   1 distinctes ·    0 changements ·  1 joueur(s) · t  733884 ->  733884 ms (frames  7246 ->  7246) · [0x2595C905 x1]
    colline_propriete_test.go:84:     slot 1574 * mode B tag 10 :    1 chainees (   1 avec valeur,    2 non chainees ecartees) ·   1 distinctes ·    0 changements ·  1 joueur(s) · t  109736 ->  109736 ms (frames  1005 ->  1005) · [0x00000000 x1]
    colline_propriete_test.go:84:     slot 1574 * mode B tag 11 :    1 chainees (   1 avec valeur,    1 non chainees ecartees) ·   1 distinctes ·    0 changements ·  1 joueur(s) · t  733884 ->  733884 ms (frames  7246 ->  7246) · [0x00000000 x1]
    colline_propriete_test.go:84:     slot 1576 * mode A tag 3  :    1 chainees (   1 avec valeur,    0 non chainees ecartees) ·   1 distinctes ·    0 changements ·  1 joueur(s) · t  212640 ->  212640 ms (frames  2034 ->  2034) · [0x00519115 x1]
    colline_propriete_test.go:84:     slot 1576 * mode B tag 0  :    2 chainees (   0 avec valeur,   65 non chainees ecartees) ·   0 distinctes ·    0 changements ·  1 joueur(s) · t  231375 ->  235129 ms (frames  2221 ->  2259) · []
    colline_propriete_test.go:84:     slot 1576 * mode B tag 4  :    1 chainees (   0 avec valeur,   23 non chainees ecartees) ·   0 distinctes ·    0 changements ·  1 joueur(s) · t  768020 ->  768020 ms (frames  7588 ->  7588) · []
    colline_propriete_test.go:84:     slot 1577 * mode B tag 6  :    4 chainees (   0 avec valeur,    2 non chainees ecartees) ·   0 distinctes ·    0 changements ·  1 joueur(s) · t  261355 ->  289867 ms (frames  2521 ->  2806) · []
    colline_propriete_test.go:84:     slot 1590 * mode B tag 9  :    1 chainees (   1 avec valeur,    6 non chainees ecartees) ·   1 distinctes ·    0 changements ·  1 joueur(s) · t  560374 ->  560374 ms (frames  5511 ->  5511) · [0x365C9190 x1]
    colline_propriete_test.go:84:     slot 1592 * mode B tag 10 :    1 chainees (   1 avec valeur,    2 non chainees ecartees) ·   1 distinctes ·    0 changements ·  1 joueur(s) · t  119979 ->  119979 ms (frames  1107 ->  1107) · [0x00000000 x1]
    colline_propriete_test.go:84:     slot 1593 * mode B tag 3  :    1 chainees (   0 avec valeur,    1 non chainees ecartees) ·   0 distinctes ·    0 changements ·  1 joueur(s) · t   59319 ->   59319 ms (frames   501 ->   501) · []
    colline_propriete_test.go:84:     slot 1593 * mode B tag 13 :    1 chainees (   1 avec valeur,    0 non chainees ecartees) ·   1 distinctes ·    0 changements ·  1 joueur(s) · t   59319 ->   59319 ms (frames   501 ->   501) · [0x00000002 x1]
    colline_propriete_test.go:84:     slot 1595 * mode B tag 10 :    1 chainees (   1 avec valeur,    7 non chainees ecartees) ·   1 distinctes ·    0 changements ·  1 joueur(s) · t  518298 ->  518298 ms (frames  5090 ->  5090) · [0x00000000 x1]
    colline_propriete_test.go:84:     slot 1596 * mode A tag 6  :    1 chainees (   1 avec valeur,    0 non chainees ecartees) ·   1 distinctes ·    0 changements ·  1 joueur(s) · t  279207 ->  279207 ms (frames  2700 ->  2700) · [0x58E02BB8 x1]
    colline_propriete_test.go:84:     slot 1596 * mode B tag 2  :    1 chainees (   0 avec valeur,    2 non chainees ecartees) ·   0 distinctes ·    0 changements ·  1 joueur(s) · t  393187 ->  393187 ms (frames  3839 ->  3839) · []
    colline_propriete_test.go:84:     slot 1596 * mode B tag 4  :    1 chainees (   0 avec valeur,   11 non chainees ecartees) ·   0 distinctes ·    0 changements ·  1 joueur(s) · t  678276 ->  678276 ms (frames  6690 ->  6690) · []
    colline_propriete_test.go:84:     slot 1596 * mode B tag 8  :    1 chainees (   1 avec valeur,   13 non chainees ecartees) ·   1 distinctes ·    0 changements ·  1 joueur(s) · t  485949 ->  485949 ms (frames  4767 ->  4767) · [0x00041472 x1]
    colline_propriete_test.go:84:     slot 1598 * mode B tag 0  :    1 chainees (   0 avec valeur,    5 non chainees ecartees) ·   0 distinctes ·    0 changements ·  1 joueur(s) · t  327021 ->  327021 ms (frames  3178 ->  3178) · []
    colline_propriete_test.go:84:     slot 1598 * mode B tag 2  :    1 chainees (   0 avec valeur,    3 non chainees ecartees) ·   0 distinctes ·    0 changements ·  1 joueur(s) · t  327021 ->  327021 ms (frames  3178 ->  3178) · []
    colline_propriete_test.go:84:     slot 1599 * mode B tag 4  :    1 chainees (   0 avec valeur,    8 non chainees ecartees) ·   0 distinctes ·    0 changements ·  1 joueur(s) · t  733200 ->  733200 ms (frames  7239 ->  7239) · []
    colline_propriete_test.go:84:     slot 1601 * mode B tag 0  :    1 chainees (   0 avec valeur,   85 non chainees ecartees) ·   0 distinctes ·    0 changements ·  1 joueur(s) · t  279040 ->  279040 ms (frames  2698 ->  2698) · []
    colline_propriete_test.go:84:     slot 1601 * mode B tag 7  :    1 chainees (   1 avec valeur,   32 non chainees ecartees) ·   1 distinctes ·    0 changements ·  1 joueur(s) · t   35328 ->   35328 ms (frames   261 ->   261) · [0x0002081E x1]
    colline_propriete_test.go:84:     slot 1612 * mode B tag 4  :    1 chainees (   0 avec valeur,    3 non chainees ecartees) ·   0 distinctes ·    0 changements ·  1 joueur(s) · t  728362 ->  728362 ms (frames  7191 ->  7191) · []
    colline_propriete_test.go:84:     slot 1612 * mode B tag 6  :    1 chainees (   0 avec valeur,    2 non chainees ecartees) ·   0 distinctes ·    0 changements ·  1 joueur(s) · t   82842 ->   82842 ms (frames   736 ->   736) · []
    colline_propriete_test.go:84:     slot 1612 * mode B tag 10 :    1 chainees (   1 avec valeur,    1 non chainees ecartees) ·   1 distinctes ·    0 changements ·  1 joueur(s) · t  177471 ->  177471 ms (frames  1682 ->  1682) · [0x00000000 x1]
    colline_propriete_test.go:84:     slot 1614 * mode B tag 0  :    1 chainees (   0 avec valeur,    8 non chainees ecartees) ·   0 distinctes ·    0 changements ·  1 joueur(s) · t  212273 ->  212273 ms (frames  2030 ->  2030) · []
    colline_propriete_test.go:84:     slot 1614 * mode B tag 6  :    1 chainees (   0 avec valeur,    2 non chainees ecartees) ·   0 distinctes ·    0 changements ·  1 joueur(s) · t  212273 ->  212273 ms (frames  2030 ->  2030) · []
    colline_propriete_test.go:84:     slot 1615 * mode B tag 8  :    1 chainees (   1 avec valeur,    2 non chainees ecartees) ·   1 distinctes ·    0 changements ·  1 joueur(s) · t  343888 ->  343888 ms (frames  3346 ->  3346) · [0x0003746F x1]
    colline_propriete_test.go:84:     slot 1615 * mode B tag 13 :    1 chainees (   1 avec valeur,    0 non chainees ecartees) ·   1 distinctes ·    0 changements ·  1 joueur(s) · t  371266 ->  371266 ms (frames  3620 ->  3620) · [0x00000006 x1]
    colline_propriete_test.go:84:     slot 1616 * mode B tag 4  :    2 chainees (   0 avec valeur,    4 non chainees ecartees) ·   0 distinctes ·    0 changements ·  2 joueur(s) · t  128454 ->  625189 ms (frames  1192 ->  6159) · []
    colline_propriete_test.go:84:     slot 1616 * mode B tag 6  :    1 chainees (   0 avec valeur,    3 non chainees ecartees) ·   0 distinctes ·    0 changements ·  1 joueur(s) · t   77971 ->   77971 ms (frames   687 ->   687) · []
    colline_propriete_test.go:84:     slot 1616 * mode B tag 13 :    1 chainees (   1 avec valeur,    1 non chainees ecartees) ·   1 distinctes ·    0 changements ·  1 joueur(s) · t  128454 ->  128454 ms (frames  1192 ->  1192) · [0x00000005 x1]
    colline_propriete_test.go:84:     slot 1617 * mode B tag 4  :    1 chainees (   0 avec valeur,    7 non chainees ecartees) ·   0 distinctes ·    0 changements ·  1 joueur(s) · t  183760 ->  183760 ms (frames  1745 ->  1745) · []
    colline_propriete_test.go:84:     slot 1618 * mode B tag 4  :    1 chainees (   0 avec valeur,    7 non chainees ecartees) ·   0 distinctes ·    0 changements ·  1 joueur(s) · t  716166 ->  716166 ms (frames  7069 ->  7069) · []
    colline_propriete_test.go:84:     slot 1618 * mode B tag 8  :    1 chainees (   1 avec valeur,   28 non chainees ecartees) ·   1 distinctes ·    0 changements ·  1 joueur(s) · t  716166 ->  716166 ms (frames  7069 ->  7069) · [0x00AAB207 x1]
    colline_propriete_test.go:84:     slot 1619 * mode B tag 1  :    2 chainees (   0 avec valeur,    0 non chainees ecartees) ·   0 distinctes ·    0 changements ·  2 joueur(s) · t  593858 ->  684415 ms (frames  5846 ->  6752) · []
    colline_propriete_test.go:84:     slot 1619 * mode B tag 2  :    1 chainees (   0 avec valeur,    1 non chainees ecartees) ·   0 distinctes ·    0 changements ·  1 joueur(s) · t  593858 ->  593858 ms (frames  5846 ->  5846) · []
    colline_propriete_test.go:84:     slot 1619 * mode B tag 4  :    2 chainees (   0 avec valeur,    8 non chainees ecartees) ·   0 distinctes ·    0 changements ·  2 joueur(s) · t   88614 ->  716233 ms (frames   794 ->  7070) · []
    colline_propriete_test.go:84:     slot 1619 * mode B tag 8  :    3 chainees (   3 avec valeur,   25 non chainees ecartees) ·   3 distinctes ·    0 changements ·  3 joueur(s) · t   88614 ->  716233 ms (frames   794 ->  7070) · [0x002AB207 x1 0x9D92000A x1 0x00AAB207 x1]
    colline_propriete_test.go:84:     slot 1619 * mode B tag 13 :    2 chainees (   2 avec valeur,    1 non chainees ecartees) ·   2 distinctes ·    0 changements ·  2 joueur(s) · t  371249 ->  684415 ms (frames  3620 ->  6752) · [0x00000004 x1 0x00000006 x1]
    colline_propriete_test.go:84:     slot 1619 * mode B tag 14 :    1 chainees (   1 avec valeur,    0 non chainees ecartees) ·   1 distinctes ·    0 changements ·  1 joueur(s) · t  593858 ->  593858 ms (frames  5846 ->  5846) · [0x0000000B x1]
    colline_propriete_test.go:84:     slot 1621   mode B tag 4  :    1 chainees (   0 avec valeur,    6 non chainees ecartees) ·   0 distinctes ·    0 changements ·  1 joueur(s) · t   97690 ->   97690 ms (frames   884 ->   884) · []
    colline_propriete_test.go:84:     slot 1621   mode B tag 8  :    1 chainees (   1 avec valeur,    3 non chainees ecartees) ·   1 distinctes ·    0 changements ·  1 joueur(s) · t   97690 ->   97690 ms (frames   884 ->   884) · [0x0022B207 x1]
    colline_propriete_test.go:84:     slot 1622   mode A tag 5  :    5 chainees (   5 avec valeur,    0 non chainees ecartees) ·   5 distinctes ·    4 changements ·  1 joueur(s) · t  201062 ->  635200 ms (frames  1918 ->  6259) · [0x78F81557 x1 0x8727C0FF x1 0x28B76E9D x1 0xCF284119 x1 ...]
    colline_propriete_test.go:84:     slot 1623   mode A tag 4  :  213 chainees ( 213 avec valeur,    0 non chainees ecartees) ·   3 distinctes ·  212 changements ·  1 joueur(s) · t   41918 ->  773378 ms (frames   327 ->  7641) · [0xFFFFFFFF x99 0x00000000 x58 0x00000001 x56]
    colline_propriete_test.go:84:     slot 1623   mode B tag 13 :    1 chainees (   1 avec valeur,    1 non chainees ecartees) ·   1 distinctes ·    0 changements ·  1 joueur(s) · t  371232 ->  371232 ms (frames  3620 ->  3620) · [0x00000002 x1]
    colline_propriete_test.go:84:     slot 1624   mode B tag 4  :    1 chainees (   0 avec valeur,   10 non chainees ecartees) ·   0 distinctes ·    0 changements ·  1 joueur(s) · t  696577 ->  696577 ms (frames  6873 ->  6873) · []
    colline_propriete_test.go:84:     slot 1624   mode B tag 14 :    1 chainees (   1 avec valeur,    2 non chainees ecartees) ·   1 distinctes ·    0 changements ·  1 joueur(s) · t  140416 ->  140416 ms (frames  1312 ->  1312) · [0x00000001 x1]
    colline_propriete_test.go:84:     slot 1625   mode B tag 13 :    1 chainees (   1 avec valeur,    2 non chainees ecartees) ·   1 distinctes ·    0 changements ·  1 joueur(s) · t  371216 ->  371216 ms (frames  3620 ->  3620) · [0x00000000 x1]
    colline_propriete_test.go:85:   ecrit : C:\Users\Guillaume\Projects\LevelUp-wt-colline-propriete\.ai\V7.5\replay2d\registre_film\lotCter\0a247154_ti13_resume.tsv (723 series)
--- PASS: TestCollineProprieteTemoin (289.95s)
PASS
ok  	levelup/go-api/internal/analysis/replay	329.336s
