=== RUN   TestCollineProprieteTemoin
2026/08/18 23:36:12 INFO pont slot->joueur slots=99 viesNommees=97 viesTotal=113 lecturesIndex=28 desaccordsIndex=0 collisionsSlot=0
2026/08/18 23:36:12 INFO rejeu : tractions de grappin tirs=0 accroches=0 tractions=0 vies=0 rates=0 corpsCasses=0
2026/08/18 23:36:12 INFO rejeu : poses d'equipement balaye=false calibre=false decoupage="" poses=0 nommees=0 autres=0 avecPoseur=0 avecCap=0 deployees=0 lachees=0 origineInconnue=0
2026/08/18 23:36:12 INFO rejeu : socles d'arme au sol balaye=false ancres=0 acceptees=0 retenues=0 ecartees=0 objetsDObjectif=0 lachees=0 apparues=0 auRepos=0 grappes=0 socles=0 occupations=0 datees=0 sansPassage=0 jamaisVidees=0 cyclesEtablis=0
2026/08/18 23:36:13 WARN rejeu : appariements ECARTES — zones absentes de l'etat publie match_id=01e1f945 methode=positions+geometry nonApparies=8 apparies=6 captures=0 attribuees=0
2026/08/18 23:36:13 INFO rejeu : etat des zones match_id=01e1f945 methode=positions+geometry catalogue=8 slots=28 apparies=6 nonApparies=8 sansProprietaire=0 intervalles=20 periodesColline=20 proprietaireVerifie=0 proprietaireConcordant=0
2026/08/18 23:36:13 INFO rejeu : episodes d'equipement actif viesPubliees=113 viesCamo=0 episodesCamo=0 viesSurbouclier=0 episodesSurbouclier=0
2026/08/18 23:36:13 INFO rejeu : palette de capacites palette="non classee" lectures=0 rangsNommes=0
2026/08/18 23:36:13 INFO rejeu : couverture par calque tirsRattaches=0 tirsDisponibles=0 tirsSansSlot=0 tirsAmbigus=0 tirsHorsFenetre=0 tirsNonPublies=0 grenadesRattachees=0 grenadesDisponibles=0 verdictTirs="aucune donnée" verdictGrenades="aucune donnée" verdictPont=nominal
    colline_propriete_test.go:81: FILM 01e1f945 (KOTH, catalyst) — 10239 lectures ti=13 sur 52 slots de bande comblee (20 en bande stricte) · 10575 records ancres, 6867 marches, 4193 chainees (61.1 %) · lectures chainees 5564 (54.3 %), en bande stricte 7368 dont 5481 chainees (74.4 %) · rejeu 5343 frames de 100 ms, origine 12588 ms · film 8 zones au catalogue
    colline_propriete_test.go:82:   ecrit : C:\Users\Guillaume\Projects\LevelUp-wt-colline-propriete\.ai\V7.5\replay2d\registre_film\lotCter\01e1f945_ti13_series.tsv (10239 lignes)
    colline_propriete_test.go:84:   RESUME par (slot, mode, tag) — 842 series, dont 761 sans aucune lecture chainee (non listees) et 507 sur des slots hors bande stricte
    colline_propriete_test.go:84:     slot 1383   mode B tag 7  :    1 chainees (   1 avec valeur,    0 non chainees ecartees) ·   1 distinctes ·    0 changements ·  1 joueur(s) · t  543650 ->  543650 ms (frames  5310 ->  5310) · [0x001F7222 x1]
    colline_propriete_test.go:84:     slot 1383   mode B tag 8  :   21 chainees (  21 avec valeur,    6 non chainees ecartees) ·   4 distinctes ·   12 changements ·  9 joueur(s) · t  109988 ->  545218 ms (frames   974 ->  5326) · [0x00000001 x8 0x00000002 x8 0x00000003 x4 0x996ADE89 x1]
    colline_propriete_test.go:84:     slot 1383   mode B tag 9  :    3 chainees (   3 avec valeur,    7 non chainees ecartees) ·   3 distinctes ·    2 changements ·  1 joueur(s) · t  545235 ->  545285 ms (frames  5326 ->  5326) · [0x18FAE089 x1 0x58CAE489 x1 0xD85AE689 x1]
    colline_propriete_test.go:84:     slot 1383   mode B tag 12 :    1 chainees (   1 avec valeur,   11 non chainees ecartees) ·   1 distinctes ·    0 changements ·  1 joueur(s) · t  424928 ->  424928 ms (frames  4123 ->  4123) · [0x00000005 x1]
    colline_propriete_test.go:84:     slot 1387   mode B tag 2  :    1 chainees (   0 avec valeur,   10 non chainees ecartees) ·   0 distinctes ·    0 changements ·  1 joueur(s) · t  537360 ->  537360 ms (frames  5247 ->  5247) · []
    colline_propriete_test.go:84:     slot 1387   mode B tag 3  :    1 chainees (   0 avec valeur,   10 non chainees ecartees) ·   0 distinctes ·    0 changements ·  1 joueur(s) · t  484691 ->  484691 ms (frames  4721 ->  4721) · []
    colline_propriete_test.go:84:     slot 1387   mode B tag 10 :    1 chainees (   1 avec valeur,    6 non chainees ecartees) ·   1 distinctes ·    0 changements ·  1 joueur(s) · t  537027 ->  537027 ms (frames  5244 ->  5244) · [0x00000000 x1]
    colline_propriete_test.go:84:     slot 1388   mode B tag 8  :    1 chainees (   1 avec valeur,   21 non chainees ecartees) ·   1 distinctes ·    0 changements ·  1 joueur(s) · t  345598 ->  345598 ms (frames  3330 ->  3330) · [0x18A9144C x1]
    colline_propriete_test.go:84:     slot 1388   mode B tag 15 :    1 chainees (   1 avec valeur,    1 non chainees ecartees) ·   1 distinctes ·    0 changements ·  1 joueur(s) · t  285354 ->  285354 ms (frames  2727 ->  2727) · [0x0000000C x1]
    colline_propriete_test.go:84:     slot 1390   mode B tag 7  :  885 chainees ( 885 avec valeur,    1 non chainees ecartees) ·  35 distinctes ·  876 changements ·  9 joueur(s) · t   51361 ->  538245 ms (frames   387 ->  5256) · [0x00805D9F x36 0x00805442 x36 0x00804189 x36 0x0080382C x36 ...]
    colline_propriete_test.go:84:     slot 1391   mode B tag 8  :    1 chainees (   1 avec valeur,    9 non chainees ecartees) ·   1 distinctes ·    0 changements ·  1 joueur(s) · t  442636 ->  442636 ms (frames  4300 ->  4300) · [0x00000001 x1]
    colline_propriete_test.go:84:     slot 1392   mode B tag 7  :  881 chainees ( 881 avec valeur,    6 non chainees ecartees) ·  35 distinctes ·  872 changements ·  9 joueur(s) · t   51361 ->  538245 ms (frames   387 ->  5256) · [0x00804189 x36 0x00802573 x36 0x0080095D x36 0x00801C16 x36 ...]
    colline_propriete_test.go:84:     slot 1392   mode B tag 13 :    3 chainees (   3 avec valeur,    1 non chainees ecartees) ·   3 distinctes ·    0 changements ·  3 joueur(s) · t  378848 ->  479102 ms (frames  3662 ->  4665) · [0x00000002 x1 0x00000004 x1 0x0000000A x1]
    colline_propriete_test.go:84:     slot 1392   mode B tag 15 :    1 chainees (   1 avec valeur,    0 non chainees ecartees) ·   1 distinctes ·    0 changements ·  1 joueur(s) · t  479102 ->  479102 ms (frames  4665 ->  4665) · [0x00000008 x1]
    colline_propriete_test.go:84:     slot 1393   mode B tag 5  :    1 chainees (   0 avec valeur,   18 non chainees ecartees) ·   0 distinctes ·    0 changements ·  1 joueur(s) · t  539863 ->  539863 ms (frames  5272 ->  5272) · []
    colline_propriete_test.go:84:     slot 1393   mode B tag 14 :    1 chainees (   1 avec valeur,    0 non chainees ecartees) ·   1 distinctes ·    0 changements ·  1 joueur(s) · t  539863 ->  539863 ms (frames  5272 ->  5272) · [0x0000000A x1]
    colline_propriete_test.go:84:     slot 1395   mode A tag 5  :    1 chainees (   1 avec valeur,    0 non chainees ecartees) ·   1 distinctes ·    0 changements ·  1 joueur(s) · t  539265 ->  539265 ms (frames  5266 ->  5266) · [0x6050ABD7 x1]
    colline_propriete_test.go:84:     slot 1395   mode B tag 2  :    1 chainees (   0 avec valeur,    2 non chainees ecartees) ·   0 distinctes ·    0 changements ·  1 joueur(s) · t  461168 ->  461168 ms (frames  4485 ->  4485) · []
    colline_propriete_test.go:84:     slot 1396   mode A tag 5  :    1 chainees (   1 avec valeur,    0 non chainees ecartees) ·   1 distinctes ·    0 changements ·  1 joueur(s) · t  539265 ->  539265 ms (frames  5266 ->  5266) · [0x3327C7DA x1]
    colline_propriete_test.go:84:     slot 1397   mode A tag 5  :    1 chainees (   1 avec valeur,    0 non chainees ecartees) ·   1 distinctes ·    0 changements ·  1 joueur(s) · t  539265 ->  539265 ms (frames  5266 ->  5266) · [0xF2F9EB27 x1]
    colline_propriete_test.go:84:     slot 1397   mode B tag 6  :    1 chainees (   0 avec valeur,    6 non chainees ecartees) ·   0 distinctes ·    0 changements ·  1 joueur(s) · t   83710 ->   83710 ms (frames   711 ->   711) · []
    colline_propriete_test.go:84:     slot 1397   mode B tag 14 :    1 chainees (   1 avec valeur,    3 non chainees ecartees) ·   1 distinctes ·    0 changements ·  1 joueur(s) · t   83710 ->   83710 ms (frames   711 ->   711) · [0x00000006 x1]
    colline_propriete_test.go:84:     slot 1409 * mode B tag 2  :    3 chainees (   0 avec valeur,   26 non chainees ecartees) ·   0 distinctes ·    0 changements ·  1 joueur(s) · t  269171 ->  269322 ms (frames  2565 ->  2567) · []
    colline_propriete_test.go:84:     slot 1409 * mode B tag 3  :    2 chainees (   0 avec valeur,   17 non chainees ecartees) ·   0 distinctes ·    0 changements ·  1 joueur(s) · t  269121 ->  269355 ms (frames  2565 ->  2567) · []
    colline_propriete_test.go:84:     slot 1409 * mode B tag 4  :    2 chainees (   0 avec valeur,   20 non chainees ecartees) ·   0 distinctes ·    0 changements ·  1 joueur(s) · t  269372 ->  270856 ms (frames  2567 ->  2582) · []
    colline_propriete_test.go:84:     slot 1409 * mode B tag 5  :    2 chainees (   0 avec valeur,   14 non chainees ecartees) ·   0 distinctes ·    0 changements ·  1 joueur(s) · t  269422 ->  269438 ms (frames  2568 ->  2568) · []
    colline_propriete_test.go:84:     slot 1409 * mode B tag 10 :    1 chainees (   1 avec valeur,   16 non chainees ecartees) ·   1 distinctes ·    0 changements ·  1 joueur(s) · t  130725 ->  130725 ms (frames  1181 ->  1181) · [0x00000001 x1]
    colline_propriete_test.go:84:     slot 1409 * mode B tag 13 :    1 chainees (   1 avec valeur,    8 non chainees ecartees) ·   1 distinctes ·    0 changements ·  1 joueur(s) · t  190691 ->  190691 ms (frames  1781 ->  1781) · [0x0000000A x1]
    colline_propriete_test.go:84:     slot 1409 * mode B tag 15 :    1 chainees (   1 avec valeur,  202 non chainees ecartees) ·   1 distinctes ·    0 changements ·  1 joueur(s) · t   40100 ->   40100 ms (frames   275 ->   275) · [0x00000003 x1]
    colline_propriete_test.go:84:     slot 1410 * mode B tag 0  :    3 chainees (   0 avec valeur,   12 non chainees ecartees) ·   0 distinctes ·    0 changements ·  3 joueur(s) · t  175731 ->  471144 ms (frames  1631 ->  4585) · []
    colline_propriete_test.go:84:     slot 1410 * mode B tag 7  :    1 chainees (   1 avec valeur,    3 non chainees ecartees) ·   1 distinctes ·    0 changements ·  1 joueur(s) · t  471144 ->  471144 ms (frames  4585 ->  4585) · [0x0081A685 x1]
    colline_propriete_test.go:84:     slot 1411 * mode B tag 4  :    1 chainees (   0 avec valeur,    3 non chainees ecartees) ·   0 distinctes ·    0 changements ·  1 joueur(s) · t  191942 ->  191942 ms (frames  1793 ->  1793) · []
    colline_propriete_test.go:84:     slot 1411 * mode B tag 8  :    1 chainees (   1 avec valeur,    9 non chainees ecartees) ·   1 distinctes ·    0 changements ·  1 joueur(s) · t  545935 ->  545935 ms (frames  5333 ->  5333) · [0xE8C1083A x1]
    colline_propriete_test.go:84:     slot 1411 * mode B tag 13 :    1 chainees (   1 avec valeur,    3 non chainees ecartees) ·   1 distinctes ·    0 changements ·  1 joueur(s) · t  225293 ->  225293 ms (frames  2127 ->  2127) · [0x00000002 x1]
    colline_propriete_test.go:84:     slot 1413 * mode B tag 3  :    1 chainees (   0 avec valeur,    5 non chainees ecartees) ·   0 distinctes ·    0 changements ·  1 joueur(s) · t  543834 ->  543834 ms (frames  5312 ->  5312) · []
    colline_propriete_test.go:84:     slot 1413 * mode B tag 10 :    1 chainees (   1 avec valeur,    6 non chainees ecartees) ·   1 distinctes ·    0 changements ·  1 joueur(s) · t  454410 ->  454410 ms (frames  4418 ->  4418) · [0x00000000 x1]
    colline_propriete_test.go:84:     slot 1413 * mode B tag 14 :    1 chainees (   1 avec valeur,    3 non chainees ecartees) ·   1 distinctes ·    0 changements ·  1 joueur(s) · t  325211 ->  325211 ms (frames  3126 ->  3126) · [0x00000004 x1]
    colline_propriete_test.go:84:     slot 1414 * mode B tag 13 :    1 chainees (   1 avec valeur,    1 non chainees ecartees) ·   1 distinctes ·    0 changements ·  1 joueur(s) · t  178045 ->  178045 ms (frames  1654 ->  1654) · [0x00000005 x1]
    colline_propriete_test.go:84:     slot 1427 * mode B tag 4  :    1 chainees (   0 avec valeur,    9 non chainees ecartees) ·   0 distinctes ·    0 changements ·  1 joueur(s) · t  319705 ->  319705 ms (frames  3071 ->  3071) · []
    colline_propriete_test.go:84:     slot 1427 * mode B tag 5  :    1 chainees (   0 avec valeur,    1 non chainees ecartees) ·   0 distinctes ·    0 changements ·  1 joueur(s) · t  162479 ->  162479 ms (frames  1498 ->  1498) · []
    colline_propriete_test.go:84:     slot 1427 * mode B tag 8  :    1 chainees (   1 avec valeur,    8 non chainees ecartees) ·   1 distinctes ·    0 changements ·  1 joueur(s) · t  144294 ->  144294 ms (frames  1317 ->  1317) · [0x06FCF820 x1]
    colline_propriete_test.go:84:     slot 1427 * mode B tag 9  :    1 chainees (   1 avec valeur,    1 non chainees ecartees) ·   1 distinctes ·    0 changements ·  1 joueur(s) · t  144294 ->  144294 ms (frames  1317 ->  1317) · [0xBF62082E x1]
    colline_propriete_test.go:84:     slot 1427 * mode B tag 11 :    1 chainees (   1 avec valeur,    1 non chainees ecartees) ·   1 distinctes ·    0 changements ·  1 joueur(s) · t  162479 ->  162479 ms (frames  1498 ->  1498) · [0x00000007 x1]
    colline_propriete_test.go:84:     slot 1435 * mode B tag 7  :    1 chainees (   1 avec valeur,    1 non chainees ecartees) ·   1 distinctes ·    0 changements ·  1 joueur(s) · t  289691 ->  289691 ms (frames  2771 ->  2771) · [0x008D200A x1]
    colline_propriete_test.go:84:     slot 1435 * mode B tag 8  :    1 chainees (   1 avec valeur,    3 non chainees ecartees) ·   1 distinctes ·    0 changements ·  1 joueur(s) · t  289691 ->  289691 ms (frames  2771 ->  2771) · [0x002AB20D x1]
    colline_propriete_test.go:84:     slot 1439 * mode B tag 4  :    1 chainees (   0 avec valeur,    8 non chainees ecartees) ·   0 distinctes ·    0 changements ·  1 joueur(s) · t  319972 ->  319972 ms (frames  3073 ->  3073) · []
    colline_propriete_test.go:84:     slot 1439 * mode B tag 15 :    1 chainees (   1 avec valeur,    2 non chainees ecartees) ·   1 distinctes ·    0 changements ·  1 joueur(s) · t  244313 ->  244313 ms (frames  2317 ->  2317) · [0x00000006 x1]
    colline_propriete_test.go:84:     slot 1440 * mode B tag 3  :    1 chainees (   0 avec valeur,    2 non chainees ecartees) ·   0 distinctes ·    0 changements ·  1 joueur(s) · t  367788 ->  367788 ms (frames  3551 ->  3551) · []
    colline_propriete_test.go:84:     slot 1440 * mode B tag 13 :    1 chainees (   1 avec valeur,    3 non chainees ecartees) ·   1 distinctes ·    0 changements ·  1 joueur(s) · t  516006 ->  516006 ms (frames  5034 ->  5034) · [0x0000000D x1]
    colline_propriete_test.go:84:     slot 1441 * mode B tag 1  :    1 chainees (   0 avec valeur,    2 non chainees ecartees) ·   0 distinctes ·    0 changements ·  1 joueur(s) · t  228730 ->  228730 ms (frames  2161 ->  2161) · []
    colline_propriete_test.go:84:     slot 1441 * mode B tag 5  :    1 chainees (   0 avec valeur,    7 non chainees ecartees) ·   0 distinctes ·    0 changements ·  1 joueur(s) · t  429619 ->  429619 ms (frames  4170 ->  4170) · []
    colline_propriete_test.go:84:     slot 1443 * mode B tag 0  :   13 chainees (   0 avec valeur,   18 non chainees ecartees) ·   0 distinctes ·    0 changements ·  1 joueur(s) · t  179479 ->  180714 ms (frames  1668 ->  1681) · []
    colline_propriete_test.go:84:     slot 1443 * mode B tag 2  :    1 chainees (   0 avec valeur,    4 non chainees ecartees) ·   0 distinctes ·    0 changements ·  1 joueur(s) · t   50762 ->   50762 ms (frames   381 ->   381) · []
    colline_propriete_test.go:84:     slot 1443 * mode B tag 8  :    2 chainees (   2 avec valeur,    7 non chainees ecartees) ·   1 distinctes ·    0 changements ·  1 joueur(s) · t  179479 ->  179513 ms (frames  1668 ->  1669) · [0xFDF834BA x2]
    colline_propriete_test.go:84:     slot 1443 * mode B tag 9  :   11 chainees (  11 avec valeur,   14 non chainees ecartees) ·   7 distinctes ·    6 changements ·  1 joueur(s) · t  179613 ->  180714 ms (frames  1670 ->  1681) · [0x3527B4B8 x2 0x4787A4B8 x2 0x22C7E4B9 x2 0x3527C4B8 x2 ...]
    colline_propriete_test.go:84:     slot 1444 * mode B tag 7  :    1 chainees (   1 avec valeur,    1 non chainees ecartees) ·   1 distinctes ·    0 changements ·  1 joueur(s) · t  496804 ->  496804 ms (frames  4842 ->  4842) · [0x00089A74 x1]
    colline_propriete_test.go:84:     slot 1445 * mode B tag 1  :    1 chainees (   0 avec valeur,    5 non chainees ecartees) ·   0 distinctes ·    0 changements ·  1 joueur(s) · t  512586 ->  512586 ms (frames  4999 ->  4999) · []
    colline_propriete_test.go:84:     slot 1445 * mode B tag 5  :    1 chainees (   0 avec valeur,    2 non chainees ecartees) ·   0 distinctes ·    0 changements ·  1 joueur(s) · t   36647 ->   36647 ms (frames   240 ->   240) · []
    colline_propriete_test.go:84:     slot 1445 * mode B tag 9  :    1 chainees (   1 avec valeur,    4 non chainees ecartees) ·   1 distinctes ·    0 changements ·  1 joueur(s) · t  512586 ->  512586 ms (frames  4999 ->  4999) · [0x000027E3 x1]
    colline_propriete_test.go:84:     slot 1447 * mode B tag 9  :    1 chainees (   1 avec valeur,    0 non chainees ecartees) ·   1 distinctes ·    0 changements ·  1 joueur(s) · t   50711 ->   50711 ms (frames   381 ->   381) · [0x3CC45AF8 x1]
    colline_propriete_test.go:84:     slot 1447 * mode B tag 10 :    1 chainees (   1 avec valeur,    2 non chainees ecartees) ·   1 distinctes ·    0 changements ·  1 joueur(s) · t  244295 ->  244295 ms (frames  2317 ->  2317) · [0x00000000 x1]
    colline_propriete_test.go:84:     slot 1461 * mode B tag 0  :    2 chainees (   0 avec valeur,   17 non chainees ecartees) ·   0 distinctes ·    0 changements ·  2 joueur(s) · t  442866 ->  442866 ms (frames  4302 ->  4302) · []
    colline_propriete_test.go:84:     slot 1461 * mode B tag 12 :    1 chainees (   1 avec valeur,    6 non chainees ecartees) ·   1 distinctes ·    0 changements ·  1 joueur(s) · t  442866 ->  442866 ms (frames  4302 ->  4302) · [0x00000001 x1]
    colline_propriete_test.go:84:     slot 1461 * mode B tag 13 :    2 chainees (   2 avec valeur,    3 non chainees ecartees) ·   2 distinctes ·    1 changements ·  1 joueur(s) · t  442866 ->  464687 ms (frames  4302 ->  4520) · [0x0000000F x1 0x00000004 x1]
    colline_propriete_test.go:84:     slot 1461 * mode B tag 14 :    1 chainees (   1 avec valeur,    4 non chainees ecartees) ·   1 distinctes ·    0 changements ·  1 joueur(s) · t  464687 ->  464687 ms (frames  4520 ->  4520) · [0x00000000 x1]
    colline_propriete_test.go:84:     slot 1462 * mode B tag 1  :    1 chainees (   0 avec valeur,    7 non chainees ecartees) ·   0 distinctes ·    0 changements ·  1 joueur(s) · t  253172 ->  253172 ms (frames  2405 ->  2405) · []
    colline_propriete_test.go:84:     slot 1462 * mode B tag 2  :    1 chainees (   0 avec valeur,    0 non chainees ecartees) ·   0 distinctes ·    0 changements ·  1 joueur(s) · t  253172 ->  253172 ms (frames  2405 ->  2405) · []
    colline_propriete_test.go:84:     slot 1463 * mode B tag 14 :    1 chainees (   1 avec valeur,    2 non chainees ecartees) ·   1 distinctes ·    0 changements ·  1 joueur(s) · t  172105 ->  172105 ms (frames  1595 ->  1595) · [0x0000000B x1]
    colline_propriete_test.go:84:     slot 1465 * mode B tag 5  :    3 chainees (   0 avec valeur,    3 non chainees ecartees) ·   0 distinctes ·    0 changements ·  3 joueur(s) · t  303005 ->  450640 ms (frames  2904 ->  4380) · []
    colline_propriete_test.go:84:     slot 1465 * mode B tag 8  :    1 chainees (   1 avec valeur,   14 non chainees ecartees) ·   1 distinctes ·    0 changements ·  1 joueur(s) · t  303005 ->  303005 ms (frames  2904 ->  2904) · [0x002AB20D x1]
    colline_propriete_test.go:84:     slot 1467 * mode B tag 4  :    1 chainees (   0 avec valeur,    2 non chainees ecartees) ·   0 distinctes ·    0 changements ·  1 joueur(s) · t  319855 ->  319855 ms (frames  3072 ->  3072) · []
    colline_propriete_test.go:84:     slot 1471   mode A tag 5  :    4 chainees (   4 avec valeur,    0 non chainees ecartees) ·   4 distinctes ·    3 changements ·  1 joueur(s) · t  110004 ->  434241 ms (frames   974 ->  4216) · [0x28B76E9D x1 0xCF284119 x1 0x78F81557 x1 0x8727C0FF x1]
    colline_propriete_test.go:84:     slot 1472   mode A tag 4  :   99 chainees (  99 avec valeur,    0 non chainees ecartees) ·   3 distinctes ·   98 changements ·  1 joueur(s) · t   50361 ->  526833 ms (frames   377 ->  5142) · [0xFFFFFFFF x49 0x00000001 x27 0x00000000 x23]
    colline_propriete_test.go:84:     slot 1472   mode B tag 1  :    2 chainees (   0 avec valeur,    3 non chainees ecartees) ·   0 distinctes ·    0 changements ·  1 joueur(s) · t  458815 ->  509449 ms (frames  4462 ->  4968) · []
    colline_propriete_test.go:84:     slot 1472   mode B tag 13 :    2 chainees (   2 avec valeur,    3 non chainees ecartees) ·   1 distinctes ·    0 changements ·  1 joueur(s) · t  458815 ->  509449 ms (frames  4462 ->  4968) · [0x00000000 x2]
    colline_propriete_test.go:84:     slot 1473   mode A tag 4  :  106 chainees ( 106 avec valeur,    0 non chainees ecartees) ·   3 distinctes ·  105 changements ·  1 joueur(s) · t   49443 ->  526933 ms (frames   368 ->  5143) · [0xFFFFFFFF x51 0x00000001 x29 0x00000000 x26]
    colline_propriete_test.go:84:     slot 1473   mode B tag 3  :    1 chainees (   0 avec valeur,   10 non chainees ecartees) ·   0 distinctes ·    0 changements ·  1 joueur(s) · t  269105 ->  269105 ms (frames  2565 ->  2565) · []
    colline_propriete_test.go:84:     slot 1473   mode B tag 4  :    4 chainees (   0 avec valeur,   19 non chainees ecartees) ·   0 distinctes ·    0 changements ·  3 joueur(s) · t  270823 ->  323225 ms (frames  2582 ->  3106) · []
    colline_propriete_test.go:84:     slot 1474   mode A tag 3  : 3450 chainees (3450 avec valeur,    5 non chainees ecartees) · 400 distinctes · 3446 changements ·  1 joueur(s) · t   49443 ->  526933 ms (frames   368 ->  5143) · [0x007FFFFF x97 0x008126E9 x57 0x00812173 x55 0x00813CC2 x55 ...]
    colline_propriete_test.go:84:     slot 1474   mode B tag 7  :    2 chainees (   2 avec valeur,    2 non chainees ecartees) ·   2 distinctes ·    0 changements ·  2 joueur(s) · t  205239 ->  337224 ms (frames  1926 ->  3246) · [0x00E85386 x1 0x0032D43A x1]
    colline_propriete_test.go:84:     slot 1474   mode B tag 10 :    1 chainees (   1 avec valeur,    2 non chainees ecartees) ·   1 distinctes ·    0 changements ·  1 joueur(s) · t  337224 ->  337224 ms (frames  3246 ->  3246) · [0x00000000 x1]
    colline_propriete_test.go:85:   ecrit : C:\Users\Guillaume\Projects\LevelUp-wt-colline-propriete\.ai\V7.5\replay2d\registre_film\lotCter\01e1f945_ti13_resume.tsv (842 series)
--- PASS: TestCollineProprieteTemoin (187.83s)
PASS
ok  	levelup/go-api/internal/analysis/replay	189.447s
