=== RUN   TestCollineProprieteTemoin
2026/08/18 23:46:30 INFO pont slot->joueur slots=38 viesNommees=35 viesTotal=56 lecturesIndex=13 desaccordsIndex=0 collisionsSlot=0
2026/08/18 23:46:30 INFO rejeu : tractions de grappin tirs=0 accroches=0 tractions=0 vies=0 rates=0 corpsCasses=0
2026/08/18 23:46:30 INFO rejeu : poses d'equipement balaye=false calibre=false decoupage="" poses=0 nommees=0 autres=0 avecPoseur=0 avecCap=0 deployees=0 lachees=0 origineInconnue=0
2026/08/18 23:46:30 INFO rejeu : socles d'arme au sol balaye=false ancres=0 acceptees=0 retenues=0 ecartees=0 objetsDObjectif=0 lachees=0 apparues=0 auRepos=0 grappes=0 socles=0 occupations=0 datees=0 sansPassage=0 jamaisVidees=0 cyclesEtablis=0
2026/08/18 23:46:30 INFO rejeu : etat des zones match_id=606d9844 methode=positions+geometry catalogue=8 slots=21 apparies=4 nonApparies=0 sansProprietaire=0 intervalles=5 periodesColline=5 proprietaireVerifie=0 proprietaireConcordant=0
2026/08/18 23:46:30 INFO rejeu : episodes d'equipement actif viesPubliees=42 viesCamo=0 episodesCamo=0 viesSurbouclier=0 episodesSurbouclier=0
2026/08/18 23:46:30 INFO rejeu : palette de capacites palette="non classee" lectures=0 rangsNommes=0
2026/08/18 23:46:30 INFO rejeu : couverture par calque tirsRattaches=0 tirsDisponibles=0 tirsSansSlot=0 tirsAmbigus=0 tirsHorsFenetre=0 tirsNonPublies=0 grenadesRattachees=0 grenadesDisponibles=0 verdictTirs="aucune donnée" verdictGrenades="aucune donnée" verdictPont=nominal
    colline_propriete_test.go:81: FILM 606d9844 (KOTH, chasm) — 3059 lectures ti=13 sur 52 slots de bande comblee (20 en bande stricte) · 2485 records ancres, 1574 marches, 602 chainees (38.2 %) · lectures chainees 1277 (41.7 %), en bande stricte 1973 dont 1262 chainees (64.0 %) · rejeu 2342 frames de 100 ms, origine 6890 ms · film 8 zones au catalogue
    colline_propriete_test.go:82:   ecrit : C:\Users\Guillaume\Projects\LevelUp-wt-colline-propriete\.ai\V7.5\replay2d\registre_film\lotCter\606d9844_ti13_series.tsv (3059 lignes)
    colline_propriete_test.go:84:   RESUME par (slot, mode, tag) — 615 series, dont 578 sans aucune lecture chainee (non listees) et 362 sur des slots hors bande stricte
    colline_propriete_test.go:84:     slot 1413   mode B tag 8  :   12 chainees (  12 avec valeur,    4 non chainees ecartees) ·   3 distinctes ·    8 changements ·  4 joueur(s) · t  105039 ->  233518 ms (frames   981 ->  2266) · [0x00000001 x4 0x00000002 x4 0x00000003 x4]
    colline_propriete_test.go:84:     slot 1413   mode B tag 10 :    1 chainees (   1 avec valeur,    2 non chainees ecartees) ·   1 distinctes ·    0 changements ·  1 joueur(s) · t   98799 ->   98799 ms (frames   919 ->   919) · [0x00000000 x1]
    colline_propriete_test.go:84:     slot 1413   mode B tag 11 :    1 chainees (   1 avec valeur,    0 non chainees ecartees) ·   1 distinctes ·    0 changements ·  1 joueur(s) · t   98799 ->   98799 ms (frames   919 ->   919) · [0x00000002 x1]
    colline_propriete_test.go:84:     slot 1417   mode B tag 4  :    1 chainees (   0 avec valeur,    2 non chainees ecartees) ·   0 distinctes ·    0 changements ·  1 joueur(s) · t  105606 ->  105606 ms (frames   987 ->   987) · []
    colline_propriete_test.go:84:     slot 1419   mode B tag 10 :    1 chainees (   1 avec valeur,    4 non chainees ecartees) ·   1 distinctes ·    0 changements ·  1 joueur(s) · t   83597 ->   83597 ms (frames   767 ->   767) · [0x00000000 x1]
    colline_propriete_test.go:84:     slot 1419   mode B tag 11 :    3 chainees (   3 avec valeur,   18 non chainees ecartees) ·   3 distinctes ·    2 changements ·  1 joueur(s) · t  216385 ->  216418 ms (frames  2094 ->  2095) · [0x0000000B x1 0x0000000D x1 0x0000000C x1]
    colline_propriete_test.go:84:     slot 1420   mode A tag 1  :    1 chainees (   1 avec valeur,    0 non chainees ecartees) ·   1 distinctes ·    0 changements ·  1 joueur(s) · t  175225 ->  175225 ms (frames  1683 ->  1683) · [0x0000000A x1]
    colline_propriete_test.go:84:     slot 1420   mode B tag 7  :  441 chainees ( 441 avec valeur,    0 non chainees ecartees) ·  35 distinctes ·  432 changements ·  9 joueur(s) · t   46677 ->  232517 ms (frames   397 ->  2256) · [0x00804189 x16 0x00802573 x16 0x0080382C x16 0x00801C16 x16 ...]
    colline_propriete_test.go:84:     slot 1421   mode B tag 8  :    1 chainees (   1 avec valeur,    6 non chainees ecartees) ·   1 distinctes ·    0 changements ·  1 joueur(s) · t  166487 ->  166487 ms (frames  1595 ->  1595) · [0x00000001 x1]
    colline_propriete_test.go:84:     slot 1422   mode B tag 7  :  441 chainees ( 441 avec valeur,    0 non chainees ecartees) ·  35 distinctes ·  432 changements ·  9 joueur(s) · t   46677 ->  232517 ms (frames   397 ->  2256) · [0x00802ED0 x16 0x0080095D x16 0x00804AE5 x16 0x00801C16 x16 ...]
    colline_propriete_test.go:84:     slot 1422   mode B tag 10 :    1 chainees (   1 avec valeur,    2 non chainees ecartees) ·   1 distinctes ·    0 changements ·  1 joueur(s) · t  172790 ->  172790 ms (frames  1659 ->  1659) · [0x00000000 x1]
    colline_propriete_test.go:84:     slot 1423   mode B tag 1  :    1 chainees (   0 avec valeur,   11 non chainees ecartees) ·   0 distinctes ·    0 changements ·  1 joueur(s) · t  184601 ->  184601 ms (frames  1777 ->  1777) · []
    colline_propriete_test.go:84:     slot 1423   mode B tag 4  :    1 chainees (   0 avec valeur,    1 non chainees ecartees) ·   0 distinctes ·    0 changements ·  1 joueur(s) · t  184601 ->  184601 ms (frames  1777 ->  1777) · []
    colline_propriete_test.go:84:     slot 1423   mode B tag 8  :    2 chainees (   2 avec valeur,    2 non chainees ecartees) ·   2 distinctes ·    0 changements ·  2 joueur(s) · t  166487 ->  184601 ms (frames  1595 ->  1777) · [0x00000000 x1 0x1110A500 x1]
    colline_propriete_test.go:84:     slot 1424   mode B tag 0  :    1 chainees (   0 avec valeur,    2 non chainees ecartees) ·   0 distinctes ·    0 changements ·  1 joueur(s) · t   88519 ->   88519 ms (frames   816 ->   816) · []
    colline_propriete_test.go:84:     slot 1424   mode B tag 10 :    1 chainees (   1 avec valeur,    3 non chainees ecartees) ·   1 distinctes ·    0 changements ·  1 joueur(s) · t  228546 ->  228546 ms (frames  2216 ->  2216) · [0x00000000 x1]
    colline_propriete_test.go:84:     slot 1425   mode A tag 5  :    1 chainees (   1 avec valeur,    0 non chainees ecartees) ·   1 distinctes ·    0 changements ·  1 joueur(s) · t  233537 ->  233537 ms (frames  2266 ->  2266) · [0x6050ABD7 x1]
    colline_propriete_test.go:84:     slot 1426   mode A tag 5  :    1 chainees (   1 avec valeur,    0 non chainees ecartees) ·   1 distinctes ·    0 changements ·  1 joueur(s) · t  233537 ->  233537 ms (frames  2266 ->  2266) · [0x3327C7DA x1]
    colline_propriete_test.go:84:     slot 1426   mode B tag 0  :    1 chainees (   0 avec valeur,    5 non chainees ecartees) ·   0 distinctes ·    0 changements ·  1 joueur(s) · t  236271 ->  236271 ms (frames  2293 ->  2293) · []
    colline_propriete_test.go:84:     slot 1427   mode A tag 5  :    1 chainees (   1 avec valeur,    0 non chainees ecartees) ·   1 distinctes ·    0 changements ·  1 joueur(s) · t  233537 ->  233537 ms (frames  2266 ->  2266) · [0xF2F9EB27 x1]
    colline_propriete_test.go:84:     slot 1438 * mode B tag 2  :    3 chainees (   0 avec valeur,   11 non chainees ecartees) ·   0 distinctes ·    0 changements ·  2 joueur(s) · t   57204 ->  211312 ms (frames   503 ->  2044) · []
    colline_propriete_test.go:84:     slot 1463 * mode B tag 3  :    2 chainees (   0 avec valeur,    1 non chainees ecartees) ·   0 distinctes ·    0 changements ·  1 joueur(s) · t   82363 ->   82379 ms (frames   754 ->   754) · []
    colline_propriete_test.go:84:     slot 1463 * mode B tag 8  :    2 chainees (   2 avec valeur,    2 non chainees ecartees) ·   2 distinctes ·    1 changements ·  1 joueur(s) · t   82363 ->   82379 ms (frames   754 ->   754) · [0x06FB3020 x1 0x06FD3020 x1]
    colline_propriete_test.go:84:     slot 1463 * mode B tag 10 :    1 chainees (   1 avec valeur,    1 non chainees ecartees) ·   1 distinctes ·    0 changements ·  1 joueur(s) · t   87335 ->   87335 ms (frames   804 ->   804) · [0x00000000 x1]
    colline_propriete_test.go:84:     slot 1468 * mode B tag 5  :    1 chainees (   0 avec valeur,   13 non chainees ecartees) ·   0 distinctes ·    0 changements ·  1 joueur(s) · t   52883 ->   52883 ms (frames   459 ->   459) · []
    colline_propriete_test.go:84:     slot 1468 * mode B tag 7  :    1 chainees (   1 avec valeur,    5 non chainees ecartees) ·   1 distinctes ·    0 changements ·  1 joueur(s) · t   45959 ->   45959 ms (frames   390 ->   390) · [0x0099B5BE x1]
    colline_propriete_test.go:84:     slot 1471 * mode B tag 15 :    1 chainees (   1 avec valeur,    0 non chainees ecartees) ·   1 distinctes ·    0 changements ·  1 joueur(s) · t   57537 ->   57537 ms (frames   506 ->   506) · [0x0000000E x1]
    colline_propriete_test.go:84:     slot 1476 * mode B tag 8  :    1 chainees (   1 avec valeur,    5 non chainees ecartees) ·   1 distinctes ·    0 changements ·  1 joueur(s) · t   76957 ->   76957 ms (frames   700 ->   700) · [0x4880043C x1]
    colline_propriete_test.go:84:     slot 1480 * mode B tag 1  :    1 chainees (   0 avec valeur,   12 non chainees ecartees) ·   0 distinctes ·    0 changements ·  1 joueur(s) · t  109560 ->  109560 ms (frames  1026 ->  1026) · []
    colline_propriete_test.go:84:     slot 1489 * mode B tag 0  :    1 chainees (   0 avec valeur,   23 non chainees ecartees) ·   0 distinctes ·    0 changements ·  1 joueur(s) · t  138155 ->  138155 ms (frames  1312 ->  1312) · []
    colline_propriete_test.go:84:     slot 1492 * mode B tag 0  :    1 chainees (   0 avec valeur,    1 non chainees ecartees) ·   0 distinctes ·    0 changements ·  1 joueur(s) · t   85349 ->   85349 ms (frames   784 ->   784) · []
    colline_propriete_test.go:84:     slot 1497   mode B tag 4  :    1 chainees (   0 avec valeur,    0 non chainees ecartees) ·   0 distinctes ·    0 changements ·  1 joueur(s) · t  133717 ->  133717 ms (frames  1268 ->  1268) · []
    colline_propriete_test.go:84:     slot 1497   mode B tag 5  :    2 chainees (   0 avec valeur,    0 non chainees ecartees) ·   0 distinctes ·    0 changements ·  2 joueur(s) · t  146063 ->  146063 ms (frames  1391 ->  1391) · []
    colline_propriete_test.go:84:     slot 1498   mode A tag 5  :    2 chainees (   2 avec valeur,    0 non chainees ecartees) ·   2 distinctes ·    1 changements ·  1 joueur(s) · t  105056 ->  155823 ms (frames   981 ->  1489) · [0x78F81557 x1 0x8727C0FF x1]
    colline_propriete_test.go:84:     slot 1499   mode A tag 4  :   13 chainees (  13 avec valeur,    0 non chainees ecartees) ·   3 distinctes ·   12 changements ·  1 joueur(s) · t   45677 ->  197665 ms (frames   387 ->  1907) · [0xFFFFFFFF x6 0x00000000 x5 0x00000001 x2]
    colline_propriete_test.go:84:     slot 1500   mode A tag 4  :   14 chainees (  14 avec valeur,    0 non chainees ecartees) ·   3 distinctes ·   13 changements ·  1 joueur(s) · t   44791 ->  197748 ms (frames   379 ->  1908) · [0xFFFFFFFF x7 0x00000000 x5 0x00000001 x2]
    colline_propriete_test.go:84:     slot 1501   mode A tag 3  :  316 chainees ( 316 avec valeur,    0 non chainees ecartees) · 121 distinctes ·  315 changements ·  1 joueur(s) · t   44791 ->  197748 ms (frames   379 ->  1908) · [0x007FFFFF x11 0x0080E560 x6 0x008098EB x6 0x008126E9 x6 ...]
    colline_propriete_test.go:85:   ecrit : C:\Users\Guillaume\Projects\LevelUp-wt-colline-propriete\.ai\V7.5\replay2d\registre_film\lotCter\606d9844_ti13_resume.tsv (615 series)
--- PASS: TestCollineProprieteTemoin (88.58s)
PASS
ok  	levelup/go-api/internal/analysis/replay	91.428s
