=== RUN   TestCollineProprieteOracle
2026/08/19 00:08:47 WARN empreinte du registre ECS du film INCONNUE — grammaire des composants suspecte (mise a jour du jeu ?) ; le film reste decode empreinte=11979330793883025789 empreinte_connue=7053924395561516366 blocs=118 slots_non_vides=1067
2026/08/19 00:10:31 INFO pont slot->joueur slots=74 viesNommees=69 viesTotal=87 lecturesIndex=19 desaccordsIndex=0 collisionsSlot=0
2026/08/19 00:10:31 INFO rejeu : tractions de grappin tirs=0 accroches=0 tractions=0 vies=0 rates=0 corpsCasses=0
2026/08/19 00:10:31 INFO rejeu : poses d'equipement balaye=false calibre=false decoupage="" poses=0 nommees=0 autres=0 avecPoseur=0 avecCap=0 deployees=0 lachees=0 origineInconnue=0
2026/08/19 00:10:31 INFO rejeu : socles d'arme au sol balaye=false ancres=0 acceptees=0 retenues=0 ecartees=0 objetsDObjectif=0 lachees=0 apparues=0 auRepos=0 grappes=0 socles=0 occupations=0 datees=0 sansPassage=0 jamaisVidees=0 cyclesEtablis=0
2026/08/19 00:10:31 WARN rejeu : appariements ECARTES — zones absentes de l'etat publie match_id=8076f97f methode=positions+geometry nonApparies=1 apparies=1 captures=0 attribuees=0
2026/08/19 00:10:31 INFO rejeu : etat des zones match_id=8076f97f methode=positions+geometry catalogue=3 slots=25 apparies=1 nonApparies=1 sansProprietaire=0 intervalles=1 periodesColline=1 proprietaireVerifie=0 proprietaireConcordant=0
2026/08/19 00:10:31 INFO rejeu : episodes d'equipement actif viesPubliees=77 viesCamo=0 episodesCamo=0 viesSurbouclier=0 episodesSurbouclier=0
2026/08/19 00:10:31 INFO rejeu : palette de capacites palette="non classee" lectures=0 rangsNommes=0
2026/08/19 00:10:31 INFO rejeu : couverture par calque tirsRattaches=0 tirsDisponibles=0 tirsSansSlot=0 tirsAmbigus=0 tirsHorsFenetre=0 tirsNonPublies=0 grenadesRattachees=0 grenadesDisponibles=0 verdictTirs="aucune donnée" verdictGrenades="aucune donnée" verdictPont=nominal
    colline_propriete_oracle_test.go:88: FILM 8076f97f (KOTH, shogun) — 8957 lectures ti=13 sur 52 slots de bande comblee (20 en bande stricte) · 10793 records ancres, 5503 marches, 1728 chainees (31.4 %) · lectures chainees 2863 (32.0 %), en bande stricte 5264 dont 2771 chainees (52.6 %) · rejeu 3398 frames de 100 ms, origine 15045 ms · film 3 zones au catalogue
    colline_propriete_oracle_test.go:89:   SCORE equipe (slot 6) : 3 points, final 3
    colline_propriete_oracle_test.go:98: 
    colline_propriete_oracle_test.go:98: === ORACLE PRINCIPAL — 3 increments du score affiche (le dernier est TERMINAL)
    colline_propriete_oracle_test.go:98:   increment equipe 6 -> 1 a  184545 ms (frame  1695)
    colline_propriete_oracle_test.go:98:   increment equipe 6 -> 2 a  265446 ms (frame  2504)
    colline_propriete_oracle_test.go:98:   increment equipe 6 -> 3 a  347261 ms (frame  3322)  <- TERMINAL (la capture qui clot le match)
    colline_propriete_oracle_test.go:98:   NIVEAU DU HASARD d'une bascule : 1.8 % du match [15045 ; 354845] est a +/- 1000 ms d'un increment
    colline_propriete_oracle_test.go:99: 
    colline_propriete_oracle_test.go:99:   periode actuelle zone 1 : frames [  400 ;  3397] = ms [  55045 ;  354745]
    colline_propriete_oracle_test.go:99: === ORACLE SECONDAIRE — 1 periodes actives publiees aujourd'hui (positions), 22 rampes brutes de la jauge
    colline_propriete_oracle_test.go:101: 
    colline_propriete_oracle_test.go:101: === mode A tag 2  lecture F (candidat) : 1 slot(s), candidat = slot 1468 (1 bascules)
    colline_propriete_oracle_test.go:101:     slot 1468  :   1 bascules · premiere   59152 ms · [59.2] s
    colline_propriete_oracle_test.go:101:   (i)   EXCLUSIVITE : exactement un slot porteur sur 100.0 % des 2957 frames jugees (seuil 95 %) : TENU
    colline_propriete_oracle_test.go:101:   (ii)  SYNCHRONIE : increments a +/- 1000 ms d'une bascule : TOUS 0/3 = 0.0 % · HORS TERMINAL 0/2 = 0.0 % (seuil 90 %) : NON TENU / NON TENU · ecarts bascule-increment [] ms
    colline_propriete_oracle_test.go:101:   (iii) TEMOINS : decale +20 s = 0.0 % · slots permutes = sans objet (un seul slot) · HASARD : une bascule 1.8 %, N bascules 0.8 % (moitie du reel = 0.0 %)
    colline_propriete_oracle_test.go:101:   DELAI : premiere bascule a 59152 ms du debut du film, 44107 ms de l'origine du rejeu (frame 441) ; 3 increments · CREATION du slot candidat : presente des l'image-cle a 19989 ms, derniere absente 0 ms (19 images-cles) · PREMIER CONTACT (jauge/proprietaire) a 55049 ms du film, 40004 ms de l'origine du rejeu
    colline_propriete_oracle_test.go:101:   SECOND ORACLE : 1 periodes actives publiees aujourd'hui, dont 0 debutent a +/- 1 s d'une bascule et 1 a +/- 5 s
    colline_propriete_oracle_test.go:101:   VERDICT : NON TENU [hors terminal : NON TENU]
    colline_propriete_oracle_test.go:101: 
    colline_propriete_oracle_test.go:101: === mode A tag 1  lecture F (candidat) : SANS OBJET — aucune lecture chainee valuee sur ce film
    colline_propriete_oracle_test.go:101: 
    colline_propriete_oracle_test.go:101: === mode A tag 1  lecture D (candidat) : SANS OBJET — aucune lecture chainee valuee sur ce film
    colline_propriete_oracle_test.go:101: 
    colline_propriete_oracle_test.go:101: === mode A tag 6  lecture D (candidat) : SANS OBJET — aucune lecture chainee valuee sur ce film
    colline_propriete_oracle_test.go:101: 
    colline_propriete_oracle_test.go:101: === mode A tag 5  lecture D (hors liste) : 5 slot(s), candidat = slot 1540 (2 bascules)
    colline_propriete_oracle_test.go:101:     slot 1540  :   2 bascules · premiere  184560 ms · [184.6 265.5] s
    colline_propriete_oracle_test.go:101:     slot 1467  :   1 bascules · premiere  347282 ms · [347.3] s
    colline_propriete_oracle_test.go:101:     slot 1468  :   1 bascules · premiere  347282 ms · [347.3] s
    colline_propriete_oracle_test.go:101:     slot 1469  :   1 bascules · premiere  347282 ms · [347.3] s
    colline_propriete_oracle_test.go:101:     slot 1518  :   1 bascules · premiere  353803 ms · [353.8] s
    colline_propriete_oracle_test.go:101:   (i)   EXCLUSIVITE : exactement un slot porteur sur 95.5 % des 1703 frames jugees (seuil 95 %) : TENU
    colline_propriete_oracle_test.go:101:   (ii)  SYNCHRONIE : increments a +/- 1000 ms d'une bascule : TOUS 2/3 = 66.7 % · HORS TERMINAL 2/2 = 100.0 % (seuil 90 %) : NON TENU / TENU · ecarts bascule-increment [15 13] ms
    colline_propriete_oracle_test.go:101:   (iii) TEMOINS : decale +20 s = 0.0 % · slots permutes = 25.0 % · HASARD : une bascule 1.8 %, N bascules 1.2 % (moitie du reel = 33.3 %)
    colline_propriete_oracle_test.go:101:   DELAI : premiere bascule a 184560 ms du debut du film, 169515 ms de l'origine du rejeu (frame 1695) ; 3 increments · CREATION du slot candidat : presente des l'image-cle a 39993 ms, derniere absente 19989 ms (19 images-cles) · PREMIER CONTACT (jauge/proprietaire) a 55049 ms du film, 40004 ms de l'origine du rejeu
    colline_propriete_oracle_test.go:101:   SECOND ORACLE : 1 periodes actives publiees aujourd'hui, dont 0 debutent a +/- 1 s d'une bascule et 0 a +/- 5 s
    colline_propriete_oracle_test.go:101:   VERDICT : NON TENU [hors terminal : TENU]
    colline_propriete_oracle_test.go:101: 
    colline_propriete_oracle_test.go:101: === mode A tag 4  lecture D (temoin) : 2 slot(s), candidat = slot 1542 (37 bascules)
    colline_propriete_oracle_test.go:101:     slot 1542  :  37 bascules · premiere   55049 ms · [55.0 56.0 81.8 82.8 93.5 94.5 99.0 100.0 111.2 112.2 116.6 117.6 ...] s
    colline_propriete_oracle_test.go:101:     slot 1541  :  35 bascules · premiere   55951 ms · [56.0 81.7 82.7 92.8 94.4 98.9 99.9 106.1 112.2 116.3 117.5 132.8 ...] s
    colline_propriete_oracle_test.go:101:   (i)   EXCLUSIVITE : exactement un slot porteur sur 0.3 % des 2998 frames jugees (seuil 95 %) : NON TENU
    colline_propriete_oracle_test.go:101:   (ii)  SYNCHRONIE : increments a +/- 1000 ms d'une bascule : TOUS 0/3 = 0.0 % · HORS TERMINAL 0/2 = 0.0 % (seuil 90 %) : NON TENU / NON TENU · ecarts bascule-increment [] ms
    colline_propriete_oracle_test.go:101:   (iii) TEMOINS : decale +20 s = 33.3 % · slots permutes = 66.7 % · HASARD : une bascule 1.8 %, N bascules 22.3 % (moitie du reel = 0.0 %)
    colline_propriete_oracle_test.go:101:   DELAI : premiere bascule a 55049 ms du debut du film, 40004 ms de l'origine du rejeu (frame 400) ; 3 increments · CREATION du slot candidat : presente des l'image-cle a 39993 ms, derniere absente 19989 ms (19 images-cles) · PREMIER CONTACT (jauge/proprietaire) a 55049 ms du film, 40004 ms de l'origine du rejeu
    colline_propriete_oracle_test.go:101:   SECOND ORACLE : 1 periodes actives publiees aujourd'hui, dont 1 debutent a +/- 1 s d'une bascule et 1 a +/- 5 s
    colline_propriete_oracle_test.go:101:   VERDICT : NON TENU [hors terminal : NON TENU]
    colline_propriete_oracle_test.go:101: 
    colline_propriete_oracle_test.go:101: === mode A tag 3  lecture D (temoin) : 1 slot(s), candidat = slot 1543 (274 bascules)
    colline_propriete_oracle_test.go:101:     slot 1543  : 274 bascules · premiere   55049 ms · [55.0 55.2 55.4 55.6 55.9 56.0 80.7 80.8 80.9 81.0 81.2 81.3 ...] s
    colline_propriete_oracle_test.go:101:   (i)   EXCLUSIVITE : exactement un slot porteur sur 100.0 % des 2998 frames jugees (seuil 95 %) : TENU
    colline_propriete_oracle_test.go:101:   (ii)  SYNCHRONIE : increments a +/- 1000 ms d'une bascule : TOUS 0/3 = 0.0 % · HORS TERMINAL 0/2 = 0.0 % (seuil 90 %) : NON TENU / NON TENU · ecarts bascule-increment [] ms
    colline_propriete_oracle_test.go:101:   (iii) TEMOINS : decale +20 s = 66.7 % · slots permutes = sans objet (un seul slot) · HASARD : une bascule 1.8 %, N bascules 80.3 % (moitie du reel = 0.0 %)
    colline_propriete_oracle_test.go:101:   DELAI : premiere bascule a 55049 ms du debut du film, 40004 ms de l'origine du rejeu (frame 400) ; 3 increments · CREATION du slot candidat : presente des l'image-cle a 39993 ms, derniere absente 19989 ms (19 images-cles) · PREMIER CONTACT (jauge/proprietaire) a 55049 ms du film, 40004 ms de l'origine du rejeu
    colline_propriete_oracle_test.go:101:   SECOND ORACLE : 1 periodes actives publiees aujourd'hui, dont 1 debutent a +/- 1 s d'une bascule et 1 a +/- 5 s
    colline_propriete_oracle_test.go:101:   VERDICT : NON TENU [hors terminal : NON TENU]
    colline_propriete_oracle_test.go:101: 
    colline_propriete_oracle_test.go:101: === mode B tag 7  lecture D (candidat) : 5 slot(s), candidat = slot 1462 (182 bascules)
    colline_propriete_oracle_test.go:101:     slot 1462  : 182 bascules · premiere   39953 ms · [40.0 44.7 57.0 58.0 59.0 60.0 61.0 62.0 63.0 64.0 65.0 66.0 ...] s
    colline_propriete_oracle_test.go:101:     slot 1464  : 182 bascules · premiere   39953 ms · [40.0 44.7 57.0 58.0 59.0 60.0 61.0 62.0 63.0 64.0 65.0 66.0 ...] s
    colline_propriete_oracle_test.go:101:     slot 1482  :   1 bascules · premiere  106718 ms · [106.7] s
    colline_propriete_oracle_test.go:101:     slot 1518  :   1 bascules · premiere  304720 ms · [304.7] s
    colline_propriete_oracle_test.go:101:     slot 1536  :   1 bascules · premiere  214289 ms · [214.3] s
    colline_propriete_oracle_test.go:101:   (i)   EXCLUSIVITE : exactement un slot porteur sur 0.0 % des 3149 frames jugees (seuil 95 %) : NON TENU
    colline_propriete_oracle_test.go:101:   (ii)  SYNCHRONIE : increments a +/- 1000 ms d'une bascule : TOUS 1/3 = 33.3 % · HORS TERMINAL 0/2 = 0.0 % (seuil 90 %) : NON TENU / NON TENU · ecarts bascule-increment [-999] ms
    colline_propriete_oracle_test.go:101:   (iii) TEMOINS : decale +20 s = 66.7 % · slots permutes = 8.3 % · HASARD : une bascule 1.8 %, N bascules 64.7 % (moitie du reel = 16.7 %)
    colline_propriete_oracle_test.go:101:   DELAI : premiere bascule a 39953 ms du debut du film, 24908 ms de l'origine du rejeu (frame 249) ; 3 increments · CREATION du slot candidat : presente des l'image-cle a 19989 ms, derniere absente 0 ms (19 images-cles) · PREMIER CONTACT (jauge/proprietaire) a 55049 ms du film, 40004 ms de l'origine du rejeu
    colline_propriete_oracle_test.go:101:   SECOND ORACLE : 1 periodes actives publiees aujourd'hui, dont 0 debutent a +/- 1 s d'une bascule et 1 a +/- 5 s
    colline_propriete_oracle_test.go:101:   VERDICT : NON TENU [hors terminal : NON TENU]
    colline_propriete_oracle_test.go:101: 
    colline_propriete_oracle_test.go:101: === mode B tag 8  lecture D (candidat) : 7 slot(s), candidat = slot 1455 (3 bascules)
    colline_propriete_oracle_test.go:101:     slot 1455  :   3 bascules · premiere  184543 ms · [184.5 265.4 347.3] s
    colline_propriete_oracle_test.go:101:     slot 1463  :   2 bascules · premiere   39953 ms · [40.0 44.7] s
    colline_propriete_oracle_test.go:101:     slot 1465  :   2 bascules · premiere   39953 ms · [40.0 44.7] s
    colline_propriete_oracle_test.go:101:     slot 1482  :   2 bascules · premiere   83160 ms · [83.2 106.7] s
    colline_propriete_oracle_test.go:101:     slot 1459  :   1 bascules · premiere  300516 ms · [300.5] s
    colline_propriete_oracle_test.go:101:     slot 1461  :   1 bascules · premiere  226769 ms · [226.8] s
    colline_propriete_oracle_test.go:101:     slot 1518  :   1 bascules · premiere  303035 ms · [303.0] s
    colline_propriete_oracle_test.go:101:   (i)   EXCLUSIVITE : exactement un slot porteur sur 0.0 % des 3149 frames jugees (seuil 95 %) : NON TENU
    colline_propriete_oracle_test.go:101:   (ii)  SYNCHRONIE : increments a +/- 1000 ms d'une bascule : TOUS 3/3 = 100.0 % · HORS TERMINAL 2/2 = 100.0 % (seuil 90 %) : TENU / TENU · ecarts bascule-increment [-2 -1 3] ms
    colline_propriete_oracle_test.go:101:   (iii) TEMOINS : decale +20 s = 0.0 % · slots permutes = 0.0 % · HASARD : une bascule 1.8 %, N bascules 1.3 % (moitie du reel = 50.0 %)
    colline_propriete_oracle_test.go:101:   DELAI : premiere bascule a 184543 ms du debut du film, 169498 ms de l'origine du rejeu (frame 1694) ; 3 increments · CREATION du slot candidat : presente des l'image-cle a 19989 ms, derniere absente 0 ms (19 images-cles) · PREMIER CONTACT (jauge/proprietaire) a 55049 ms du film, 40004 ms de l'origine du rejeu
    colline_propriete_oracle_test.go:101:   SECOND ORACLE : 1 periodes actives publiees aujourd'hui, dont 0 debutent a +/- 1 s d'une bascule et 0 a +/- 5 s
    colline_propriete_oracle_test.go:101:   VERDICT : NON TENU [hors terminal : NON TENU]
    colline_propriete_oracle_test.go:101: 
    colline_propriete_oracle_test.go:101: === mode B tag 9  lecture D (candidat) : 4 slot(s), candidat = slot 1456 (1 bascules)
    colline_propriete_oracle_test.go:101:     slot 1456  :   1 bascules · premiere  272332 ms · [272.3] s
    colline_propriete_oracle_test.go:101:     slot 1461  :   1 bascules · premiere   69646 ms · [69.6] s
    colline_propriete_oracle_test.go:101:     slot 1482  :   1 bascules · premiere  181823 ms · [181.8] s
    colline_propriete_oracle_test.go:101:     slot 1543  :   1 bascules · premiere   45689 ms · [45.7] s
    colline_propriete_oracle_test.go:101:   (i)   EXCLUSIVITE : exactement un slot porteur sur 7.8 % des 3092 frames jugees (seuil 95 %) : NON TENU
    colline_propriete_oracle_test.go:101:   (ii)  SYNCHRONIE : increments a +/- 1000 ms d'une bascule : TOUS 0/3 = 0.0 % · HORS TERMINAL 0/2 = 0.0 % (seuil 90 %) : NON TENU / NON TENU · ecarts bascule-increment [] ms
    colline_propriete_oracle_test.go:101:   (iii) TEMOINS : decale +20 s = 0.0 % · slots permutes = 0.0 % · HASARD : une bascule 1.8 %, N bascules 0.8 % (moitie du reel = 0.0 %)
    colline_propriete_oracle_test.go:101:   DELAI : premiere bascule a 272332 ms du debut du film, 257287 ms de l'origine du rejeu (frame 2572) ; 3 increments · CREATION du slot candidat : presente des l'image-cle a 19989 ms, derniere absente 0 ms (19 images-cles) · PREMIER CONTACT (jauge/proprietaire) a 55049 ms du film, 40004 ms de l'origine du rejeu
    colline_propriete_oracle_test.go:101:   SECOND ORACLE : 1 periodes actives publiees aujourd'hui, dont 0 debutent a +/- 1 s d'une bascule et 0 a +/- 5 s
    colline_propriete_oracle_test.go:101:   VERDICT : NON TENU [hors terminal : NON TENU]
    colline_propriete_oracle_test.go:101: 
    colline_propriete_oracle_test.go:101: === mode B tag 10 lecture F (candidat) : 1 slot(s), candidat = slot 1518 (1 bascules)
    colline_propriete_oracle_test.go:101:     slot 1518  :   1 bascules · premiere  303035 ms · [303.0] s
    colline_propriete_oracle_test.go:101:   (i)   EXCLUSIVITE : exactement un slot porteur sur 99.8 % des 519 frames jugees (seuil 95 %) : TENU
    colline_propriete_oracle_test.go:101:   (ii)  SYNCHRONIE : increments a +/- 1000 ms d'une bascule : TOUS 0/3 = 0.0 % · HORS TERMINAL 0/2 = 0.0 % (seuil 90 %) : NON TENU / NON TENU · ecarts bascule-increment [] ms
    colline_propriete_oracle_test.go:101:   (iii) TEMOINS : decale +20 s = 0.0 % · slots permutes = sans objet (un seul slot) · HASARD : une bascule 1.8 %, N bascules 0.8 % (moitie du reel = 0.0 %)
    colline_propriete_oracle_test.go:101:   DELAI : premiere bascule a 303035 ms du debut du film, 287990 ms de l'origine du rejeu (frame 2879) ; 3 increments · CREATION du slot candidat : presente des l'image-cle a -1 ms, derniere absente 360067 ms (19 images-cles) · PREMIER CONTACT (jauge/proprietaire) a 55049 ms du film, 40004 ms de l'origine du rejeu
    colline_propriete_oracle_test.go:101:   SECOND ORACLE : 1 periodes actives publiees aujourd'hui, dont 0 debutent a +/- 1 s d'une bascule et 0 a +/- 5 s
    colline_propriete_oracle_test.go:101:   VERDICT : NON TENU [hors terminal : NON TENU]
    colline_propriete_oracle_test.go:101: 
    colline_propriete_oracle_test.go:101: === mode B tag 10 lecture D (candidat) : 3 slot(s), candidat = slot 1478 (2 bascules)
    colline_propriete_oracle_test.go:101:     slot 1478  :   2 bascules · premiere   49327 ms · [49.3 133.1] s
    colline_propriete_oracle_test.go:101:     slot 1458  :   1 bascules · premiere  331079 ms · [331.1] s
    colline_propriete_oracle_test.go:101:     slot 1518  :   1 bascules · premiere  303035 ms · [303.0] s
    colline_propriete_oracle_test.go:101:   (i)   EXCLUSIVITE : exactement un slot porteur sur 83.0 % des 3056 frames jugees (seuil 95 %) : NON TENU
    colline_propriete_oracle_test.go:101:   (ii)  SYNCHRONIE : increments a +/- 1000 ms d'une bascule : TOUS 0/3 = 0.0 % · HORS TERMINAL 0/2 = 0.0 % (seuil 90 %) : NON TENU / NON TENU · ecarts bascule-increment [] ms
    colline_propriete_oracle_test.go:101:   (iii) TEMOINS : decale +20 s = 0.0 % · slots permutes = 0.0 % · HASARD : une bascule 1.8 %, N bascules 1.2 % (moitie du reel = 0.0 %)
    colline_propriete_oracle_test.go:101:   DELAI : premiere bascule a 49327 ms du debut du film, 34282 ms de l'origine du rejeu (frame 342) ; 3 increments · CREATION du slot candidat : presente des l'image-cle a -1 ms, derniere absente 360067 ms (19 images-cles) · PREMIER CONTACT (jauge/proprietaire) a 55049 ms du film, 40004 ms de l'origine du rejeu
    colline_propriete_oracle_test.go:101:   SECOND ORACLE : 1 periodes actives publiees aujourd'hui, dont 0 debutent a +/- 1 s d'une bascule et 0 a +/- 5 s
    colline_propriete_oracle_test.go:101:   VERDICT : NON TENU [hors terminal : NON TENU]
    colline_propriete_oracle_test.go:101: 
    colline_propriete_oracle_test.go:101: === mode B tag 11 lecture F (candidat) : 2 slot(s), candidat = slot 1497 (1 bascules)
    colline_propriete_oracle_test.go:101:     slot 1497  :   1 bascules · premiere  336818 ms · [336.8] s
    colline_propriete_oracle_test.go:101:     slot 1537  :   1 bascules · premiere  336802 ms · [336.8] s
    colline_propriete_oracle_test.go:101:   (i)   EXCLUSIVITE : exactement un slot porteur sur 0.0 % des 181 frames jugees (seuil 95 %) : NON TENU
    colline_propriete_oracle_test.go:101:   (ii)  SYNCHRONIE : increments a +/- 1000 ms d'une bascule : TOUS 0/3 = 0.0 % · HORS TERMINAL 0/2 = 0.0 % (seuil 90 %) : NON TENU / NON TENU · ecarts bascule-increment [] ms
    colline_propriete_oracle_test.go:101:   (iii) TEMOINS : decale +20 s = 0.0 % · slots permutes = 0.0 % · HASARD : une bascule 1.8 %, N bascules 0.8 % (moitie du reel = 0.0 %)
    colline_propriete_oracle_test.go:101:   DELAI : premiere bascule a 336818 ms du debut du film, 321773 ms de l'origine du rejeu (frame 3217) ; 3 increments · CREATION du slot candidat : presente des l'image-cle a -1 ms, derniere absente 360067 ms (19 images-cles) · PREMIER CONTACT (jauge/proprietaire) a 55049 ms du film, 40004 ms de l'origine du rejeu
    colline_propriete_oracle_test.go:101:   SECOND ORACLE : 1 periodes actives publiees aujourd'hui, dont 0 debutent a +/- 1 s d'une bascule et 0 a +/- 5 s
    colline_propriete_oracle_test.go:101:   VERDICT : NON TENU [hors terminal : NON TENU]
    colline_propriete_oracle_test.go:101: 
    colline_propriete_oracle_test.go:101: === mode B tag 11 lecture D (candidat) : 4 slot(s), candidat = slot 1464 (1 bascules)
    colline_propriete_oracle_test.go:101:     slot 1464  :   1 bascules · premiere  149391 ms · [149.4] s
    colline_propriete_oracle_test.go:101:     slot 1468  :   1 bascules · premiere  212905 ms · [212.9] s
    colline_propriete_oracle_test.go:101:     slot 1497  :   1 bascules · premiere  336818 ms · [336.8] s
    colline_propriete_oracle_test.go:101:     slot 1537  :   1 bascules · premiere  336802 ms · [336.8] s
    colline_propriete_oracle_test.go:101:   (i)   EXCLUSIVITE : exactement un slot porteur sur 30.9 % des 2055 frames jugees (seuil 95 %) : NON TENU
    colline_propriete_oracle_test.go:101:   (ii)  SYNCHRONIE : increments a +/- 1000 ms d'une bascule : TOUS 0/3 = 0.0 % · HORS TERMINAL 0/2 = 0.0 % (seuil 90 %) : NON TENU / NON TENU · ecarts bascule-increment [] ms
    colline_propriete_oracle_test.go:101:   (iii) TEMOINS : decale +20 s = 0.0 % · slots permutes = 0.0 % · HASARD : une bascule 1.8 %, N bascules 0.8 % (moitie du reel = 0.0 %)
    colline_propriete_oracle_test.go:101:   DELAI : premiere bascule a 149391 ms du debut du film, 134346 ms de l'origine du rejeu (frame 1343) ; 3 increments · CREATION du slot candidat : presente des l'image-cle a 19989 ms, derniere absente 0 ms (19 images-cles) · PREMIER CONTACT (jauge/proprietaire) a 55049 ms du film, 40004 ms de l'origine du rejeu
    colline_propriete_oracle_test.go:101:   SECOND ORACLE : 1 periodes actives publiees aujourd'hui, dont 0 debutent a +/- 1 s d'une bascule et 0 a +/- 5 s
    colline_propriete_oracle_test.go:101:   VERDICT : NON TENU [hors terminal : NON TENU]
    colline_propriete_oracle_test.go:101: 
    colline_propriete_oracle_test.go:101: === mode B tag 12 lecture F (candidat) : 5 slot(s), candidat = slot 1459 (1 bascules)
    colline_propriete_oracle_test.go:101:     slot 1459  :   1 bascules · premiere  232540 ms · [232.5] s
    colline_propriete_oracle_test.go:101:     slot 1468  :   1 bascules · premiere   64157 ms · [64.2] s
    colline_propriete_oracle_test.go:101:     slot 1477  :   1 bascules · premiere  230238 ms · [230.2] s
    colline_propriete_oracle_test.go:101:     slot 1536  :   1 bascules · premiere  160736 ms · [160.7] s
    colline_propriete_oracle_test.go:101:     slot 1537  :   1 bascules · premiere  191768 ms · [191.8] s
    colline_propriete_oracle_test.go:101:   (i)   EXCLUSIVITE : exactement un slot porteur sur 33.2 % des 2907 frames jugees (seuil 95 %) : NON TENU
    colline_propriete_oracle_test.go:101:   (ii)  SYNCHRONIE : increments a +/- 1000 ms d'une bascule : TOUS 0/3 = 0.0 % · HORS TERMINAL 0/2 = 0.0 % (seuil 90 %) : NON TENU / NON TENU · ecarts bascule-increment [] ms
    colline_propriete_oracle_test.go:101:   (iii) TEMOINS : decale +20 s = 0.0 % · slots permutes = 0.0 % · HASARD : une bascule 1.8 %, N bascules 0.8 % (moitie du reel = 0.0 %)
    colline_propriete_oracle_test.go:101:   DELAI : premiere bascule a 232540 ms du debut du film, 217495 ms de l'origine du rejeu (frame 2174) ; 3 increments · CREATION du slot candidat : presente des l'image-cle a 19989 ms, derniere absente 0 ms (19 images-cles) · PREMIER CONTACT (jauge/proprietaire) a 55049 ms du film, 40004 ms de l'origine du rejeu
    colline_propriete_oracle_test.go:101:   SECOND ORACLE : 1 periodes actives publiees aujourd'hui, dont 0 debutent a +/- 1 s d'une bascule et 0 a +/- 5 s
    colline_propriete_oracle_test.go:101:   VERDICT : NON TENU [hors terminal : NON TENU]
    colline_propriete_oracle_test.go:101: 
    colline_propriete_oracle_test.go:101: === mode B tag 12 lecture D (candidat) : 5 slot(s), candidat = slot 1459 (2 bascules)
    colline_propriete_oracle_test.go:101:     slot 1459  :   2 bascules · premiere  232540 ms · [232.5 300.3] s
    colline_propriete_oracle_test.go:101:     slot 1468  :   1 bascules · premiere   64157 ms · [64.2] s
    colline_propriete_oracle_test.go:101:     slot 1477  :   1 bascules · premiere  230238 ms · [230.2] s
    colline_propriete_oracle_test.go:101:     slot 1536  :   1 bascules · premiere  160736 ms · [160.7] s
    colline_propriete_oracle_test.go:101:     slot 1537  :   1 bascules · premiere  191768 ms · [191.8] s
    colline_propriete_oracle_test.go:101:   (i)   EXCLUSIVITE : exactement un slot porteur sur 33.2 % des 2907 frames jugees (seuil 95 %) : NON TENU
    colline_propriete_oracle_test.go:101:   (ii)  SYNCHRONIE : increments a +/- 1000 ms d'une bascule : TOUS 0/3 = 0.0 % · HORS TERMINAL 0/2 = 0.0 % (seuil 90 %) : NON TENU / NON TENU · ecarts bascule-increment [] ms
    colline_propriete_oracle_test.go:101:   (iii) TEMOINS : decale +20 s = 0.0 % · slots permutes = 0.0 % · HASARD : une bascule 1.8 %, N bascules 1.2 % (moitie du reel = 0.0 %)
    colline_propriete_oracle_test.go:101:   DELAI : premiere bascule a 232540 ms du debut du film, 217495 ms de l'origine du rejeu (frame 2174) ; 3 increments · CREATION du slot candidat : presente des l'image-cle a 19989 ms, derniere absente 0 ms (19 images-cles) · PREMIER CONTACT (jauge/proprietaire) a 55049 ms du film, 40004 ms de l'origine du rejeu
    colline_propriete_oracle_test.go:101:   SECOND ORACLE : 1 periodes actives publiees aujourd'hui, dont 0 debutent a +/- 1 s d'une bascule et 0 a +/- 5 s
    colline_propriete_oracle_test.go:101:   VERDICT : NON TENU [hors terminal : NON TENU]
    colline_propriete_oracle_test.go:101: 
    colline_propriete_oracle_test.go:101: === mode B tag 13 lecture F (candidat) : 2 slot(s), candidat = slot 1518 (1 bascules)
    colline_propriete_oracle_test.go:101:     slot 1518  :   1 bascules · premiere  291870 ms · [291.9] s
    colline_propriete_oracle_test.go:101:     slot 1540  :   1 bascules · premiere  128591 ms · [128.6] s
    colline_propriete_oracle_test.go:101:   (i)   EXCLUSIVITE : exactement un slot porteur sur 72.2 % des 2263 frames jugees (seuil 95 %) : NON TENU
    colline_propriete_oracle_test.go:101:   (ii)  SYNCHRONIE : increments a +/- 1000 ms d'une bascule : TOUS 0/3 = 0.0 % · HORS TERMINAL 0/2 = 0.0 % (seuil 90 %) : NON TENU / NON TENU · ecarts bascule-increment [] ms
    colline_propriete_oracle_test.go:101:   (iii) TEMOINS : decale +20 s = 0.0 % · slots permutes = 0.0 % · HASARD : une bascule 1.8 %, N bascules 0.8 % (moitie du reel = 0.0 %)
    colline_propriete_oracle_test.go:101:   DELAI : premiere bascule a 291870 ms du debut du film, 276825 ms de l'origine du rejeu (frame 2768) ; 3 increments · CREATION du slot candidat : presente des l'image-cle a -1 ms, derniere absente 360067 ms (19 images-cles) · PREMIER CONTACT (jauge/proprietaire) a 55049 ms du film, 40004 ms de l'origine du rejeu
    colline_propriete_oracle_test.go:101:   SECOND ORACLE : 1 periodes actives publiees aujourd'hui, dont 0 debutent a +/- 1 s d'une bascule et 0 a +/- 5 s
    colline_propriete_oracle_test.go:101:   VERDICT : NON TENU [hors terminal : NON TENU]
    colline_propriete_oracle_test.go:101: 
    colline_propriete_oracle_test.go:101: === mode B tag 13 lecture D (candidat) : 2 slot(s), candidat = slot 1518 (1 bascules)
    colline_propriete_oracle_test.go:101:     slot 1518  :   1 bascules · premiere  291870 ms · [291.9] s
    colline_propriete_oracle_test.go:101:     slot 1540  :   1 bascules · premiere  128591 ms · [128.6] s
    colline_propriete_oracle_test.go:101:   (i)   EXCLUSIVITE : exactement un slot porteur sur 72.2 % des 2263 frames jugees (seuil 95 %) : NON TENU
    colline_propriete_oracle_test.go:101:   (ii)  SYNCHRONIE : increments a +/- 1000 ms d'une bascule : TOUS 0/3 = 0.0 % · HORS TERMINAL 0/2 = 0.0 % (seuil 90 %) : NON TENU / NON TENU · ecarts bascule-increment [] ms
    colline_propriete_oracle_test.go:101:   (iii) TEMOINS : decale +20 s = 0.0 % · slots permutes = 0.0 % · HASARD : une bascule 1.8 %, N bascules 0.8 % (moitie du reel = 0.0 %)
    colline_propriete_oracle_test.go:101:   DELAI : premiere bascule a 291870 ms du debut du film, 276825 ms de l'origine du rejeu (frame 2768) ; 3 increments · CREATION du slot candidat : presente des l'image-cle a -1 ms, derniere absente 360067 ms (19 images-cles) · PREMIER CONTACT (jauge/proprietaire) a 55049 ms du film, 40004 ms de l'origine du rejeu
    colline_propriete_oracle_test.go:101:   SECOND ORACLE : 1 periodes actives publiees aujourd'hui, dont 0 debutent a +/- 1 s d'une bascule et 0 a +/- 5 s
    colline_propriete_oracle_test.go:101:   VERDICT : NON TENU [hors terminal : NON TENU]
    colline_propriete_oracle_test.go:101: 
    colline_propriete_oracle_test.go:101: === mode B tag 14 lecture F (candidat) : SANS OBJET — aucune lecture chainee valuee sur ce film
    colline_propriete_oracle_test.go:101: 
    colline_propriete_oracle_test.go:101: === mode B tag 14 lecture D (candidat) : SANS OBJET — aucune lecture chainee valuee sur ce film
    colline_propriete_oracle_test.go:101: 
    colline_propriete_oracle_test.go:101: === mode B tag 15 lecture F (candidat) : SANS OBJET — aucune lecture chainee valuee sur ce film
    colline_propriete_oracle_test.go:101: 
    colline_propriete_oracle_test.go:101: === mode B tag 15 lecture D (candidat) : SANS OBJET — aucune lecture chainee valuee sur ce film
--- PASS: TestCollineProprieteOracle (271.94s)
PASS
ok  	levelup/go-api/internal/analysis/replay	273.620s
