2026/08/19 22:11:38 INFO faits du match charges path=C:\Users\Guillaume\Projects\LevelUp-wt-cter-fusion\.ai\V7.5\replay2d\registre_film\lotCter\faits_0a247154.json match=0a247154 joueurs=8 variante="Ranked:King of the Hill"
2026/08/19 22:11:40 INFO replaybuild: actions d'objectif identifiees match_id=0a247154 famille=hill nommees=0 identifiees=0 slotsApparies=8
2026/08/19 22:11:40 WARN empreinte du registre ECS du film INCONNUE — grammaire des composants suspecte (mise a jour du jeu ?) ; le film reste decode empreinte=2988684478930051889 empreinte_connue=7053924395561516366 blocs=116 slots_non_vides=1031
2026/08/19 22:13:02 INFO capacites : lectures d i48 recordsDelta=261299 masqueAvecI48=29 lues=29 illisibles=0 sansIdentite=5
2026/08/19 22:13:23 INFO camouflage : lectures d i28 queue[1] recordsDelta=261299 masqueAvecI28=2625 lues=2625 illisibles=0 sansVoie=1101
2026/08/19 22:13:42 INFO grappin : lectures d i59 tag==3 recordsDelta=261299 masqueAvecI59=2186 lues=2185 illisibles=1 tag3=1 corpsCasses=1
2026/08/19 22:14:25 INFO poses d'equipement : records de creation ti=37 decoupage=8/3 accords=18 ancres=8553 acceptes=354 confirmes=144 poses=144
2026/08/19 22:14:48 INFO socles : balayage d archetype archetype="armes au sol (ti=42)" slots=1014 ancres=11714 acceptees=295 imagesCles=40 viesRecensees=154 pistesDelta=527
2026/08/19 22:15:09 INFO socles : balayage d archetype archetype="power-ups de socle (ti=37)" slots=1165 ancres=8553 acceptees=354 imagesCles=40 viesRecensees=301 pistesDelta=443
2026/08/19 22:15:27 INFO rejeu : proprietes ti=13 balayees match_id=0a247154 slots=44 records=6709 marches=3676 cassees=3033 chainees=1096 lectures=7742
2026/08/19 22:18:12 INFO pont slot->joueur slots=159 viesNommees=158 viesTotal=169 lecturesIndex=40 desaccordsIndex=0 collisionsSlot=0
2026/08/19 22:18:12 INFO rejeu : courbe de score match_id=0a247154 identiteEquipes=a manches=1 modePorte=true equipes=2 joueurs=8 points=1556
2026/08/19 22:18:12 INFO rejeu : tractions de grappin tirs=0 accroches=0 tractions=0 vies=0 rates=0 corpsCasses=0
2026/08/19 22:18:12 INFO rejeu : poses d'equipement balaye=true calibre=true decoupage=8/3 poses=144 nommees=144 autres=0 avecPoseur=144 avecCap=136 deployees=0 lachees=144 origineInconnue=0
2026/08/19 22:18:12 INFO rejeu : socles d'arme au sol balaye=true ancres=11714 acceptees=295 retenues=199 ecartees=96 objetsDObjectif=0 lachees=173 apparues=26 auRepos=25 grappes=6 socles=6 occupations=38 datees=26 sansPassage=9 jamaisVidees=3 cyclesEtablis=2
2026/08/19 22:18:12 INFO rejeu : socles de power-up balaye=true acceptees=354 retenues=15 socles=1
2026/08/19 22:18:12 INFO rejeu : etat des zones match_id=0a247154 methode=designator+geometry catalogue=5 slots=26 apparies=5 nonApparies=0 sansProprietaire=0 intervalles=6 periodesColline=6 proprietaireVerifie=0 proprietaireConcordant=0
2026/08/19 22:18:12 INFO rejeu : episodes d'equipement actif viesPubliees=161 viesCamo=7 episodesCamo=10 viesSurbouclier=0 episodesSurbouclier=0
2026/08/19 22:18:12 INFO rejeu : palette de capacites palette=famille_a lectures=24 rangsNommes=3
2026/08/19 22:18:12 INFO rejeu : couverture par calque tirsRattaches=1950 tirsDisponibles=2085 tirsSansSlot=101 tirsAmbigus=34 tirsHorsFenetre=0 tirsNonPublies=0 grenadesRattachees=0 grenadesDisponibles=0 verdictTirs=nominal verdictGrenades="aucune donnée" verdictPont=nominal
2026/08/19 22:18:12 INFO artefact rejeu écrit path=C:\Users\Guillaume\Projects\LevelUp-wt-cter-fusion\data\cache\replays\halo_infinite\0a247154.json tracks=161 module=fo11_blank bytes=2969064 match=0a247154 title=halo_infinite
