# EMPREINTE DE LA GRAMMAIRE DU FILM — golden du lot 0.A.4.
#
# Une seule ligne de donnees : `revision<TAB>empreinte`.
#   revision   filmdec.GrammarRev (forme grammar-AAAA-MM-JJ)
#   empreinte  sha256 des sources .go hors _test.go de filmdec/ ET killsource/, chemin relatif
#              compris, fins de ligne normalisees en LF.
#
# LA REGLE A TROIS ETAGES :
#   GrammarRev            monte a TOUT changement de grammaire (largeur, cadre, ordre, lecteur).
#   KillSourceDecoderRev  monte si la SORTIE de killsource peut changer -> backlog de redecodage.
#   SchemaVersion         monte si le CONTENU CUIT change -> recuisson par backfill-replay.
#
# REGENERATION :
#   go test ./internal/games/halo_infinite/film/filmdec/ -run GrammarRevSuitLaGrammaire -update-grammar-rev
#
# HISTORIQUE
#   2026-09-13  grammar-2026-09-13  premiere pose (lot 0.A.4). L'empreinte couvre desormais
#               filmdec ET killsource : une largeur corrigee d'un seul cote fait sonner le gate.
#   2026-09-13  grammar-2026-09-13  revue R1 (P2-3) : `grammar_rev.go` SORT de l ensemble hache
#               (132 -> 131 fichiers). La constante DECRIT la grammaire, elle n en fait pas
#               partie : tant qu elle etait hachee, faire monter la revision seule changeait
#               aussi l empreinte, et la branche « revision changee sans que la grammaire bouge »
#               etait du code mort. Revision INCHANGEE : aucune grammaire n a bouge, seul
#               l ensemble hache s est corrige.
#   2026-09-14  grammar-2026-09-14  lot 1.1 : l EQUIPE d un evenement du pied se lit a l octet 37,
#               plus a l octet 55 (665/665 sur quatorze films). LA REVISION MONTE SANS QUE
#               L EMPREINTE BOUGE, et ce n est pas une anomalie : la grammaire corrigee vit
#               dans `internal/analysis/objectiveevents`, qui n est PAS dans l ensemble hache
#               (filmdec + killsource seulement) — decouverte D1 (1.1) du PLAN_DECODEUR_FILM, §4.
#   2026-09-14  grammar-2026-09-14  lot 1.1.5 : `internal/analysis/objectiveevents` ENTRE dans
#               l ensemble hache (131 -> 150 fichiers, +19). Il porte le lecteur du pied de
#               film, donc de la grammaire — et l entree ci-dessus est la preuve par l absurde
#               qu il y manquait : le changement d octet du lot 1.1 n avait fait rougir personne.
#               REVISION INCHANGEE, empreinte NEUVE : aucune grammaire n a bouge dans ce commit,
#               seul l ensemble hache s elargit — meme nature que la correction de la revue R1
#               ci-dessus, en sens inverse. Decouverte D1 (1.1) FERMEE.
#   2026-09-14  grammar-2026-09-14  lot 1.1.R1 (revue ronde 1, constat R1-3) : le sentinelle
#               `teamAbsent = -1` de `objectiveevents` est RETIRE — aucun producteur ne pouvait
#               le rendre (tous apparies a `ok=false`, jetes), donc il annoncait un contrat
#               « le film est parfois muet ici » que la grammaire ne porte pas. MEME REVISION :
#               deux changements du meme jour la partagent, c est la regle ecrite dans
#               `grammar_rev.go`, et aucun offset ne bouge. L empreinte, elle, BOUGE — et c est
#               le premier effet visible de l elargissement du lot 1.1.5 : le meme geste, la
#               veille, n aurait fait rougir personne.
#   2026-09-14  grammar-2026-09-14.2  lot 1.2 : LE REGISTRE COMMENCE A L OCTET 8. `parseRegistry`
#               lit l entree de 0x104 octets du jeu (`[nom @ +0x00][u32 niveau @ +0x100]`) au lieu
#               d un slot suppose `[u32 kind][u32 flags][nom @ +8]` depuis l octet 0. Les NOMS ne
#               bougent pas ; le NIVEAU de 173 a 189 composants par registre change, dont QUATRE
#               que le dispatch consomme (ti=14 i0 crew-order, ti=21 i2 flock-destination,
#               ti=30 i0 tacmap-poiicon, ti=44 i0 asset-transform). L empreinte du registre passe
#               au domaine `niveau | nom` et sa valeur connue est recalculee.
#               PREMIER SUFFIXE DE RANG : le lot 1.1 tenait deja `grammar-2026-09-14`. Partager
#               sa revision aurait voulu dire regenerer ce golden sur la branche « revision
#               inchangee, empreinte differente » — soit faire taire le ratchet dans le cas
#               precis qui le justifie. La forme de `GrammarRev` admet donc un `.N` par LOT du
#               meme jour, et `grammar_rev.go` le dit.
#   2026-09-14  grammar-2026-09-14.2  lot 1.2 (suite, MEME LOT donc MEME REVISION) : l en-tete de
#               `registry_fingerprint.go` affirmait encore « le registre est bit-a-bit IDENTIQUE
#               sur tous les films mesures a ce jour » deux ecrans au-dessus du commentaire qui
#               dit l inverse (49 blocs avant HI_1_12_0, 50 ensuite). Correction de texte SEULE :
#               aucun octet lu ne change, l empreinte bouge parce qu elle hache les octets.
#   2026-09-14  grammar-2026-09-14.2  lot 1.2 revue R1 (MEME LOT donc MEME REVISION) : deux
#               corrections recevables du relecteur. (C1) la borne de la boucle de blocs revient
#               a des blocs ENTIERS — la borne relachee par 1.2.2 entrait dans un bloc incomplet
#               et faisait PANIQUER `zeroTail` (`from > to`) sur un chunk_00 tronque, sans aucun
#               recover chez les deux appelants de production ; `Registry.TruncatedBytes` nomme
#               desormais la queue non couverte. (C2) le commentaire d `asset-transform-component`
#               disait « ti44 i0 = L0 -> 6 bits/axe » alors que ce lot met le composant a L1 :
#               budget 100 -> 115 bits. La LECTURE NOMINALE ne change pas — `KnownRegistryFingerprint`
#               est inchangee et l equivalence reste a 20/20.
#   2026-09-14  grammar-2026-09-14.2  lot 1.2 revue R2 (MEME LOT donc MEME REVISION) : deux P2.
#               (P2-1) un chunk_00 coupe EXACTEMENT sur une frontiere de bloc ne laisse aucun
#               octet de queue, donc `TruncatedBytes = 0` et la troncature redevenait muette ;
#               `Registry.Truncated` porte desormais le FAIT (le parse a epuise le tampon) et
#               `TruncatedBytes` n en est que la mesure. (P2-2) « les DEUX appelants de
#               production » etait faux : ils sont TROIS (film_context.go:254, killsource/
#               world.go:58, killcollector/hits.go:113), releve par grep colle au texte.
#               Aucune largeur, aucun offset, aucune lecture nominale ne change.
grammar-2026-09-14.2	8e118038d1243ac18d8f31bca07e47bcf40ab01be028ccdf1ae8187e1898684c
