# EMPREINTE DE LA GRAMMAIRE DU FILM — golden du lot 0.A.4.
#
# Une seule ligne de donnees : `revision<TAB>empreinte`.
#   revision   filmdec.GrammarRev (forme grammar-AAAA-MM-JJ)
#   empreinte  sha256 des sources .go hors _test.go de filmdec/ ET killsource/, chemin relatif
#              compris, fins de ligne normalisees en LF.
#
# LA REGLE A TROIS ETAGES :
#   GrammarRev            monte a TOUT changement de grammaire (largeur, cadre, ordre, lecteur).
#   KillSourceDecoderRev  monte si la SORTIE de killsource peut changer -> backlog de redecodage.
#   SchemaVersion         monte si le CONTENU CUIT change -> recuisson par backfill-replay.
#
# REGENERATION :
#   go test ./internal/games/halo_infinite/film/filmdec/ -run GrammarRevSuitLaGrammaire -update-grammar-rev
#
# HISTORIQUE
#   2026-09-13  grammar-2026-09-13  premiere pose (lot 0.A.4). L'empreinte couvre desormais
#               filmdec ET killsource : une largeur corrigee d'un seul cote fait sonner le gate.
#   2026-09-13  grammar-2026-09-13  revue R1 (P2-3) : `grammar_rev.go` SORT de l ensemble hache
#               (132 -> 131 fichiers). La constante DECRIT la grammaire, elle n en fait pas
#               partie : tant qu elle etait hachee, faire monter la revision seule changeait
#               aussi l empreinte, et la branche « revision changee sans que la grammaire bouge »
#               etait du code mort. Revision INCHANGEE : aucune grammaire n a bouge, seul
#               l ensemble hache s est corrige.
#   2026-09-14  grammar-2026-09-14  lot 1.1 : l EQUIPE d un evenement du pied se lit a l octet 37,
#               plus a l octet 55 (665/665 sur quatorze films). LA REVISION MONTE SANS QUE
#               L EMPREINTE BOUGE, et ce n est pas une anomalie : la grammaire corrigee vit
#               dans `internal/analysis/objectiveevents`, qui n est PAS dans l ensemble hache
#               (filmdec + killsource seulement) — decouverte D1 (1.1) du PLAN_DECODEUR_FILM, §4.
#   2026-09-14  grammar-2026-09-14  lot 1.1.5 : `internal/analysis/objectiveevents` ENTRE dans
#               l ensemble hache (131 -> 150 fichiers, +19). Il porte le lecteur du pied de
#               film, donc de la grammaire — et l entree ci-dessus est la preuve par l absurde
#               qu il y manquait : le changement d octet du lot 1.1 n avait fait rougir personne.
#               REVISION INCHANGEE, empreinte NEUVE : aucune grammaire n a bouge dans ce commit,
#               seul l ensemble hache s elargit — meme nature que la correction de la revue R1
#               ci-dessus, en sens inverse. Decouverte D1 (1.1) FERMEE.
grammar-2026-09-14	474c9faa308e2edb4010792022f09c525534c10d543fe4da60f71e8129801d3f
