# GOLDEN — LE COUPLE (REVISION DU DECODEUR, EMPREINTE DE SES SOURCES). Ne PAS editer a la main.
#
# Une ligne de donnees : la revision, une TABULATION, l empreinte SHA-256 des sources NON-TEST de
# internal/games/halo_infinite/film/killsource/ (fins de ligne normalisees en LF, chemin relatif
# hache a cote du contenu). Les lignes vides et celles qui commencent par # sont ignorees.
#
# CE QUE CE FICHIER GARDE, ET POURQUOI IL PORTE LES DEUX VALEURS. Le gate d avant ne comparait que
# l empreinte a une constante de collector.go : remettre KillSourceDecoderRev a sa valeur d avant
# en gardant la nouvelle empreinte restait VERT (revue adversariale du 2026-09-12, constat P1-4).
# Les deux valeurs figees ensemble rendent les deux derives visibles :
#
#   empreinte differente            le decodeur a change  -> DECIDER si les lignes en base doivent
#                                   etre redecodees, bumper la revision si oui, puis regenerer.
#   empreinte egale, revision non   la revision a bouge sans le decodeur -> geste sans effet, ou
#                                   golden non regenere apres un bump legitime.
#
# REGENERATION (les deux valeurs a la fois, jamais l une sans l autre) :
#
#   go test ./internal/sync/killcollector/ -run TestKillSourceDecoderRevSuitLeDecodeur -update
#
# HISTORIQUE DES MOUVEMENTS DE CE COUPLE
#
#   2026-09-05  killsource-2026-07-31 -> killsource-2026-09-05. 14 commits sur le decodeur depuis
#               v7.3.0 sans un seul bump : les lignes en base portaient la revision courante et
#               etaient exclues A VIE du backlog (postsync.go, conditionBacklog).
#   2026-09-10  botSuffix -> BotSuffix (export pur, roster.go). AUCUNE ligne produite ne bouge :
#               revision INCHANGEE, empreinte seule recopiee — decision explicite.
#   2026-09-12  killsource-2026-09-05 -> killsource-2026-09-12. loadFilm pose la version LUE du
#               film, loadKillFeed la passe au parseur, prepare consigne le registre absent. Les
#               lignes produites bougent sur les films de version 39-40.
#   2026-09-12  passage de la constante killSourceDecoderFingerprint a ce golden (constat P1-4).
#               Ni le decodeur ni la revision ne bougent : meme empreinte, meme revision.
#   2026-09-12  lot E.2 : deplacement pur de filmdec et replay d internal/analysis/ vers
#               internal/games/halo_infinite/film/ (ADR 0012). Seules les LIGNES D IMPORT des
#               sources de killsource changent (analysis/filmdec -> games/halo_infinite/film/
#               filmdec) ; le decodage est identique au bit pres. Revision INCHANGEE — la bumper
#               reinscrirait tout le parc au backlog pour un renommage de repertoire — empreinte
#               seule recopiee (fusion avec feat/v75 lot G).
#   2026-09-12  fusion feat/v75 (lot G) dans wt/decodeur-sous-titre : gofmt sur chunks.go apres
#               reecriture des imports d aterrissage de G (analyse -> games/halo_infinite/film)
#               change la mise en forme du fichier, pas le decodage. Revision INCHANGEE, empreinte
#               seule recopiee.
#   2026-09-14  killsource-2026-09-12 -> killsource-2026-09-14. Lot 1.8 : LA TABLE DES JOUEURS DU
#               FILM devient la source du lien `indice -> joueur` (film_table.go), l inference par
#               les votes du kill-feed devient le repli, compte. Les lignes produites bougent par
#               deux canaux : l identite des indices (mesure du 2026-09-14 sur 30 films et 8
#               builds : 314 accords sur 322 sieges ; SIX des huit ecarts sont des joueurs que le
#               kill-feed ne nomme pas, l inference leur donnait le nom d un autre) et la porte de
#               publication ligne par ligne (un film entierement lu n a plus rien
#               d interchangeable : la marge est SANS OBJET, pas nulle). Backlog de redecodage du
#               parc : geste de PRODUCTION, reserve au pilote sur signal (D6 du plan).
#
#   2026-09-15  killsource-2026-09-14 -> killsource-2026-09-15. Lot 1.9.3 : LE COUPLE (TUEUR,
#               VICTIME) D UN KILL SANS MORT EN FACE EST LU AU KILL-EVENT 85 (feed_couples.go),
#               plus recolle sur la mort d un instant voisin. `readKillEvent` etait DEJA porte —
#               il n etait lu que pour l ASSISTANT. Mesure du 2026-09-15 sur 21 films entiers
#               (8 builds, 14 temoins du corpus gate) : 281 kills sans mort en face, 198 decides
#               par la lecture, 198 accords avec le recollage, 0 contradiction, 1 victime BOT
#               nommee, 1 ambigu, 81 muets. Les lignes bougent par deux canaux : (1) la victime
#               NOMMEE A LA SOURCE — quand le film nomme un bot, aucun couple n est plus FABRIQUE
#               sur la mort d un humain voisin, et cette mort retourne aux morts que personne ne
#               revendique (1 cas sur 21 films, `4f77afc1`) ; (2) la POPULATION DES MORTS DE BOT —
#               un couple que la lecture decide n en est plus un candidat (mini-bobine : 17 -> 16
#               proposes). Backlog de redecodage du parc : geste de PRODUCTION, reserve au pilote
#               sur signal (D6 du plan).
#
#   2026-09-16  killsource-2026-09-15 -> killsource-2026-09-16. Revue de jalon M1, lentille L4 :
#               la porte de publication ligne par ligne ne comptait QU UN COTE du probleme
#               d affectation. `BijectionDetermined` valait `Inferred <= 1` ; depuis le lot 1.8 il
#               peut rester PLUS de noms libres que d indices libres (la table du film ajoute au
#               roster les joueurs que le kill-feed ne nomme pas — `111fa685`, 25 joueurs pour
#               24 indices), donc un indice pour deux noms, tranche par des votes tous nuls, et
#               la source du degat / le credit / l assistant / les parts de degats publies sur un
#               occupant TIRE AU SORT. Critere corrige : `FilmTablePinning.AffectationUnique`
#               (indices libres ET noms libres). La porte ne fait que se FERMER : aucun film ne
#               gagne la publication, certains la perdent. Population NON mesurable a l oracle
#               pre-chaine-2026-09-09 (aucune colonne ne porte `Inferred`/`AddedNames`, et sa
#               revision la plus recente, killsource-2026-09-05, precede l apparition du champ) :
#               elle se mesurera a la recuisson par killsource_bijection_noms_libres_en_trop.
#
#   2026-09-16  killsource-2026-09-16 -> killsource-2026-09-16.2 (fusion du lot 1.9.7, second mouvement
#               du jour) : l appariement dead-state <-> kill-feed par l IDENTITE DE PAQUET (chunk, pidx),
#               plus par la fenetre de 2,5 s (2 899 appariements sur 21 films : 2 205 egaux, 2 differents,
#               692 sans identite -> repli nomme et compte). Zero desaccord avec la fenetre, mais les
#               lignes peuvent bouger la ou les deux divergent : lignes en base candidates au backlog.
killsource-2026-09-16.2	92f7755651da39e2f2a6a53be6a544fe284020aff416ff02b9f2cce5b9e3268b
