mode: set
levelup/go-api/internal/sync/aggregates.go:75.55,77.45 2 0
levelup/go-api/internal/sync/aggregates.go:77.45,78.64 1 0
levelup/go-api/internal/sync/aggregates.go:78.64,80.12 2 0
levelup/go-api/internal/sync/aggregates.go:82.3,82.10 1 0
levelup/go-api/internal/sync/aggregates.go:84.2,84.19 1 0
levelup/go-api/internal/sync/aggregates.go:88.56,90.35 2 0
levelup/go-api/internal/sync/aggregates.go:90.35,91.54 1 0
levelup/go-api/internal/sync/aggregates.go:91.54,93.12 2 0
levelup/go-api/internal/sync/aggregates.go:95.3,95.10 1 0
levelup/go-api/internal/sync/aggregates.go:97.2,97.19 1 0
levelup/go-api/internal/sync/aggregates.go:101.70,103.41 2 0
levelup/go-api/internal/sync/aggregates.go:103.41,105.3 1 0
levelup/go-api/internal/sync/aggregates.go:106.2,107.43 2 0
levelup/go-api/internal/sync/aggregates.go:107.43,109.3 1 0
levelup/go-api/internal/sync/aggregates.go:110.2,110.12 1 0
levelup/go-api/internal/sync/aggregates.go:114.60,116.41 2 0
levelup/go-api/internal/sync/aggregates.go:116.41,118.3 1 0
levelup/go-api/internal/sync/aggregates.go:119.2,119.12 1 0
levelup/go-api/internal/sync/backfill.go:28.21,29.18 1 0
levelup/go-api/internal/sync/backfill.go:29.18,31.3 1 0
levelup/go-api/internal/sync/backfill.go:34.2,34.23 1 0
levelup/go-api/internal/sync/backfill.go:34.23,37.3 2 0
levelup/go-api/internal/sync/backfill.go:40.2,49.27 4 0
levelup/go-api/internal/sync/backfill.go:49.27,52.17 3 0
levelup/go-api/internal/sync/backfill.go:52.17,54.4 1 0
levelup/go-api/internal/sync/backfill.go:56.3,56.22 1 0
levelup/go-api/internal/sync/backfill.go:56.22,58.4 1 0
levelup/go-api/internal/sync/backfill.go:62.2,63.16 2 0
levelup/go-api/internal/sync/backfill.go:63.16,65.3 1 0
levelup/go-api/internal/sync/backfill.go:68.2,68.29 1 0
levelup/go-api/internal/sync/backfill.go:68.29,70.36 2 0
levelup/go-api/internal/sync/backfill.go:70.36,72.4 1 0
levelup/go-api/internal/sync/backfill.go:73.3,74.37 2 0
levelup/go-api/internal/sync/backfill.go:74.37,75.17 1 0
levelup/go-api/internal/sync/backfill.go:75.17,78.5 2 0
levelup/go-api/internal/sync/backfill.go:80.3,80.21 1 0
levelup/go-api/internal/sync/backfill.go:83.2,83.27 1 0
levelup/go-api/internal/sync/backfill.go:96.21,98.11 2 0
levelup/go-api/internal/sync/backfill.go:98.11,100.3 1 0
levelup/go-api/internal/sync/backfill.go:100.8,102.3 1 0
levelup/go-api/internal/sync/backfill.go:104.2,112.20 3 0
levelup/go-api/internal/sync/backfill.go:112.20,114.3 1 0
levelup/go-api/internal/sync/backfill.go:116.2,117.16 2 0
levelup/go-api/internal/sync/backfill.go:117.16,119.3 1 0
levelup/go-api/internal/sync/backfill.go:120.2,123.18 3 0
levelup/go-api/internal/sync/backfill.go:123.18,125.45 2 0
levelup/go-api/internal/sync/backfill.go:125.45,127.4 1 0
levelup/go-api/internal/sync/backfill.go:128.3,128.35 1 0
levelup/go-api/internal/sync/backfill.go:130.2,130.27 1 0
levelup/go-api/internal/sync/backfill.go:138.40,141.41 3 0
levelup/go-api/internal/sync/backfill.go:141.41,143.3 1 0
levelup/go-api/internal/sync/backfill.go:144.2,144.25 1 0
levelup/go-api/internal/sync/backfill.go:148.50,154.41 3 0
levelup/go-api/internal/sync/backfill.go:154.41,156.3 1 0
levelup/go-api/internal/sync/backfill.go:157.2,157.18 1 0
levelup/go-api/internal/sync/backfill.go:162.55,163.15 1 0
levelup/go-api/internal/sync/backfill.go:163.15,165.3 1 0
levelup/go-api/internal/sync/backfill.go:166.2,167.21 2 0
levelup/go-api/internal/sync/backfill.go:167.21,169.3 1 0
levelup/go-api/internal/sync/backfill.go:170.2,170.79 1 0
levelup/go-api/internal/sync/backfill.go:176.76,178.18 2 0
levelup/go-api/internal/sync/backfill.go:178.18,180.3 1 0
levelup/go-api/internal/sync/backfill.go:180.8,182.3 1 0
levelup/go-api/internal/sync/backfill.go:184.2,185.16 2 0
levelup/go-api/internal/sync/backfill.go:185.16,187.3 1 0
levelup/go-api/internal/sync/backfill.go:188.2,191.18 3 0
levelup/go-api/internal/sync/backfill.go:191.18,193.40 2 0
levelup/go-api/internal/sync/backfill.go:193.40,194.12 1 0
levelup/go-api/internal/sync/backfill.go:196.3,196.32 1 0
levelup/go-api/internal/sync/backfill.go:198.2,198.23 1 0
levelup/go-api/internal/sync/backfill.go:198.23,200.3 1 0
levelup/go-api/internal/sync/backfill.go:203.2,204.29 2 0
levelup/go-api/internal/sync/backfill.go:204.29,205.25 1 0
levelup/go-api/internal/sync/backfill.go:205.25,207.4 1 0
levelup/go-api/internal/sync/backfill.go:209.2,209.32 1 0
levelup/go-api/internal/sync/backfill.go:209.32,211.3 1 0
levelup/go-api/internal/sync/backfill.go:212.2,212.84 1 0
levelup/go-api/internal/sync/backfill.go:221.21,226.18 3 0
levelup/go-api/internal/sync/backfill.go:226.18,229.3 1 0
levelup/go-api/internal/sync/backfill.go:232.2,232.18 1 0
levelup/go-api/internal/sync/backfill.go:232.18,234.3 1 0
levelup/go-api/internal/sync/backfill.go:237.2,237.17 1 0
levelup/go-api/internal/sync/backfill.go:237.17,238.23 1 0
levelup/go-api/internal/sync/backfill.go:238.23,240.4 1 0
levelup/go-api/internal/sync/backfill.go:240.9,244.4 1 0
levelup/go-api/internal/sync/backfill.go:248.2,248.26 1 0
levelup/go-api/internal/sync/backfill.go:248.26,251.3 1 0
levelup/go-api/internal/sync/backfill.go:254.2,254.29 1 0
levelup/go-api/internal/sync/backfill.go:254.29,255.35 1 0
levelup/go-api/internal/sync/backfill.go:255.35,257.4 1 0
levelup/go-api/internal/sync/backfill.go:257.9,260.4 1 0
levelup/go-api/internal/sync/backfill.go:264.2,264.20 1 0
levelup/go-api/internal/sync/backfill.go:264.20,265.26 1 0
levelup/go-api/internal/sync/backfill.go:265.26,267.4 1 0
levelup/go-api/internal/sync/backfill.go:267.9,269.4 1 0
levelup/go-api/internal/sync/backfill.go:273.2,273.17 1 0
levelup/go-api/internal/sync/backfill.go:273.17,274.23 1 0
levelup/go-api/internal/sync/backfill.go:274.23,276.4 1 0
levelup/go-api/internal/sync/backfill.go:276.9,278.4 1 0
levelup/go-api/internal/sync/backfill.go:282.2,282.20 1 0
levelup/go-api/internal/sync/backfill.go:282.20,284.3 1 0
levelup/go-api/internal/sync/backfill.go:287.2,287.18 1 0
levelup/go-api/internal/sync/backfill.go:287.18,290.24 2 0
levelup/go-api/internal/sync/backfill.go:290.24,292.4 1 0
levelup/go-api/internal/sync/backfill.go:292.9,294.4 1 0
levelup/go-api/internal/sync/backfill.go:298.2,298.24 1 0
levelup/go-api/internal/sync/backfill.go:298.24,300.3 1 0
levelup/go-api/internal/sync/backfill.go:303.2,303.24 1 0
levelup/go-api/internal/sync/backfill.go:303.24,304.30 1 0
levelup/go-api/internal/sync/backfill.go:304.30,306.4 1 0
levelup/go-api/internal/sync/backfill.go:306.9,308.4 1 0
levelup/go-api/internal/sync/backfill.go:312.2,312.20 1 0
levelup/go-api/internal/sync/backfill.go:312.20,314.26 2 0
levelup/go-api/internal/sync/backfill.go:314.26,316.4 1 0
levelup/go-api/internal/sync/backfill.go:316.9,319.4 1 0
levelup/go-api/internal/sync/backfill.go:323.2,323.19 1 0
levelup/go-api/internal/sync/backfill.go:323.19,326.25 3 0
levelup/go-api/internal/sync/backfill.go:326.25,328.4 1 0
levelup/go-api/internal/sync/backfill.go:328.9,332.4 1 0
levelup/go-api/internal/sync/backfill.go:336.2,336.28 1 0
levelup/go-api/internal/sync/backfill.go:336.28,337.34 1 0
levelup/go-api/internal/sync/backfill.go:337.34,339.4 1 0
levelup/go-api/internal/sync/backfill.go:339.9,344.4 1 0
levelup/go-api/internal/sync/backfill.go:347.2,347.26 1 0
levelup/go-api/internal/sync/backfill.go:347.26,349.3 1 0
levelup/go-api/internal/sync/backfill.go:351.2,355.18 3 0
levelup/go-api/internal/sync/backfill.go:355.18,357.3 1 0
levelup/go-api/internal/sync/backfill.go:359.2,367.26 3 0
levelup/go-api/internal/sync/backfill.go:367.26,369.3 1 0
levelup/go-api/internal/sync/backfill.go:371.2,372.16 2 0
levelup/go-api/internal/sync/backfill.go:372.16,375.3 2 0
levelup/go-api/internal/sync/backfill.go:376.2,379.18 3 0
levelup/go-api/internal/sync/backfill.go:379.18,381.45 2 0
levelup/go-api/internal/sync/backfill.go:381.45,382.12 1 0
levelup/go-api/internal/sync/backfill.go:384.3,384.35 1 0
levelup/go-api/internal/sync/backfill.go:386.2,386.27 1 0
levelup/go-api/internal/sync/backfill.go:395.21,400.30 3 0
levelup/go-api/internal/sync/backfill.go:400.30,403.3 1 0
levelup/go-api/internal/sync/backfill.go:406.2,406.27 1 0
levelup/go-api/internal/sync/backfill.go:406.27,410.3 1 0
levelup/go-api/internal/sync/backfill.go:413.2,413.29 1 0
levelup/go-api/internal/sync/backfill.go:413.29,414.35 1 0
levelup/go-api/internal/sync/backfill.go:414.35,416.4 1 0
levelup/go-api/internal/sync/backfill.go:416.9,420.4 1 0
levelup/go-api/internal/sync/backfill.go:424.2,424.30 1 0
levelup/go-api/internal/sync/backfill.go:424.30,425.36 1 0
levelup/go-api/internal/sync/backfill.go:425.36,427.4 1 0
levelup/go-api/internal/sync/backfill.go:427.9,431.4 1 0
levelup/go-api/internal/sync/backfill.go:435.2,435.31 1 0
levelup/go-api/internal/sync/backfill.go:435.31,436.37 1 0
levelup/go-api/internal/sync/backfill.go:436.37,438.4 1 0
levelup/go-api/internal/sync/backfill.go:438.9,441.4 1 0
levelup/go-api/internal/sync/backfill.go:444.2,444.26 1 0
levelup/go-api/internal/sync/backfill.go:444.26,446.3 1 0
levelup/go-api/internal/sync/backfill.go:448.2,457.26 3 0
levelup/go-api/internal/sync/backfill.go:457.26,459.3 1 0
levelup/go-api/internal/sync/backfill.go:461.2,462.16 2 0
levelup/go-api/internal/sync/backfill.go:462.16,465.3 2 0
levelup/go-api/internal/sync/backfill.go:466.2,469.18 3 0
levelup/go-api/internal/sync/backfill.go:469.18,471.45 2 0
levelup/go-api/internal/sync/backfill.go:471.45,472.12 1 0
levelup/go-api/internal/sync/backfill.go:474.3,474.35 1 0
levelup/go-api/internal/sync/backfill.go:476.2,476.27 1 0
levelup/go-api/internal/sync/backfill.go:481.37,482.34 1 0
levelup/go-api/internal/sync/backfill.go:482.34,484.3 1 0
levelup/go-api/internal/sync/backfill.go:485.2,485.23 1 0
levelup/go-api/internal/sync/backfill.go:485.23,486.96 1 0
levelup/go-api/internal/sync/backfill.go:486.96,488.4 1 0
levelup/go-api/internal/sync/backfill.go:490.2,490.13 1 0
levelup/go-api/internal/sync/backfill_cli.go:27.69,183.2 102 0
levelup/go-api/internal/sync/backfill_flags.go:137.47,139.26 2 1
levelup/go-api/internal/sync/backfill_flags.go:139.26,140.38 1 1
levelup/go-api/internal/sync/backfill_flags.go:140.38,142.4 1 1
levelup/go-api/internal/sync/backfill_flags.go:144.2,144.13 1 1
levelup/go-api/internal/sync/backfill_flags.go:151.70,153.37 2 0
levelup/go-api/internal/sync/backfill_flags.go:153.37,154.41 1 0
levelup/go-api/internal/sync/backfill_flags.go:154.41,156.4 1 0
levelup/go-api/internal/sync/backfill_flags.go:158.2,175.13 18 0
levelup/go-api/internal/sync/backfill_weapons.go:36.17,39.16 2 0
levelup/go-api/internal/sync/backfill_weapons.go:39.16,41.3 1 0
levelup/go-api/internal/sync/backfill_weapons.go:42.2,42.12 1 0
levelup/go-api/internal/sync/backfill_weapons.go:42.12,45.3 2 0
levelup/go-api/internal/sync/backfill_weapons.go:48.2,49.33 2 0
levelup/go-api/internal/sync/backfill_weapons.go:49.33,55.3 1 0
levelup/go-api/internal/sync/backfill_weapons.go:58.2,62.35 3 0
levelup/go-api/internal/sync/backfill_weapons.go:62.35,66.3 3 0
levelup/go-api/internal/sync/backfill_weapons.go:69.2,70.16 2 0
levelup/go-api/internal/sync/backfill_weapons.go:70.16,72.3 1 0
levelup/go-api/internal/sync/backfill_weapons.go:73.2,73.21 1 0
levelup/go-api/internal/sync/backfill_weapons.go:73.21,76.3 2 0
levelup/go-api/internal/sync/backfill_weapons.go:78.2,79.16 2 0
levelup/go-api/internal/sync/backfill_weapons.go:79.16,82.3 2 0
levelup/go-api/internal/sync/backfill_weapons.go:85.2,100.73 3 0
levelup/go-api/internal/sync/backfill_weapons.go:100.73,102.3 1 0
levelup/go-api/internal/sync/backfill_weapons.go:103.2,103.70 1 0
levelup/go-api/internal/sync/backfill_weapons.go:103.70,105.3 1 0
levelup/go-api/internal/sync/backfill_weapons.go:107.2,107.18 1 0
levelup/go-api/internal/sync/backfill_weapons.go:119.33,121.16 2 0
levelup/go-api/internal/sync/backfill_weapons.go:121.16,123.3 1 0
levelup/go-api/internal/sync/backfill_weapons.go:124.2,128.35 3 0
levelup/go-api/internal/sync/backfill_weapons.go:128.35,129.23 1 0
levelup/go-api/internal/sync/backfill_weapons.go:129.23,130.9 1 0
levelup/go-api/internal/sync/backfill_weapons.go:132.3,133.21 2 0
levelup/go-api/internal/sync/backfill_weapons.go:133.21,135.12 2 0
levelup/go-api/internal/sync/backfill_weapons.go:137.3,137.12 1 0
levelup/go-api/internal/sync/backfill_weapons.go:137.12,139.4 1 0
levelup/go-api/internal/sync/backfill_weapons.go:139.9,141.4 1 0
levelup/go-api/internal/sync/backfill_weapons.go:143.2,143.26 1 0
levelup/go-api/internal/sync/backfill_weapons.go:152.83,164.16 2 0
levelup/go-api/internal/sync/backfill_weapons.go:164.16,166.3 1 0
levelup/go-api/internal/sync/backfill_weapons.go:167.2,170.18 3 0
levelup/go-api/internal/sync/backfill_weapons.go:170.18,176.66 2 0
levelup/go-api/internal/sync/backfill_weapons.go:176.66,177.12 1 0
levelup/go-api/internal/sync/backfill_weapons.go:179.3,180.20 2 0
levelup/go-api/internal/sync/backfill_weapons.go:180.20,182.4 1 0
levelup/go-api/internal/sync/backfill_weapons.go:183.3,189.5 1 0
levelup/go-api/internal/sync/backfill_weapons.go:191.2,191.26 1 0
levelup/go-api/internal/sync/backfill_weapons.go:196.70,201.16 2 0
levelup/go-api/internal/sync/backfill_weapons.go:201.16,203.3 1 0
levelup/go-api/internal/sync/backfill_weapons.go:204.2,208.18 4 0
levelup/go-api/internal/sync/backfill_weapons.go:208.18,210.40 2 0
levelup/go-api/internal/sync/backfill_weapons.go:210.40,211.12 1 0
levelup/go-api/internal/sync/backfill_weapons.go:213.3,214.8 2 0
levelup/go-api/internal/sync/backfill_weapons.go:216.2,216.27 1 0
levelup/go-api/internal/sync/backfill_weapons.go:224.88,226.26 2 0
levelup/go-api/internal/sync/backfill_weapons.go:226.26,227.21 1 0
levelup/go-api/internal/sync/backfill_weapons.go:227.21,228.12 1 0
levelup/go-api/internal/sync/backfill_weapons.go:230.3,240.5 1 0
levelup/go-api/internal/sync/backfill_weapons.go:242.2,242.13 1 0
levelup/go-api/internal/sync/career.go:38.28,40.35 1 0
levelup/go-api/internal/sync/career.go:40.35,42.3 1 0
levelup/go-api/internal/sync/career.go:43.2,43.25 1 0
levelup/go-api/internal/sync/career.go:43.25,44.26 1 0
levelup/go-api/internal/sync/career.go:44.26,46.4 1 0
levelup/go-api/internal/sync/career.go:48.2,48.38 1 0
levelup/go-api/internal/sync/career.go:48.38,50.3 1 0
levelup/go-api/internal/sync/career.go:51.2,51.40 1 0
levelup/go-api/internal/sync/career.go:55.80,58.34 2 0
levelup/go-api/internal/sync/career.go:58.34,59.49 1 0
levelup/go-api/internal/sync/career.go:59.49,60.41 1 0
levelup/go-api/internal/sync/career.go:60.41,62.5 1 0
levelup/go-api/internal/sync/career.go:63.4,63.39 1 0
levelup/go-api/internal/sync/career.go:63.39,65.5 1 0
levelup/go-api/internal/sync/career.go:66.4,66.39 1 0
levelup/go-api/internal/sync/career.go:66.39,68.5 1 0
levelup/go-api/internal/sync/career.go:72.2,72.39 1 0
levelup/go-api/internal/sync/career.go:72.39,73.47 1 0
levelup/go-api/internal/sync/career.go:73.47,74.51 1 0
levelup/go-api/internal/sync/career.go:74.51,76.5 1 0
levelup/go-api/internal/sync/career.go:77.4,77.56 1 0
levelup/go-api/internal/sync/career.go:77.56,79.5 1 0
levelup/go-api/internal/sync/career.go:80.4,80.47 1 0
levelup/go-api/internal/sync/career.go:80.47,82.5 1 0
levelup/go-api/internal/sync/career.go:83.4,83.42 1 0
levelup/go-api/internal/sync/career.go:83.42,85.5 1 0
levelup/go-api/internal/sync/career.go:89.2,89.49 1 0
levelup/go-api/internal/sync/career.go:89.49,91.3 1 0
levelup/go-api/internal/sync/career.go:92.2,92.45 1 0
levelup/go-api/internal/sync/career.go:92.45,94.3 1 0
levelup/go-api/internal/sync/career.go:96.2,96.13 1 0
levelup/go-api/internal/sync/career.go:100.61,112.16 3 0
levelup/go-api/internal/sync/career.go:112.16,114.3 1 0
levelup/go-api/internal/sync/career.go:117.2,120.12 3 0
levelup/go-api/internal/sync/engine.go:53.15,61.2 1 0
levelup/go-api/internal/sync/engine.go:65.104,67.2 1 0
levelup/go-api/internal/sync/engine.go:70.103,72.2 1 0
levelup/go-api/internal/sync/engine.go:76.91,81.16 3 0
levelup/go-api/internal/sync/engine.go:81.16,83.3 1 0
levelup/go-api/internal/sync/engine.go:84.2,87.16 3 0
levelup/go-api/internal/sync/engine.go:87.16,89.3 1 0
levelup/go-api/internal/sync/engine.go:90.2,92.66 2 0
levelup/go-api/internal/sync/engine.go:96.113,100.40 2 0
levelup/go-api/internal/sync/engine.go:100.40,102.3 1 0
levelup/go-api/internal/sync/engine.go:105.2,106.16 2 0
levelup/go-api/internal/sync/engine.go:106.16,108.3 1 0
levelup/go-api/internal/sync/engine.go:109.2,112.16 3 0
levelup/go-api/internal/sync/engine.go:112.16,114.3 1 0
levelup/go-api/internal/sync/engine.go:115.2,119.16 3 0
levelup/go-api/internal/sync/engine.go:119.16,121.3 1 0
levelup/go-api/internal/sync/engine.go:122.2,125.16 3 0
levelup/go-api/internal/sync/engine.go:125.16,127.3 1 0
levelup/go-api/internal/sync/engine.go:128.2,132.16 3 0
levelup/go-api/internal/sync/engine.go:132.16,134.3 1 0
levelup/go-api/internal/sync/engine.go:137.2,143.34 4 0
levelup/go-api/internal/sync/engine.go:143.34,145.35 1 0
levelup/go-api/internal/sync/engine.go:145.35,146.9 1 0
levelup/go-api/internal/sync/engine.go:149.3,150.17 2 0
levelup/go-api/internal/sync/engine.go:150.17,152.9 2 0
levelup/go-api/internal/sync/engine.go:154.3,154.24 1 0
levelup/go-api/internal/sync/engine.go:154.24,155.9 1 0
levelup/go-api/internal/sync/engine.go:158.3,159.33 2 0
levelup/go-api/internal/sync/engine.go:159.33,160.36 1 0
levelup/go-api/internal/sync/engine.go:160.36,161.10 1 0
levelup/go-api/internal/sync/engine.go:163.4,163.28 1 0
levelup/go-api/internal/sync/engine.go:163.28,165.16 2 0
levelup/go-api/internal/sync/engine.go:165.16,167.15 1 0
levelup/go-api/internal/sync/engine.go:169.5,169.13 1 0
levelup/go-api/internal/sync/engine.go:171.4,173.104 2 0
levelup/go-api/internal/sync/engine.go:173.104,175.5 1 0
levelup/go-api/internal/sync/engine.go:175.10,177.5 1 0
levelup/go-api/internal/sync/engine.go:180.3,180.26 1 0
levelup/go-api/internal/sync/engine.go:180.26,181.9 1 0
levelup/go-api/internal/sync/engine.go:183.3,183.24 1 0
levelup/go-api/internal/sync/engine.go:188.2,188.32 1 0
levelup/go-api/internal/sync/engine.go:188.32,191.3 2 0
levelup/go-api/internal/sync/engine.go:194.2,194.104 1 0
levelup/go-api/internal/sync/engine.go:194.104,196.3 1 0
levelup/go-api/internal/sync/engine.go:198.2,200.20 3 0
levelup/go-api/internal/sync/engine.go:211.9,213.16 2 0
levelup/go-api/internal/sync/engine.go:213.16,215.3 1 0
levelup/go-api/internal/sync/engine.go:218.2,219.16 2 0
levelup/go-api/internal/sync/engine.go:219.16,221.3 1 0
levelup/go-api/internal/sync/engine.go:222.2,222.66 1 0
levelup/go-api/internal/sync/engine.go:222.66,224.3 1 0
levelup/go-api/internal/sync/engine.go:227.2,227.27 1 0
levelup/go-api/internal/sync/engine.go:227.27,229.68 2 0
levelup/go-api/internal/sync/engine.go:229.68,231.4 1 0
levelup/go-api/internal/sync/engine.go:232.3,235.34 2 0
levelup/go-api/internal/sync/engine.go:235.34,236.46 1 0
levelup/go-api/internal/sync/engine.go:236.46,238.5 1 0
levelup/go-api/internal/sync/engine.go:243.2,243.21 1 0
levelup/go-api/internal/sync/engine.go:243.21,245.56 2 0
levelup/go-api/internal/sync/engine.go:245.56,247.4 1 0
levelup/go-api/internal/sync/engine.go:248.3,248.39 1 0
levelup/go-api/internal/sync/engine.go:252.2,252.70 1 0
levelup/go-api/internal/sync/engine.go:252.70,254.3 1 0
levelup/go-api/internal/sync/engine.go:256.2,258.12 3 0
levelup/go-api/internal/sync/engine.go:263.61,265.16 2 0
levelup/go-api/internal/sync/engine.go:265.16,268.3 1 0
levelup/go-api/internal/sync/engine.go:269.2,272.18 3 0
levelup/go-api/internal/sync/engine.go:272.18,274.40 2 0
levelup/go-api/internal/sync/engine.go:274.40,276.4 1 0
levelup/go-api/internal/sync/engine.go:278.2,278.26 1 0
levelup/go-api/internal/sync/engine.go:290.25,294.85 2 0
levelup/go-api/internal/sync/engine.go:294.85,296.3 1 0
levelup/go-api/internal/sync/engine.go:296.8,298.3 1 0
levelup/go-api/internal/sync/engine.go:301.2,301.72 1 0
levelup/go-api/internal/sync/engine.go:301.72,303.3 1 0
levelup/go-api/internal/sync/engine.go:303.8,305.3 1 0
levelup/go-api/internal/sync/engine.go:308.2,308.66 1 0
levelup/go-api/internal/sync/engine.go:308.66,310.3 1 0
levelup/go-api/internal/sync/engine.go:310.8,310.24 1 0
levelup/go-api/internal/sync/engine.go:310.24,311.56 1 0
levelup/go-api/internal/sync/engine.go:311.56,313.4 1 0
levelup/go-api/internal/sync/engine.go:313.9,315.4 1 0
levelup/go-api/internal/sync/engine.go:319.2,319.55 1 0
levelup/go-api/internal/sync/engine.go:319.55,321.3 1 0
levelup/go-api/internal/sync/engine.go:321.8,323.3 1 0
levelup/go-api/internal/sync/engine.go:324.2,324.56 1 0
levelup/go-api/internal/sync/engine.go:324.56,326.3 1 0
levelup/go-api/internal/sync/engine.go:326.8,328.3 1 0
levelup/go-api/internal/sync/engine.go:330.2,330.10 1 0
levelup/go-api/internal/sync/halo_client.go:88.98,89.28 1 1
levelup/go-api/internal/sync/halo_client.go:89.28,91.3 1 0
levelup/go-api/internal/sync/halo_client.go:92.2,99.3 1 1
levelup/go-api/internal/sync/halo_client.go:113.32,114.39 1 1
levelup/go-api/internal/sync/halo_client.go:114.39,116.3 1 1
levelup/go-api/internal/sync/halo_client.go:117.2,117.33 1 1
levelup/go-api/internal/sync/halo_client.go:117.33,119.3 1 1
levelup/go-api/internal/sync/halo_client.go:120.2,120.15 1 1
levelup/go-api/internal/sync/halo_client.go:120.15,122.3 1 1
levelup/go-api/internal/sync/halo_client.go:123.2,123.40 1 1
levelup/go-api/internal/sync/halo_client.go:123.40,125.3 1 1
levelup/go-api/internal/sync/halo_client.go:126.2,133.16 4 1
levelup/go-api/internal/sync/halo_client.go:133.16,135.3 1 1
levelup/go-api/internal/sync/halo_client.go:137.2,145.52 2 0
levelup/go-api/internal/sync/halo_client.go:145.52,147.3 1 0
levelup/go-api/internal/sync/halo_client.go:149.2,150.33 2 0
levelup/go-api/internal/sync/halo_client.go:150.33,155.3 1 0
levelup/go-api/internal/sync/halo_client.go:156.2,156.21 1 0
levelup/go-api/internal/sync/halo_client.go:161.100,162.35 1 1
levelup/go-api/internal/sync/halo_client.go:162.35,164.3 1 1
levelup/go-api/internal/sync/halo_client.go:165.2,167.16 3 0
levelup/go-api/internal/sync/halo_client.go:167.16,169.3 1 0
levelup/go-api/internal/sync/halo_client.go:171.2,172.54 2 0
levelup/go-api/internal/sync/halo_client.go:172.54,174.3 1 0
levelup/go-api/internal/sync/halo_client.go:175.2,175.20 1 0
levelup/go-api/internal/sync/halo_client.go:203.112,204.35 1 1
levelup/go-api/internal/sync/halo_client.go:204.35,206.3 1 1
levelup/go-api/internal/sync/halo_client.go:207.2,209.16 3 0
levelup/go-api/internal/sync/halo_client.go:209.16,211.25 1 0
levelup/go-api/internal/sync/halo_client.go:211.25,213.4 1 0
levelup/go-api/internal/sync/halo_client.go:214.3,214.79 1 0
levelup/go-api/internal/sync/halo_client.go:217.2,218.56 2 0
levelup/go-api/internal/sync/halo_client.go:218.56,220.3 1 0
levelup/go-api/internal/sync/halo_client.go:222.2,223.22 2 0
levelup/go-api/internal/sync/halo_client.go:223.22,225.3 1 0
levelup/go-api/internal/sync/halo_client.go:227.2,228.31 2 0
levelup/go-api/internal/sync/halo_client.go:228.31,230.17 2 0
levelup/go-api/internal/sync/halo_client.go:230.17,232.4 1 0
levelup/go-api/internal/sync/halo_client.go:233.3,237.4 1 0
levelup/go-api/internal/sync/halo_client.go:239.2,239.26 1 0
levelup/go-api/internal/sync/halo_client.go:250.36,251.16 1 0
levelup/go-api/internal/sync/halo_client.go:251.16,253.3 1 0
levelup/go-api/internal/sync/halo_client.go:254.2,255.95 2 0
levelup/go-api/internal/sync/halo_client.go:258.35,260.2 1 1
levelup/go-api/internal/sync/halo_client.go:262.38,263.40 1 1
levelup/go-api/internal/sync/halo_client.go:263.40,264.29 1 1
levelup/go-api/internal/sync/halo_client.go:264.29,266.4 1 0
levelup/go-api/internal/sync/halo_client.go:268.2,268.14 1 1
levelup/go-api/internal/sync/halo_client.go:272.91,275.16 3 0
levelup/go-api/internal/sync/halo_client.go:275.16,277.3 1 0
levelup/go-api/internal/sync/halo_client.go:278.2,279.16 2 0
levelup/go-api/internal/sync/halo_client.go:279.16,281.3 1 0
levelup/go-api/internal/sync/halo_client.go:282.2,283.38 2 0
levelup/go-api/internal/sync/halo_client.go:283.38,285.3 1 0
levelup/go-api/internal/sync/halo_client.go:286.2,286.30 1 0
levelup/go-api/internal/sync/halo_client.go:291.83,293.52 2 1
levelup/go-api/internal/sync/halo_client.go:293.52,298.17 3 1
levelup/go-api/internal/sync/halo_client.go:298.17,300.4 1 0
levelup/go-api/internal/sync/halo_client.go:301.3,306.17 5 1
levelup/go-api/internal/sync/halo_client.go:306.17,309.12 3 0
levelup/go-api/internal/sync/halo_client.go:312.3,316.92 3 1
levelup/go-api/internal/sync/halo_client.go:316.92,318.4 1 1
levelup/go-api/internal/sync/halo_client.go:320.3,320.83 1 0
levelup/go-api/internal/sync/halo_client.go:320.83,322.4 1 0
levelup/go-api/internal/sync/halo_client.go:323.3,323.39 1 0
levelup/go-api/internal/sync/halo_client.go:323.39,326.12 3 0
levelup/go-api/internal/sync/halo_client.go:328.3,328.21 1 0
levelup/go-api/internal/sync/halo_client.go:328.21,331.12 3 0
levelup/go-api/internal/sync/halo_client.go:333.3,333.19 1 0
levelup/go-api/internal/sync/halo_client.go:335.2,335.98 1 0
levelup/go-api/internal/sync/halo_client.go:339.55,340.28 1 1
levelup/go-api/internal/sync/halo_client.go:340.28,343.3 2 1
levelup/go-api/internal/sync/halo_client.go:344.2,345.14 2 0
levelup/go-api/internal/sync/halo_client.go:345.14,346.10 1 0
levelup/go-api/internal/sync/halo_client.go:347.21,347.21 0 0
levelup/go-api/internal/sync/halo_client.go:348.27,348.27 0 0
levelup/go-api/internal/sync/halo_client.go:351.2,351.28 1 0
levelup/go-api/internal/sync/halo_client.go:355.67,357.28 2 0
levelup/go-api/internal/sync/halo_client.go:357.28,359.3 1 0
levelup/go-api/internal/sync/halo_client.go:360.2,360.9 1 0
levelup/go-api/internal/sync/halo_client.go:361.20,361.20 0 0
levelup/go-api/internal/sync/halo_client.go:362.27,362.27 0 0
levelup/go-api/internal/sync/halo_client.go:368.98,369.35 1 0
levelup/go-api/internal/sync/halo_client.go:369.35,371.3 1 0
levelup/go-api/internal/sync/halo_client.go:372.2,377.16 3 0
levelup/go-api/internal/sync/halo_client.go:377.16,379.3 1 0
levelup/go-api/internal/sync/halo_client.go:380.2,386.16 6 0
levelup/go-api/internal/sync/halo_client.go:386.16,388.3 1 0
levelup/go-api/internal/sync/halo_client.go:389.2,391.91 2 0
levelup/go-api/internal/sync/halo_client.go:391.91,393.3 1 0
levelup/go-api/internal/sync/halo_client.go:394.2,394.38 1 0
levelup/go-api/internal/sync/halo_client.go:394.38,396.3 1 0
levelup/go-api/internal/sync/halo_client.go:398.2,399.65 2 0
levelup/go-api/internal/sync/halo_client.go:399.65,401.3 1 0
levelup/go-api/internal/sync/halo_client.go:402.2,402.41 1 0
levelup/go-api/internal/sync/lease.go:25.42,28.32 3 0
levelup/go-api/internal/sync/lease.go:28.32,30.3 1 0
levelup/go-api/internal/sync/lease.go:31.2,33.11 3 0
levelup/go-api/internal/sync/lease.go:46.71,50.6 3 0
levelup/go-api/internal/sync/lease.go:50.6,51.19 1 0
levelup/go-api/internal/sync/lease.go:51.19,52.18 1 0
levelup/go-api/internal/sync/lease.go:52.18,52.33 1 0
levelup/go-api/internal/sync/lease.go:54.3,54.33 1 0
levelup/go-api/internal/sync/lease.go:54.33,56.4 1 0
levelup/go-api/internal/sync/lease.go:57.3,57.35 1 0
levelup/go-api/internal/sync/performance.go:64.57,66.19 2 0
levelup/go-api/internal/sync/performance.go:66.19,68.3 1 0
levelup/go-api/internal/sync/performance.go:69.2,76.14 6 0
levelup/go-api/internal/sync/performance.go:76.14,78.3 1 0
levelup/go-api/internal/sync/performance.go:80.2,86.22 2 0
levelup/go-api/internal/sync/performance.go:86.22,89.3 2 0
levelup/go-api/internal/sync/performance.go:90.2,90.27 1 0
levelup/go-api/internal/sync/performance.go:90.27,93.3 2 0
levelup/go-api/internal/sync/performance.go:94.2,94.25 1 0
levelup/go-api/internal/sync/performance.go:94.25,97.3 2 0
levelup/go-api/internal/sync/performance.go:98.2,98.18 1 0
levelup/go-api/internal/sync/performance.go:98.18,101.3 2 0
levelup/go-api/internal/sync/performance.go:102.2,102.21 1 0
levelup/go-api/internal/sync/performance.go:102.21,105.3 2 0
levelup/go-api/internal/sync/performance.go:106.2,106.22 1 0
levelup/go-api/internal/sync/performance.go:106.22,109.3 2 0
levelup/go-api/internal/sync/performance.go:110.2,110.27 1 0
levelup/go-api/internal/sync/performance.go:110.27,113.3 2 0
levelup/go-api/internal/sync/performance.go:114.2,114.42 1 0
levelup/go-api/internal/sync/performance.go:114.42,117.3 2 0
levelup/go-api/internal/sync/performance.go:118.2,118.10 1 0
levelup/go-api/internal/sync/performance.go:124.62,125.21 1 0
levelup/go-api/internal/sync/performance.go:125.21,127.3 1 0
levelup/go-api/internal/sync/performance.go:128.2,129.27 2 0
levelup/go-api/internal/sync/performance.go:129.27,130.17 1 0
levelup/go-api/internal/sync/performance.go:130.17,132.4 1 0
levelup/go-api/internal/sync/performance.go:134.2,134.66 1 0
levelup/go-api/internal/sync/performance.go:138.69,139.21 1 0
levelup/go-api/internal/sync/performance.go:139.21,141.3 1 0
levelup/go-api/internal/sync/performance.go:142.2,143.27 2 0
levelup/go-api/internal/sync/performance.go:143.27,144.17 1 0
levelup/go-api/internal/sync/performance.go:144.17,146.4 1 0
levelup/go-api/internal/sync/performance.go:148.2,148.66 1 0
levelup/go-api/internal/sync/performance.go:155.90,156.42 1 0
levelup/go-api/internal/sync/performance.go:156.42,158.3 1 0
levelup/go-api/internal/sync/performance.go:160.2,161.20 2 0
levelup/go-api/internal/sync/performance.go:161.20,163.3 1 0
levelup/go-api/internal/sync/performance.go:166.2,173.38 5 0
levelup/go-api/internal/sync/performance.go:173.38,175.10 2 0
levelup/go-api/internal/sync/performance.go:175.10,176.12 1 0
levelup/go-api/internal/sync/performance.go:178.3,179.31 2 0
levelup/go-api/internal/sync/performance.go:179.31,180.12 1 0
levelup/go-api/internal/sync/performance.go:182.3,183.42 2 0
levelup/go-api/internal/sync/performance.go:187.2,187.68 1 0
levelup/go-api/internal/sync/performance.go:187.68,190.3 2 0
levelup/go-api/internal/sync/performance.go:193.2,193.78 1 0
levelup/go-api/internal/sync/performance.go:193.78,195.22 2 0
levelup/go-api/internal/sync/performance.go:195.22,198.4 2 0
levelup/go-api/internal/sync/performance.go:202.2,203.33 2 0
levelup/go-api/internal/sync/performance.go:203.33,205.10 2 0
levelup/go-api/internal/sync/performance.go:205.10,206.12 1 0
levelup/go-api/internal/sync/performance.go:208.3,209.31 2 0
levelup/go-api/internal/sync/performance.go:209.31,210.12 1 0
levelup/go-api/internal/sync/performance.go:212.3,213.42 2 0
levelup/go-api/internal/sync/performance.go:216.2,216.27 1 0
levelup/go-api/internal/sync/performance.go:216.27,218.3 1 0
levelup/go-api/internal/sync/performance.go:220.2,221.32 2 0
levelup/go-api/internal/sync/performance.go:221.32,223.3 1 0
levelup/go-api/internal/sync/performance.go:224.2,224.22 1 0
levelup/go-api/internal/sync/performance.go:224.22,226.3 1 0
levelup/go-api/internal/sync/performance.go:228.2,229.32 2 0
levelup/go-api/internal/sync/performance.go:229.32,231.3 1 0
levelup/go-api/internal/sync/performance.go:232.2,234.15 3 0
levelup/go-api/internal/sync/performance.go:238.105,243.29 5 0
levelup/go-api/internal/sync/performance.go:243.29,245.3 1 0
levelup/go-api/internal/sync/performance.go:246.2,247.11 2 0
levelup/go-api/internal/sync/performance.go:251.66,252.13 1 0
levelup/go-api/internal/sync/performance.go:253.13,254.21 1 0
levelup/go-api/internal/sync/performance.go:255.20,256.27 1 0
levelup/go-api/internal/sync/performance.go:257.13,258.21 1 0
levelup/go-api/internal/sync/performance.go:259.13,260.21 1 0
levelup/go-api/internal/sync/performance.go:261.18,262.24 1 0
levelup/go-api/internal/sync/performance.go:262.24,264.4 1 0
levelup/go-api/internal/sync/performance.go:265.3,265.18 1 0
levelup/go-api/internal/sync/performance.go:266.14,267.20 1 0
levelup/go-api/internal/sync/performance.go:267.20,269.4 1 0
levelup/go-api/internal/sync/performance.go:270.3,270.18 1 0
levelup/go-api/internal/sync/performance.go:271.20,272.25 1 0
levelup/go-api/internal/sync/performance.go:272.25,274.4 1 0
levelup/go-api/internal/sync/performance.go:275.3,275.18 1 0
levelup/go-api/internal/sync/performance.go:276.27,277.31 1 0
levelup/go-api/internal/sync/performance.go:277.31,279.4 1 0
levelup/go-api/internal/sync/performance.go:280.3,280.18 1 0
levelup/go-api/internal/sync/performance.go:281.28,282.32 1 0
levelup/go-api/internal/sync/performance.go:282.32,284.4 1 0
levelup/go-api/internal/sync/performance.go:285.3,285.18 1 0
levelup/go-api/internal/sync/performance.go:287.2,287.17 1 0
levelup/go-api/internal/sync/performance.go:291.71,306.30 3 0
levelup/go-api/internal/sync/performance.go:306.30,308.15 2 0
levelup/go-api/internal/sync/performance.go:308.15,309.12 1 0
levelup/go-api/internal/sync/performance.go:311.3,315.24 5 0
levelup/go-api/internal/sync/performance.go:315.24,317.4 1 0
levelup/go-api/internal/sync/performance.go:318.3,318.20 1 0
levelup/go-api/internal/sync/performance.go:318.20,320.4 1 0
levelup/go-api/internal/sync/performance.go:321.3,321.25 1 0
levelup/go-api/internal/sync/performance.go:321.25,323.4 1 0
levelup/go-api/internal/sync/performance.go:324.3,324.61 1 0
levelup/go-api/internal/sync/performance.go:324.61,328.4 3 0
levelup/go-api/internal/sync/performance.go:329.3,329.31 1 0
levelup/go-api/internal/sync/performance.go:329.31,331.4 1 0
levelup/go-api/internal/sync/performance.go:332.3,332.32 1 0
levelup/go-api/internal/sync/performance.go:332.32,334.4 1 0
levelup/go-api/internal/sync/performance.go:338.2,338.27 1 0
levelup/go-api/internal/sync/performance.go:338.27,341.3 2 0
levelup/go-api/internal/sync/performance.go:342.2,342.15 1 0
levelup/go-api/internal/sync/performance.go:348.78,365.16 2 0
levelup/go-api/internal/sync/performance.go:365.16,367.3 1 0
levelup/go-api/internal/sync/performance.go:368.2,371.18 3 0
levelup/go-api/internal/sync/performance.go:371.18,381.17 3 0
levelup/go-api/internal/sync/performance.go:381.17,382.12 1 0
levelup/go-api/internal/sync/performance.go:384.3,384.31 1 0
levelup/go-api/internal/sync/performance.go:386.2,386.28 1 0
levelup/go-api/internal/sync/performance.go:391.90,393.16 2 0
levelup/go-api/internal/sync/performance.go:393.16,395.3 1 0
levelup/go-api/internal/sync/performance.go:396.2,396.26 1 0
levelup/go-api/internal/sync/performance.go:396.26,398.3 1 0
levelup/go-api/internal/sync/performance.go:401.2,404.16 3 0
levelup/go-api/internal/sync/performance.go:404.16,406.24 2 0
levelup/go-api/internal/sync/performance.go:406.24,408.35 2 0
levelup/go-api/internal/sync/performance.go:408.35,410.5 1 0
levelup/go-api/internal/sync/performance.go:414.2,418.35 4 0
levelup/go-api/internal/sync/performance.go:418.35,419.30 1 0
levelup/go-api/internal/sync/performance.go:419.30,420.12 1 0
levelup/go-api/internal/sync/performance.go:422.3,422.32 1 0
levelup/go-api/internal/sync/performance.go:422.32,423.12 1 0
levelup/go-api/internal/sync/performance.go:427.3,428.16 2 0
levelup/go-api/internal/sync/performance.go:428.16,430.4 1 0
levelup/go-api/internal/sync/performance.go:431.3,434.19 3 0
levelup/go-api/internal/sync/performance.go:434.19,435.12 1 0
levelup/go-api/internal/sync/performance.go:438.3,445.17 2 0
levelup/go-api/internal/sync/performance.go:445.17,446.12 1 0
levelup/go-api/internal/sync/performance.go:448.3,448.12 1 0
levelup/go-api/internal/sync/performance.go:450.2,450.21 1 0
levelup/go-api/internal/sync/pve.go:58.83,60.23 2 0
levelup/go-api/internal/sync/pve.go:60.23,62.3 1 0
levelup/go-api/internal/sync/pve.go:63.2,64.28 2 0
levelup/go-api/internal/sync/pve.go:64.28,66.10 2 0
levelup/go-api/internal/sync/pve.go:66.10,67.12 1 0
levelup/go-api/internal/sync/pve.go:69.3,70.17 2 0
levelup/go-api/internal/sync/pve.go:70.17,71.12 1 0
levelup/go-api/internal/sync/pve.go:73.3,74.21 2 0
levelup/go-api/internal/sync/pve.go:74.21,75.12 1 0
levelup/go-api/internal/sync/pve.go:77.3,77.70 1 0
levelup/go-api/internal/sync/pve.go:79.2,79.13 1 0
levelup/go-api/internal/sync/pve.go:85.64,87.19 2 0
levelup/go-api/internal/sync/pve.go:87.19,89.3 1 0
levelup/go-api/internal/sync/pve.go:90.2,91.9 2 0
levelup/go-api/internal/sync/pve.go:91.9,93.3 1 0
levelup/go-api/internal/sync/pve.go:94.2,95.15 2 0
levelup/go-api/internal/sync/pve.go:95.15,97.3 1 0
levelup/go-api/internal/sync/pve.go:98.2,98.81 1 0
levelup/go-api/internal/sync/pve.go:98.81,99.46 1 0
levelup/go-api/internal/sync/pve.go:99.46,101.4 1 0
levelup/go-api/internal/sync/pve.go:104.2,104.41 1 0
levelup/go-api/internal/sync/pve.go:104.41,106.3 1 0
levelup/go-api/internal/sync/pve.go:107.2,107.12 1 0
levelup/go-api/internal/sync/pve.go:111.57,113.51 1 0
levelup/go-api/internal/sync/pve.go:113.51,114.58 1 0
levelup/go-api/internal/sync/pve.go:114.58,116.4 1 0
levelup/go-api/internal/sync/pve.go:119.2,120.20 2 0
levelup/go-api/internal/sync/pve.go:120.20,121.49 1 0
levelup/go-api/internal/sync/pve.go:121.49,122.48 1 0
levelup/go-api/internal/sync/pve.go:122.48,124.5 1 0
levelup/go-api/internal/sync/pve.go:127.2,127.11 1 0
levelup/go-api/internal/sync/pve.go:131.35,135.2 3 0
levelup/go-api/internal/sync/pve.go:138.92,154.2 5 0
levelup/go-api/internal/sync/pve.go:157.68,158.65 1 0
levelup/go-api/internal/sync/pve.go:158.65,172.3 13 0
levelup/go-api/internal/sync/pve.go:174.2,185.51 12 0
levelup/go-api/internal/sync/pve.go:189.49,191.24 2 0
levelup/go-api/internal/sync/pve.go:191.24,193.3 1 0
levelup/go-api/internal/sync/pve.go:194.2,194.23 1 0
levelup/go-api/internal/sync/pve.go:194.23,196.3 1 0
levelup/go-api/internal/sync/pve.go:197.2,197.24 1 0
levelup/go-api/internal/sync/pve.go:197.24,199.3 1 0
levelup/go-api/internal/sync/pve.go:200.2,200.24 1 0
levelup/go-api/internal/sync/pve.go:200.24,202.3 1 0
levelup/go-api/internal/sync/pve.go:203.2,203.25 1 0
levelup/go-api/internal/sync/pve.go:203.25,205.3 1 0
levelup/go-api/internal/sync/pve.go:206.2,206.24 1 0
levelup/go-api/internal/sync/pve.go:206.24,208.3 1 0
levelup/go-api/internal/sync/pve.go:209.2,209.25 1 0
levelup/go-api/internal/sync/pve.go:209.25,211.3 1 0
levelup/go-api/internal/sync/pve.go:212.2,212.26 1 0
levelup/go-api/internal/sync/pve.go:212.26,214.3 1 0
levelup/go-api/internal/sync/pve.go:215.2,215.26 1 0
levelup/go-api/internal/sync/pve.go:215.26,217.3 1 0
levelup/go-api/internal/sync/pve.go:218.2,218.26 1 0
levelup/go-api/internal/sync/pve.go:218.26,220.3 1 0
levelup/go-api/internal/sync/pve.go:221.2,221.25 1 0
levelup/go-api/internal/sync/pve.go:221.25,223.3 1 0
levelup/go-api/internal/sync/pve.go:224.2,224.25 1 0
levelup/go-api/internal/sync/pve.go:224.25,226.3 1 0
levelup/go-api/internal/sync/pve.go:227.2,227.27 1 0
levelup/go-api/internal/sync/pve.go:227.27,229.3 1 0
levelup/go-api/internal/sync/pve.go:230.2,230.25 1 0
levelup/go-api/internal/sync/pve.go:230.25,232.3 1 0
levelup/go-api/internal/sync/pve.go:233.2,233.13 1 0
levelup/go-api/internal/sync/pve.go:237.56,240.2 2 0
levelup/go-api/internal/sync/pve.go:248.71,249.20 1 0
levelup/go-api/internal/sync/pve.go:249.20,251.3 1 0
levelup/go-api/internal/sync/pve.go:252.2,269.25 3 0
levelup/go-api/internal/sync/pve.go:269.25,277.17 1 0
levelup/go-api/internal/sync/pve.go:277.17,279.4 1 0
levelup/go-api/internal/sync/pve.go:280.3,280.13 1 0
levelup/go-api/internal/sync/pve.go:282.2,282.22 1 0
levelup/go-api/internal/sync/pve.go:287.63,294.2 2 0
levelup/go-api/internal/sync/schema.go:175.43,177.2 1 0
levelup/go-api/internal/sync/schema.go:181.43,183.2 1 0
levelup/go-api/internal/sync/schema.go:187.49,188.63 1 0
levelup/go-api/internal/sync/schema.go:188.63,190.3 1 0
levelup/go-api/internal/sync/schema.go:191.2,192.16 2 0
levelup/go-api/internal/sync/schema.go:192.16,194.3 1 0
levelup/go-api/internal/sync/schema.go:196.2,197.47 2 0
levelup/go-api/internal/sync/schema.go:197.47,200.3 2 0
levelup/go-api/internal/sync/schema.go:201.2,201.16 1 0
levelup/go-api/internal/sync/schema.go:206.49,207.63 1 0
levelup/go-api/internal/sync/schema.go:207.63,209.3 1 0
levelup/go-api/internal/sync/schema.go:210.2,211.16 2 0
levelup/go-api/internal/sync/schema.go:211.16,213.3 1 0
levelup/go-api/internal/sync/schema.go:214.2,215.47 2 0
levelup/go-api/internal/sync/schema.go:215.47,218.3 2 0
levelup/go-api/internal/sync/schema.go:219.2,219.16 1 0
levelup/go-api/internal/sync/schema.go:223.50,224.40 1 0
levelup/go-api/internal/sync/schema.go:224.40,225.42 1 0
levelup/go-api/internal/sync/schema.go:225.42,227.4 1 0
levelup/go-api/internal/sync/schema.go:229.2,229.12 1 0
levelup/go-api/internal/sync/schema.go:233.39,236.35 3 0
levelup/go-api/internal/sync/schema.go:236.35,238.16 2 0
levelup/go-api/internal/sync/schema.go:238.16,240.15 2 0
levelup/go-api/internal/sync/schema.go:240.15,242.5 1 0
levelup/go-api/internal/sync/schema.go:243.4,243.17 1 0
levelup/go-api/internal/sync/schema.go:244.9,246.4 1 0
levelup/go-api/internal/sync/schema.go:248.2,248.42 1 0
levelup/go-api/internal/sync/schema.go:248.42,250.3 1 0
levelup/go-api/internal/sync/schema.go:251.2,251.14 1 0
levelup/go-api/internal/sync/schema.go:254.33,256.99 2 0
levelup/go-api/internal/sync/schema.go:256.99,258.3 1 0
levelup/go-api/internal/sync/schema.go:259.2,259.99 1 0
levelup/go-api/internal/sync/schema.go:259.99,261.3 1 0
levelup/go-api/internal/sync/schema.go:262.2,262.21 1 0
levelup/go-api/internal/sync/schema.go:265.41,266.19 1 0
levelup/go-api/internal/sync/schema.go:266.19,268.3 1 0
levelup/go-api/internal/sync/schema.go:269.2,269.24 1 0
levelup/go-api/internal/sync/scope.go:142.21,142.40 1 1
levelup/go-api/internal/sync/scope.go:143.21,143.40 1 1
levelup/go-api/internal/sync/scope.go:144.21,144.39 1 1
levelup/go-api/internal/sync/scope.go:145.21,145.48 1 1
levelup/go-api/internal/sync/scope.go:146.21,146.51 1 1
levelup/go-api/internal/sync/scope.go:147.21,147.41 1 1
levelup/go-api/internal/sync/scope.go:148.21,148.42 1 1
levelup/go-api/internal/sync/scope.go:149.21,149.42 1 1
levelup/go-api/internal/sync/scope.go:150.21,150.40 1 1
levelup/go-api/internal/sync/scope.go:151.21,151.46 1 1
levelup/go-api/internal/sync/scope.go:152.21,152.52 1 1
levelup/go-api/internal/sync/scope.go:153.21,153.49 1 1
levelup/go-api/internal/sync/scope.go:154.21,154.51 1 1
levelup/go-api/internal/sync/scope.go:155.21,155.52 1 1
levelup/go-api/internal/sync/scope.go:156.21,156.53 1 1
levelup/go-api/internal/sync/scope.go:157.21,157.46 1 1
levelup/go-api/internal/sync/scope.go:158.21,158.41 1 1
levelup/go-api/internal/sync/scope.go:159.21,159.42 1 1
levelup/go-api/internal/sync/scope.go:160.21,160.39 1 1
levelup/go-api/internal/sync/scope.go:161.21,161.43 1 1
levelup/go-api/internal/sync/scope.go:162.21,162.52 1 1
levelup/go-api/internal/sync/scope.go:163.21,163.46 1 1
levelup/go-api/internal/sync/scope.go:164.21,164.41 1 1
levelup/go-api/internal/sync/scope.go:165.21,165.47 1 1
levelup/go-api/internal/sync/scope.go:166.21,166.48 1 1
levelup/go-api/internal/sync/scope.go:167.21,167.49 1 1
levelup/go-api/internal/sync/scope.go:168.21,168.40 1 1
levelup/go-api/internal/sync/scope.go:169.21,169.41 1 1
levelup/go-api/internal/sync/scope.go:170.21,170.46 1 1
levelup/go-api/internal/sync/scope.go:171.21,171.44 1 1
levelup/go-api/internal/sync/scope.go:172.21,172.50 1 1
levelup/go-api/internal/sync/scope.go:173.21,173.47 1 1
levelup/go-api/internal/sync/scope.go:174.21,174.42 1 1
levelup/go-api/internal/sync/scope.go:175.21,175.43 1 1
levelup/go-api/internal/sync/scope.go:176.21,176.44 1 1
levelup/go-api/internal/sync/scope.go:177.21,177.37 1 1
levelup/go-api/internal/sync/scope.go:178.21,178.42 1 1
levelup/go-api/internal/sync/scope.go:179.21,179.40 1 1
levelup/go-api/internal/sync/scope.go:180.21,180.45 1 1
levelup/go-api/internal/sync/scope.go:181.21,181.43 1 1
levelup/go-api/internal/sync/scope.go:182.21,182.42 1 1
levelup/go-api/internal/sync/scope.go:183.21,183.41 1 1
levelup/go-api/internal/sync/scope.go:184.21,184.38 1 1
levelup/go-api/internal/sync/scope.go:185.21,185.37 1 1
levelup/go-api/internal/sync/scope.go:186.21,186.43 1 1
levelup/go-api/internal/sync/scope.go:187.21,187.48 1 1
levelup/go-api/internal/sync/scope.go:188.21,188.50 1 1
levelup/go-api/internal/sync/scope.go:201.31,203.15 1 1
levelup/go-api/internal/sync/scope.go:203.15,204.40 1 1
levelup/go-api/internal/sync/scope.go:204.40,206.4 1 1
levelup/go-api/internal/sync/scope.go:210.2,210.17 1 1
levelup/go-api/internal/sync/scope.go:210.17,216.3 5 1
levelup/go-api/internal/sync/scope.go:219.2,219.14 1 1
levelup/go-api/internal/sync/scope.go:219.14,223.3 3 1
levelup/go-api/internal/sync/scope.go:224.2,224.19 1 1
levelup/go-api/internal/sync/scope.go:224.19,229.3 4 1
levelup/go-api/internal/sync/scope.go:232.2,232.11 1 1
levelup/go-api/internal/sync/scope.go:232.11,235.3 2 1
levelup/go-api/internal/sync/scope.go:236.2,236.16 1 1
levelup/go-api/internal/sync/scope.go:236.16,240.3 3 1
levelup/go-api/internal/sync/scope.go:242.2,242.13 1 1
levelup/go-api/internal/sync/scope.go:242.13,248.3 5 1
levelup/go-api/internal/sync/scope.go:251.2,251.17 1 1
levelup/go-api/internal/sync/scope.go:251.17,254.3 2 1
levelup/go-api/internal/sync/scope.go:255.2,255.22 1 1
levelup/go-api/internal/sync/scope.go:255.22,258.3 2 1
levelup/go-api/internal/sync/scope.go:261.2,261.28 1 1
levelup/go-api/internal/sync/scope.go:265.46,266.41 1 1
levelup/go-api/internal/sync/scope.go:266.41,267.23 1 1
levelup/go-api/internal/sync/scope.go:267.23,269.4 1 1
levelup/go-api/internal/sync/scope.go:271.2,312.54 42 1
levelup/go-api/internal/sync/scope.go:316.45,320.2 3 1
levelup/go-api/internal/sync/scope.go:323.41,337.26 2 1
levelup/go-api/internal/sync/scope.go:337.26,338.8 1 1
levelup/go-api/internal/sync/scope.go:338.8,340.4 1 1
levelup/go-api/internal/sync/scope.go:342.2,342.14 1 1
levelup/go-api/internal/sync/scope.go:346.37,353.2 1 1
levelup/go-api/internal/sync/scope.go:356.43,359.2 1 0
levelup/go-api/internal/sync/scope.go:388.47,412.51 3 1
levelup/go-api/internal/sync/scope.go:412.51,413.27 1 1
levelup/go-api/internal/sync/scope.go:413.27,415.4 1 1
levelup/go-api/internal/sync/scope.go:417.2,417.15 1 1
levelup/go-api/internal/sync/skill_config.go:99.62,101.25 2 0
levelup/go-api/internal/sync/skill_config.go:101.25,103.3 1 0
levelup/go-api/internal/sync/skill_config.go:104.2,105.21 2 0
levelup/go-api/internal/sync/skill_config.go:105.21,107.3 1 0
levelup/go-api/internal/sync/skill_config.go:109.2,109.37 1 0
levelup/go-api/internal/sync/skill_config.go:109.37,110.56 1 0
levelup/go-api/internal/sync/skill_config.go:110.56,112.4 1 0
levelup/go-api/internal/sync/skill_config.go:113.3,113.54 1 0
levelup/go-api/internal/sync/skill_config.go:113.54,115.4 1 0
levelup/go-api/internal/sync/skill_config.go:116.3,118.59 1 0
levelup/go-api/internal/sync/skill_config.go:118.59,120.4 1 0
levelup/go-api/internal/sync/skill_config.go:122.2,122.16 1 0
levelup/go-api/internal/sync/skill_config.go:150.57,151.28 1 0
levelup/go-api/internal/sync/skill_config.go:151.28,153.52 2 0
levelup/go-api/internal/sync/skill_config.go:153.52,154.23 1 0
levelup/go-api/internal/sync/skill_config.go:154.23,156.5 1 0
levelup/go-api/internal/sync/skill_config.go:157.4,159.24 3 0
levelup/go-api/internal/sync/skill_config.go:159.24,161.5 1 0
levelup/go-api/internal/sync/skill_config.go:162.4,162.17 1 0
levelup/go-api/internal/sync/skill_config.go:165.2,165.15 1 0
levelup/go-api/internal/sync/skill_config.go:169.45,171.17 2 0
levelup/go-api/internal/sync/skill_config.go:171.17,173.3 1 0
levelup/go-api/internal/sync/skill_config.go:174.2,174.14 1 0
levelup/go-api/internal/sync/skill_config.go:174.14,176.3 1 0
levelup/go-api/internal/sync/skill_config.go:177.2,178.9 2 0
levelup/go-api/internal/sync/skill_config.go:178.9,180.3 1 0
levelup/go-api/internal/sync/skill_config.go:181.2,181.30 1 0
levelup/go-api/internal/sync/skill_config.go:186.40,187.12 1 0
levelup/go-api/internal/sync/skill_config.go:187.12,189.3 1 0
levelup/go-api/internal/sync/skill_config.go:190.2,190.12 1 0
levelup/go-api/internal/sync/skill_config.go:190.12,192.3 1 0
levelup/go-api/internal/sync/skill_config.go:193.2,193.10 1 0
levelup/go-api/internal/sync/skill_config.go:196.47,197.16 1 0
levelup/go-api/internal/sync/skill_config.go:197.16,199.3 1 0
levelup/go-api/internal/sync/skill_config.go:200.2,201.36 2 0
levelup/go-api/internal/sync/skill_config.go:205.39,206.22 1 0
levelup/go-api/internal/sync/skill_config.go:206.22,208.3 1 0
levelup/go-api/internal/sync/skill_config.go:209.2,209.26 1 0
levelup/go-api/internal/sync/skill_config.go:209.26,211.3 1 0
levelup/go-api/internal/sync/skill_config.go:212.2,214.43 3 0
levelup/go-api/internal/sync/skill_config.go:214.43,215.35 1 0
levelup/go-api/internal/sync/skill_config.go:215.35,217.4 1 0
levelup/go-api/internal/sync/skill_config.go:219.2,219.14 1 0
levelup/go-api/internal/sync/skill_config.go:222.36,224.30 2 0
levelup/go-api/internal/sync/skill_config.go:224.30,226.27 2 0
levelup/go-api/internal/sync/skill_config.go:226.27,228.4 1 0
levelup/go-api/internal/sync/skill_config.go:229.3,229.11 1 0
levelup/go-api/internal/sync/skill_config.go:231.2,231.18 1 0
levelup/go-api/internal/sync/skill_config.go:235.39,236.26 1 1
levelup/go-api/internal/sync/skill_config.go:236.26,238.3 1 0
levelup/go-api/internal/sync/skill_config.go:239.2,240.14 2 1
levelup/go-api/internal/sync/skill_config.go:240.14,242.3 1 0
levelup/go-api/internal/sync/skill_config.go:243.2,244.17 2 1
levelup/go-api/internal/sync/skill_rating.go:27.36,29.2 1 0
levelup/go-api/internal/sync/skill_rating.go:33.43,35.2 1 1
levelup/go-api/internal/sync/skill_rating.go:37.43,39.2 1 1
levelup/go-api/internal/sync/skill_rating.go:41.35,44.19 3 1
levelup/go-api/internal/sync/skill_rating.go:44.19,46.3 1 0
levelup/go-api/internal/sync/skill_rating.go:47.2,47.37 1 1
levelup/go-api/internal/sync/skill_rating.go:50.35,54.2 3 1
levelup/go-api/internal/sync/skill_rating.go:61.104,78.2 12 1
levelup/go-api/internal/sync/skill_rating.go:81.64,83.38 2 0
levelup/go-api/internal/sync/skill_rating.go:83.38,85.3 1 0
levelup/go-api/internal/sync/skill_rating.go:86.2,87.48 2 0
levelup/go-api/internal/sync/skill_rating.go:110.11,120.27 4 0
levelup/go-api/internal/sync/skill_rating.go:120.27,122.74 2 0
levelup/go-api/internal/sync/skill_rating.go:122.74,126.4 3 0
levelup/go-api/internal/sync/skill_rating.go:127.3,127.83 1 0
levelup/go-api/internal/sync/skill_rating.go:131.2,131.28 1 0
levelup/go-api/internal/sync/skill_rating.go:131.28,134.3 2 0
levelup/go-api/internal/sync/skill_rating.go:137.2,137.24 1 0
levelup/go-api/internal/sync/skill_rating.go:137.24,139.23 2 0
levelup/go-api/internal/sync/skill_rating.go:140.10,141.18 1 0
levelup/go-api/internal/sync/skill_rating.go:142.10,143.18 1 0
levelup/go-api/internal/sync/skill_rating.go:144.10,145.18 1 0
levelup/go-api/internal/sync/skill_rating.go:146.10,147.19 1 0
levelup/go-api/internal/sync/skill_rating.go:148.11,149.18 1 0
levelup/go-api/internal/sync/skill_rating.go:151.3,151.72 1 0
levelup/go-api/internal/sync/skill_rating.go:155.2,156.15 2 0
levelup/go-api/internal/sync/skill_rating.go:156.15,159.47 3 0
levelup/go-api/internal/sync/skill_rating.go:159.47,161.4 1 0
levelup/go-api/internal/sync/skill_rating.go:162.3,162.86 1 0
levelup/go-api/internal/sync/skill_rating.go:166.2,166.64 1 0
levelup/go-api/internal/sync/skill_rating.go:166.64,169.3 2 0
levelup/go-api/internal/sync/skill_rating.go:171.2,171.21 1 0
levelup/go-api/internal/sync/skill_rating.go:171.21,173.3 1 0
levelup/go-api/internal/sync/skill_rating.go:174.2,175.26 2 0
levelup/go-api/internal/sync/skill_rating.go:175.26,177.3 1 0
levelup/go-api/internal/sync/skill_rating.go:178.2,178.25 1 0
levelup/go-api/internal/sync/skill_rating.go:178.25,180.3 1 0
levelup/go-api/internal/sync/skill_rating.go:181.2,182.26 2 0
levelup/go-api/internal/sync/skill_rating.go:182.26,184.3 1 0
levelup/go-api/internal/sync/skill_rating.go:185.2,185.42 1 0
levelup/go-api/internal/sync/skill_rating.go:190.90,191.23 1 0
levelup/go-api/internal/sync/skill_rating.go:191.23,193.3 1 0
levelup/go-api/internal/sync/skill_rating.go:194.2,195.37 2 0
levelup/go-api/internal/sync/skill_rating.go:199.108,200.24 1 0
levelup/go-api/internal/sync/skill_rating.go:200.24,202.3 1 0
levelup/go-api/internal/sync/skill_rating.go:203.2,204.30 2 0
levelup/go-api/internal/sync/skill_rating.go:204.30,207.3 2 0
levelup/go-api/internal/sync/skill_rating.go:208.2,209.32 2 0
levelup/go-api/internal/sync/skill_rating.go:209.32,211.3 1 0
levelup/go-api/internal/sync/skill_rating.go:212.2,214.27 2 0
levelup/go-api/internal/sync/skill_rating.go:214.27,216.3 1 0
levelup/go-api/internal/sync/skill_rating.go:217.2,218.32 2 0
levelup/go-api/internal/sync/skill_rating.go:218.32,220.3 1 0
levelup/go-api/internal/sync/skill_rating.go:221.2,223.21 3 0
levelup/go-api/internal/sync/skill_rating.go:232.77,235.16 2 0
levelup/go-api/internal/sync/skill_rating.go:235.16,237.3 1 0
levelup/go-api/internal/sync/skill_rating.go:238.2,238.23 1 0
levelup/go-api/internal/sync/skill_rating.go:238.23,240.3 1 0
levelup/go-api/internal/sync/skill_rating.go:243.2,244.28 2 0
levelup/go-api/internal/sync/skill_rating.go:244.28,246.3 1 0
levelup/go-api/internal/sync/skill_rating.go:247.2,248.16 2 0
levelup/go-api/internal/sync/skill_rating.go:248.16,250.3 1 0
levelup/go-api/internal/sync/skill_rating.go:253.2,259.29 5 0
levelup/go-api/internal/sync/skill_rating.go:259.29,261.3 1 0
levelup/go-api/internal/sync/skill_rating.go:264.2,265.28 2 0
levelup/go-api/internal/sync/skill_rating.go:265.28,266.56 1 0
levelup/go-api/internal/sync/skill_rating.go:266.56,267.12 1 0
levelup/go-api/internal/sync/skill_rating.go:269.3,269.37 1 0
levelup/go-api/internal/sync/skill_rating.go:271.2,271.26 1 0
levelup/go-api/internal/sync/skill_rating.go:271.26,273.3 1 0
levelup/go-api/internal/sync/skill_rating.go:276.2,277.23 2 0
levelup/go-api/internal/sync/skill_rating.go:277.23,279.3 1 0
levelup/go-api/internal/sync/skill_rating.go:282.2,282.85 1 0
levelup/go-api/internal/sync/skill_rating.go:290.16,291.19 1 0
levelup/go-api/internal/sync/skill_rating.go:291.19,293.3 1 0
levelup/go-api/internal/sync/skill_rating.go:294.2,296.32 2 0
levelup/go-api/internal/sync/skill_rating.go:296.32,300.9 4 0
levelup/go-api/internal/sync/skill_rating.go:300.9,302.4 1 0
levelup/go-api/internal/sync/skill_rating.go:304.3,305.14 2 0
levelup/go-api/internal/sync/skill_rating.go:305.14,308.4 2 0
levelup/go-api/internal/sync/skill_rating.go:311.3,311.33 1 0
levelup/go-api/internal/sync/skill_rating.go:311.33,315.4 3 0
levelup/go-api/internal/sync/skill_rating.go:318.3,329.63 6 0
levelup/go-api/internal/sync/skill_rating.go:329.63,331.44 2 0
levelup/go-api/internal/sync/skill_rating.go:331.44,333.5 1 0
levelup/go-api/internal/sync/skill_rating.go:334.4,335.17 2 0
levelup/go-api/internal/sync/skill_rating.go:339.3,340.64 2 0
levelup/go-api/internal/sync/skill_rating.go:340.64,342.45 2 0
levelup/go-api/internal/sync/skill_rating.go:342.45,344.5 1 0
levelup/go-api/internal/sync/skill_rating.go:345.4,346.20 2 0
levelup/go-api/internal/sync/skill_rating.go:350.3,351.27 2 0
levelup/go-api/internal/sync/skill_rating.go:351.27,353.35 2 0
levelup/go-api/internal/sync/skill_rating.go:353.35,355.5 1 0
levelup/go-api/internal/sync/skill_rating.go:356.4,357.24 2 0
levelup/go-api/internal/sync/skill_rating.go:361.3,361.27 1 0
levelup/go-api/internal/sync/skill_rating.go:361.27,371.12 5 0
levelup/go-api/internal/sync/skill_rating.go:375.3,396.25 9 0
levelup/go-api/internal/sync/skill_rating.go:396.25,398.56 2 0
levelup/go-api/internal/sync/skill_rating.go:398.56,400.5 1 0
levelup/go-api/internal/sync/skill_rating.go:404.3,405.19 2 0
levelup/go-api/internal/sync/skill_rating.go:405.19,408.57 3 0
levelup/go-api/internal/sync/skill_rating.go:408.57,410.5 1 0
levelup/go-api/internal/sync/skill_rating.go:413.3,418.5 1 0
levelup/go-api/internal/sync/skill_rating.go:420.2,420.16 1 0
levelup/go-api/internal/sync/skill_rating_loaders.go:50.80,66.16 2 0
levelup/go-api/internal/sync/skill_rating_loaders.go:66.16,68.3 1 0
levelup/go-api/internal/sync/skill_rating_loaders.go:69.2,72.18 3 0
levelup/go-api/internal/sync/skill_rating_loaders.go:72.18,83.17 5 0
levelup/go-api/internal/sync/skill_rating_loaders.go:83.17,84.12 1 0
levelup/go-api/internal/sync/skill_rating_loaders.go:86.3,86.19 1 0
levelup/go-api/internal/sync/skill_rating_loaders.go:86.19,88.4 1 0
levelup/go-api/internal/sync/skill_rating_loaders.go:89.3,89.21 1 0
levelup/go-api/internal/sync/skill_rating_loaders.go:89.21,91.4 1 0
levelup/go-api/internal/sync/skill_rating_loaders.go:92.3,92.20 1 0
levelup/go-api/internal/sync/skill_rating_loaders.go:92.20,95.4 2 0
levelup/go-api/internal/sync/skill_rating_loaders.go:96.3,96.19 1 0
levelup/go-api/internal/sync/skill_rating_loaders.go:96.19,99.4 2 0
levelup/go-api/internal/sync/skill_rating_loaders.go:100.3,100.29 1 0
levelup/go-api/internal/sync/skill_rating_loaders.go:102.2,102.27 1 0
levelup/go-api/internal/sync/skill_rating_loaders.go:105.102,107.24 2 0
levelup/go-api/internal/sync/skill_rating_loaders.go:107.24,109.3 1 0
levelup/go-api/internal/sync/skill_rating_loaders.go:112.2,114.30 3 0
levelup/go-api/internal/sync/skill_rating_loaders.go:114.30,115.12 1 0
levelup/go-api/internal/sync/skill_rating_loaders.go:115.12,117.4 1 0
levelup/go-api/internal/sync/skill_rating_loaders.go:118.3,119.15 2 0
levelup/go-api/internal/sync/skill_rating_loaders.go:121.2,124.16 3 0
levelup/go-api/internal/sync/skill_rating_loaders.go:124.16,126.3 1 0
levelup/go-api/internal/sync/skill_rating_loaders.go:127.2,129.18 2 0
levelup/go-api/internal/sync/skill_rating_loaders.go:129.18,132.83 3 0
levelup/go-api/internal/sync/skill_rating_loaders.go:132.83,133.12 1 0
levelup/go-api/internal/sync/skill_rating_loaders.go:135.3,135.19 1 0
levelup/go-api/internal/sync/skill_rating_loaders.go:135.19,138.4 2 0
levelup/go-api/internal/sync/skill_rating_loaders.go:139.3,139.51 1 0
levelup/go-api/internal/sync/skill_rating_loaders.go:141.2,141.27 1 0
levelup/go-api/internal/sync/skill_rating_loaders.go:144.81,147.16 3 0
levelup/go-api/internal/sync/skill_rating_loaders.go:147.16,149.3 1 0
levelup/go-api/internal/sync/skill_rating_loaders.go:150.2,151.18 2 0
levelup/go-api/internal/sync/skill_rating_loaders.go:151.18,153.29 2 0
levelup/go-api/internal/sync/skill_rating_loaders.go:153.29,155.4 1 0
levelup/go-api/internal/sync/skill_rating_loaders.go:157.2,157.15 1 0
levelup/go-api/internal/sync/skill_rating_loaders.go:160.71,173.16 3 0
levelup/go-api/internal/sync/skill_rating_loaders.go:173.16,175.3 1 0
levelup/go-api/internal/sync/skill_rating_loaders.go:176.2,177.18 2 0
levelup/go-api/internal/sync/skill_rating_loaders.go:177.18,180.38 3 0
levelup/go-api/internal/sync/skill_rating_loaders.go:180.38,181.12 1 0
levelup/go-api/internal/sync/skill_rating_loaders.go:183.3,184.15 2 0
levelup/go-api/internal/sync/skill_rating_loaders.go:184.15,186.4 1 0
levelup/go-api/internal/sync/skill_rating_loaders.go:187.3,187.15 1 0
levelup/go-api/internal/sync/skill_rating_loaders.go:187.15,189.4 1 0
levelup/go-api/internal/sync/skill_rating_loaders.go:190.3,190.17 1 0
levelup/go-api/internal/sync/skill_rating_loaders.go:192.2,192.15 1 0
levelup/go-api/internal/sync/skill_rating_loaders.go:200.16,203.33 3 0
levelup/go-api/internal/sync/skill_rating_loaders.go:203.33,205.3 1 0
levelup/go-api/internal/sync/skill_rating_loaders.go:207.2,208.28 2 0
levelup/go-api/internal/sync/skill_rating_loaders.go:208.28,209.29 1 0
levelup/go-api/internal/sync/skill_rating_loaders.go:209.29,210.12 1 0
levelup/go-api/internal/sync/skill_rating_loaders.go:212.3,212.30 1 0
levelup/go-api/internal/sync/skill_rating_loaders.go:212.30,213.12 1 0
levelup/go-api/internal/sync/skill_rating_loaders.go:216.3,218.50 3 0
levelup/go-api/internal/sync/skill_rating_loaders.go:218.50,220.41 2 0
levelup/go-api/internal/sync/skill_rating_loaders.go:220.41,221.21 1 0
levelup/go-api/internal/sync/skill_rating_loaders.go:221.21,223.6 1 0
levelup/go-api/internal/sync/skill_rating_loaders.go:223.11,225.6 1 0
levelup/go-api/internal/sync/skill_rating_loaders.go:226.5,226.34 1 0
levelup/go-api/internal/sync/skill_rating_loaders.go:228.4,228.21 1 0
levelup/go-api/internal/sync/skill_rating_loaders.go:230.3,234.18 4 0
levelup/go-api/internal/sync/skill_rating_loaders.go:234.18,239.4 4 0
levelup/go-api/internal/sync/skill_rating_loaders.go:241.3,261.17 2 0
levelup/go-api/internal/sync/skill_rating_loaders.go:261.17,262.12 1 0
levelup/go-api/internal/sync/skill_rating_loaders.go:264.3,264.12 1 0
levelup/go-api/internal/sync/skill_rating_loaders.go:266.2,266.21 1 0
levelup/go-api/internal/sync/skill_rating_loaders.go:271.77,273.33 2 0
levelup/go-api/internal/sync/skill_rating_loaders.go:273.33,274.26 1 0
levelup/go-api/internal/sync/skill_rating_loaders.go:274.26,276.4 1 0
levelup/go-api/internal/sync/skill_rating_loaders.go:278.2,278.24 1 0
levelup/go-api/internal/sync/skill_rating_loaders.go:278.24,280.3 1 0
levelup/go-api/internal/sync/skill_rating_loaders.go:281.2,283.29 3 0
levelup/go-api/internal/sync/skill_rating_loaders.go:283.29,285.3 1 0
levelup/go-api/internal/sync/skill_rating_loaders.go:286.2,287.23 2 0
levelup/go-api/internal/sync/skill_rating_loaders.go:287.23,289.3 1 0
levelup/go-api/internal/sync/skill_rating_loaders.go:290.2,291.29 2 0
levelup/go-api/internal/sync/skill_rating_loaders.go:291.29,293.3 1 0
levelup/go-api/internal/sync/skill_rating_loaders.go:294.2,296.14 3 0
levelup/go-api/internal/sync/skill_rating_loaders.go:296.14,298.3 1 0
levelup/go-api/internal/sync/skill_rating_loaders.go:299.2,299.17 1 0
levelup/go-api/internal/sync/skill_rating_loaders.go:302.100,304.25 2 0
levelup/go-api/internal/sync/skill_rating_loaders.go:304.25,305.34 1 0
levelup/go-api/internal/sync/skill_rating_loaders.go:305.34,306.27 1 0
levelup/go-api/internal/sync/skill_rating_loaders.go:306.27,308.5 1 0
levelup/go-api/internal/sync/skill_rating_loaders.go:310.3,310.31 1 0
levelup/go-api/internal/sync/skill_rating_loaders.go:312.2,312.33 1 0
levelup/go-api/internal/sync/skill_rating_loaders.go:312.33,313.52 1 0
levelup/go-api/internal/sync/skill_rating_loaders.go:313.52,314.27 1 0
levelup/go-api/internal/sync/skill_rating_loaders.go:314.27,316.5 1 0
levelup/go-api/internal/sync/skill_rating_loaders.go:317.9,318.27 1 0
levelup/go-api/internal/sync/skill_rating_loaders.go:318.27,320.5 1 0
levelup/go-api/internal/sync/skill_rating_loaders.go:323.2,323.30 1 0
levelup/go-api/internal/sync/transforms.go:90.90,92.19 2 0
levelup/go-api/internal/sync/transforms.go:92.19,94.3 1 0
levelup/go-api/internal/sync/transforms.go:96.2,97.9 2 0
levelup/go-api/internal/sync/transforms.go:97.9,99.3 1 0
levelup/go-api/internal/sync/transforms.go:101.2,102.16 2 0
levelup/go-api/internal/sync/transforms.go:102.16,104.3 1 0
levelup/go-api/internal/sync/transforms.go:106.2,132.25 16 0
levelup/go-api/internal/sync/transforms.go:132.25,134.3 1 0
levelup/go-api/internal/sync/transforms.go:137.2,141.71 3 0
levelup/go-api/internal/sync/transforms.go:141.71,143.3 1 0
levelup/go-api/internal/sync/transforms.go:143.8,143.39 1 0
levelup/go-api/internal/sync/transforms.go:143.39,146.3 2 0
levelup/go-api/internal/sync/transforms.go:149.2,149.70 1 0
levelup/go-api/internal/sync/transforms.go:149.70,151.21 2 0
levelup/go-api/internal/sync/transforms.go:151.21,154.4 2 0
levelup/go-api/internal/sync/transforms.go:158.2,162.17 4 0
levelup/go-api/internal/sync/transforms.go:171.69,173.19 2 0
levelup/go-api/internal/sync/transforms.go:173.19,175.3 1 0
levelup/go-api/internal/sync/transforms.go:177.2,181.28 4 0
levelup/go-api/internal/sync/transforms.go:181.28,183.10 2 0
levelup/go-api/internal/sync/transforms.go:183.10,184.12 1 0
levelup/go-api/internal/sync/transforms.go:186.3,187.31 2 0
levelup/go-api/internal/sync/transforms.go:187.31,188.12 1 0
levelup/go-api/internal/sync/transforms.go:190.3,198.50 3 0
levelup/go-api/internal/sync/transforms.go:198.50,201.4 2 0
levelup/go-api/internal/sync/transforms.go:202.3,202.47 1 0
levelup/go-api/internal/sync/transforms.go:202.47,205.4 2 0
levelup/go-api/internal/sync/transforms.go:206.3,206.44 1 0
levelup/go-api/internal/sync/transforms.go:206.44,209.4 2 0
levelup/go-api/internal/sync/transforms.go:212.3,213.18 2 0
levelup/go-api/internal/sync/transforms.go:213.18,226.67 11 0
levelup/go-api/internal/sync/transforms.go:226.67,228.15 2 0
levelup/go-api/internal/sync/transforms.go:228.15,230.6 1 0
levelup/go-api/internal/sync/transforms.go:231.5,232.19 2 0
levelup/go-api/internal/sync/transforms.go:236.4,236.75 1 0
levelup/go-api/internal/sync/transforms.go:236.75,239.5 2 0
levelup/go-api/internal/sync/transforms.go:243.3,244.15 2 0
levelup/go-api/internal/sync/transforms.go:244.15,246.4 1 0
levelup/go-api/internal/sync/transforms.go:247.3,247.15 1 0
levelup/go-api/internal/sync/transforms.go:247.15,249.4 1 0
levelup/go-api/internal/sync/transforms.go:252.3,252.91 1 0
levelup/go-api/internal/sync/transforms.go:252.91,254.4 1 0
levelup/go-api/internal/sync/transforms.go:256.3,256.27 1 0
levelup/go-api/internal/sync/transforms.go:258.2,258.13 1 0
levelup/go-api/internal/sync/transforms.go:267.57,269.19 2 0
levelup/go-api/internal/sync/transforms.go:269.19,271.3 1 0
levelup/go-api/internal/sync/transforms.go:273.2,276.28 3 0
levelup/go-api/internal/sync/transforms.go:276.28,278.10 2 0
levelup/go-api/internal/sync/transforms.go:278.10,279.12 1 0
levelup/go-api/internal/sync/transforms.go:281.3,282.17 2 0
levelup/go-api/internal/sync/transforms.go:282.17,283.12 1 0
levelup/go-api/internal/sync/transforms.go:285.3,286.18 2 0
levelup/go-api/internal/sync/transforms.go:286.18,287.12 1 0
levelup/go-api/internal/sync/transforms.go:289.3,290.28 2 0
levelup/go-api/internal/sync/transforms.go:290.28,292.11 2 0
levelup/go-api/internal/sync/transforms.go:292.11,293.13 1 0
levelup/go-api/internal/sync/transforms.go:295.4,297.33 3 0
levelup/go-api/internal/sync/transforms.go:297.33,298.13 1 0
levelup/go-api/internal/sync/transforms.go:300.4,305.6 1 0
levelup/go-api/internal/sync/transforms.go:308.2,308.13 1 0
levelup/go-api/internal/sync/transforms_helpers.go:30.42,31.59 1 1
levelup/go-api/internal/sync/transforms_helpers.go:31.59,33.3 1 1
levelup/go-api/internal/sync/transforms_helpers.go:34.2,34.11 1 1
levelup/go-api/internal/sync/transforms_helpers.go:38.66,40.16 2 1
levelup/go-api/internal/sync/transforms_helpers.go:40.16,42.3 1 1
levelup/go-api/internal/sync/transforms_helpers.go:43.2,44.11 2 1
levelup/go-api/internal/sync/transforms_helpers.go:48.69,50.16 2 1
levelup/go-api/internal/sync/transforms_helpers.go:50.16,52.3 1 0
levelup/go-api/internal/sync/transforms_helpers.go:53.2,54.13 2 1
levelup/go-api/internal/sync/transforms_helpers.go:58.58,60.25 2 0
levelup/go-api/internal/sync/transforms_helpers.go:60.25,62.10 2 0
levelup/go-api/internal/sync/transforms_helpers.go:62.10,63.12 1 0
levelup/go-api/internal/sync/transforms_helpers.go:65.3,66.19 2 0
levelup/go-api/internal/sync/transforms_helpers.go:66.19,67.12 1 0
levelup/go-api/internal/sync/transforms_helpers.go:69.3,70.18 2 0
levelup/go-api/internal/sync/transforms_helpers.go:70.18,72.4 1 0
levelup/go-api/internal/sync/transforms_helpers.go:74.2,74.12 1 0
levelup/go-api/internal/sync/transforms_helpers.go:79.54,81.21 2 0
levelup/go-api/internal/sync/transforms_helpers.go:81.21,83.3 1 0
levelup/go-api/internal/sync/transforms_helpers.go:84.2,85.55 2 0
levelup/go-api/internal/sync/transforms_helpers.go:85.55,87.3 1 0
levelup/go-api/internal/sync/transforms_helpers.go:88.2,88.46 1 0
levelup/go-api/internal/sync/transforms_helpers.go:88.46,89.26 1 0
levelup/go-api/internal/sync/transforms_helpers.go:89.26,90.65 1 0
levelup/go-api/internal/sync/transforms_helpers.go:90.65,92.5 1 0
levelup/go-api/internal/sync/transforms_helpers.go:95.2,95.14 1 0
levelup/go-api/internal/sync/transforms_helpers.go:100.54,102.63 1 0
levelup/go-api/internal/sync/transforms_helpers.go:102.63,104.30 2 0
levelup/go-api/internal/sync/transforms_helpers.go:104.30,106.4 1 0
levelup/go-api/internal/sync/transforms_helpers.go:108.2,108.64 1 0
levelup/go-api/internal/sync/transforms_helpers.go:108.64,110.59 2 0
levelup/go-api/internal/sync/transforms_helpers.go:110.59,112.4 1 0
levelup/go-api/internal/sync/transforms_helpers.go:114.2,114.14 1 0
levelup/go-api/internal/sync/transforms_helpers.go:119.52,121.9 2 1
levelup/go-api/internal/sync/transforms_helpers.go:122.41,123.18 1 1
levelup/go-api/internal/sync/transforms_helpers.go:124.44,125.21 1 1
levelup/go-api/internal/sync/transforms_helpers.go:126.116,127.15 1 1
levelup/go-api/internal/sync/transforms_helpers.go:128.41,129.18 1 1
levelup/go-api/internal/sync/transforms_helpers.go:130.43,131.20 1 1
levelup/go-api/internal/sync/transforms_helpers.go:132.10,133.17 1 1
levelup/go-api/internal/sync/transforms_helpers.go:139.67,142.26 3 0
levelup/go-api/internal/sync/transforms_helpers.go:142.26,144.10 2 0
levelup/go-api/internal/sync/transforms_helpers.go:144.10,145.12 1 0
levelup/go-api/internal/sync/transforms_helpers.go:147.3,149.19 3 0
levelup/go-api/internal/sync/transforms_helpers.go:149.19,150.12 1 0
levelup/go-api/internal/sync/transforms_helpers.go:152.3,153.18 2 0
levelup/go-api/internal/sync/transforms_helpers.go:153.18,154.12 1 0
levelup/go-api/internal/sync/transforms_helpers.go:156.3,157.21 2 0
levelup/go-api/internal/sync/transforms_helpers.go:159.2,159.22 1 0
levelup/go-api/internal/sync/transforms_helpers.go:159.22,161.3 1 0
levelup/go-api/internal/sync/transforms_helpers.go:162.2,165.9 4 0
levelup/go-api/internal/sync/transforms_helpers.go:165.9,167.3 1 0
levelup/go-api/internal/sync/transforms_helpers.go:168.2,168.9 1 0
levelup/go-api/internal/sync/transforms_helpers.go:168.9,170.3 1 0
levelup/go-api/internal/sync/transforms_helpers.go:171.2,171.15 1 0
levelup/go-api/internal/sync/transforms_helpers.go:176.37,177.13 1 1
levelup/go-api/internal/sync/transforms_helpers.go:177.13,179.3 1 1
levelup/go-api/internal/sync/transforms_helpers.go:180.2,181.14 2 1
levelup/go-api/internal/sync/transforms_helpers.go:181.14,183.3 1 1
levelup/go-api/internal/sync/transforms_helpers.go:184.2,185.16 2 1
levelup/go-api/internal/sync/transforms_helpers.go:185.16,188.3 2 1
levelup/go-api/internal/sync/transforms_helpers.go:189.2,189.16 1 1
levelup/go-api/internal/sync/transforms_helpers.go:189.16,192.3 2 1
levelup/go-api/internal/sync/transforms_helpers.go:193.2,193.16 1 1
levelup/go-api/internal/sync/transforms_helpers.go:193.16,196.3 2 1
levelup/go-api/internal/sync/transforms_helpers.go:197.2,197.15 1 1
levelup/go-api/internal/sync/transforms_helpers.go:201.44,202.13 1 1
levelup/go-api/internal/sync/transforms_helpers.go:202.13,204.3 1 1
levelup/go-api/internal/sync/transforms_helpers.go:205.2,211.28 2 1
levelup/go-api/internal/sync/transforms_helpers.go:211.28,212.45 1 1
levelup/go-api/internal/sync/transforms_helpers.go:212.45,214.4 1 1
levelup/go-api/internal/sync/transforms_helpers.go:216.2,216.72 1 0
levelup/go-api/internal/sync/transforms_helpers.go:223.29,224.14 1 0
levelup/go-api/internal/sync/transforms_helpers.go:224.14,226.3 1 0
levelup/go-api/internal/sync/transforms_helpers.go:227.2,228.10 2 0
levelup/go-api/internal/sync/transforms_helpers.go:231.31,232.13 1 0
levelup/go-api/internal/sync/transforms_helpers.go:232.13,234.3 1 0
levelup/go-api/internal/sync/transforms_helpers.go:235.2,235.11 1 0
levelup/go-api/internal/sync/transforms_helpers.go:238.43,239.26 1 0
levelup/go-api/internal/sync/transforms_helpers.go:239.26,241.3 1 0
levelup/go-api/internal/sync/transforms_helpers.go:242.2,242.10 1 0
levelup/go-api/internal/sync/transforms_helpers.go:245.52,247.9 2 0
levelup/go-api/internal/sync/transforms_helpers.go:247.9,249.3 1 0
levelup/go-api/internal/sync/transforms_helpers.go:250.2,251.11 2 0
levelup/go-api/internal/sync/transforms_helpers.go:254.58,256.9 2 0
levelup/go-api/internal/sync/transforms_helpers.go:256.9,258.3 1 0
levelup/go-api/internal/sync/transforms_helpers.go:259.2,259.11 1 0
levelup/go-api/internal/sync/transforms_helpers.go:262.48,265.2 2 0
levelup/go-api/internal/sync/transforms_helpers.go:267.52,270.2 2 0
levelup/go-api/internal/sync/transforms_helpers.go:273.42,275.2 1 1
levelup/go-api/internal/sync/writes.go:20.72,57.16 3 0
levelup/go-api/internal/sync/writes.go:57.16,59.3 1 0
levelup/go-api/internal/sync/writes.go:60.2,60.12 1 0
levelup/go-api/internal/sync/writes.go:65.66,66.20 1 0
levelup/go-api/internal/sync/writes.go:66.20,68.3 1 0
levelup/go-api/internal/sync/writes.go:69.2,70.27 2 0
levelup/go-api/internal/sync/writes.go:70.27,95.17 2 0
levelup/go-api/internal/sync/writes.go:95.17,97.4 1 0
levelup/go-api/internal/sync/writes.go:99.2,99.12 1 0
levelup/go-api/internal/sync/writes.go:104.54,105.20 1 0
levelup/go-api/internal/sync/writes.go:105.20,107.3 1 0
levelup/go-api/internal/sync/writes.go:108.2,109.27 2 0
levelup/go-api/internal/sync/writes.go:109.27,115.17 2 0
levelup/go-api/internal/sync/writes.go:115.17,117.4 1 0
levelup/go-api/internal/sync/writes.go:119.2,119.12 1 0
levelup/go-api/internal/sync/writes.go:124.63,125.34 1 0
levelup/go-api/internal/sync/writes.go:125.34,127.3 1 0
levelup/go-api/internal/sync/writes.go:128.2,138.16 3 0
levelup/go-api/internal/sync/writes.go:138.16,140.3 1 0
levelup/go-api/internal/sync/writes.go:141.2,141.12 1 0
levelup/go-api/internal/sync/writes.go:150.77,161.16 3 0
levelup/go-api/internal/sync/writes.go:161.16,163.3 1 0
levelup/go-api/internal/sync/writes.go:164.2,164.12 1 0
levelup/go-api/internal/sync/writes.go:169.55,176.16 3 0
levelup/go-api/internal/sync/writes.go:176.16,178.3 1 0
levelup/go-api/internal/sync/writes.go:179.2,179.12 1 0
levelup/go-api/internal/sync/writes.go:183.32,184.13 1 0
levelup/go-api/internal/sync/writes.go:184.13,186.3 1 0
levelup/go-api/internal/sync/writes.go:187.2,187.11 1 0
levelup/go-api/internal/sync/writes.go:196.87,198.16 2 0
levelup/go-api/internal/sync/writes.go:198.16,200.3 1 0
levelup/go-api/internal/sync/writes.go:201.2,203.110 2 0
levelup/go-api/internal/sync/writes.go:203.110,205.3 1 0
levelup/go-api/internal/sync/writes.go:207.2,207.26 1 0
levelup/go-api/internal/sync/writes.go:207.26,217.17 1 0
levelup/go-api/internal/sync/writes.go:217.17,219.4 1 0
levelup/go-api/internal/sync/writes.go:221.2,221.20 1 0
levelup/go-api/internal/sync/writes.go:239.73,241.12 2 0
levelup/go-api/internal/sync/writes.go:241.12,243.3 1 0
levelup/go-api/internal/sync/writes.go:244.2,248.16 2 0
levelup/go-api/internal/sync/writes.go:248.16,250.3 1 0
levelup/go-api/internal/sync/writes.go:251.2,251.12 1 0
