# REJEU 2D — ASSEMBLAGE REJOUE SUR ENTREES FIGEES — film 000d5950
#
# AUCUN OCTET DE FILM n est lu pour produire cette sortie : les entrees viennent de
# testdata/inputs_000d5950.bin.gz, decodees une fois et figees. Ce fichier verrouille
# l ASSEMBLAGE ; le DECODAGE est verrouille a part par la mini-bobine.

## AXE DE TEMPS
4985 frames · intervalle 100 ms · duree 498500 ms
schema 3 · titre halo_infinite

## TRACES PUBLIEES — une trace est UNE VIE, pas un joueur (le slot migre a chaque reapparition)
99 trace(s) · 29221 point(s) de grille
93 trace(s) NOMMEE(S) par le pont (fil des morts, puis fermetures) · 6 anonyme(s) — une vie que le film ne clot
par aucun evenement reste sans identite, et c est une LIMITE, pas une erreur
15315 point(s) portent un cap de visee · 4620 un bouclier · 163 une fraction de vie

### ROSTER — le xuid IDENTIFIE, l index ORDONNE ; ils ne sont pas interchangeables
8 joueur(s)
  2535467794760703  idx=0  "whiteknight2519"
  2535437947245250  idx=1  "JAVIERLOLITO540"
  2533274823110022  idx=2  "JGtm"
  2533274980284321  idx=3  "LORD PEINX13"
  2533274815845110  idx=4  "IKE ILYA"
  2535444178793711  idx=5  "Akatsuki fire17"
  2533274882097883  idx=6  "aldusbroncus"
  2533274826120416  idx=7  "VitaminA1688"

## TIRS — rattaches sur DISPONIBLES, et la ventilation de tout ce qui est ecarte
483 rattache(s) / 519 disponible(s) = 93.1 %
rejets : slot introuvable=36 · slot ambigu=0 · hors fenetre=0 · sans trace publiee=0
somme de controle : rattaches + rejets = disponibles -> 519 = 519 (equilibre : true)
verdict : nominal
483 tir(s) publie(s) · 90 avec un cap de visee lisible · 483 avec une arme nommee

## GRENADES — le lancer porte son auteur ; ce qui se mesure est OU il est pose
70 rattache(s) / 70 disponible(s) = 100.0 %
rejets : slot introuvable=0 · slot ambigu=0 · hors fenetre=0 · sans trace publiee=0
somme de controle : rattaches + rejets = disponibles -> 70 = 70 (equilibre : true)
verdict : nominal
par source : projectile=65 (aucun pont) · biped=5 (le pont a servi)
par type : Dynamo=17 · Frag=17 · Plasma=14 · Spike=22

## PROJECTILES — le dernier point est la DERNIERE POSITION REPLIQUEE, jamais un impact
439 trajectoire(s) · 2732 point(s) de grille
75 se terminent sur `projectile-at-rest-state` — le SEUL champ qui certifie une fin de vol

## INVENTAIRE — lu aux images-cles, jamais interpole entre deux
184 etat(s) publie(s) · 120 avec grenades lues · 132 avec capacite lue · 150 avec munitions lues
51 lecture(s) de munitions a PLUSIEURS candidats : la plus longue a ete retenue et le
nombre de candidats est publie, pour que le departage reste visible
rangs de grenade : 0:en="Frag"/fr="Fragmentation", 1:en="Plasma"/fr="Plasma", 2:en="Dynamo"/fr="Dynamo", 3:en="Spike"/fr="Spike"
capacites nommees (TABLE PARTIELLE — 4 index observes pour 11 capacites dans le jeu) : 3=en:"Drop Wall"/fr:"mur portatif", 4=en:"Grappleshot"/fr:"grappin", 5=en:"Thruster"/fr:"propulseur", 6=en:"Threat Sensor"/fr:"capteur de menace"

## ARMES PORTEES — l inventaire, pas la main : le loadout ne dit pas QUELLE arme est degainee
150 loadout(s) publie(s) · 22 famille(s) distincte(s)

## PONT SLOT -> JOUEUR — deux sources nommees : la LECTURE, puis la FERMETURE
93 entree(s) · 90 issue(s) de la lecture (un ecart NON EXPLIQUE par les fermetures signalerait une TROISIEME SOURCE)
fermetures : 0 par le corps disponible · 3 par la reapparition — une fermeture n attribue QUE lorsqu un seul candidat reste possible, jamais par vote
refus des fermetures : 13 contestee(s) (l unicite manque : deux corps, deux joueurs, deux corps pour un meme joueur, ou deux corps pour une meme mort) · 1 rejetee(s) (le corps ne PROLONGE pas le tireur, recouvrement, ou identite hors table d index) — un controle qui ne rejette rien ne prouve rien
90 vie(s) nommee(s) / 105 — un rapport publie sans son denominateur ne se juge pas
26 chunk(s) de replication concordants · 0 desaccord(s) d identite · 0 collision(s) de slot
verdict : nominal

## LIBELLES D ARMES — le tag brut reste A COTE du libelle, jamais a sa place
39 identifiant(s) nomme(s) ; un identifiant absent garde son hexadecimal a l ecran et
n emprunte pas le nom d une arme voisine
  0x0A1992BC  en="S7 Sniper" fr="S7 Sniper" fx="ballistic"
  0x0A1992BC42C9679F  en="S7 Sniper" fr="S7 Sniper" fx="ballistic"
  0x0D20C469  en="Skewer" fr="Empaleur" fx="ballistic"
  0x0D20C46942C9679F  en="Skewer" fr="Empaleur" fx="ballistic"
  0x230447B1  en="Cindershot" fr="Crémateur" fx="explosive"
  0x230447B142C9679F  en="Cindershot" fr="Crémateur" fx="explosive"
  0x2AC9C2FF  en="Heatwave" fr="Calcineur" fx="light"
  0x2AC9C2FF42C9679F  en="Heatwave" fr="Calcineur" fx="light"
  0x2B1824D5  en="BR75" fr="BR75" fx="ballistic"
  0x2B1824D542C9679F  en="BR75" fr="BR75" fx="ballistic"
  0x30484EA6  en="Pulse Carbine" fr="Carabine à impulsion" fx="plasma"
  0x30484EA642C9679F  en="Pulse Carbine" fr="Carabine à impulsion" fx="plasma"
  0x48C19D2D  en="MA40 AR" fr="MA40 AR" fx="ballistic"
  0x48C19D2D42C9679F  en="MA40 AR" fr="MA40 AR" fx="ballistic"
  0x4FF3937E  en="Energy Sword" fr="Épée à énergie" fx="melee"
  0x71AB0A2C  en="M41 SPNKr" fr="M41 SPNKr" fx="explosive"
  0x71AB0A2C42C9679F  en="M41 SPNKr" fr="M41 SPNKr" fx="explosive"
  0x767DB96D  en="MLRS-2 Hydra" fr="Hydra" fx="explosive"
  0x767DB96D42C9679F  en="MLRS-2 Hydra" fr="Hydra" fx="explosive"
  0x80977BA5  en="Mangler" fr="Déchiqueteur" fx="ballistic"
  0x80977BA542C9679F  en="Mangler" fr="Déchiqueteur" fx="ballistic"
  0x841AC5E5  en="Gravity Hammer" fr="Marteau antigravité" fx="melee"
  0x84BD29ED  en="Disruptor" fr="Disrupteur" fx="shock"
  0x84BD29ED42C9679F  en="Disruptor" fr="Disrupteur" fx="shock"
  0x9387A8B9  en="Shock Rifle" fr="Fusil électrique" fx="shock"
  0x9387A8B942C9679F  en="Shock Rifle" fr="Fusil électrique" fx="shock"
  0xA0955E9E  en="Sentinel Beam" fr="Rayon de Sentinelle" fx="light"
  0xB533957E  en="Needler" fr="Needler" fx="needles"
  0xB533957E42C9679F  en="Needler" fr="Needler" fx="needles"
  0xB619D84A  en="CQS48 Bulldog" fr="CQS48 Bulldog" fx="ballistic"
  0xB619D84A42C9679F  en="CQS48 Bulldog" fr="CQS48 Bulldog" fx="ballistic"
  0xC30D87C7  en="Ravager" fr="Ravageur" fx="plasma"
  0xC30D87C742C9679F  en="Ravager" fr="Ravageur" fx="plasma"
  0xC3542946  en="Plasma Pistol" fr="Pistolet à plasma" fx="plasma"
  0xDAF193C7  en="Stalker Rifle" fr="Fusil traqueur" fx="ballistic"
  0xDAF193C742C9679F  en="Stalker Rifle" fr="Fusil traqueur" fx="ballistic"
  0xF408190F  en="Mk50 Sidekick" fr="MK50 Sidekick" fx="ballistic"
  0xF408190F42C9679F  en="Mk50 Sidekick" fr="MK50 Sidekick" fx="ballistic"
  0xFD98554C  en="VK78 Commando" fr="VK78 Commando" fx="ballistic"

## BORNES — l etendue des points publies, dans le repere monde partage
x [-7.02, 43.79] · y [-25.14, 30.35] · z [-4.20, 7.08]
