# REJEU 2D — ASSEMBLAGE REJOUE SUR ENTREES FIGEES — film 000d5950
#
# AUCUN OCTET DE FILM n est lu pour produire cette sortie : les entrees viennent de
# testdata/inputs_000d5950.bin.gz, decodees une fois et figees. Ce fichier verrouille
# l ASSEMBLAGE ; le DECODAGE est verrouille a part par la mini-bobine.

## AXE DE TEMPS
4985 frames · intervalle 100 ms · duree 498500 ms
schema 9 · titre halo_infinite
origine de la frame 0 sur l horloge du fil : 3604 ms

## TRACES PUBLIEES — une trace est UNE VIE, pas un joueur (le slot migre a chaque reapparition)
99 trace(s) · 29221 point(s) de grille
93 trace(s) NOMMEE(S) par le pont (fil des morts, puis fermetures) · 6 anonyme(s) — une vie que le film ne clot
par aucun evenement reste sans identite, et c est une LIMITE, pas une erreur
15315 point(s) portent un cap de visee · 4620 un bouclier · 163 une fraction de vie

### ROSTER — le xuid IDENTIFIE, l index ORDONNE ; ils ne sont pas interchangeables
8 joueur(s)
  2535467794760703  idx=0  "whiteknight2519"
  2535437947245250  idx=1  "JAVIERLOLITO540"
  2533274823110022  idx=2  "JGtm"
  2533274980284321  idx=3  "LORD PEINX13"
  2533274815845110  idx=4  "IKE ILYA"
  2535444178793711  idx=5  "Akatsuki fire17"
  2533274882097883  idx=6  "aldusbroncus"
  2533274826120416  idx=7  "VitaminA1688"

## TIRS — rattaches sur DISPONIBLES, et la ventilation de tout ce qui est ecarte
483 rattache(s) / 519 disponible(s) = 93.1 %
rejets : slot introuvable=36 · slot ambigu=0 · hors fenetre=0 · sans trace publiee=0
somme de controle : rattaches + rejets = disponibles -> 519 = 519 (equilibre : true)
verdict : nominal
483 tir(s) publie(s) · 90 avec un cap de visee lisible · 483 avec une arme nommee

## GRENADES — le lancer porte son auteur ; ce qui se mesure est OU il est pose
70 rattache(s) / 70 disponible(s) = 100.0 %
rejets : slot introuvable=0 · slot ambigu=0 · hors fenetre=0 · sans trace publiee=0
somme de controle : rattaches + rejets = disponibles -> 70 = 70 (equilibre : true)
verdict : nominal
par source : projectile=65 (aucun pont) · biped=5 (le pont a servi)
par type : Dynamo=17 · Frag=17 · Plasma=14 · Spike=22

## PROJECTILES — le dernier point est la DERNIERE POSITION REPLIQUEE, jamais un impact
439 trajectoire(s) · 2732 point(s) de grille
75 se terminent sur `projectile-at-rest-state` — le SEUL champ qui certifie une fin de vol

## INVENTAIRE — lu aux images-cles, jamais interpole entre deux
184 etat(s) publie(s) · 120 avec grenades lues · 150 avec munitions lues
51 lecture(s) de munitions a PLUSIEURS candidats : la plus longue a ete retenue et le
nombre de candidats est publie, pour que le departage reste visible
rangs de grenade : 0:en="Frag"/fr="Fragmentation", 1:en="Plasma"/fr="Plasma", 2:en="Dynamo"/fr="Dynamo", 3:en="Spike"/fr="Spike"

## CAPACITE PORTEE — le RANG de palette, deux canaux pour une seule grandeur
214 lecture(s) · 82 par i48 (rang complet, paquets delta) · 132 par image-cle (fenetre 16..23)
rangs observes : 19:42 20:66 21:70 22:36
lectures NOMMEES 136/214 — un rang hors table garde son numero, et la table est propre a la palette du film
capacites nommees : 20=en:"Grappleshot"/fr:"grappin", 21=en:"Thruster"/fr:"propulseur"

## EQUIPEMENT ACTIF — episodes dates par vie, DEUX familles mesurees et rien d autre
36 episode(s) publie(s) · par famille : camo=36 · 24 fin(s) MESUREE(s) (le reste ferme a la mort)
couverture : 99 vie(s) publiee(s) · camo 22 vie(s) / 36 episode(s) · surbouclier 0 vie(s) / 0 episode(s)

## GRAPPIN — tractions datees par vie, l ancre en coordonnees monde (fenetre MESUREE)
25 traction(s) sur 15 vie(s) · lectures : 32 tir(s) + 25 accroche(s) · 7 rate(s) · 0 corps non decodable(s)
  slot=516 t=[272, 282] ancre=(10.77, 10.05, -1.09)
  slot=516 t=[432, 446] ancre=(28.82, -3.76, 0.03)
  slot=516 t=[902, 915] ancre=(1.36, 21.55, -2.25)
  slot=530 t=[1204, 1213] ancre=(30.81, 9.13, 0.53)
  slot=537 t=[1399, 1411] ancre=(16.78, 7.38, 1.72)
  slot=539 t=[1606, 1616] ancre=(23.95, 7.16, 0.16)
  slot=544 t=[1807, 1822] ancre=(24.67, -4.62, -0.03)
  slot=551 t=[2038, 2053] ancre=(10.18, 10.66, -1.29)
  slot=561 t=[2485, 2498] ancre=(24.30, 6.76, 0.39)
  slot=561 t=[2610, 2621] ancre=(12.32, -2.79, -1.89)
  slot=561 t=[2689, 2701] ancre=(1.34, 3.94, -0.85)
  slot=562 t=[2729, 2744] ancre=(0.42, 4.14, 1.52)
  slot=561 t=[2742, 2749] ancre=(-2.19, -3.02, -0.79)
  slot=561 t=[2776, 2791] ancre=(-0.94, 0.34, -0.24)
  slot=563 t=[2822, 2836] ancre=(26.61, -7.26, -1.28)
  slot=561 t=[3012, 3032] ancre=(21.02, 6.66, -2.01)
  slot=566 t=[3017, 3022] ancre=(15.61, 0.23, -2.07)
  slot=561 t=[3087, 3095] ancre=(24.80, -13.45, -1.04)
  slot=569 t=[3229, 3255] ancre=(25.72, 5.17, -0.89)
  slot=580 t=[3506, 3517] ancre=(26.91, 4.63, 0.19)
  slot=580 t=[3721, 3734] ancre=(22.70, -2.96, -2.29)
  slot=588 t=[3944, 3958] ancre=(-1.12, 4.64, 0.88)
  slot=588 t=[4116, 4129] ancre=(18.73, 7.21, -1.71)
  slot=592 t=[4575, 4589] ancre=(22.81, -5.28, -0.73)
  slot=605 t=[4802, 4814] ancre=(26.62, -7.32, -1.56)

## EQUIPEMENT POSE — mur et capteur sur la carte, le reste publie SANS NOM (`other`)
calibre=true decoupage="9/5" · 397 vie(s) d objet · 6651 ancre(s) -> 295 confirmee(s) par l oracle de position -> 295 pose(s)
32 nommee(s) · 263 `other` (nature non etablie : le manifeste ne les revendique pas) · 289 avec poseur mesure · 254 avec cap de visee
  famille other    263
  famille sensor   19
  famille wall     13
  sensor 0x72199cba t=[317, 333] pos=(24.31, 10.35, -1.76) poseur=515 cap=195.7 deg
  sensor 0x72199cba t=[516, 537] pos=(22.81, 9.73, -1.86) poseur=520 cap=202.5 deg
  sensor 0x72199cba t=[593, 613] pos=(5.24, 4.49, -1.28) poseur=522 cap=18.2 deg
  sensor 0x72199cba t=[656, 681] pos=(17.79, 2.85, -1.86) poseur=521 cap=23.9 deg
  wall 0x8e2dc574 t=[1119, 1127] pos=(18.88, 8.67, -1.85) poseur=526 cap=291.5 deg
  sensor 0x72199cba t=[1233, 1256] pos=(18.29, 8.74, -1.86) poseur=527 cap=aucun
  wall 0x8e2dc574 t=[1382, 1390] pos=(25.70, -10.24, -1.05) poseur=535 cap=268.1 deg
  wall 0x8e2dc574 t=[1445, 1455] pos=(33.25, 8.98, -0.98) poseur=536 cap=aucun
  sensor 0x72199cba t=[1846, 1859] pos=(23.25, 2.64, 0.99) poseur=543 cap=280.9 deg
  sensor 0x72199cba t=[1889, 1911] pos=(25.94, -3.34, 0.79) poseur=541 cap=286.3 deg
  wall 0x8e2dc574 t=[2300, 2325] pos=(17.10, 8.73, -1.86) poseur=555 cap=221.6 deg
  wall 0x8e2dc574 t=[2352, 2358] pos=(19.55, 4.13, -1.66) poseur=553 cap=354.4 deg
  wall 0x8e2dc574 t=[2352, 2359] pos=(19.66, 4.07, -1.69) poseur=556 cap=182.2 deg
  sensor 0x72199cba t=[2541, 2557] pos=(17.49, 9.51, -1.86) poseur=557 cap=aucun
  sensor 0x72199cba t=[2629, 2657] pos=(24.52, -1.30, 0.80) poseur=552 cap=121.3 deg
  wall 0x8e2dc574 t=[2888, 2899] pos=(20.25, 7.58, -1.44) poseur=565 cap=263.6 deg
  wall 0x8e2dc574 t=[2961, 2967] pos=(19.48, 5.56, -1.93) poseur=566 cap=257.4 deg
  wall 0x8e2dc574 t=[3340, 3346] pos=(20.22, 4.48, -1.92) poseur=572 cap=100.9 deg
  wall 0x8e2dc574 t=[3396, 3402] pos=(22.99, 2.98, -2.07) poseur=554 cap=290.1 deg
  sensor 0x72199cba t=[3520, 3536] pos=(2.59, -7.44, -1.69) poseur=579 cap=10.6 deg
  wall 0x8e2dc574 t=[3671, 3678] pos=(14.69, 4.27, 1.43) poseur=571 cap=0.5 deg
  sensor 0x72199cba t=[3908, 4028] pos=(16.30, 13.45, 0.22) poseur=583 cap=aucun
  sensor 0x72199cba t=[3943, 3981] pos=(9.15, 11.38, -0.30) poseur=585 cap=233.7 deg
  sensor 0x72199cba t=[4143, 4167] pos=(24.30, 6.80, -1.39) poseur=587 cap=246.4 deg
  sensor 0x72199cba t=[4287, 4308] pos=(18.74, 3.16, -1.93) poseur=590 cap=aucun
  sensor 0x72199cba t=[4408, 4430] pos=(18.52, -2.29, -1.85) poseur=595 cap=aucun
  wall 0x8e2dc574 t=[4626, 4633] pos=(22.79, 1.48, -2.12) poseur=578 cap=230.6 deg
  sensor 0x72199cba t=[4735, 4757] pos=(23.66, 8.97, -1.89) poseur=599 cap=0.8 deg
  wall 0x8e2dc574 t=[4796, 4803] pos=(27.74, -2.98, -1.41) poseur=600 cap=327.9 deg
  sensor 0x72199cba t=[4886, 4906] pos=(22.10, 2.48, -1.92) poseur=604 cap=91.2 deg
  sensor 0x72199cba t=[4927, 4933] pos=(21.98, 2.78, -1.89) poseur=607 cap=129.6 deg
  sensor 0x72199cba t=[4932, 4953] pos=(21.25, 3.80, -1.92) poseur=608 cap=300.4 deg

## ARMES PORTEES — l inventaire, pas la main : le loadout ne dit pas QUELLE arme est degainee
150 loadout(s) publie(s) · 22 famille(s) distincte(s)

## PONT SLOT -> JOUEUR — deux sources nommees : la LECTURE, puis la FERMETURE
93 entree(s) · 90 issue(s) de la lecture (un ecart NON EXPLIQUE par les fermetures signalerait une TROISIEME SOURCE)
fermetures : 0 par le corps disponible · 3 par la reapparition — une fermeture n attribue QUE lorsqu un seul candidat reste possible, jamais par vote
refus des fermetures : 13 contestee(s) (l unicite manque : deux corps, deux joueurs, deux corps pour un meme joueur, ou deux corps pour une meme mort) · 1 rejetee(s) (le corps ne PROLONGE pas le tireur, recouvrement, ou identite hors table d index) — un controle qui ne rejette rien ne prouve rien
90 vie(s) nommee(s) / 105 — un rapport publie sans son denominateur ne se juge pas
26 chunk(s) de replication concordants · 0 desaccord(s) d identite · 0 collision(s) de slot
verdict : nominal

## LIBELLES D ARMES — le tag brut reste A COTE du libelle, jamais a sa place
39 identifiant(s) nomme(s) ; un identifiant absent garde son hexadecimal a l ecran et
n emprunte pas le nom d une arme voisine
  0x0A1992BC  en="S7 Sniper" fr="S7 Sniper" fx="ballistic"
  0x0A1992BC42C9679F  en="S7 Sniper" fr="S7 Sniper" fx="ballistic"
  0x0D20C469  en="Skewer" fr="Empaleur" fx="ballistic"
  0x0D20C46942C9679F  en="Skewer" fr="Empaleur" fx="ballistic"
  0x230447B1  en="Cindershot" fr="Crémateur" fx="explosive"
  0x230447B142C9679F  en="Cindershot" fr="Crémateur" fx="explosive"
  0x2AC9C2FF  en="Heatwave" fr="Calcineur" fx="light"
  0x2AC9C2FF42C9679F  en="Heatwave" fr="Calcineur" fx="light"
  0x2B1824D5  en="BR75" fr="BR75" fx="ballistic"
  0x2B1824D542C9679F  en="BR75" fr="BR75" fx="ballistic"
  0x30484EA6  en="Pulse Carbine" fr="Carabine à impulsion" fx="plasma"
  0x30484EA642C9679F  en="Pulse Carbine" fr="Carabine à impulsion" fx="plasma"
  0x48C19D2D  en="MA40 AR" fr="MA40 AR" fx="ballistic"
  0x48C19D2D42C9679F  en="MA40 AR" fr="MA40 AR" fx="ballistic"
  0x4FF3937E  en="Energy Sword" fr="Épée à énergie" fx="melee"
  0x71AB0A2C  en="M41 SPNKr" fr="M41 SPNKr" fx="explosive"
  0x71AB0A2C42C9679F  en="M41 SPNKr" fr="M41 SPNKr" fx="explosive"
  0x767DB96D  en="MLRS-2 Hydra" fr="Hydra" fx="explosive"
  0x767DB96D42C9679F  en="MLRS-2 Hydra" fr="Hydra" fx="explosive"
  0x80977BA5  en="Mangler" fr="Déchiqueteur" fx="ballistic"
  0x80977BA542C9679F  en="Mangler" fr="Déchiqueteur" fx="ballistic"
  0x841AC5E5  en="Gravity Hammer" fr="Marteau antigravité" fx="melee"
  0x84BD29ED  en="Disruptor" fr="Disrupteur" fx="shock"
  0x84BD29ED42C9679F  en="Disruptor" fr="Disrupteur" fx="shock"
  0x9387A8B9  en="Shock Rifle" fr="Fusil électrique" fx="shock"
  0x9387A8B942C9679F  en="Shock Rifle" fr="Fusil électrique" fx="shock"
  0xA0955E9E  en="Sentinel Beam" fr="Rayon de Sentinelle" fx="light"
  0xB533957E  en="Needler" fr="Needler" fx="needles"
  0xB533957E42C9679F  en="Needler" fr="Needler" fx="needles"
  0xB619D84A  en="CQS48 Bulldog" fr="CQS48 Bulldog" fx="ballistic"
  0xB619D84A42C9679F  en="CQS48 Bulldog" fr="CQS48 Bulldog" fx="ballistic"
  0xC30D87C7  en="Ravager" fr="Ravageur" fx="plasma"
  0xC30D87C742C9679F  en="Ravager" fr="Ravageur" fx="plasma"
  0xC3542946  en="Plasma Pistol" fr="Pistolet à plasma" fx="plasma"
  0xDAF193C7  en="Stalker Rifle" fr="Fusil traqueur" fx="ballistic"
  0xDAF193C742C9679F  en="Stalker Rifle" fr="Fusil traqueur" fx="ballistic"
  0xF408190F  en="Mk50 Sidekick" fr="MK50 Sidekick" fx="ballistic"
  0xF408190F42C9679F  en="Mk50 Sidekick" fr="MK50 Sidekick" fx="ballistic"
  0xFD98554C  en="VK78 Commando" fr="VK78 Commando" fx="ballistic"

## BORNES — l etendue des points publies, dans le repere monde partage
x [-7.02, 43.79] · y [-25.14, 30.35] · z [-4.20, 7.08]
