# GOLDEN killsource — film 000d5950
#
# Fige la sortie du decodeur de la SOURCE DE DEGAT. Ne PAS editer a la main.
#
# REGENERATION (les fixtures ne sont pas versionnees : 107 Mo pour les quatre films) :
#   1. les films de reference sont des repertoires chunk_NN.bin sous data/cache/film_chunks/ ;
#      ils se retelechargent avec  go run ./cmd/fetch_film_chunks/
#   2. KILLSOURCE_FIXTURES=<racine des films> \
#        go test ./internal/games/halo_infinite/film/killsource/ -run Golden -update
#
# CHAQUE CHIFFRE PORTE LE NOM DE SON DENOMINATEUR. Un taux nu ne veut rien dire ici : trois
# denominateurs coexistent hors ligne et ne donnent pas le meme resultat.

## COUVERTURE — chaque taux porte le nom de son denominateur
93 / 93 couples REELS (couples reconstruits moins les couples FABRIQUES)
93 / 93 couples reconstruits par la reconstruction de kill-feed
93 / 93 morts du KILL-FEED (il ne contient AUCUNE mort de bot)
0 couple(s) FABRIQUE(S) retire(s) du denominateur : la vraie victime est un bot
0 mort(s) de BOT decodee(s) — POPULATION NEUVE, jamais au denominateur ci-dessus
0 mort(s) INFLIGEE(S) PAR un bot — SECONDE POPULATION NEUVE, jamais au denominateur
   ci-dessus non plus : le feed porte la MORT mais aucun kill en face
93 kill(s) et 93 mort(s) au kill-feed brut · 76 couple(s) au MEME instant

## ANCRES DE VERITE TERRAIN — 11 confrontation(s) confirmee(s) en mode Theater
# format : instant  tag  divergence  etiquette publiee  nature  voie de lecture
00:35  eea85c26  divergence=non  "Disruptor"  ARME  marche
00:44  130c4b61  divergence=non  "Skewer"  ARME  marche
02:08  4a555df8  divergence=non  "Needler"  ARME  marche
02:09  4a555df8  divergence=non  "Needler"  ARME  marche
03:08  eea85c26  divergence=non  "Disruptor"  ARME  marche
04:26  130c4b61  divergence=non  "Skewer"  ARME  marche
06:19  4a555df8  divergence=non  "Needler"  ARME  marche
07:57  daa03c35  divergence=non  "Autres"  MELEE  marche
07:59  4a555df8  divergence=non  "Needler"  ARME  marche
08:03  4a555df8  divergence=non  "Needler"  ARME  marche
01:12  acd1cff4  divergence=oui  "M41 SPNKr"  ARME  marche

## MORTS DONT LA SOURCE APPARTIENT A LA VICTIME — 1 ligne(s)
# le kill-feed credite un AUTRE joueur : les deux verites sont vraies et divergent
# format : instant  victime  tag  etiquette  CREDIT DU JEU  voie  origine
01:12  LORD PEINX13  acd1cff4  "M41 SPNKr"  credit=aldusbroncus  marche  source-victime

## MORTS INFLIGEES PAR UN BOT — 0 ligne(s)
# le feed porte la MORT, pas le kill : le tueur vient du roster de replication
# format : instant  victime  tueur  tag  etiquette  categorie  voie  assistant

## CONTROLE NEGATIF — le scan n invente pas de morts
# population ou la cible est ABSENTE par construction : les morts sont toutes
# dans les paquets A EVENTS, donc tout candidat trouve ici est un faux positif.
26910 paquet(s) SANS evenement · 43797712 bits balayes · 0 candidat(s) accepte(s)

## COUT PAR VOIE DE LECTURE — ventilation, PAS deux precisions comparables
marche   : 88 propose(s), 86 apparie(s) au couple exact, 86 publiee(s)
scan     : 8 propose(s), 6 apparie(s) au couple exact, 6 publiee(s)
marche, source appartenant a la victime : 1 propose(s), 1 publiee(s)
scan,   source appartenant a la victime : 3 propose(s), 0 publiee(s)
morts de BOT : 17 propose(s), 0 publiee(s)
morts infligees PAR un bot : 0 propose(s), 0 apparie(s), 0 publiee(s)
89 enregistrement(s) lu(s) par LES DEUX voies · ACCORD 86 · DESACCORD 0
DESACCORD doit valoir 0 : sinon l hybride n est plus une PREFERENCE mais un ARBITRAGE
0 mort(s) a plusieurs candidats en concurrence · 0 enregistrement(s) sans position
3423 / 3508 paquet(s) a evenements localise(s)
calibration resolue automatiquement : axisW=14 indexW=1 [score 347, mediane 95] | recordStateParam=3 [croissance x1.001]

## SANTE — un verdict porte sur le DOMAINE, pas sur les etiquettes publiees
verdict : NOMINAL
100 candidat(s) consulte(s) · 93 publie(s) · 7 inexplique(s) sur les candidats
ventilation : couple sans equivalent 4 · source-victime non retenue 3 · indice de bot 0
hors roster : 0 — COMPTEUR SEPARE, il ne se compte pas sur les candidats et n entre
   donc PAS dans le taux d inexpliques (un numerateur qui deborde son denominateur
   ne veut rien dire)
tags hors catalogue vus par la MARCHE : 0 — compteur principal de table perimee
   PORTEE : bruit MESURE nul sur 5 films, et AVEUGLE a un tag servi par le seul SCAN
publication ligne par ligne : AUTORISEE (marge de bijection 36)
roster : 8 nom(s) dont 8 humain(s), aucun bot declare par le film
