time=2026-09-20T14:47:11.306+02:00 level=INFO msg="mapgeo: geometrie prise dans un AUTRE module" carte=sgh_interlock module=pc/globals/common-rtx-new.module
time=2026-09-20T14:47:13.769+02:00 level=INFO msg="mapgeo: triangles extraits" carte=recharge module=sgh_blueprint bsps=1 instances=5164 lues=2539 decor_grossier=239 triangles=3341105 hors_cadre=231683 hors_boite=0 z=-45.11..15.44
time=2026-09-20T14:47:17.091+02:00 level=INFO msg="mapgeo: carte cuite" carte=recharge module=sgh_blueprint cellules=13431 noeuds=2901 cibles=721 rayons=2090900 germes=60/60 ancres=25 socles=10 positions=7 composantes=5 tailles="[4006 37 25 20 1]" sans_retour=1188 arcs_coupes=32574 arcs_saut=992 arcs_obstacle=614 frontiere=true duree=5.746s mem_sys_mo=1018 durees="map[couvert:23.7401ms hauteur:7.527ms ressources:2.5917ms sol:514.0783ms visibilite:70.2339ms voxelisation:2.6581513s]"
time=2026-09-20T14:47:19.337+02:00 level=INFO msg="mapgeo: planches ecrites" carte=recharge base=C:\Users\Guillaume\Downloads\Scripts\LevelUp-wt-power-positions\.ai\V7.5\positions_de_force\geometrie_2026-09-20\recharge zones_nommees=24
time=2026-09-20T14:47:26.995+02:00 level=INFO msg="mapgeo: triangles extraits" carte=aquarius module=ctf_aquarius bsps=2 instances=26287 lues=15002 decor_grossier=241 triangles=18111247 hors_cadre=72648 hors_boite=0 z=-3.25..16.22
time=2026-09-20T14:47:40.429+02:00 level=INFO msg="mapgeo: carte cuite" carte=aquarius module=ctf_aquarius cellules=15618 noeuds=3266 cibles=817 rayons=2667505 germes=60/60 ancres=25 socles=10 positions=6 composantes=1 tailles=[3351] sans_retour=85 arcs_coupes=36187 arcs_saut=1343 arcs_obstacle=2835 frontiere=true duree=21.093s mem_sys_mo=4750 durees="map[couvert:13.0508ms hauteur:14.6182ms ressources:3.2432ms sol:2.0975243s visibilite:60.045ms voxelisation:11.1967302s]"
time=2026-09-20T14:47:42.105+02:00 level=INFO msg="mapgeo: planches ecrites" carte=aquarius base=C:\Users\Guillaume\Downloads\Scripts\LevelUp-wt-power-positions\.ai\V7.5\positions_de_force\geometrie_2026-09-20\aquarius zones_nommees=31
time=2026-09-20T14:47:50.264+02:00 level=INFO msg="mapgeo: triangles extraits" carte=streets module=sgh_streets bsps=2 instances=10910 lues=5894 decor_grossier=70 triangles=9685871 hors_cadre=17556 hors_boite=0 z=-6.29..16.46
time=2026-09-20T14:47:56.154+02:00 level=INFO msg="mapgeo: carte cuite" carte=streets module=sgh_streets cellules=13310 noeuds=2975 cibles=773 rayons=2298902 germes=50/50 ancres=20 socles=10 positions=5 composantes=6 tailles="[10647 162 107 26 1 1]" sans_retour=7969 arcs_coupes=115309 arcs_saut=1150 arcs_obstacle=3322 frontiere=true duree=14.049s mem_sys_mo=4751 durees="map[couvert:2.3886ms hauteur:5.3483ms ressources:1.0009ms sol:964.1092ms visibilite:25.5981ms voxelisation:4.849384s]"
time=2026-09-20T14:47:56.871+02:00 level=INFO msg="mapgeo: planches ecrites" carte=streets base=C:\Users\Guillaume\Downloads\Scripts\LevelUp-wt-power-positions\.ai\V7.5\positions_de_force\geometrie_2026-09-20\streets zones_nommees=33
time=2026-09-20T14:47:59.224+02:00 level=INFO msg="mapgeo: triangles extraits" carte="live fire" module=sgh_interlock bsps=4 instances=12556 lues=6280 decor_grossier=369 triangles=7248584 hors_cadre=1157896 hors_boite=0 z=-8.40..14.17
time=2026-09-20T14:47:59.233+02:00 level=WARN msg="mapgeo: la coquille de mort exclut des ancres — non appliquee" carte="live fire" plans=0
time=2026-09-20T14:48:03.784+02:00 level=INFO msg="mapgeo: carte cuite" carte="live fire" module=sgh_interlock cellules=14430 noeuds=3082 cibles=765 rayons=2356965 germes=67/67 ancres=28 socles=11 positions=7 composantes=1 tailles=[5277] sans_retour=2195 arcs_coupes=86396 arcs_saut=2974 arcs_obstacle=3634 frontiere=false duree=6.914s mem_sys_mo=4752 durees="map[couvert:6.0054ms hauteur:5.9711ms ressources:1.6783ms sol:708.0497ms visibilite:42.2902ms voxelisation:3.7713767s]"
time=2026-09-20T14:48:04.204+02:00 level=INFO msg="mapgeo: planches ecrites" carte="live fire" base=C:\Users\Guillaume\Downloads\Scripts\LevelUp-wt-power-positions\.ai\V7.5\positions_de_force\geometrie_2026-09-20\live_fire zones_nommees=63
time=2026-09-20T14:48:13.025+02:00 level=INFO msg="mapgeo: triangles extraits" carte=forbidden module=ctf_forbidden bsps=2 instances=13830 lues=7459 decor_grossier=343 triangles=26316119 hors_cadre=5604467 hors_boite=0 z=-43.89..19.70
time=2026-09-20T14:48:31.416+02:00 level=INFO msg="mapgeo: carte cuite" carte=forbidden module=ctf_forbidden cellules=14170 noeuds=5048 cibles=1261 rayons=6359583 germes=51/51 ancres=17 socles=17 positions=8 composantes=3 tailles="[12666 24 1]" sans_retour=7643 arcs_coupes=270356 arcs_saut=7162 arcs_obstacle=9302 frontiere=true duree=27.212s mem_sys_mo=6595 durees="map[couvert:13.8651ms hauteur:12.3974ms ressources:5.7637ms sol:2.9700723s visibilite:124.4238ms voxelisation:15.1890499s]"
time=2026-09-20T14:48:32.487+02:00 level=INFO msg="mapgeo: planches ecrites" carte=forbidden base=C:\Users\Guillaume\Downloads\Scripts\LevelUp-wt-power-positions\.ai\V7.5\positions_de_force\geometrie_2026-09-20\forbidden zones_nommees=65
time=2026-09-20T14:48:37.533+02:00 level=INFO msg="mapgeo: triangles extraits" carte=bazaar module=ctf_bazaar bsps=1 instances=17568 lues=8755 decor_grossier=272 triangles=8244699 hors_cadre=914794 hors_boite=0 z=-6.50..18.66
time=2026-09-20T14:48:44.041+02:00 level=INFO msg="mapgeo: carte cuite" carte=bazaar module=ctf_bazaar cellules=15048 noeuds=5914 cibles=1493 rayons=8828109 germes=47/47 ancres=17 socles=13 positions=8 composantes=4 tailles="[17199 15 3 2]" sans_retour=11305 arcs_coupes=87126 arcs_saut=2924 arcs_obstacle=5247 frontiere=true duree=11.555s mem_sys_mo=6597 durees="map[couvert:12.5555ms hauteur:15.2332ms ressources:5.7381ms sol:956.4345ms visibilite:154.1381ms voxelisation:5.2967322s]"
time=2026-09-20T14:48:45.084+02:00 level=INFO msg="mapgeo: planches ecrites" carte=bazaar base=C:\Users\Guillaume\Downloads\Scripts\LevelUp-wt-power-positions\.ai\V7.5\positions_de_force\geometrie_2026-09-20\bazaar zones_nommees=29
time=2026-09-20T14:48:45.085+02:00 level=INFO msg="mapgeo: positions ecrites" path=C:\Users\Guillaume\Downloads\Scripts\LevelUp-wt-power-positions\.ai\V7.5\positions_de_force\geometrie_2026-09-20\positions_geo.json cartes=6
time=2026-09-20T14:48:45.099+02:00 level=INFO msg="mapgeo: termine" cartes=6 echecs=0 sortie=C:/Users/Guillaume/Downloads/Scripts/LevelUp-wt-power-positions/.ai/V7.5/positions_de_force/geometrie_2026-09-20
