===== BALAYAGE (parent filmproc, plafond mesure 2 Gio, priorite basse) =====
mode parent/enfant : 1 processus par film, plafond 2 Gio, priorite basse
===== FILM 1/4 — 24dbb67d =====
2026/08/27 15:03:39 INFO plafond memoire arme pour ce decodage outil=statnames-sweep souple_gib=2 dur_octets=2684354560
IDENTITE	24dbb67d	slots_nommes=8	enregistrements=7271	tronque=false
JOUEUR	24dbb67d	10	2535463185952034
JOUEUR	24dbb67d	12	2535425305181079
JOUEUR	24dbb67d	14	2533274858283686
JOUEUR	24dbb67d	16	2535469190789936
JOUEUR	24dbb67d	18	2533274823110022
JOUEUR	24dbb67d	20	2533274822068549
JOUEUR	24dbb67d	22	2533274815819321
JOUEUR	24dbb67d	24	2535463284114517
SWEEP	24dbb67d	10	2535463185952034	0	A	31
SWEEP	24dbb67d	12	2535425305181079	0	A	0
SWEEP	24dbb67d	14	2533274858283686	0	A	29
SWEEP	24dbb67d	16	2535469190789936	0	A	1
SWEEP	24dbb67d	18	2533274823110022	0	A	92
SWEEP	24dbb67d	20	2533274822068549	0	A	132
SWEEP	24dbb67d	22	2533274815819321	0	A	0
SWEEP	24dbb67d	24	2535463284114517	0	A	36
SWEEP	24dbb67d	10	2535463185952034	0	B	0
SWEEP	24dbb67d	12	2535425305181079	0	B	0
SWEEP	24dbb67d	14	2533274858283686	0	B	0
SWEEP	24dbb67d	16	2535469190789936	0	B	0
SWEEP	24dbb67d	18	2533274823110022	0	B	0
SWEEP	24dbb67d	20	2533274822068549	0	B	0
SWEEP	24dbb67d	22	2533274815819321	0	B	0
SWEEP	24dbb67d	24	2535463284114517	0	B	0
SWEEP	24dbb67d	10	2535463185952034	1	A	0
SWEEP	24dbb67d	12	2535425305181079	1	A	0
SWEEP	24dbb67d	14	2533274858283686	1	A	0
SWEEP	24dbb67d	16	2535469190789936	1	A	0
SWEEP	24dbb67d	18	2533274823110022	1	A	0
SWEEP	24dbb67d	20	2533274822068549	1	A	0
SWEEP	24dbb67d	22	2533274815819321	1	A	0
SWEEP	24dbb67d	24	2535463284114517	1	A	0
SWEEP	24dbb67d	10	2535463185952034	1	B	2665
SWEEP	24dbb67d	12	2535425305181079	1	B	1435
SWEEP	24dbb67d	14	2533274858283686	1	B	1670
SWEEP	24dbb67d	16	2535469190789936	1	B	685
SWEEP	24dbb67d	18	2533274823110022	1	B	1890
SWEEP	24dbb67d	20	2533274822068549	1	B	2650
SWEEP	24dbb67d	22	2533274815819321	1	B	1345
SWEEP	24dbb67d	24	2535463284114517	1	B	1730
SWEEP	24dbb67d	10	2535463185952034	2	A	20
SWEEP	24dbb67d	12	2535425305181079	2	A	10
SWEEP	24dbb67d	14	2533274858283686	2	A	12
SWEEP	24dbb67d	16	2535469190789936	2	A	5
SWEEP	24dbb67d	18	2533274823110022	2	A	9
SWEEP	24dbb67d	20	2533274822068549	2	A	10
SWEEP	24dbb67d	22	2533274815819321	2	A	9
SWEEP	24dbb67d	24	2535463284114517	2	A	13
SWEEP	24dbb67d	10	2535463185952034	2	B	9
SWEEP	24dbb67d	12	2535425305181079	2	B	14
SWEEP	24dbb67d	14	2533274858283686	2	B	10
SWEEP	24dbb67d	16	2535469190789936	2	B	10
SWEEP	24dbb67d	18	2533274823110022	2	B	12
SWEEP	24dbb67d	20	2533274822068549	2	B	10
SWEEP	24dbb67d	22	2533274815819321	2	B	11
SWEEP	24dbb67d	24	2535463284114517	2	B	12
SWEEP	24dbb67d	10	2535463185952034	3	A	6
SWEEP	24dbb67d	12	2535425305181079	3	A	8
SWEEP	24dbb67d	14	2533274858283686	3	A	3
SWEEP	24dbb67d	16	2535469190789936	3	A	3
SWEEP	24dbb67d	18	2533274823110022	3	A	2
SWEEP	24dbb67d	20	2533274822068549	3	A	6
SWEEP	24dbb67d	22	2533274815819321	3	A	9
SWEEP	24dbb67d	24	2535463284114517	3	A	2
SWEEP	24dbb67d	10	2535463185952034	3	B	699
SWEEP	24dbb67d	12	2535425305181079	3	B	399
SWEEP	24dbb67d	14	2533274858283686	3	B	0
SWEEP	24dbb67d	16	2535469190789936	3	B	0
SWEEP	24dbb67d	18	2533274823110022	3	B	33
SWEEP	24dbb67d	20	2533274822068549	3	B	0
SWEEP	24dbb67d	22	2533274815819321	3	B	366
SWEEP	24dbb67d	24	2535463284114517	3	B	166
SWEEP	24dbb67d	10	2535463185952034	4	A	0
SWEEP	24dbb67d	12	2535425305181079	4	A	0
SWEEP	24dbb67d	14	2533274858283686	4	A	0
SWEEP	24dbb67d	16	2535469190789936	4	A	0
SWEEP	24dbb67d	18	2533274823110022	4	A	0
SWEEP	24dbb67d	20	2533274822068549	4	A	0
SWEEP	24dbb67d	22	2533274815819321	4	A	0
SWEEP	24dbb67d	24	2535463284114517	4	A	0
SWEEP	24dbb67d	10	2535463185952034	4	B	0
SWEEP	24dbb67d	12	2535425305181079	4	B	0
SWEEP	24dbb67d	14	2533274858283686	4	B	0
SWEEP	24dbb67d	16	2535469190789936	4	B	0
SWEEP	24dbb67d	18	2533274823110022	4	B	0
SWEEP	24dbb67d	20	2533274822068549	4	B	0
SWEEP	24dbb67d	22	2533274815819321	4	B	0
SWEEP	24dbb67d	24	2535463284114517	4	B	0
SWEEP	24dbb67d	10	2535463185952034	5	A	750
SWEEP	24dbb67d	12	2535425305181079	5	A	577
SWEEP	24dbb67d	14	2533274858283686	5	A	170
SWEEP	24dbb67d	16	2535469190789936	5	A	484
SWEEP	24dbb67d	18	2533274823110022	5	A	318
SWEEP	24dbb67d	20	2533274822068549	5	A	473
SWEEP	24dbb67d	22	2533274815819321	5	A	181
SWEEP	24dbb67d	24	2535463284114517	5	A	323
SWEEP	24dbb67d	10	2535463185952034	5	B	10
SWEEP	24dbb67d	12	2535425305181079	5	B	3
SWEEP	24dbb67d	14	2533274858283686	5	B	6
SWEEP	24dbb67d	16	2535469190789936	5	B	4
SWEEP	24dbb67d	18	2533274823110022	5	B	3
SWEEP	24dbb67d	20	2533274822068549	5	B	5
SWEEP	24dbb67d	22	2533274815819321	5	B	7
SWEEP	24dbb67d	24	2535463284114517	5	B	6
SWEEP	24dbb67d	10	2535463185952034	6	A	11
SWEEP	24dbb67d	12	2535425305181079	6	A	4
SWEEP	24dbb67d	14	2533274858283686	6	A	5
SWEEP	24dbb67d	16	2535469190789936	6	A	82
SWEEP	24dbb67d	18	2533274823110022	6	A	4
SWEEP	24dbb67d	20	2533274822068549	6	A	2
SWEEP	24dbb67d	22	2533274815819321	6	A	7
SWEEP	24dbb67d	24	2535463284114517	6	A	6
SWEEP	24dbb67d	10	2535463185952034	6	B	162
SWEEP	24dbb67d	12	2535425305181079	6	B	96
SWEEP	24dbb67d	14	2533274858283686	6	B	147
SWEEP	24dbb67d	16	2535469190789936	6	B	80
SWEEP	24dbb67d	18	2533274823110022	6	B	25
SWEEP	24dbb67d	20	2533274822068549	6	B	55
SWEEP	24dbb67d	22	2533274815819321	6	B	106
SWEEP	24dbb67d	24	2535463284114517	6	B	85
SWEEP	24dbb67d	10	2535463185952034	7	A	0
SWEEP	24dbb67d	12	2535425305181079	7	A	0
SWEEP	24dbb67d	14	2533274858283686	7	A	0
SWEEP	24dbb67d	16	2535469190789936	7	A	0
SWEEP	24dbb67d	18	2533274823110022	7	A	0
SWEEP	24dbb67d	20	2533274822068549	7	A	8
SWEEP	24dbb67d	22	2533274815819321	7	A	0
SWEEP	24dbb67d	24	2535463284114517	7	A	0
SWEEP	24dbb67d	10	2535463185952034	7	B	0
SWEEP	24dbb67d	12	2535425305181079	7	B	0
SWEEP	24dbb67d	14	2533274858283686	7	B	0
SWEEP	24dbb67d	16	2535469190789936	7	B	0
SWEEP	24dbb67d	18	2533274823110022	7	B	0
SWEEP	24dbb67d	20	2533274822068549	7	B	0
SWEEP	24dbb67d	22	2533274815819321	7	B	0
SWEEP	24dbb67d	24	2535463284114517	7	B	0
SWEEP	24dbb67d	10	2535463185952034	8	A	4
SWEEP	24dbb67d	12	2535425305181079	8	A	4
SWEEP	24dbb67d	14	2533274858283686	8	A	5
SWEEP	24dbb67d	16	2535469190789936	8	A	995
SWEEP	24dbb67d	18	2533274823110022	8	A	3
SWEEP	24dbb67d	20	2533274822068549	8	A	8
SWEEP	24dbb67d	22	2533274815819321	8	A	1
SWEEP	24dbb67d	24	2535463284114517	8	A	3
SWEEP	24dbb67d	10	2535463185952034	8	B	2
SWEEP	24dbb67d	12	2535425305181079	8	B	0
SWEEP	24dbb67d	14	2533274858283686	8	B	0
SWEEP	24dbb67d	16	2535469190789936	8	B	64
SWEEP	24dbb67d	18	2533274823110022	8	B	0
SWEEP	24dbb67d	20	2533274822068549	8	B	0
SWEEP	24dbb67d	22	2533274815819321	8	B	1
SWEEP	24dbb67d	24	2535463284114517	8	B	1
SWEEP	24dbb67d	10	2535463185952034	9	A	0
SWEEP	24dbb67d	12	2535425305181079	9	A	0
SWEEP	24dbb67d	14	2533274858283686	9	A	0
SWEEP	24dbb67d	16	2535469190789936	9	A	0
SWEEP	24dbb67d	18	2533274823110022	9	A	0
SWEEP	24dbb67d	20	2533274822068549	9	A	24
SWEEP	24dbb67d	22	2533274815819321	9	A	0
SWEEP	24dbb67d	24	2535463284114517	9	A	0
SWEEP	24dbb67d	10	2535463185952034	9	B	0
SWEEP	24dbb67d	12	2535425305181079	9	B	0
SWEEP	24dbb67d	14	2533274858283686	9	B	0
SWEEP	24dbb67d	16	2535469190789936	9	B	0
SWEEP	24dbb67d	18	2533274823110022	9	B	0
SWEEP	24dbb67d	20	2533274822068549	9	B	0
SWEEP	24dbb67d	22	2533274815819321	9	B	0
SWEEP	24dbb67d	24	2535463284114517	9	B	0
SWEEP	24dbb67d	10	2535463185952034	10	A	2378
SWEEP	24dbb67d	12	2535425305181079	10	A	3474
SWEEP	24dbb67d	14	2533274858283686	10	A	3138
SWEEP	24dbb67d	16	2535469190789936	10	A	2941
SWEEP	24dbb67d	18	2533274823110022	10	A	2984
SWEEP	24dbb67d	20	2533274822068549	10	A	3159
SWEEP	24dbb67d	22	2533274815819321	10	A	2877
SWEEP	24dbb67d	24	2535463284114517	10	A	3643
SWEEP	24dbb67d	10	2535463185952034	10	B	10
SWEEP	24dbb67d	12	2535425305181079	10	B	14
SWEEP	24dbb67d	14	2533274858283686	10	B	12
SWEEP	24dbb67d	16	2535469190789936	10	B	11
SWEEP	24dbb67d	18	2533274823110022	10	B	13
SWEEP	24dbb67d	20	2533274822068549	10	B	11
SWEEP	24dbb67d	22	2533274815819321	10	B	12
SWEEP	24dbb67d	24	2535463284114517	10	B	14
SWEEP	24dbb67d	10	2535463185952034	11	A	2000
SWEEP	24dbb67d	12	2535425305181079	11	A	1000
SWEEP	24dbb67d	14	2533274858283686	11	A	1200
SWEEP	24dbb67d	16	2535469190789936	11	A	500
SWEEP	24dbb67d	18	2533274823110022	11	A	900
SWEEP	24dbb67d	20	2533274822068549	11	A	1000
SWEEP	24dbb67d	22	2533274815819321	11	A	900
SWEEP	24dbb67d	24	2535463284114517	11	A	1300
SWEEP	24dbb67d	10	2535463185952034	11	B	0
SWEEP	24dbb67d	12	2535425305181079	11	B	0
SWEEP	24dbb67d	14	2533274858283686	11	B	0
SWEEP	24dbb67d	16	2535469190789936	11	B	0
SWEEP	24dbb67d	18	2533274823110022	11	B	0
SWEEP	24dbb67d	20	2533274822068549	11	B	0
SWEEP	24dbb67d	22	2533274815819321	11	B	0
SWEEP	24dbb67d	24	2535463284114517	11	B	0
SWEEP	24dbb67d	10	2535463185952034	12	A	20
SWEEP	24dbb67d	12	2535425305181079	12	A	10
SWEEP	24dbb67d	14	2533274858283686	12	A	12
SWEEP	24dbb67d	16	2535469190789936	12	A	5
SWEEP	24dbb67d	18	2533274823110022	12	A	9
SWEEP	24dbb67d	20	2533274822068549	12	A	10
SWEEP	24dbb67d	22	2533274815819321	12	A	9
SWEEP	24dbb67d	24	2535463284114517	12	A	13
SWEEP	24dbb67d	10	2535463185952034	12	B	6
SWEEP	24dbb67d	12	2535425305181079	12	B	8
SWEEP	24dbb67d	14	2533274858283686	12	B	3
SWEEP	24dbb67d	16	2535469190789936	12	B	3
SWEEP	24dbb67d	18	2533274823110022	12	B	2
SWEEP	24dbb67d	20	2533274822068549	12	B	6
SWEEP	24dbb67d	22	2533274815819321	12	B	9
SWEEP	24dbb67d	24	2535463284114517	12	B	2
SWEEP	24dbb67d	10	2535463185952034	13	A	9
SWEEP	24dbb67d	12	2535425305181079	13	A	14
SWEEP	24dbb67d	14	2533274858283686	13	A	10
SWEEP	24dbb67d	16	2535469190789936	13	A	10
SWEEP	24dbb67d	18	2533274823110022	13	A	12
SWEEP	24dbb67d	20	2533274822068549	13	A	10
SWEEP	24dbb67d	22	2533274815819321	13	A	11
SWEEP	24dbb67d	24	2535463284114517	13	A	12
SWEEP	24dbb67d	10	2535463185952034	13	B	933
SWEEP	24dbb67d	12	2535425305181079	13	B	133
SWEEP	24dbb67d	14	2533274858283686	13	B	99
SWEEP	24dbb67d	16	2535469190789936	13	B	66
SWEEP	24dbb67d	18	2533274823110022	13	B	33
SWEEP	24dbb67d	20	2533274822068549	13	B	0
SWEEP	24dbb67d	22	2533274815819321	13	B	100
SWEEP	24dbb67d	24	2535463284114517	13	B	266
SWEEP	24dbb67d	10	2535463185952034	14	A	0
SWEEP	24dbb67d	12	2535425305181079	14	A	0
SWEEP	24dbb67d	14	2533274858283686	14	A	0
SWEEP	24dbb67d	16	2535469190789936	14	A	0
SWEEP	24dbb67d	18	2533274823110022	14	A	0
SWEEP	24dbb67d	20	2533274822068549	14	A	0
SWEEP	24dbb67d	22	2533274815819321	14	A	0
SWEEP	24dbb67d	24	2535463284114517	14	A	0
SWEEP	24dbb67d	10	2535463185952034	14	B	0
SWEEP	24dbb67d	12	2535425305181079	14	B	0
SWEEP	24dbb67d	14	2533274858283686	14	B	0
SWEEP	24dbb67d	16	2535469190789936	14	B	0
SWEEP	24dbb67d	18	2533274823110022	14	B	0
SWEEP	24dbb67d	20	2533274822068549	14	B	0
SWEEP	24dbb67d	22	2533274815819321	14	B	0
SWEEP	24dbb67d	24	2535463284114517	14	B	0
SWEEP	24dbb67d	10	2535463185952034	15	A	0
SWEEP	24dbb67d	12	2535425305181079	15	A	0
SWEEP	24dbb67d	14	2533274858283686	15	A	0
SWEEP	24dbb67d	16	2535469190789936	15	A	0
SWEEP	24dbb67d	18	2533274823110022	15	A	0
SWEEP	24dbb67d	20	2533274822068549	15	A	0
SWEEP	24dbb67d	22	2533274815819321	15	A	0
SWEEP	24dbb67d	24	2535463284114517	15	A	0
SWEEP	24dbb67d	10	2535463185952034	15	B	0
SWEEP	24dbb67d	12	2535425305181079	15	B	0
SWEEP	24dbb67d	14	2533274858283686	15	B	0
SWEEP	24dbb67d	16	2535469190789936	15	B	0
SWEEP	24dbb67d	18	2533274823110022	15	B	0
SWEEP	24dbb67d	20	2533274822068549	15	B	0
SWEEP	24dbb67d	22	2533274815819321	15	B	0
SWEEP	24dbb67d	24	2535463284114517	15	B	0
SWEEP	24dbb67d	10	2535463185952034	16	A	654590979
SWEEP	24dbb67d	12	2535425305181079	16	A	0
SWEEP	24dbb67d	14	2533274858283686	16	A	0
SWEEP	24dbb67d	16	2535469190789936	16	A	42
SWEEP	24dbb67d	18	2533274823110022	16	A	0
SWEEP	24dbb67d	20	2533274822068549	16	A	0
SWEEP	24dbb67d	22	2533274815819321	16	A	0
SWEEP	24dbb67d	24	2535463284114517	16	A	0
SWEEP	24dbb67d	10	2535463185952034	16	B	70
SWEEP	24dbb67d	12	2535425305181079	16	B	0
SWEEP	24dbb67d	14	2533274858283686	16	B	0
SWEEP	24dbb67d	16	2535469190789936	16	B	0
SWEEP	24dbb67d	18	2533274823110022	16	B	0
SWEEP	24dbb67d	20	2533274822068549	16	B	0
SWEEP	24dbb67d	22	2533274815819321	16	B	0
SWEEP	24dbb67d	24	2535463284114517	16	B	0
SWEEP	24dbb67d	10	2535463185952034	17	A	0
SWEEP	24dbb67d	12	2535425305181079	17	A	0
SWEEP	24dbb67d	14	2533274858283686	17	A	0
SWEEP	24dbb67d	16	2535469190789936	17	A	0
SWEEP	24dbb67d	18	2533274823110022	17	A	0
SWEEP	24dbb67d	20	2533274822068549	17	A	0
SWEEP	24dbb67d	22	2533274815819321	17	A	0
SWEEP	24dbb67d	24	2535463284114517	17	A	0
SWEEP	24dbb67d	10	2535463185952034	17	B	0
SWEEP	24dbb67d	12	2535425305181079	17	B	0
SWEEP	24dbb67d	14	2533274858283686	17	B	0
SWEEP	24dbb67d	16	2535469190789936	17	B	0
SWEEP	24dbb67d	18	2533274823110022	17	B	0
SWEEP	24dbb67d	20	2533274822068549	17	B	0
SWEEP	24dbb67d	22	2533274815819321	17	B	0
SWEEP	24dbb67d	24	2535463284114517	17	B	0
SWEEP	24dbb67d	10	2535463185952034	18	A	0
SWEEP	24dbb67d	12	2535425305181079	18	A	0
SWEEP	24dbb67d	14	2533274858283686	18	A	0
SWEEP	24dbb67d	16	2535469190789936	18	A	0
SWEEP	24dbb67d	18	2533274823110022	18	A	0
SWEEP	24dbb67d	20	2533274822068549	18	A	0
SWEEP	24dbb67d	22	2533274815819321	18	A	0
SWEEP	24dbb67d	24	2535463284114517	18	A	0
SWEEP	24dbb67d	10	2535463185952034	18	B	0
SWEEP	24dbb67d	12	2535425305181079	18	B	0
SWEEP	24dbb67d	14	2533274858283686	18	B	0
SWEEP	24dbb67d	16	2535469190789936	18	B	0
SWEEP	24dbb67d	18	2533274823110022	18	B	0
SWEEP	24dbb67d	20	2533274822068549	18	B	0
SWEEP	24dbb67d	22	2533274815819321	18	B	0
SWEEP	24dbb67d	24	2535463284114517	18	B	0
SWEEP	24dbb67d	10	2535463185952034	19	A	0
SWEEP	24dbb67d	12	2535425305181079	19	A	0
SWEEP	24dbb67d	14	2533274858283686	19	A	0
SWEEP	24dbb67d	16	2535469190789936	19	A	0
SWEEP	24dbb67d	18	2533274823110022	19	A	0
SWEEP	24dbb67d	20	2533274822068549	19	A	0
SWEEP	24dbb67d	22	2533274815819321	19	A	0
SWEEP	24dbb67d	24	2535463284114517	19	A	0
SWEEP	24dbb67d	10	2535463185952034	19	B	0
SWEEP	24dbb67d	12	2535425305181079	19	B	0
SWEEP	24dbb67d	14	2533274858283686	19	B	0
SWEEP	24dbb67d	16	2535469190789936	19	B	0
SWEEP	24dbb67d	18	2533274823110022	19	B	0
SWEEP	24dbb67d	20	2533274822068549	19	B	0
SWEEP	24dbb67d	22	2533274815819321	19	B	0
SWEEP	24dbb67d	24	2535463284114517	19	B	0
SWEEP	24dbb67d	10	2535463185952034	20	A	0
SWEEP	24dbb67d	12	2535425305181079	20	A	0
SWEEP	24dbb67d	14	2533274858283686	20	A	0
SWEEP	24dbb67d	16	2535469190789936	20	A	16912
SWEEP	24dbb67d	18	2533274823110022	20	A	0
SWEEP	24dbb67d	20	2533274822068549	20	A	0
SWEEP	24dbb67d	22	2533274815819321	20	A	0
SWEEP	24dbb67d	24	2535463284114517	20	A	0
SWEEP	24dbb67d	10	2535463185952034	20	B	0
SWEEP	24dbb67d	12	2535425305181079	20	B	0
SWEEP	24dbb67d	14	2533274858283686	20	B	0
SWEEP	24dbb67d	16	2535469190789936	20	B	32
SWEEP	24dbb67d	18	2533274823110022	20	B	0
SWEEP	24dbb67d	20	2533274822068549	20	B	3
SWEEP	24dbb67d	22	2533274815819321	20	B	0
SWEEP	24dbb67d	24	2535463284114517	20	B	0
SWEEP	24dbb67d	10	2535463185952034	21	A	3
SWEEP	24dbb67d	12	2535425305181079	21	A	1
SWEEP	24dbb67d	14	2533274858283686	21	A	2
SWEEP	24dbb67d	16	2535469190789936	21	A	1
SWEEP	24dbb67d	18	2533274823110022	21	A	2
SWEEP	24dbb67d	20	2533274822068549	21	A	2
SWEEP	24dbb67d	22	2533274815819321	21	A	1
SWEEP	24dbb67d	24	2535463284114517	21	A	0
SWEEP	24dbb67d	10	2535463185952034	21	B	0
SWEEP	24dbb67d	12	2535425305181079	21	B	0
SWEEP	24dbb67d	14	2533274858283686	21	B	0
SWEEP	24dbb67d	16	2535469190789936	21	B	0
SWEEP	24dbb67d	18	2533274823110022	21	B	1
SWEEP	24dbb67d	20	2533274822068549	21	B	0
SWEEP	24dbb67d	22	2533274815819321	21	B	0
SWEEP	24dbb67d	24	2535463284114517	21	B	1
SWEEP	24dbb67d	10	2535463185952034	22	A	220
SWEEP	24dbb67d	12	2535425305181079	22	A	3
SWEEP	24dbb67d	14	2533274858283686	22	A	290
SWEEP	24dbb67d	16	2535469190789936	22	A	101
SWEEP	24dbb67d	18	2533274823110022	22	A	813
SWEEP	24dbb67d	20	2533274822068549	22	A	1024
SWEEP	24dbb67d	22	2533274815819321	22	A	0
SWEEP	24dbb67d	24	2535463284114517	22	A	299
SWEEP	24dbb67d	10	2535463185952034	22	B	336
SWEEP	24dbb67d	12	2535425305181079	22	B	3
SWEEP	24dbb67d	14	2533274858283686	22	B	290
SWEEP	24dbb67d	16	2535469190789936	22	B	24
SWEEP	24dbb67d	18	2533274823110022	22	B	954
SWEEP	24dbb67d	20	2533274822068549	22	B	1328
SWEEP	24dbb67d	22	2533274815819321	22	B	0
SWEEP	24dbb67d	24	2535463284114517	22	B	382
SWEEP	24dbb67d	10	2535463185952034	23	A	31
SWEEP	24dbb67d	12	2535425305181079	23	A	0
SWEEP	24dbb67d	14	2533274858283686	23	A	29
SWEEP	24dbb67d	16	2535469190789936	23	A	1
SWEEP	24dbb67d	18	2533274823110022	23	A	92
SWEEP	24dbb67d	20	2533274822068549	23	A	132
SWEEP	24dbb67d	22	2533274815819321	23	A	0
SWEEP	24dbb67d	24	2535463284114517	23	A	36
SWEEP	24dbb67d	10	2535463185952034	23	B	0
SWEEP	24dbb67d	12	2535425305181079	23	B	0
SWEEP	24dbb67d	14	2533274858283686	23	B	0
SWEEP	24dbb67d	16	2535469190789936	23	B	0
SWEEP	24dbb67d	18	2533274823110022	23	B	0
SWEEP	24dbb67d	20	2533274822068549	23	B	0
SWEEP	24dbb67d	22	2533274815819321	23	B	0
SWEEP	24dbb67d	24	2535463284114517	23	B	0
SWEEP	24dbb67d	10	2535463185952034	24	A	0
SWEEP	24dbb67d	12	2535425305181079	24	A	0
SWEEP	24dbb67d	14	2533274858283686	24	A	0
SWEEP	24dbb67d	16	2535469190789936	24	A	994
SWEEP	24dbb67d	18	2533274823110022	24	A	0
SWEEP	24dbb67d	20	2533274822068549	24	A	0
SWEEP	24dbb67d	22	2533274815819321	24	A	0
SWEEP	24dbb67d	24	2535463284114517	24	A	0
SWEEP	24dbb67d	10	2535463185952034	24	B	0
SWEEP	24dbb67d	12	2535425305181079	24	B	0
SWEEP	24dbb67d	14	2533274858283686	24	B	0
SWEEP	24dbb67d	16	2535469190789936	24	B	64
SWEEP	24dbb67d	18	2533274823110022	24	B	0
SWEEP	24dbb67d	20	2533274822068549	24	B	0
SWEEP	24dbb67d	22	2533274815819321	24	B	0
SWEEP	24dbb67d	24	2535463284114517	24	B	0
SWEEP	24dbb67d	10	2535463185952034	25	A	0
SWEEP	24dbb67d	12	2535425305181079	25	A	0
SWEEP	24dbb67d	14	2533274858283686	25	A	0
SWEEP	24dbb67d	16	2535469190789936	25	A	0
SWEEP	24dbb67d	18	2533274823110022	25	A	0
SWEEP	24dbb67d	20	2533274822068549	25	A	0
SWEEP	24dbb67d	22	2533274815819321	25	A	0
SWEEP	24dbb67d	24	2535463284114517	25	A	0
SWEEP	24dbb67d	10	2535463185952034	25	B	0
SWEEP	24dbb67d	12	2535425305181079	25	B	0
SWEEP	24dbb67d	14	2533274858283686	25	B	0
SWEEP	24dbb67d	16	2535469190789936	25	B	0
SWEEP	24dbb67d	18	2533274823110022	25	B	0
SWEEP	24dbb67d	20	2533274822068549	25	B	0
SWEEP	24dbb67d	22	2533274815819321	25	B	0
SWEEP	24dbb67d	24	2535463284114517	25	B	0
SWEEP	24dbb67d	10	2535463185952034	26	A	0
SWEEP	24dbb67d	12	2535425305181079	26	A	0
SWEEP	24dbb67d	14	2533274858283686	26	A	0
SWEEP	24dbb67d	16	2535469190789936	26	A	0
SWEEP	24dbb67d	18	2533274823110022	26	A	0
SWEEP	24dbb67d	20	2533274822068549	26	A	0
SWEEP	24dbb67d	22	2533274815819321	26	A	0
SWEEP	24dbb67d	24	2535463284114517	26	A	0
SWEEP	24dbb67d	10	2535463185952034	26	B	0
SWEEP	24dbb67d	12	2535425305181079	26	B	0
SWEEP	24dbb67d	14	2533274858283686	26	B	0
SWEEP	24dbb67d	16	2535469190789936	26	B	0
SWEEP	24dbb67d	18	2533274823110022	26	B	0
SWEEP	24dbb67d	20	2533274822068549	26	B	0
SWEEP	24dbb67d	22	2533274815819321	26	B	0
SWEEP	24dbb67d	24	2535463284114517	26	B	0
SWEEP	24dbb67d	10	2535463185952034	27	A	0
SWEEP	24dbb67d	12	2535425305181079	27	A	0
SWEEP	24dbb67d	14	2533274858283686	27	A	0
SWEEP	24dbb67d	16	2535469190789936	27	A	0
SWEEP	24dbb67d	18	2533274823110022	27	A	0
SWEEP	24dbb67d	20	2533274822068549	27	A	0
SWEEP	24dbb67d	22	2533274815819321	27	A	0
SWEEP	24dbb67d	24	2535463284114517	27	A	0
SWEEP	24dbb67d	10	2535463185952034	27	B	0
SWEEP	24dbb67d	12	2535425305181079	27	B	0
SWEEP	24dbb67d	14	2533274858283686	27	B	0
SWEEP	24dbb67d	16	2535469190789936	27	B	0
SWEEP	24dbb67d	18	2533274823110022	27	B	0
SWEEP	24dbb67d	20	2533274822068549	27	B	0
SWEEP	24dbb67d	22	2533274815819321	27	B	0
SWEEP	24dbb67d	24	2535463284114517	27	B	0
ISSUE 24dbb67d : ok code=0 duree=480ms pic=0.01 Gio
===== FILM 2/4 — 92f18088 =====
2026/08/27 15:03:40 INFO plafond memoire arme pour ce decodage outil=statnames-sweep souple_gib=2 dur_octets=2684354560
IDENTITE	92f18088	slots_nommes=7	enregistrements=7292	tronque=false
JOUEUR	92f18088	12	2533274823110022
JOUEUR	92f18088	14	2535416401044714
JOUEUR	92f18088	16	2535469190789936
JOUEUR	92f18088	18	2533274952689662
JOUEUR	92f18088	20	2533274975343060
JOUEUR	92f18088	22	2533274858283686
JOUEUR	92f18088	24	2533274898411924
SWEEP	92f18088	10	-	0	A	36
SWEEP	92f18088	12	2533274823110022	0	A	118
SWEEP	92f18088	14	2535416401044714	0	A	0
SWEEP	92f18088	16	2535469190789936	0	A	5
SWEEP	92f18088	18	2533274952689662	0	A	18
SWEEP	92f18088	20	2533274975343060	0	A	60
SWEEP	92f18088	22	2533274858283686	0	A	64
SWEEP	92f18088	24	2533274898411924	0	A	12
SWEEP	92f18088	10	-	0	B	0
SWEEP	92f18088	12	2533274823110022	0	B	0
SWEEP	92f18088	14	2535416401044714	0	B	0
SWEEP	92f18088	16	2535469190789936	0	B	0
SWEEP	92f18088	18	2533274952689662	0	B	0
SWEEP	92f18088	20	2533274975343060	0	B	0
SWEEP	92f18088	22	2533274858283686	0	B	0
SWEEP	92f18088	24	2533274898411924	0	B	0
SWEEP	92f18088	10	-	1	A	0
SWEEP	92f18088	12	2533274823110022	1	A	0
SWEEP	92f18088	14	2535416401044714	1	A	0
SWEEP	92f18088	16	2535469190789936	1	A	0
SWEEP	92f18088	18	2533274952689662	1	A	0
SWEEP	92f18088	20	2533274975343060	1	A	0
SWEEP	92f18088	22	2533274858283686	1	A	0
SWEEP	92f18088	24	2533274898411924	1	A	0
SWEEP	92f18088	10	-	1	B	2215
SWEEP	92f18088	12	2533274823110022	1	B	2370
SWEEP	92f18088	14	2535416401044714	1	B	2250
SWEEP	92f18088	16	2535469190789936	1	B	1220
SWEEP	92f18088	18	2533274952689662	1	B	1155
SWEEP	92f18088	20	2533274975343060	1	B	2865
SWEEP	92f18088	22	2533274858283686	1	B	2335
SWEEP	92f18088	24	2533274898411924	1	B	1760
SWEEP	92f18088	10	-	2	A	16
SWEEP	92f18088	12	2533274823110022	2	A	11
SWEEP	92f18088	14	2535416401044714	2	A	20
SWEEP	92f18088	16	2535469190789936	2	A	7
SWEEP	92f18088	18	2533274952689662	2	A	4
SWEEP	92f18088	20	2533274975343060	2	A	21
SWEEP	92f18088	22	2533274858283686	2	A	15
SWEEP	92f18088	24	2533274898411924	2	A	13
SWEEP	92f18088	10	-	2	B	12
SWEEP	92f18088	12	2533274823110022	2	B	13
SWEEP	92f18088	14	2535416401044714	2	B	13
SWEEP	92f18088	16	2535469190789936	2	B	14
SWEEP	92f18088	18	2533274952689662	2	B	15
SWEEP	92f18088	20	2533274975343060	2	B	15
SWEEP	92f18088	22	2533274858283686	2	B	14
SWEEP	92f18088	24	2533274898411924	2	B	12
SWEEP	92f18088	10	-	3	A	7
SWEEP	92f18088	12	2533274823110022	3	A	4
SWEEP	92f18088	14	2535416401044714	3	A	5
SWEEP	92f18088	16	2535469190789936	3	A	9
SWEEP	92f18088	18	2533274952689662	3	A	12
SWEEP	92f18088	20	2533274975343060	3	A	4
SWEEP	92f18088	22	2533274858283686	3	A	8
SWEEP	92f18088	24	2533274898411924	3	A	5
SWEEP	92f18088	10	-	3	B	632
SWEEP	92f18088	12	2533274823110022	3	B	0
SWEEP	92f18088	14	2535416401044714	3	B	666
SWEEP	92f18088	16	2535469190789936	3	B	99
SWEEP	92f18088	18	2533274952689662	3	B	99
SWEEP	92f18088	20	2533274975343060	3	B	732
SWEEP	92f18088	22	2533274858283686	3	B	366
SWEEP	92f18088	24	2533274898411924	3	B	366
SWEEP	92f18088	10	-	4	A	0
SWEEP	92f18088	12	2533274823110022	4	A	0
SWEEP	92f18088	14	2535416401044714	4	A	0
SWEEP	92f18088	16	2535469190789936	4	A	0
SWEEP	92f18088	18	2533274952689662	4	A	0
SWEEP	92f18088	20	2533274975343060	4	A	0
SWEEP	92f18088	22	2533274858283686	4	A	0
SWEEP	92f18088	24	2533274898411924	4	A	0
SWEEP	92f18088	10	-	4	B	0
SWEEP	92f18088	12	2533274823110022	4	B	0
SWEEP	92f18088	14	2535416401044714	4	B	0
SWEEP	92f18088	16	2535469190789936	4	B	0
SWEEP	92f18088	18	2533274952689662	4	B	0
SWEEP	92f18088	20	2533274975343060	4	B	0
SWEEP	92f18088	22	2533274858283686	4	B	1
SWEEP	92f18088	24	2533274898411924	4	B	0
SWEEP	92f18088	10	-	5	A	256
SWEEP	92f18088	12	2533274823110022	5	A	240
SWEEP	92f18088	14	2535416401044714	5	A	690
SWEEP	92f18088	16	2535469190789936	5	A	447
SWEEP	92f18088	18	2533274952689662	5	A	462
SWEEP	92f18088	20	2533274975343060	5	A	623
SWEEP	92f18088	22	2533274858283686	5	A	547
SWEEP	92f18088	24	2533274898411924	5	A	400
SWEEP	92f18088	10	-	5	B	7
SWEEP	92f18088	12	2533274823110022	5	B	4
SWEEP	92f18088	14	2535416401044714	5	B	6
SWEEP	92f18088	16	2535469190789936	5	B	3
SWEEP	92f18088	18	2533274952689662	5	B	3
SWEEP	92f18088	20	2533274975343060	5	B	7
SWEEP	92f18088	22	2533274858283686	5	B	6
SWEEP	92f18088	24	2533274898411924	5	B	6
SWEEP	92f18088	10	-	6	A	8
SWEEP	92f18088	12	2533274823110022	6	A	8
SWEEP	92f18088	14	2535416401044714	6	A	8
SWEEP	92f18088	16	2535469190789936	6	A	3
SWEEP	92f18088	18	2533274952689662	6	A	4
SWEEP	92f18088	20	2533274975343060	6	A	8
SWEEP	92f18088	22	2533274858283686	6	A	6
SWEEP	92f18088	24	2533274898411924	6	A	10
SWEEP	92f18088	10	-	6	B	192
SWEEP	92f18088	12	2533274823110022	6	B	143
SWEEP	92f18088	14	2535416401044714	6	B	236
SWEEP	92f18088	16	2535469190789936	6	B	51
SWEEP	92f18088	18	2533274952689662	6	B	79
SWEEP	92f18088	20	2533274975343060	6	B	91
SWEEP	92f18088	22	2533274858283686	6	B	223
SWEEP	92f18088	24	2533274898411924	6	B	149
SWEEP	92f18088	10	-	7	A	0
SWEEP	92f18088	12	2533274823110022	7	A	0
SWEEP	92f18088	14	2535416401044714	7	A	0
SWEEP	92f18088	16	2535469190789936	7	A	0
SWEEP	92f18088	18	2533274952689662	7	A	0
SWEEP	92f18088	20	2533274975343060	7	A	0
SWEEP	92f18088	22	2533274858283686	7	A	0
SWEEP	92f18088	24	2533274898411924	7	A	0
SWEEP	92f18088	10	-	7	B	0
SWEEP	92f18088	12	2533274823110022	7	B	0
SWEEP	92f18088	14	2535416401044714	7	B	0
SWEEP	92f18088	16	2535469190789936	7	B	0
SWEEP	92f18088	18	2533274952689662	7	B	0
SWEEP	92f18088	20	2533274975343060	7	B	0
SWEEP	92f18088	22	2533274858283686	7	B	0
SWEEP	92f18088	24	2533274898411924	7	B	0
SWEEP	92f18088	10	-	8	A	2
SWEEP	92f18088	12	2533274823110022	8	A	2
SWEEP	92f18088	14	2535416401044714	8	A	1
SWEEP	92f18088	16	2535469190789936	8	A	50
SWEEP	92f18088	18	2533274952689662	8	A	0
SWEEP	92f18088	20	2533274975343060	8	A	4
SWEEP	92f18088	22	2533274858283686	8	A	2
SWEEP	92f18088	24	2533274898411924	8	A	22794
SWEEP	92f18088	10	-	8	B	2
SWEEP	92f18088	12	2533274823110022	8	B	0
SWEEP	92f18088	14	2535416401044714	8	B	0
SWEEP	92f18088	16	2535469190789936	8	B	2
SWEEP	92f18088	18	2533274952689662	8	B	0
SWEEP	92f18088	20	2533274975343060	8	B	3
SWEEP	92f18088	22	2533274858283686	8	B	1
SWEEP	92f18088	24	2533274898411924	8	B	0
SWEEP	92f18088	10	-	9	A	1
SWEEP	92f18088	12	2533274823110022	9	A	0
SWEEP	92f18088	14	2535416401044714	9	A	1
SWEEP	92f18088	16	2535469190789936	9	A	0
SWEEP	92f18088	18	2533274952689662	9	A	0
SWEEP	92f18088	20	2533274975343060	9	A	0
SWEEP	92f18088	22	2533274858283686	9	A	0
SWEEP	92f18088	24	2533274898411924	9	A	5
SWEEP	92f18088	10	-	9	B	1849
SWEEP	92f18088	12	2533274823110022	9	B	0
SWEEP	92f18088	14	2535416401044714	9	B	2831
SWEEP	92f18088	16	2535469190789936	9	B	0
SWEEP	92f18088	18	2533274952689662	9	B	0
SWEEP	92f18088	20	2533274975343060	9	B	0
SWEEP	92f18088	22	2533274858283686	9	B	0
SWEEP	92f18088	24	2533274898411924	9	B	1797
SWEEP	92f18088	10	-	10	A	4034
SWEEP	92f18088	12	2533274823110022	10	A	3312
SWEEP	92f18088	14	2535416401044714	10	A	4300
SWEEP	92f18088	16	2535469190789936	10	A	3475
SWEEP	92f18088	18	2533274952689662	10	A	4579
SWEEP	92f18088	20	2533274975343060	10	A	3939
SWEEP	92f18088	22	2533274858283686	10	A	4328
SWEEP	92f18088	24	2533274898411924	10	A	3246
SWEEP	92f18088	10	-	10	B	13
SWEEP	92f18088	12	2533274823110022	10	B	14
SWEEP	92f18088	14	2535416401044714	10	B	15
SWEEP	92f18088	16	2535469190789936	10	B	15
SWEEP	92f18088	18	2533274952689662	10	B	17
SWEEP	92f18088	20	2533274975343060	10	B	16
SWEEP	92f18088	22	2533274858283686	10	B	15
SWEEP	92f18088	24	2533274898411924	10	B	12
SWEEP	92f18088	10	-	11	A	1600
SWEEP	92f18088	12	2533274823110022	11	A	1100
SWEEP	92f18088	14	2535416401044714	11	A	2000
SWEEP	92f18088	16	2535469190789936	11	A	700
SWEEP	92f18088	18	2533274952689662	11	A	400
SWEEP	92f18088	20	2533274975343060	11	A	2100
SWEEP	92f18088	22	2533274858283686	11	A	1500
SWEEP	92f18088	24	2533274898411924	11	A	1300
SWEEP	92f18088	10	-	11	B	0
SWEEP	92f18088	12	2533274823110022	11	B	0
SWEEP	92f18088	14	2535416401044714	11	B	0
SWEEP	92f18088	16	2535469190789936	11	B	0
SWEEP	92f18088	18	2533274952689662	11	B	0
SWEEP	92f18088	20	2533274975343060	11	B	0
SWEEP	92f18088	22	2533274858283686	11	B	0
SWEEP	92f18088	24	2533274898411924	11	B	0
SWEEP	92f18088	10	-	12	A	16
SWEEP	92f18088	12	2533274823110022	12	A	11
SWEEP	92f18088	14	2535416401044714	12	A	20
SWEEP	92f18088	16	2535469190789936	12	A	86
SWEEP	92f18088	18	2533274952689662	12	A	4
SWEEP	92f18088	20	2533274975343060	12	A	21
SWEEP	92f18088	22	2533274858283686	12	A	15
SWEEP	92f18088	24	2533274898411924	12	A	13
SWEEP	92f18088	10	-	12	B	7
SWEEP	92f18088	12	2533274823110022	12	B	4
SWEEP	92f18088	14	2535416401044714	12	B	5
SWEEP	92f18088	16	2535469190789936	12	B	9
SWEEP	92f18088	18	2533274952689662	12	B	12
SWEEP	92f18088	20	2533274975343060	12	B	4
SWEEP	92f18088	22	2533274858283686	12	B	8
SWEEP	92f18088	24	2533274898411924	12	B	5
SWEEP	92f18088	10	-	13	A	12
SWEEP	92f18088	12	2533274823110022	13	A	13
SWEEP	92f18088	14	2535416401044714	13	A	13
SWEEP	92f18088	16	2535469190789936	13	A	14
SWEEP	92f18088	18	2533274952689662	13	A	15
SWEEP	92f18088	20	2533274975343060	13	A	15
SWEEP	92f18088	22	2533274858283686	13	A	14
SWEEP	92f18088	24	2533274898411924	13	A	12
SWEEP	92f18088	10	-	13	B	566
SWEEP	92f18088	12	2533274823110022	13	B	0
SWEEP	92f18088	14	2535416401044714	13	B	633
SWEEP	92f18088	16	2535469190789936	13	B	33
SWEEP	92f18088	18	2533274952689662	13	B	66
SWEEP	92f18088	20	2533274975343060	13	B	732
SWEEP	92f18088	22	2533274858283686	13	B	232
SWEEP	92f18088	24	2533274898411924	13	B	366
SWEEP	92f18088	10	-	14	A	0
SWEEP	92f18088	12	2533274823110022	14	A	0
SWEEP	92f18088	14	2535416401044714	14	A	0
SWEEP	92f18088	16	2535469190789936	14	A	0
SWEEP	92f18088	18	2533274952689662	14	A	0
SWEEP	92f18088	20	2533274975343060	14	A	0
SWEEP	92f18088	22	2533274858283686	14	A	0
SWEEP	92f18088	24	2533274898411924	14	A	0
SWEEP	92f18088	10	-	14	B	0
SWEEP	92f18088	12	2533274823110022	14	B	0
SWEEP	92f18088	14	2535416401044714	14	B	0
SWEEP	92f18088	16	2535469190789936	14	B	0
SWEEP	92f18088	18	2533274952689662	14	B	0
SWEEP	92f18088	20	2533274975343060	14	B	0
SWEEP	92f18088	22	2533274858283686	14	B	0
SWEEP	92f18088	24	2533274898411924	14	B	0
SWEEP	92f18088	10	-	15	A	0
SWEEP	92f18088	12	2533274823110022	15	A	0
SWEEP	92f18088	14	2535416401044714	15	A	0
SWEEP	92f18088	16	2535469190789936	15	A	0
SWEEP	92f18088	18	2533274952689662	15	A	0
SWEEP	92f18088	20	2533274975343060	15	A	0
SWEEP	92f18088	22	2533274858283686	15	A	0
SWEEP	92f18088	24	2533274898411924	15	A	0
SWEEP	92f18088	10	-	15	B	0
SWEEP	92f18088	12	2533274823110022	15	B	0
SWEEP	92f18088	14	2535416401044714	15	B	0
SWEEP	92f18088	16	2535469190789936	15	B	0
SWEEP	92f18088	18	2533274952689662	15	B	0
SWEEP	92f18088	20	2533274975343060	15	B	0
SWEEP	92f18088	22	2533274858283686	15	B	0
SWEEP	92f18088	24	2533274898411924	15	B	0
SWEEP	92f18088	10	-	16	A	0
SWEEP	92f18088	12	2533274823110022	16	A	0
SWEEP	92f18088	14	2535416401044714	16	A	0
SWEEP	92f18088	16	2535469190789936	16	A	0
SWEEP	92f18088	18	2533274952689662	16	A	0
SWEEP	92f18088	20	2533274975343060	16	A	0
SWEEP	92f18088	22	2533274858283686	16	A	0
SWEEP	92f18088	24	2533274898411924	16	A	0
SWEEP	92f18088	10	-	16	B	0
SWEEP	92f18088	12	2533274823110022	16	B	0
SWEEP	92f18088	14	2535416401044714	16	B	0
SWEEP	92f18088	16	2535469190789936	16	B	0
SWEEP	92f18088	18	2533274952689662	16	B	0
SWEEP	92f18088	20	2533274975343060	16	B	0
SWEEP	92f18088	22	2533274858283686	16	B	0
SWEEP	92f18088	24	2533274898411924	16	B	0
SWEEP	92f18088	10	-	17	A	0
SWEEP	92f18088	12	2533274823110022	17	A	0
SWEEP	92f18088	14	2535416401044714	17	A	0
SWEEP	92f18088	16	2535469190789936	17	A	0
SWEEP	92f18088	18	2533274952689662	17	A	0
SWEEP	92f18088	20	2533274975343060	17	A	0
SWEEP	92f18088	22	2533274858283686	17	A	0
SWEEP	92f18088	24	2533274898411924	17	A	0
SWEEP	92f18088	10	-	17	B	0
SWEEP	92f18088	12	2533274823110022	17	B	0
SWEEP	92f18088	14	2535416401044714	17	B	0
SWEEP	92f18088	16	2535469190789936	17	B	0
SWEEP	92f18088	18	2533274952689662	17	B	0
SWEEP	92f18088	20	2533274975343060	17	B	0
SWEEP	92f18088	22	2533274858283686	17	B	0
SWEEP	92f18088	24	2533274898411924	17	B	0
SWEEP	92f18088	10	-	18	A	0
SWEEP	92f18088	12	2533274823110022	18	A	0
SWEEP	92f18088	14	2535416401044714	18	A	0
SWEEP	92f18088	16	2535469190789936	18	A	0
SWEEP	92f18088	18	2533274952689662	18	A	0
SWEEP	92f18088	20	2533274975343060	18	A	0
SWEEP	92f18088	22	2533274858283686	18	A	0
SWEEP	92f18088	24	2533274898411924	18	A	0
SWEEP	92f18088	10	-	18	B	0
SWEEP	92f18088	12	2533274823110022	18	B	0
SWEEP	92f18088	14	2535416401044714	18	B	0
SWEEP	92f18088	16	2535469190789936	18	B	0
SWEEP	92f18088	18	2533274952689662	18	B	0
SWEEP	92f18088	20	2533274975343060	18	B	0
SWEEP	92f18088	22	2533274858283686	18	B	0
SWEEP	92f18088	24	2533274898411924	18	B	0
SWEEP	92f18088	10	-	19	A	0
SWEEP	92f18088	12	2533274823110022	19	A	0
SWEEP	92f18088	14	2535416401044714	19	A	0
SWEEP	92f18088	16	2535469190789936	19	A	0
SWEEP	92f18088	18	2533274952689662	19	A	0
SWEEP	92f18088	20	2533274975343060	19	A	0
SWEEP	92f18088	22	2533274858283686	19	A	0
SWEEP	92f18088	24	2533274898411924	19	A	0
SWEEP	92f18088	10	-	19	B	0
SWEEP	92f18088	12	2533274823110022	19	B	0
SWEEP	92f18088	14	2535416401044714	19	B	0
SWEEP	92f18088	16	2535469190789936	19	B	0
SWEEP	92f18088	18	2533274952689662	19	B	0
SWEEP	92f18088	20	2533274975343060	19	B	0
SWEEP	92f18088	22	2533274858283686	19	B	0
SWEEP	92f18088	24	2533274898411924	19	B	0
SWEEP	92f18088	10	-	20	A	0
SWEEP	92f18088	12	2533274823110022	20	A	0
SWEEP	92f18088	14	2535416401044714	20	A	0
SWEEP	92f18088	16	2535469190789936	20	A	0
SWEEP	92f18088	18	2533274952689662	20	A	0
SWEEP	92f18088	20	2533274975343060	20	A	0
SWEEP	92f18088	22	2533274858283686	20	A	0
SWEEP	92f18088	24	2533274898411924	20	A	0
SWEEP	92f18088	10	-	20	B	0
SWEEP	92f18088	12	2533274823110022	20	B	0
SWEEP	92f18088	14	2535416401044714	20	B	0
SWEEP	92f18088	16	2535469190789936	20	B	0
SWEEP	92f18088	18	2533274952689662	20	B	0
SWEEP	92f18088	20	2533274975343060	20	B	1
SWEEP	92f18088	22	2533274858283686	20	B	0
SWEEP	92f18088	24	2533274898411924	20	B	0
SWEEP	92f18088	10	-	21	A	1
SWEEP	92f18088	12	2533274823110022	21	A	0
SWEEP	92f18088	14	2535416401044714	21	A	0
SWEEP	92f18088	16	2535469190789936	21	A	0
SWEEP	92f18088	18	2533274952689662	21	A	1
SWEEP	92f18088	20	2533274975343060	21	A	1
SWEEP	92f18088	22	2533274858283686	21	A	1
SWEEP	92f18088	24	2533274898411924	21	A	3
SWEEP	92f18088	10	-	21	B	0
SWEEP	92f18088	12	2533274823110022	21	B	0
SWEEP	92f18088	14	2535416401044714	21	B	0
SWEEP	92f18088	16	2535469190789936	21	B	0
SWEEP	92f18088	18	2533274952689662	21	B	0
SWEEP	92f18088	20	2533274975343060	21	B	0
SWEEP	92f18088	22	2533274858283686	21	B	2
SWEEP	92f18088	24	2533274898411924	21	B	0
SWEEP	92f18088	10	-	22	A	212
SWEEP	92f18088	12	2533274823110022	22	A	571
SWEEP	92f18088	14	2535416401044714	22	A	0
SWEEP	92f18088	16	2535469190789936	22	A	49
SWEEP	92f18088	18	2533274952689662	22	A	132
SWEEP	92f18088	20	2533274975343060	22	A	301
SWEEP	92f18088	22	2533274858283686	22	A	278
SWEEP	92f18088	24	2533274898411924	22	A	114
SWEEP	92f18088	10	-	22	B	373
SWEEP	92f18088	12	2533274823110022	22	B	1217
SWEEP	92f18088	14	2535416401044714	22	B	0
SWEEP	92f18088	16	2535469190789936	22	B	50
SWEEP	92f18088	18	2533274952689662	22	B	193
SWEEP	92f18088	20	2533274975343060	22	B	632
SWEEP	92f18088	22	2533274858283686	22	B	667
SWEEP	92f18088	24	2533274898411924	22	B	129
SWEEP	92f18088	10	-	23	A	36
SWEEP	92f18088	12	2533274823110022	23	A	118
SWEEP	92f18088	14	2535416401044714	23	A	0
SWEEP	92f18088	16	2535469190789936	23	A	5
SWEEP	92f18088	18	2533274952689662	23	A	18
SWEEP	92f18088	20	2533274975343060	23	A	60
SWEEP	92f18088	22	2533274858283686	23	A	64
SWEEP	92f18088	24	2533274898411924	23	A	12
SWEEP	92f18088	10	-	23	B	0
SWEEP	92f18088	12	2533274823110022	23	B	0
SWEEP	92f18088	14	2535416401044714	23	B	0
SWEEP	92f18088	16	2535469190789936	23	B	0
SWEEP	92f18088	18	2533274952689662	23	B	0
SWEEP	92f18088	20	2533274975343060	23	B	0
SWEEP	92f18088	22	2533274858283686	23	B	0
SWEEP	92f18088	24	2533274898411924	23	B	0
SWEEP	92f18088	10	-	24	A	0
SWEEP	92f18088	12	2533274823110022	24	A	0
SWEEP	92f18088	14	2535416401044714	24	A	0
SWEEP	92f18088	16	2535469190789936	24	A	0
SWEEP	92f18088	18	2533274952689662	24	A	0
SWEEP	92f18088	20	2533274975343060	24	A	0
SWEEP	92f18088	22	2533274858283686	24	A	0
SWEEP	92f18088	24	2533274898411924	24	A	0
SWEEP	92f18088	10	-	24	B	0
SWEEP	92f18088	12	2533274823110022	24	B	0
SWEEP	92f18088	14	2535416401044714	24	B	0
SWEEP	92f18088	16	2535469190789936	24	B	0
SWEEP	92f18088	18	2533274952689662	24	B	0
SWEEP	92f18088	20	2533274975343060	24	B	0
SWEEP	92f18088	22	2533274858283686	24	B	0
SWEEP	92f18088	24	2533274898411924	24	B	0
SWEEP	92f18088	10	-	25	A	0
SWEEP	92f18088	12	2533274823110022	25	A	0
SWEEP	92f18088	14	2535416401044714	25	A	0
SWEEP	92f18088	16	2535469190789936	25	A	0
SWEEP	92f18088	18	2533274952689662	25	A	0
SWEEP	92f18088	20	2533274975343060	25	A	0
SWEEP	92f18088	22	2533274858283686	25	A	0
SWEEP	92f18088	24	2533274898411924	25	A	0
SWEEP	92f18088	10	-	25	B	0
SWEEP	92f18088	12	2533274823110022	25	B	0
SWEEP	92f18088	14	2535416401044714	25	B	0
SWEEP	92f18088	16	2535469190789936	25	B	0
SWEEP	92f18088	18	2533274952689662	25	B	0
SWEEP	92f18088	20	2533274975343060	25	B	0
SWEEP	92f18088	22	2533274858283686	25	B	0
SWEEP	92f18088	24	2533274898411924	25	B	0
SWEEP	92f18088	10	-	26	A	0
SWEEP	92f18088	12	2533274823110022	26	A	0
SWEEP	92f18088	14	2535416401044714	26	A	0
SWEEP	92f18088	16	2535469190789936	26	A	0
SWEEP	92f18088	18	2533274952689662	26	A	0
SWEEP	92f18088	20	2533274975343060	26	A	0
SWEEP	92f18088	22	2533274858283686	26	A	0
SWEEP	92f18088	24	2533274898411924	26	A	0
SWEEP	92f18088	10	-	26	B	0
SWEEP	92f18088	12	2533274823110022	26	B	0
SWEEP	92f18088	14	2535416401044714	26	B	0
SWEEP	92f18088	16	2535469190789936	26	B	0
SWEEP	92f18088	18	2533274952689662	26	B	0
SWEEP	92f18088	20	2533274975343060	26	B	0
SWEEP	92f18088	22	2533274858283686	26	B	0
SWEEP	92f18088	24	2533274898411924	26	B	0
SWEEP	92f18088	10	-	27	A	0
SWEEP	92f18088	12	2533274823110022	27	A	0
SWEEP	92f18088	14	2535416401044714	27	A	0
SWEEP	92f18088	16	2535469190789936	27	A	0
SWEEP	92f18088	18	2533274952689662	27	A	0
SWEEP	92f18088	20	2533274975343060	27	A	0
SWEEP	92f18088	22	2533274858283686	27	A	0
SWEEP	92f18088	24	2533274898411924	27	A	0
SWEEP	92f18088	10	-	27	B	0
SWEEP	92f18088	12	2533274823110022	27	B	0
SWEEP	92f18088	14	2535416401044714	27	B	0
SWEEP	92f18088	16	2535469190789936	27	B	0
SWEEP	92f18088	18	2533274952689662	27	B	0
SWEEP	92f18088	20	2533274975343060	27	B	0
SWEEP	92f18088	22	2533274858283686	27	B	0
SWEEP	92f18088	24	2533274898411924	27	B	0
ISSUE 92f18088 : ok code=0 duree=525ms pic=0.01 Gio
===== FILM 3/4 — 43716616 =====
2026/08/27 15:03:40 INFO plafond memoire arme pour ce decodage outil=statnames-sweep souple_gib=2 dur_octets=2684354560
IDENTITE	43716616	slots_nommes=2	enregistrements=4841	tronque=false
JOUEUR	43716616	10	2535427924595944
JOUEUR	43716616	18	2535453125155425
SWEEP	43716616	10	2535427924595944	0	A	21
SWEEP	43716616	12	-	0	A	37
SWEEP	43716616	14	-	0	A	7
SWEEP	43716616	16	-	0	A	77
SWEEP	43716616	18	2535453125155425	0	A	0
SWEEP	43716616	20	-	0	A	4
SWEEP	43716616	22	-	0	A	62
SWEEP	43716616	24	-	0	A	5
SWEEP	43716616	10	2535427924595944	0	B	0
SWEEP	43716616	12	-	0	B	0
SWEEP	43716616	14	-	0	B	0
SWEEP	43716616	16	-	0	B	0
SWEEP	43716616	18	2535453125155425	0	B	0
SWEEP	43716616	20	-	0	B	0
SWEEP	43716616	22	-	0	B	0
SWEEP	43716616	24	-	0	B	0
SWEEP	43716616	10	2535427924595944	1	A	0
SWEEP	43716616	12	-	1	A	0
SWEEP	43716616	14	-	1	A	0
SWEEP	43716616	16	-	1	A	0
SWEEP	43716616	18	2535453125155425	1	A	0
SWEEP	43716616	20	-	1	A	0
SWEEP	43716616	22	-	1	A	0
SWEEP	43716616	24	-	1	A	0
SWEEP	43716616	10	2535427924595944	1	B	1045
SWEEP	43716616	12	-	1	B	1150
SWEEP	43716616	14	-	1	B	940
SWEEP	43716616	16	-	1	B	1795
SWEEP	43716616	18	2535453125155425	1	B	1600
SWEEP	43716616	20	-	1	B	670
SWEEP	43716616	22	-	1	B	1995
SWEEP	43716616	24	-	1	B	1085
SWEEP	43716616	10	2535427924595944	2	A	7
SWEEP	43716616	12	-	2	A	5
SWEEP	43716616	14	-	2	A	6
SWEEP	43716616	16	-	2	A	8
SWEEP	43716616	18	2535453125155425	2	A	13
SWEEP	43716616	20	-	2	A	5
SWEEP	43716616	22	-	2	A	10
SWEEP	43716616	24	-	2	A	8
SWEEP	43716616	10	2535427924595944	2	B	9
SWEEP	43716616	12	-	2	B	7
SWEEP	43716616	14	-	2	B	9
SWEEP	43716616	16	-	2	B	7
SWEEP	43716616	18	2535453125155425	2	B	6
SWEEP	43716616	20	-	2	B	9
SWEEP	43716616	22	-	2	B	6
SWEEP	43716616	24	-	2	B	9
SWEEP	43716616	10	2535427924595944	3	A	3
SWEEP	43716616	12	-	3	A	6
SWEEP	43716616	14	-	3	A	6
SWEEP	43716616	16	-	3	A	4
SWEEP	43716616	18	2535453125155425	3	A	5
SWEEP	43716616	20	-	3	A	3
SWEEP	43716616	22	-	3	A	6
SWEEP	43716616	24	-	3	A	3
SWEEP	43716616	10	2535427924595944	3	B	266
SWEEP	43716616	12	-	3	B	200
SWEEP	43716616	14	-	3	B	266
SWEEP	43716616	16	-	3	B	133
SWEEP	43716616	18	2535453125155425	3	B	566
SWEEP	43716616	20	-	3	B	0
SWEEP	43716616	22	-	3	B	199
SWEEP	43716616	24	-	3	B	166
SWEEP	43716616	10	2535427924595944	4	A	0
SWEEP	43716616	12	-	4	A	0
SWEEP	43716616	14	-	4	A	0
SWEEP	43716616	16	-	4	A	0
SWEEP	43716616	18	2535453125155425	4	A	0
SWEEP	43716616	20	-	4	A	0
SWEEP	43716616	22	-	4	A	0
SWEEP	43716616	24	-	4	A	0
SWEEP	43716616	10	2535427924595944	4	B	0
SWEEP	43716616	12	-	4	B	0
SWEEP	43716616	14	-	4	B	0
SWEEP	43716616	16	-	4	B	0
SWEEP	43716616	18	2535453125155425	4	B	0
SWEEP	43716616	20	-	4	B	0
SWEEP	43716616	22	-	4	B	0
SWEEP	43716616	24	-	4	B	0
SWEEP	43716616	10	2535427924595944	5	A	233
SWEEP	43716616	12	-	5	A	122
SWEEP	43716616	14	-	5	A	97
SWEEP	43716616	16	-	5	A	659
SWEEP	43716616	18	2535453125155425	5	A	0
SWEEP	43716616	20	-	5	A	142
SWEEP	43716616	22	-	5	A	201
SWEEP	43716616	24	-	5	A	263
SWEEP	43716616	10	2535427924595944	5	B	3
SWEEP	43716616	12	-	5	B	3
SWEEP	43716616	14	-	5	B	5
SWEEP	43716616	16	-	5	B	5
SWEEP	43716616	18	2535453125155425	5	B	5
SWEEP	43716616	20	-	5	B	2
SWEEP	43716616	22	-	5	B	5
SWEEP	43716616	24	-	5	B	4
SWEEP	43716616	10	2535427924595944	6	A	0
SWEEP	43716616	12	-	6	A	0
SWEEP	43716616	14	-	6	A	2
SWEEP	43716616	16	-	6	A	0
SWEEP	43716616	18	2535453125155425	6	A	2
SWEEP	43716616	20	-	6	A	2
SWEEP	43716616	22	-	6	A	2
SWEEP	43716616	24	-	6	A	2
SWEEP	43716616	10	2535427924595944	6	B	0
SWEEP	43716616	12	-	6	B	0
SWEEP	43716616	14	-	6	B	40
SWEEP	43716616	16	-	6	B	0
SWEEP	43716616	18	2535453125155425	6	B	217
SWEEP	43716616	20	-	6	B	74
SWEEP	43716616	22	-	6	B	101
SWEEP	43716616	24	-	6	B	89
SWEEP	43716616	10	2535427924595944	7	A	0
SWEEP	43716616	12	-	7	A	0
SWEEP	43716616	14	-	7	A	0
SWEEP	43716616	16	-	7	A	0
SWEEP	43716616	18	2535453125155425	7	A	0
SWEEP	43716616	20	-	7	A	0
SWEEP	43716616	22	-	7	A	0
SWEEP	43716616	24	-	7	A	0
SWEEP	43716616	10	2535427924595944	7	B	0
SWEEP	43716616	12	-	7	B	0
SWEEP	43716616	14	-	7	B	0
SWEEP	43716616	16	-	7	B	0
SWEEP	43716616	18	2535453125155425	7	B	0
SWEEP	43716616	20	-	7	B	0
SWEEP	43716616	22	-	7	B	0
SWEEP	43716616	24	-	7	B	0
SWEEP	43716616	10	2535427924595944	8	A	1
SWEEP	43716616	12	-	8	A	2
SWEEP	43716616	14	-	8	A	0
SWEEP	43716616	16	-	8	A	1010
SWEEP	43716616	18	2535453125155425	8	A	1
SWEEP	43716616	20	-	8	A	0
SWEEP	43716616	22	-	8	A	1
SWEEP	43716616	24	-	8	A	3
SWEEP	43716616	10	2535427924595944	8	B	1
SWEEP	43716616	12	-	8	B	0
SWEEP	43716616	14	-	8	B	1
SWEEP	43716616	16	-	8	B	65
SWEEP	43716616	18	2535453125155425	8	B	2
SWEEP	43716616	20	-	8	B	0
SWEEP	43716616	22	-	8	B	1
SWEEP	43716616	24	-	8	B	0
SWEEP	43716616	10	2535427924595944	9	A	1
SWEEP	43716616	12	-	9	A	0
SWEEP	43716616	14	-	9	A	2
SWEEP	43716616	16	-	9	A	0
SWEEP	43716616	18	2535453125155425	9	A	1
SWEEP	43716616	20	-	9	A	1
SWEEP	43716616	22	-	9	A	0
SWEEP	43716616	24	-	9	A	1
SWEEP	43716616	10	2535427924595944	9	B	305
SWEEP	43716616	12	-	9	B	0
SWEEP	43716616	14	-	9	B	410
SWEEP	43716616	16	-	9	B	0
SWEEP	43716616	18	2535453125155425	9	B	229
SWEEP	43716616	20	-	9	B	1829
SWEEP	43716616	22	-	9	B	0
SWEEP	43716616	24	-	9	B	820
SWEEP	43716616	10	2535427924595944	10	A	2228
SWEEP	43716616	12	-	10	A	1607
SWEEP	43716616	14	-	10	A	1922
SWEEP	43716616	16	-	10	A	1653
SWEEP	43716616	18	2535453125155425	10	A	1553
SWEEP	43716616	20	-	10	A	1646
SWEEP	43716616	22	-	10	A	1677
SWEEP	43716616	24	-	10	A	2523
SWEEP	43716616	10	2535427924595944	10	B	10
SWEEP	43716616	12	-	10	B	8
SWEEP	43716616	14	-	10	B	103
SWEEP	43716616	16	-	10	B	8
SWEEP	43716616	18	2535453125155425	10	B	7
SWEEP	43716616	20	-	10	B	9
SWEEP	43716616	22	-	10	B	8
SWEEP	43716616	24	-	10	B	11
SWEEP	43716616	10	2535427924595944	11	A	700
SWEEP	43716616	12	-	11	A	500
SWEEP	43716616	14	-	11	A	600
SWEEP	43716616	16	-	11	A	800
SWEEP	43716616	18	2535453125155425	11	A	1300
SWEEP	43716616	20	-	11	A	500
SWEEP	43716616	22	-	11	A	1000
SWEEP	43716616	24	-	11	A	800
SWEEP	43716616	10	2535427924595944	11	B	0
SWEEP	43716616	12	-	11	B	0
SWEEP	43716616	14	-	11	B	0
SWEEP	43716616	16	-	11	B	0
SWEEP	43716616	18	2535453125155425	11	B	0
SWEEP	43716616	20	-	11	B	0
SWEEP	43716616	22	-	11	B	0
SWEEP	43716616	24	-	11	B	0
SWEEP	43716616	10	2535427924595944	12	A	7
SWEEP	43716616	12	-	12	A	5
SWEEP	43716616	14	-	12	A	6
SWEEP	43716616	16	-	12	A	53
SWEEP	43716616	18	2535453125155425	12	A	13
SWEEP	43716616	20	-	12	A	5
SWEEP	43716616	22	-	12	A	10
SWEEP	43716616	24	-	12	A	8
SWEEP	43716616	10	2535427924595944	12	B	3
SWEEP	43716616	12	-	12	B	6
SWEEP	43716616	14	-	12	B	6
SWEEP	43716616	16	-	12	B	4
SWEEP	43716616	18	2535453125155425	12	B	5
SWEEP	43716616	20	-	12	B	3
SWEEP	43716616	22	-	12	B	6
SWEEP	43716616	24	-	12	B	3
SWEEP	43716616	10	2535427924595944	13	A	9
SWEEP	43716616	12	-	13	A	7
SWEEP	43716616	14	-	13	A	9
SWEEP	43716616	16	-	13	A	7
SWEEP	43716616	18	2535453125155425	13	A	6
SWEEP	43716616	20	-	13	A	9
SWEEP	43716616	22	-	13	A	6
SWEEP	43716616	24	-	13	A	9
SWEEP	43716616	10	2535427924595944	13	B	200
SWEEP	43716616	12	-	13	B	166
SWEEP	43716616	14	-	13	B	166
SWEEP	43716616	16	-	13	B	133
SWEEP	43716616	18	2535453125155425	13	B	666
SWEEP	43716616	20	-	13	B	0
SWEEP	43716616	22	-	13	B	432
SWEEP	43716616	24	-	13	B	166
SWEEP	43716616	10	2535427924595944	14	A	0
SWEEP	43716616	12	-	14	A	0
SWEEP	43716616	14	-	14	A	0
SWEEP	43716616	16	-	14	A	0
SWEEP	43716616	18	2535453125155425	14	A	0
SWEEP	43716616	20	-	14	A	0
SWEEP	43716616	22	-	14	A	0
SWEEP	43716616	24	-	14	A	0
SWEEP	43716616	10	2535427924595944	14	B	0
SWEEP	43716616	12	-	14	B	0
SWEEP	43716616	14	-	14	B	0
SWEEP	43716616	16	-	14	B	0
SWEEP	43716616	18	2535453125155425	14	B	0
SWEEP	43716616	20	-	14	B	0
SWEEP	43716616	22	-	14	B	0
SWEEP	43716616	24	-	14	B	0
SWEEP	43716616	10	2535427924595944	15	A	0
SWEEP	43716616	12	-	15	A	0
SWEEP	43716616	14	-	15	A	0
SWEEP	43716616	16	-	15	A	0
SWEEP	43716616	18	2535453125155425	15	A	0
SWEEP	43716616	20	-	15	A	0
SWEEP	43716616	22	-	15	A	0
SWEEP	43716616	24	-	15	A	0
SWEEP	43716616	10	2535427924595944	15	B	0
SWEEP	43716616	12	-	15	B	0
SWEEP	43716616	14	-	15	B	0
SWEEP	43716616	16	-	15	B	0
SWEEP	43716616	18	2535453125155425	15	B	0
SWEEP	43716616	20	-	15	B	0
SWEEP	43716616	22	-	15	B	0
SWEEP	43716616	24	-	15	B	0
SWEEP	43716616	10	2535427924595944	16	A	0
SWEEP	43716616	12	-	16	A	0
SWEEP	43716616	14	-	16	A	0
SWEEP	43716616	16	-	16	A	0
SWEEP	43716616	18	2535453125155425	16	A	0
SWEEP	43716616	20	-	16	A	0
SWEEP	43716616	22	-	16	A	0
SWEEP	43716616	24	-	16	A	0
SWEEP	43716616	10	2535427924595944	16	B	0
SWEEP	43716616	12	-	16	B	0
SWEEP	43716616	14	-	16	B	0
SWEEP	43716616	16	-	16	B	0
SWEEP	43716616	18	2535453125155425	16	B	0
SWEEP	43716616	20	-	16	B	0
SWEEP	43716616	22	-	16	B	0
SWEEP	43716616	24	-	16	B	0
SWEEP	43716616	10	2535427924595944	17	A	0
SWEEP	43716616	12	-	17	A	0
SWEEP	43716616	14	-	17	A	25120
SWEEP	43716616	16	-	17	A	0
SWEEP	43716616	18	2535453125155425	17	A	0
SWEEP	43716616	20	-	17	A	0
SWEEP	43716616	22	-	17	A	0
SWEEP	43716616	24	-	17	A	0
SWEEP	43716616	10	2535427924595944	17	B	0
SWEEP	43716616	12	-	17	B	0
SWEEP	43716616	14	-	17	B	0
SWEEP	43716616	16	-	17	B	0
SWEEP	43716616	18	2535453125155425	17	B	0
SWEEP	43716616	20	-	17	B	0
SWEEP	43716616	22	-	17	B	0
SWEEP	43716616	24	-	17	B	0
SWEEP	43716616	10	2535427924595944	18	A	0
SWEEP	43716616	12	-	18	A	0
SWEEP	43716616	14	-	18	A	0
SWEEP	43716616	16	-	18	A	0
SWEEP	43716616	18	2535453125155425	18	A	0
SWEEP	43716616	20	-	18	A	0
SWEEP	43716616	22	-	18	A	0
SWEEP	43716616	24	-	18	A	0
SWEEP	43716616	10	2535427924595944	18	B	0
SWEEP	43716616	12	-	18	B	0
SWEEP	43716616	14	-	18	B	16264
SWEEP	43716616	16	-	18	B	0
SWEEP	43716616	18	2535453125155425	18	B	0
SWEEP	43716616	20	-	18	B	0
SWEEP	43716616	22	-	18	B	0
SWEEP	43716616	24	-	18	B	0
SWEEP	43716616	10	2535427924595944	19	A	0
SWEEP	43716616	12	-	19	A	0
SWEEP	43716616	14	-	19	A	0
SWEEP	43716616	16	-	19	A	0
SWEEP	43716616	18	2535453125155425	19	A	0
SWEEP	43716616	20	-	19	A	0
SWEEP	43716616	22	-	19	A	0
SWEEP	43716616	24	-	19	A	0
SWEEP	43716616	10	2535427924595944	19	B	0
SWEEP	43716616	12	-	19	B	0
SWEEP	43716616	14	-	19	B	0
SWEEP	43716616	16	-	19	B	0
SWEEP	43716616	18	2535453125155425	19	B	0
SWEEP	43716616	20	-	19	B	0
SWEEP	43716616	22	-	19	B	0
SWEEP	43716616	24	-	19	B	0
SWEEP	43716616	10	2535427924595944	20	A	0
SWEEP	43716616	12	-	20	A	0
SWEEP	43716616	14	-	20	A	0
SWEEP	43716616	16	-	20	A	0
SWEEP	43716616	18	2535453125155425	20	A	0
SWEEP	43716616	20	-	20	A	0
SWEEP	43716616	22	-	20	A	0
SWEEP	43716616	24	-	20	A	0
SWEEP	43716616	10	2535427924595944	20	B	0
SWEEP	43716616	12	-	20	B	0
SWEEP	43716616	14	-	20	B	0
SWEEP	43716616	16	-	20	B	0
SWEEP	43716616	18	2535453125155425	20	B	0
SWEEP	43716616	20	-	20	B	0
SWEEP	43716616	22	-	20	B	0
SWEEP	43716616	24	-	20	B	0
SWEEP	43716616	10	2535427924595944	21	A	1
SWEEP	43716616	12	-	21	A	0
SWEEP	43716616	14	-	21	A	0
SWEEP	43716616	16	-	21	A	1
SWEEP	43716616	18	2535453125155425	21	A	2
SWEEP	43716616	20	-	21	A	0
SWEEP	43716616	22	-	21	A	3
SWEEP	43716616	24	-	21	A	3
SWEEP	43716616	10	2535427924595944	21	B	0
SWEEP	43716616	12	-	21	B	0
SWEEP	43716616	14	-	21	B	0
SWEEP	43716616	16	-	21	B	0
SWEEP	43716616	18	2535453125155425	21	B	0
SWEEP	43716616	20	-	21	B	1
SWEEP	43716616	22	-	21	B	0
SWEEP	43716616	24	-	21	B	1
SWEEP	43716616	10	2535427924595944	22	A	225
SWEEP	43716616	12	-	22	A	285
SWEEP	43716616	14	-	22	A	72
SWEEP	43716616	16	-	22	A	371
SWEEP	43716616	18	2535453125155425	22	A	0
SWEEP	43716616	20	-	22	A	39
SWEEP	43716616	22	-	22	A	622
SWEEP	43716616	24	-	22	A	50
SWEEP	43716616	10	2535427924595944	22	B	226
SWEEP	43716616	12	-	22	B	382
SWEEP	43716616	14	-	22	B	74
SWEEP	43716616	16	-	22	B	781
SWEEP	43716616	18	2535453125155425	22	B	0
SWEEP	43716616	20	-	22	B	40
SWEEP	43716616	22	-	22	B	623
SWEEP	43716616	24	-	22	B	51
SWEEP	43716616	10	2535427924595944	23	A	21
SWEEP	43716616	12	-	23	A	37
SWEEP	43716616	14	-	23	A	7
SWEEP	43716616	16	-	23	A	77
SWEEP	43716616	18	2535453125155425	23	A	0
SWEEP	43716616	20	-	23	A	4
SWEEP	43716616	22	-	23	A	62
SWEEP	43716616	24	-	23	A	5
SWEEP	43716616	10	2535427924595944	23	B	0
SWEEP	43716616	12	-	23	B	0
SWEEP	43716616	14	-	23	B	0
SWEEP	43716616	16	-	23	B	0
SWEEP	43716616	18	2535453125155425	23	B	0
SWEEP	43716616	20	-	23	B	0
SWEEP	43716616	22	-	23	B	0
SWEEP	43716616	24	-	23	B	0
SWEEP	43716616	10	2535427924595944	24	A	0
SWEEP	43716616	12	-	24	A	0
SWEEP	43716616	14	-	24	A	0
SWEEP	43716616	16	-	24	A	0
SWEEP	43716616	18	2535453125155425	24	A	0
SWEEP	43716616	20	-	24	A	0
SWEEP	43716616	22	-	24	A	0
SWEEP	43716616	24	-	24	A	0
SWEEP	43716616	10	2535427924595944	24	B	0
SWEEP	43716616	12	-	24	B	0
SWEEP	43716616	14	-	24	B	0
SWEEP	43716616	16	-	24	B	0
SWEEP	43716616	18	2535453125155425	24	B	0
SWEEP	43716616	20	-	24	B	0
SWEEP	43716616	22	-	24	B	0
SWEEP	43716616	24	-	24	B	0
SWEEP	43716616	10	2535427924595944	25	A	0
SWEEP	43716616	12	-	25	A	0
SWEEP	43716616	14	-	25	A	0
SWEEP	43716616	16	-	25	A	0
SWEEP	43716616	18	2535453125155425	25	A	0
SWEEP	43716616	20	-	25	A	0
SWEEP	43716616	22	-	25	A	0
SWEEP	43716616	24	-	25	A	0
SWEEP	43716616	10	2535427924595944	25	B	0
SWEEP	43716616	12	-	25	B	0
SWEEP	43716616	14	-	25	B	0
SWEEP	43716616	16	-	25	B	0
SWEEP	43716616	18	2535453125155425	25	B	0
SWEEP	43716616	20	-	25	B	0
SWEEP	43716616	22	-	25	B	0
SWEEP	43716616	24	-	25	B	0
SWEEP	43716616	10	2535427924595944	26	A	0
SWEEP	43716616	12	-	26	A	0
SWEEP	43716616	14	-	26	A	0
SWEEP	43716616	16	-	26	A	0
SWEEP	43716616	18	2535453125155425	26	A	0
SWEEP	43716616	20	-	26	A	0
SWEEP	43716616	22	-	26	A	0
SWEEP	43716616	24	-	26	A	0
SWEEP	43716616	10	2535427924595944	26	B	0
SWEEP	43716616	12	-	26	B	0
SWEEP	43716616	14	-	26	B	0
SWEEP	43716616	16	-	26	B	0
SWEEP	43716616	18	2535453125155425	26	B	0
SWEEP	43716616	20	-	26	B	0
SWEEP	43716616	22	-	26	B	0
SWEEP	43716616	24	-	26	B	0
SWEEP	43716616	10	2535427924595944	27	A	0
SWEEP	43716616	12	-	27	A	0
SWEEP	43716616	14	-	27	A	0
SWEEP	43716616	16	-	27	A	0
SWEEP	43716616	18	2535453125155425	27	A	0
SWEEP	43716616	20	-	27	A	0
SWEEP	43716616	22	-	27	A	0
SWEEP	43716616	24	-	27	A	0
SWEEP	43716616	10	2535427924595944	27	B	0
SWEEP	43716616	12	-	27	B	0
SWEEP	43716616	14	-	27	B	0
SWEEP	43716616	16	-	27	B	0
SWEEP	43716616	18	2535453125155425	27	B	0
SWEEP	43716616	20	-	27	B	0
SWEEP	43716616	22	-	27	B	0
SWEEP	43716616	24	-	27	B	0
ISSUE 43716616 : ok code=0 duree=343ms pic=0.01 Gio
===== FILM 4/4 — d9781168 =====
2026/08/27 15:03:41 INFO plafond memoire arme pour ce decodage outil=statnames-sweep souple_gib=2 dur_octets=2684354560
IDENTITE	d9781168	slots_nommes=3	enregistrements=9111	tronque=false
JOUEUR	d9781168	10	2535435655459376
JOUEUR	d9781168	14	2535455182553276
JOUEUR	d9781168	18	2535432478853823
SWEEP	d9781168	10	2535435655459376	0	A	47
SWEEP	d9781168	12	-	0	A	32
SWEEP	d9781168	14	2535455182553276	0	A	79
SWEEP	d9781168	16	-	0	A	60
SWEEP	d9781168	18	2535432478853823	0	A	25
SWEEP	d9781168	20	-	0	A	17
SWEEP	d9781168	22	-	0	A	70
SWEEP	d9781168	24	-	0	A	57
SWEEP	d9781168	10	2535435655459376	0	B	0
SWEEP	d9781168	12	-	0	B	0
SWEEP	d9781168	14	2535455182553276	0	B	0
SWEEP	d9781168	16	-	0	B	0
SWEEP	d9781168	18	2535432478853823	0	B	0
SWEEP	d9781168	20	-	0	B	0
SWEEP	d9781168	22	-	0	B	0
SWEEP	d9781168	24	-	0	B	0
SWEEP	d9781168	10	2535435655459376	1	A	0
SWEEP	d9781168	12	-	1	A	0
SWEEP	d9781168	14	2535455182553276	1	A	0
SWEEP	d9781168	16	-	1	A	0
SWEEP	d9781168	18	2535432478853823	1	A	0
SWEEP	d9781168	20	-	1	A	0
SWEEP	d9781168	22	-	1	A	0
SWEEP	d9781168	24	-	1	A	0
SWEEP	d9781168	10	2535435655459376	1	B	3105
SWEEP	d9781168	12	-	1	B	2920
SWEEP	d9781168	14	2535455182553276	1	B	2785
SWEEP	d9781168	16	-	1	B	2385
SWEEP	d9781168	18	2535432478853823	1	B	3145
SWEEP	d9781168	20	-	1	B	1850
SWEEP	d9781168	22	-	1	B	3315
SWEEP	d9781168	24	-	1	B	2090
SWEEP	d9781168	10	2535435655459376	2	A	24
SWEEP	d9781168	12	-	2	A	23
SWEEP	d9781168	14	2535455182553276	2	A	15
SWEEP	d9781168	16	-	2	A	12
SWEEP	d9781168	18	2535432478853823	2	A	21
SWEEP	d9781168	20	-	2	A	11
SWEEP	d9781168	22	-	2	A	23
SWEEP	d9781168	24	-	2	A	13
SWEEP	d9781168	10	2535435655459376	2	B	14
SWEEP	d9781168	12	-	2	B	13
SWEEP	d9781168	14	2535455182553276	2	B	18
SWEEP	d9781168	16	-	2	B	20
SWEEP	d9781168	18	2535432478853823	2	B	16
SWEEP	d9781168	20	-	2	B	22
SWEEP	d9781168	22	-	2	B	18
SWEEP	d9781168	24	-	2	B	23
SWEEP	d9781168	10	2535435655459376	3	A	5
SWEEP	d9781168	12	-	3	A	63
SWEEP	d9781168	14	2535455182553276	3	A	9
SWEEP	d9781168	16	-	3	A	11
SWEEP	d9781168	18	2535432478853823	3	A	15
SWEEP	d9781168	20	-	3	A	12
SWEEP	d9781168	22	-	3	A	5
SWEEP	d9781168	24	-	3	A	8
SWEEP	d9781168	10	2535435655459376	3	B	666
SWEEP	d9781168	12	-	3	B	1265
SWEEP	d9781168	14	2535455182553276	3	B	66
SWEEP	d9781168	16	-	3	B	300
SWEEP	d9781168	18	2535432478853823	3	B	1132
SWEEP	d9781168	20	-	3	B	366
SWEEP	d9781168	22	-	3	B	433
SWEEP	d9781168	24	-	3	B	166
SWEEP	d9781168	10	2535435655459376	4	A	0
SWEEP	d9781168	12	-	4	A	0
SWEEP	d9781168	14	2535455182553276	4	A	0
SWEEP	d9781168	16	-	4	A	0
SWEEP	d9781168	18	2535432478853823	4	A	0
SWEEP	d9781168	20	-	4	A	0
SWEEP	d9781168	22	-	4	A	0
SWEEP	d9781168	24	-	4	A	2
SWEEP	d9781168	10	2535435655459376	4	B	0
SWEEP	d9781168	12	-	4	B	0
SWEEP	d9781168	14	2535455182553276	4	B	0
SWEEP	d9781168	16	-	4	B	0
SWEEP	d9781168	18	2535432478853823	4	B	0
SWEEP	d9781168	20	-	4	B	0
SWEEP	d9781168	22	-	4	B	0
SWEEP	d9781168	24	-	4	B	0
SWEEP	d9781168	10	2535435655459376	5	A	508
SWEEP	d9781168	12	-	5	A	3629350282
SWEEP	d9781168	14	2535455182553276	5	A	719
SWEEP	d9781168	16	-	5	A	186
SWEEP	d9781168	18	2535432478853823	5	A	1088
SWEEP	d9781168	20	-	5	A	464
SWEEP	d9781168	22	-	5	A	290
SWEEP	d9781168	24	-	5	A	306
SWEEP	d9781168	10	2535435655459376	5	B	12
SWEEP	d9781168	12	-	5	B	11
SWEEP	d9781168	14	2535455182553276	5	B	7
SWEEP	d9781168	16	-	5	B	4
SWEEP	d9781168	18	2535432478853823	5	B	8
SWEEP	d9781168	20	-	5	B	5
SWEEP	d9781168	22	-	5	B	7
SWEEP	d9781168	24	-	5	B	5
SWEEP	d9781168	10	2535435655459376	6	A	1
SWEEP	d9781168	12	-	6	A	4
SWEEP	d9781168	14	2535455182553276	6	A	2
SWEEP	d9781168	16	-	6	A	6
SWEEP	d9781168	18	2535432478853823	6	A	6
SWEEP	d9781168	20	-	6	A	0
SWEEP	d9781168	22	-	6	A	0
SWEEP	d9781168	24	-	6	A	0
SWEEP	d9781168	10	2535435655459376	6	B	165
SWEEP	d9781168	12	-	6	B	117
SWEEP	d9781168	14	2535455182553276	6	B	54
SWEEP	d9781168	16	-	6	B	222
SWEEP	d9781168	18	2535432478853823	6	B	215
SWEEP	d9781168	20	-	6	B	0
SWEEP	d9781168	22	-	6	B	0
SWEEP	d9781168	24	-	6	B	0
SWEEP	d9781168	10	2535435655459376	7	A	0
SWEEP	d9781168	12	-	7	A	0
SWEEP	d9781168	14	2535455182553276	7	A	0
SWEEP	d9781168	16	-	7	A	0
SWEEP	d9781168	18	2535432478853823	7	A	0
SWEEP	d9781168	20	-	7	A	0
SWEEP	d9781168	22	-	7	A	0
SWEEP	d9781168	24	-	7	A	0
SWEEP	d9781168	10	2535435655459376	7	B	0
SWEEP	d9781168	12	-	7	B	0
SWEEP	d9781168	14	2535455182553276	7	B	0
SWEEP	d9781168	16	-	7	B	0
SWEEP	d9781168	18	2535432478853823	7	B	0
SWEEP	d9781168	20	-	7	B	0
SWEEP	d9781168	22	-	7	B	0
SWEEP	d9781168	24	-	7	B	0
SWEEP	d9781168	10	2535435655459376	8	A	9
SWEEP	d9781168	12	-	8	A	6
SWEEP	d9781168	14	2535455182553276	8	A	4
SWEEP	d9781168	16	-	8	A	1
SWEEP	d9781168	18	2535432478853823	8	A	3
SWEEP	d9781168	20	-	8	A	3
SWEEP	d9781168	22	-	8	A	4
SWEEP	d9781168	24	-	8	A	4
SWEEP	d9781168	10	2535435655459376	8	B	0
SWEEP	d9781168	12	-	8	B	0
SWEEP	d9781168	14	2535455182553276	8	B	1
SWEEP	d9781168	16	-	8	B	2
SWEEP	d9781168	18	2535432478853823	8	B	1
SWEEP	d9781168	20	-	8	B	0
SWEEP	d9781168	22	-	8	B	0
SWEEP	d9781168	24	-	8	B	1
SWEEP	d9781168	10	2535435655459376	9	A	3
SWEEP	d9781168	12	-	9	A	3
SWEEP	d9781168	14	2535455182553276	9	A	3
SWEEP	d9781168	16	-	9	A	0
SWEEP	d9781168	18	2535432478853823	9	A	0
SWEEP	d9781168	20	-	9	A	1
SWEEP	d9781168	22	-	9	A	4
SWEEP	d9781168	24	-	9	A	0
SWEEP	d9781168	10	2535435655459376	9	B	1385
SWEEP	d9781168	12	-	9	B	741
SWEEP	d9781168	14	2535455182553276	9	B	1698
SWEEP	d9781168	16	-	9	B	0
SWEEP	d9781168	18	2535432478853823	9	B	0
SWEEP	d9781168	20	-	9	B	714
SWEEP	d9781168	22	-	9	B	2210
SWEEP	d9781168	24	-	9	B	0
SWEEP	d9781168	10	2535435655459376	10	A	4260
SWEEP	d9781168	12	-	10	A	3559
SWEEP	d9781168	14	2535455182553276	10	A	3997
SWEEP	d9781168	16	-	10	A	4463
SWEEP	d9781168	18	2535432478853823	10	A	4387
SWEEP	d9781168	20	-	10	A	5464
SWEEP	d9781168	22	-	10	A	4642
SWEEP	d9781168	24	-	10	A	5522
SWEEP	d9781168	10	2535435655459376	10	B	17
SWEEP	d9781168	12	-	10	B	405815376
SWEEP	d9781168	14	2535455182553276	10	B	20
SWEEP	d9781168	16	-	10	B	21
SWEEP	d9781168	18	2535432478853823	10	B	18
SWEEP	d9781168	20	-	10	B	24
SWEEP	d9781168	22	-	10	B	20
SWEEP	d9781168	24	-	10	B	25
SWEEP	d9781168	10	2535435655459376	11	A	2400
SWEEP	d9781168	12	-	11	A	2300
SWEEP	d9781168	14	2535455182553276	11	A	1500
SWEEP	d9781168	16	-	11	A	1200
SWEEP	d9781168	18	2535432478853823	11	A	2100
SWEEP	d9781168	20	-	11	A	1100
SWEEP	d9781168	22	-	11	A	2300
SWEEP	d9781168	24	-	11	A	1300
SWEEP	d9781168	10	2535435655459376	11	B	0
SWEEP	d9781168	12	-	11	B	0
SWEEP	d9781168	14	2535455182553276	11	B	0
SWEEP	d9781168	16	-	11	B	0
SWEEP	d9781168	18	2535432478853823	11	B	0
SWEEP	d9781168	20	-	11	B	0
SWEEP	d9781168	22	-	11	B	0
SWEEP	d9781168	24	-	11	B	0
SWEEP	d9781168	10	2535435655459376	12	A	24
SWEEP	d9781168	12	-	12	A	23
SWEEP	d9781168	14	2535455182553276	12	A	15
SWEEP	d9781168	16	-	12	A	12
SWEEP	d9781168	18	2535432478853823	12	A	21
SWEEP	d9781168	20	-	12	A	11
SWEEP	d9781168	22	-	12	A	23
SWEEP	d9781168	24	-	12	A	13
SWEEP	d9781168	10	2535435655459376	12	B	5
SWEEP	d9781168	12	-	12	B	5
SWEEP	d9781168	14	2535455182553276	12	B	9
SWEEP	d9781168	16	-	12	B	11
SWEEP	d9781168	18	2535432478853823	12	B	15
SWEEP	d9781168	20	-	12	B	12
SWEEP	d9781168	22	-	12	B	5
SWEEP	d9781168	24	-	12	B	8
SWEEP	d9781168	10	2535435655459376	13	A	14
SWEEP	d9781168	12	-	13	A	13
SWEEP	d9781168	14	2535455182553276	13	A	18
SWEEP	d9781168	16	-	13	A	20
SWEEP	d9781168	18	2535432478853823	13	A	16
SWEEP	d9781168	20	-	13	A	22
SWEEP	d9781168	22	-	13	A	18
SWEEP	d9781168	24	-	13	A	23
SWEEP	d9781168	10	2535435655459376	13	B	1033
SWEEP	d9781168	12	-	13	B	599
SWEEP	d9781168	14	2535455182553276	13	B	165
SWEEP	d9781168	16	-	13	B	200
SWEEP	d9781168	18	2535432478853823	13	B	1099
SWEEP	d9781168	20	-	13	B	200
SWEEP	d9781168	22	-	13	B	733
SWEEP	d9781168	24	-	13	B	66
SWEEP	d9781168	10	2535435655459376	14	A	0
SWEEP	d9781168	12	-	14	A	0
SWEEP	d9781168	14	2535455182553276	14	A	0
SWEEP	d9781168	16	-	14	A	0
SWEEP	d9781168	18	2535432478853823	14	A	0
SWEEP	d9781168	20	-	14	A	0
SWEEP	d9781168	22	-	14	A	0
SWEEP	d9781168	24	-	14	A	0
SWEEP	d9781168	10	2535435655459376	14	B	0
SWEEP	d9781168	12	-	14	B	0
SWEEP	d9781168	14	2535455182553276	14	B	0
SWEEP	d9781168	16	-	14	B	0
SWEEP	d9781168	18	2535432478853823	14	B	0
SWEEP	d9781168	20	-	14	B	0
SWEEP	d9781168	22	-	14	B	0
SWEEP	d9781168	24	-	14	B	0
SWEEP	d9781168	10	2535435655459376	15	A	0
SWEEP	d9781168	12	-	15	A	0
SWEEP	d9781168	14	2535455182553276	15	A	0
SWEEP	d9781168	16	-	15	A	0
SWEEP	d9781168	18	2535432478853823	15	A	0
SWEEP	d9781168	20	-	15	A	0
SWEEP	d9781168	22	-	15	A	0
SWEEP	d9781168	24	-	15	A	0
SWEEP	d9781168	10	2535435655459376	15	B	0
SWEEP	d9781168	12	-	15	B	0
SWEEP	d9781168	14	2535455182553276	15	B	0
SWEEP	d9781168	16	-	15	B	0
SWEEP	d9781168	18	2535432478853823	15	B	0
SWEEP	d9781168	20	-	15	B	0
SWEEP	d9781168	22	-	15	B	0
SWEEP	d9781168	24	-	15	B	0
SWEEP	d9781168	10	2535435655459376	16	A	0
SWEEP	d9781168	12	-	16	A	0
SWEEP	d9781168	14	2535455182553276	16	A	0
SWEEP	d9781168	16	-	16	A	268435744
SWEEP	d9781168	18	2535432478853823	16	A	0
SWEEP	d9781168	20	-	16	A	0
SWEEP	d9781168	22	-	16	A	0
SWEEP	d9781168	24	-	16	A	0
SWEEP	d9781168	10	2535435655459376	16	B	0
SWEEP	d9781168	12	-	16	B	0
SWEEP	d9781168	14	2535455182553276	16	B	0
SWEEP	d9781168	16	-	16	B	45
SWEEP	d9781168	18	2535432478853823	16	B	0
SWEEP	d9781168	20	-	16	B	0
SWEEP	d9781168	22	-	16	B	0
SWEEP	d9781168	24	-	16	B	0
SWEEP	d9781168	10	2535435655459376	17	A	0
SWEEP	d9781168	12	-	17	A	0
SWEEP	d9781168	14	2535455182553276	17	A	0
SWEEP	d9781168	16	-	17	A	0
SWEEP	d9781168	18	2535432478853823	17	A	0
SWEEP	d9781168	20	-	17	A	0
SWEEP	d9781168	22	-	17	A	0
SWEEP	d9781168	24	-	17	A	0
SWEEP	d9781168	10	2535435655459376	17	B	0
SWEEP	d9781168	12	-	17	B	0
SWEEP	d9781168	14	2535455182553276	17	B	0
SWEEP	d9781168	16	-	17	B	0
SWEEP	d9781168	18	2535432478853823	17	B	0
SWEEP	d9781168	20	-	17	B	0
SWEEP	d9781168	22	-	17	B	0
SWEEP	d9781168	24	-	17	B	0
SWEEP	d9781168	10	2535435655459376	18	A	0
SWEEP	d9781168	12	-	18	A	0
SWEEP	d9781168	14	2535455182553276	18	A	0
SWEEP	d9781168	16	-	18	A	0
SWEEP	d9781168	18	2535432478853823	18	A	0
SWEEP	d9781168	20	-	18	A	0
SWEEP	d9781168	22	-	18	A	0
SWEEP	d9781168	24	-	18	A	0
SWEEP	d9781168	10	2535435655459376	18	B	0
SWEEP	d9781168	12	-	18	B	0
SWEEP	d9781168	14	2535455182553276	18	B	0
SWEEP	d9781168	16	-	18	B	0
SWEEP	d9781168	18	2535432478853823	18	B	0
SWEEP	d9781168	20	-	18	B	0
SWEEP	d9781168	22	-	18	B	0
SWEEP	d9781168	24	-	18	B	0
SWEEP	d9781168	10	2535435655459376	19	A	4
SWEEP	d9781168	12	-	19	A	0
SWEEP	d9781168	14	2535455182553276	19	A	0
SWEEP	d9781168	16	-	19	A	0
SWEEP	d9781168	18	2535432478853823	19	A	0
SWEEP	d9781168	20	-	19	A	0
SWEEP	d9781168	22	-	19	A	0
SWEEP	d9781168	24	-	19	A	0
SWEEP	d9781168	10	2535435655459376	19	B	14
SWEEP	d9781168	12	-	19	B	0
SWEEP	d9781168	14	2535455182553276	19	B	0
SWEEP	d9781168	16	-	19	B	0
SWEEP	d9781168	18	2535432478853823	19	B	0
SWEEP	d9781168	20	-	19	B	0
SWEEP	d9781168	22	-	19	B	0
SWEEP	d9781168	24	-	19	B	0
SWEEP	d9781168	10	2535435655459376	20	A	0
SWEEP	d9781168	12	-	20	A	28897
SWEEP	d9781168	14	2535455182553276	20	A	0
SWEEP	d9781168	16	-	20	A	0
SWEEP	d9781168	18	2535432478853823	20	A	0
SWEEP	d9781168	20	-	20	A	0
SWEEP	d9781168	22	-	20	A	0
SWEEP	d9781168	24	-	20	A	0
SWEEP	d9781168	10	2535435655459376	20	B	0
SWEEP	d9781168	12	-	20	B	17307
SWEEP	d9781168	14	2535455182553276	20	B	1
SWEEP	d9781168	16	-	20	B	0
SWEEP	d9781168	18	2535432478853823	20	B	0
SWEEP	d9781168	20	-	20	B	0
SWEEP	d9781168	22	-	20	B	0
SWEEP	d9781168	24	-	20	B	1
SWEEP	d9781168	10	2535435655459376	21	A	3
SWEEP	d9781168	12	-	21	A	4
SWEEP	d9781168	14	2535455182553276	21	A	3
SWEEP	d9781168	16	-	21	A	3
SWEEP	d9781168	18	2535432478853823	21	A	3
SWEEP	d9781168	20	-	21	A	2
SWEEP	d9781168	22	-	21	A	5
SWEEP	d9781168	24	-	21	A	2
SWEEP	d9781168	10	2535435655459376	21	B	3
SWEEP	d9781168	12	-	21	B	0
SWEEP	d9781168	14	2535455182553276	21	B	1
SWEEP	d9781168	16	-	21	B	2
SWEEP	d9781168	18	2535432478853823	21	B	1
SWEEP	d9781168	20	-	21	B	2
SWEEP	d9781168	22	-	21	B	0
SWEEP	d9781168	24	-	21	B	1
SWEEP	d9781168	10	2535435655459376	22	A	252
SWEEP	d9781168	12	-	22	A	327
SWEEP	d9781168	14	2535455182553276	22	A	544
SWEEP	d9781168	16	-	22	A	443
SWEEP	d9781168	18	2535432478853823	22	A	195
SWEEP	d9781168	20	-	22	A	156
SWEEP	d9781168	22	-	22	A	702
SWEEP	d9781168	24	-	22	A	540
SWEEP	d9781168	10	2535435655459376	22	B	491
SWEEP	d9781168	12	-	22	B	328
SWEEP	d9781168	14	2535455182553276	22	B	813
SWEEP	d9781168	16	-	22	B	635
SWEEP	d9781168	18	2535432478853823	22	B	257
SWEEP	d9781168	20	-	22	B	198
SWEEP	d9781168	22	-	22	B	729
SWEEP	d9781168	24	-	22	B	586
SWEEP	d9781168	10	2535435655459376	23	A	47
SWEEP	d9781168	12	-	23	A	32
SWEEP	d9781168	14	2535455182553276	23	A	79
SWEEP	d9781168	16	-	23	A	60
SWEEP	d9781168	18	2535432478853823	23	A	25
SWEEP	d9781168	20	-	23	A	17
SWEEP	d9781168	22	-	23	A	70
SWEEP	d9781168	24	-	23	A	57
SWEEP	d9781168	10	2535435655459376	23	B	0
SWEEP	d9781168	12	-	23	B	0
SWEEP	d9781168	14	2535455182553276	23	B	0
SWEEP	d9781168	16	-	23	B	0
SWEEP	d9781168	18	2535432478853823	23	B	0
SWEEP	d9781168	20	-	23	B	0
SWEEP	d9781168	22	-	23	B	0
SWEEP	d9781168	24	-	23	B	0
SWEEP	d9781168	10	2535435655459376	24	A	0
SWEEP	d9781168	12	-	24	A	0
SWEEP	d9781168	14	2535455182553276	24	A	0
SWEEP	d9781168	16	-	24	A	0
SWEEP	d9781168	18	2535432478853823	24	A	0
SWEEP	d9781168	20	-	24	A	0
SWEEP	d9781168	22	-	24	A	0
SWEEP	d9781168	24	-	24	A	0
SWEEP	d9781168	10	2535435655459376	24	B	0
SWEEP	d9781168	12	-	24	B	0
SWEEP	d9781168	14	2535455182553276	24	B	0
SWEEP	d9781168	16	-	24	B	0
SWEEP	d9781168	18	2535432478853823	24	B	0
SWEEP	d9781168	20	-	24	B	0
SWEEP	d9781168	22	-	24	B	0
SWEEP	d9781168	24	-	24	B	0
SWEEP	d9781168	10	2535435655459376	25	A	0
SWEEP	d9781168	12	-	25	A	0
SWEEP	d9781168	14	2535455182553276	25	A	0
SWEEP	d9781168	16	-	25	A	0
SWEEP	d9781168	18	2535432478853823	25	A	0
SWEEP	d9781168	20	-	25	A	0
SWEEP	d9781168	22	-	25	A	0
SWEEP	d9781168	24	-	25	A	0
SWEEP	d9781168	10	2535435655459376	25	B	0
SWEEP	d9781168	12	-	25	B	0
SWEEP	d9781168	14	2535455182553276	25	B	0
SWEEP	d9781168	16	-	25	B	0
SWEEP	d9781168	18	2535432478853823	25	B	0
SWEEP	d9781168	20	-	25	B	0
SWEEP	d9781168	22	-	25	B	0
SWEEP	d9781168	24	-	25	B	0
SWEEP	d9781168	10	2535435655459376	26	A	0
SWEEP	d9781168	12	-	26	A	0
SWEEP	d9781168	14	2535455182553276	26	A	0
SWEEP	d9781168	16	-	26	A	0
SWEEP	d9781168	18	2535432478853823	26	A	0
SWEEP	d9781168	20	-	26	A	0
SWEEP	d9781168	22	-	26	A	0
SWEEP	d9781168	24	-	26	A	0
SWEEP	d9781168	10	2535435655459376	26	B	0
SWEEP	d9781168	12	-	26	B	0
SWEEP	d9781168	14	2535455182553276	26	B	0
SWEEP	d9781168	16	-	26	B	0
SWEEP	d9781168	18	2535432478853823	26	B	0
SWEEP	d9781168	20	-	26	B	0
SWEEP	d9781168	22	-	26	B	0
SWEEP	d9781168	24	-	26	B	0
SWEEP	d9781168	10	2535435655459376	27	A	0
SWEEP	d9781168	12	-	27	A	0
SWEEP	d9781168	14	2535455182553276	27	A	0
SWEEP	d9781168	16	-	27	A	0
SWEEP	d9781168	18	2535432478853823	27	A	0
SWEEP	d9781168	20	-	27	A	0
SWEEP	d9781168	22	-	27	A	0
SWEEP	d9781168	24	-	27	A	0
SWEEP	d9781168	10	2535435655459376	27	B	0
SWEEP	d9781168	12	-	27	B	0
SWEEP	d9781168	14	2535455182553276	27	B	0
SWEEP	d9781168	16	-	27	B	0
SWEEP	d9781168	18	2535432478853823	27	B	0
SWEEP	d9781168	20	-	27	B	0
SWEEP	d9781168	22	-	27	B	0
SWEEP	d9781168	24	-	27	B	0
ISSUE d9781168 : ok code=0 duree=693ms pic=0.01 Gio
PASSE — 4 film(s) : ok=4
EXIT_SWEEP=0
===== CONFRONTATION (moities du protocole §7) =====
CONFRONTATION : recherche [24dbb67d 92f18088] · verification [43716616 d9781168] · seuils accord >= 90 %, >= 6 paires dont >= 3 non nulles
COLONNE skull_grabs [n] : meilleur accord de RECHERCHE comp 4 B -> 12/15 = 80.0 % (4 paire(s) non nulle(s))
NEGATIF skull_grabs [n] : aucun candidat au seuil sur la moitie de recherche (meilleur : comp 4 B a 12/15 = 80.0 % (4 paire(s) non nulle(s)))
COLONNE skull_scoring_ticks [n] : meilleur accord de RECHERCHE comp 0 A -> 3/15 = 20.0 % (14 paire(s) non nulle(s))
NEGATIF skull_scoring_ticks [n] : aucun candidat au seuil sur la moitie de recherche (meilleur : comp 0 A a 3/15 = 20.0 % (14 paire(s) non nulle(s)))
COLONNE skull_carriers_killed [n] : meilleur accord de RECHERCHE comp 20 B -> 6/15 = 40.0 % (10 paire(s) non nulle(s))
NEGATIF skull_carriers_killed [n] : aucun candidat au seuil sur la moitie de recherche (meilleur : comp 20 B a 6/15 = 40.0 % (10 paire(s) non nulle(s)))
COLONNE time_as_skull_carrier_seconds [s] : meilleur accord de RECHERCHE comp 0 A -> 2/15 = 13.3 % (14 paire(s) non nulle(s))
NEGATIF time_as_skull_carrier_seconds [s] : aucun candidat au seuil sur la moitie de recherche (meilleur : comp 0 A a 2/15 = 13.3 % (14 paire(s) non nulle(s)))
COLONNE time_as_skull_carrier_seconds [ds] : meilleur accord de RECHERCHE comp 22 B -> 3/15 = 20.0 % (14 paire(s) non nulle(s))
NEGATIF time_as_skull_carrier_seconds [ds] : aucun candidat au seuil sur la moitie de recherche (meilleur : comp 22 B a 3/15 = 20.0 % (14 paire(s) non nulle(s)))
COLONNE longest_time_as_skull_carrier_seconds [s] : meilleur accord de RECHERCHE comp 0 A -> 2/15 = 13.3 % (14 paire(s) non nulle(s))
NEGATIF longest_time_as_skull_carrier_seconds [s] : aucun candidat au seuil sur la moitie de recherche (meilleur : comp 0 A a 2/15 = 13.3 % (14 paire(s) non nulle(s)))
COLONNE longest_time_as_skull_carrier_seconds [ds] : meilleur accord de RECHERCHE comp 22 A -> 4/15 = 26.7 % (14 paire(s) non nulle(s))
NEGATIF longest_time_as_skull_carrier_seconds [ds] : aucun candidat au seuil sur la moitie de recherche (meilleur : comp 22 A a 4/15 = 26.7 % (14 paire(s) non nulle(s)))
EXIT_CONFRONT=0
===== VERDICT O4 (protocole §7) =====
LE STATBORG NE REPLIQUE PAS un compteur de crane, au sens de la mesure declaree : aucun des 56 emplacements
(composants 0..27, cotes A et B) n'atteint le seuil de candidature (accord >= 90 % sur la moitie de recherche,
15 paires joueur-film confrontables) pour AUCUNE des 5 colonnes oracle ni AUCUN des encodages declares.
Meilleurs accords de recherche : skull_grabs comp 4 B 80,0 % (12/15, dont 11 zeros — 4 paires non nulles seulement) ;
skull_carriers_killed comp 20 B 40,0 % ; skull_scoring_ticks comp 0 A 20,0 % ; temps [s]/[ds] 13,3-26,7 %.
La moitie de VERIFICATION (43716616, d9781168) n'a jamais ete atteinte : aucun candidat.
CONTROLE POSITIF DE LECTURE (interne) : le pont d'identite a nomme 8/7 slots sur la moitie de recherche en
appariant la progression de `comp 2 B` (morts) au fil des morts du film — le balayage lit donc le statborg
correctement ; le negatif porte sur l'ABSENCE d'un compteur de crane replique, pas sur une panne de lecture.
DENOMINATEUR ETROIT DE LA VERIFICATION, publie : le pont statborg ne nomme que 2 slots sur 43716616 et 3 sur
d9781168 (films au pont bipede pourtant sain a 86-88 %) — sans objet ici faute de candidat, mais toute reprise
devra le savoir.
Ce balayage COMPLET (4 films admis, 56 emplacements, moities disjointes) remplace le negatif partiel du
2026-08-18 (26 images-cles d'UN film) et SOLDE la piste P4 du handoff : la condition de reprise D4 (« un
compteur ball control per-joueur au statborg s'il existe ») est mesuree — il n'existe pas dans ce que le
statborg replique.
