RECENSEMENT — 1940 match(s) au registre, 45 mode(s) distinct(s), 87 sans pair_name exploitable
  MODE                                 matchs    films  artefacts  schemas
  Super Fiesta                            428      224          1  20x1
  Slayer                                  436      202          1  20x1
  Team Slayer                             254      185          0  -
  CTF                                     269      123         12  20x12
  Strongholds                              75       50          3  20x3
  King of the Hill                         52       47          4  20x4
  Fiesta Slayer                            31       30          2  20x2
  Neutral Flag CTF                         21       17          8  6x1, 20x7
  Fiesta CTF                               15       14          2  20x2
  Super Husky Raid                         11       11          0  -
                                     287eb52f   Merchant's Square        7dfec55d-d968-4a38-aa68-bc31e8874cfd
                                     30d3c047   Pharaoh                  88d45250-97dd-4a28-8fb2-b52baaeebb39
                                     3c3757e5   Disciple                 525451ca-0bfa-4b5c-8a0f-29524e0f2834
                                     3e06a064   Scarlett's Landing       79042fc0-ba3d-4046-aa97-5a6902462531
                                     52fc79ef   Corpo                    8be179f7-8940-4868-b881-44cad1ca8711
                                     5e121187   Disciple                 525451ca-0bfa-4b5c-8a0f-29524e0f2834
                                     8d4ec71f   Warehouse                5b12d6d9-1b5c-4eac-b2a9-de4c36b8a6d3
                                     9a8d7d9b   Ronin                    f459867d-7457-4397-a332-dbbb6812792a
                                     c3256313   Outlook                  ea7b30e6-d1b9-4c2c-a9e0-de955c48525d
                                     d3df73d9   Urban Raid               be848f91-3d87-4b80-8eb9-df3b52cb8d10
                                     e157a672   Pharaoh                  88d45250-97dd-4a28-8fb2-b52baaeebb39
  Oddball                                  26        7          1  20x1
                                     24dbb67d   Recharge - Ranked        336b5174-3579-4fd8-b2f0-922e4a5f7628
                                     43716616   Smallhalla               98783453-ce40-4020-9e87-62099a290b62
                                     51ebbc0f   Banished Narrows         9ad226d8-8947-4c5b-95bc-d220187698c1
                                     60ae07c4   Live Fire - Ranked       309253f8-7a75-48ff-83e1-e7fb3db2ac47
                                     92f18088   Lattice - Ranked         1a6cfc2e-ec86-48e1-9464-1ce1bff6ed48
                                     c88ec007   Live Fire                6c01f693-c968-4a71-b157-efc35ffcf71f
                                     d9781168   Dredge                   e4bb06db-065f-4902-b93b-d8dac315eac4
  Team Snipers                             10        5          0  -
                                     5d5714e0   Isolation                01af558d-53ab-4f05-ba68-92d805fc6260
                                     69f7fd6a   High Ground              bb7b78ae-3468-46ce-b5ba-cca61c3a338a
                                     6d07c363   Obituary                 a289bafe-102e-4363-98f7-80b596007338
                                     a12f267b   Refuge                   41217472-3020-4bd8-bce9-b2a2b0d50896
                                     bd3b0c08   Takamanohara             edcd4467-6846-455f-ac44-f1034476f774
  Husky Raid                                4        4          1  20x1
                                     1c01e34f   Urban Raid               be848f91-3d87-4b80-8eb9-df3b52cb8d10
                                     38e7c328   Pharaoh                  88d45250-97dd-4a28-8fb2-b52baaeebb39
                                     44c4885e   Merchant's Square        7dfec55d-d968-4a38-aa68-bc31e8874cfd
                                     c0a82e88   Corpo                    8be179f7-8940-4868-b881-44cad1ca8711
  Neutral Bomb                              4        4          0  -
                                     35b75a31   Origin                   b302eb62-da9a-480b-a409-3c89df8c1a04
                                     3d58eb37   Absolution               78da545f-a168-4a5e-9c8d-dd379067c352
                                     69b16f5d   Origin                   b302eb62-da9a-480b-a409-3c89df8c1a04
                                     ce083875   Origin                   b302eb62-da9a-480b-a409-3c89df8c1a04
  Total Control                           110        4          0  -
                                     0862dce4   Highpower                33c6505d-1cfa-43c6-9fa9-311eb0502ad9
                                     66aa5f0b   Command                  2c9f3490-6be2-4d90-9015-02095651e91e
                                     a349fea8   Fragmentation Heavies    0d849a52-fedb-4aea-b5a3-caee268f1f49
                                     a521164d   Fragmentation Heavies    0d849a52-fedb-4aea-b5a3-caee268f1f49
  Fiesta Total Control                      4        3          0  -
                                     2f05dc98   Refuge                   41217472-3020-4bd8-bce9-b2a2b0d50896
                                     bf831a6b   Command                  2c9f3490-6be2-4d90-9015-02095651e91e
                                     d2c64f8c   Fortitude                1ede38fa-4d30-4dfa-a8b7-5d08bf4e46e3
  One Bomb                                  3        3          0  -
                                     9f57c612   Curfew                   63d634be-0319-489d-8c21-9c4e012f664f
                                     c75f33b8   Curfew                   63d634be-0319-489d-8c21-9c4e012f664f
                                     df8fcbef   Curfew                   63d634be-0319-489d-8c21-9c4e012f664f
  One Flag CTF                             11        3          0  -
                                     1c4c63c2   Refuge                   41217472-3020-4bd8-bce9-b2a2b0d50896
                                     443426df   Refuge                   41217472-3020-4bd8-bce9-b2a2b0d50896
                                     58d09c44   Refuge                   41217472-3020-4bd8-bce9-b2a2b0d50896
  VIP                                       3        3          0  -
                                     00761d27   Bazaar                   3e1e4cec-4f2c-44c6-b8d2-96b85c66c702
                                     9903b1c5   Bazaar                   3e1e4cec-4f2c-44c6-b8d2-96b85c66c702
                                     99553e4a   Catalyst                 f7e8cde9-0c0a-487c-94a3-61bfa0f20465
  Extraction                                2        2          0  -
                                     41722c72   Flood Gulch              7097bc4f-efcf-4c5a-a96e-4ddb03e84d2a
                                     be565134   Refuge                   41217472-3020-4bd8-bce9-b2a2b0d50896
  Sentry Defense                            2        2          0  -
                                     50de9126   Oasis Sentry Defense     052956b4-06d1-4f78-9938-6b43c66bb223
                                     f7cf258c   Highpower Sentry Defense 142a5e23-46de-4429-a232-aac4e6459a11
  Stockpile                                39        2          0  -
                                     33b9fbe9   Highpower                c494ef7c-d203-42a9-9c0f-b3f576334501
                                     f8c067d7   Deadlock                 08607bf4-6abe-4a5b-9547-290a6cc1433e
  Castle Wars                               1        1          0  -
                                     3efe4592   Nadair                   6dbd1c0d-a6c2-4697-8453-f0799d941741
  Escalation Slayer                        11        1          0  -
                                     f144db25   Insolence                d5c5eb4f-0dcb-4677-a866-eae0dcbfde9b
  FFA Slayer                                2        1          0  -
                                     1950c59b   Forest                   e8d56863-9ad4-4efe-9059-81270884589c
  Neutral Bomb Squad                        1        1          0  -
                                     34bb3bc8   Rat's Nest               133c0185-24ed-4bc2-b834-62db5c936257
  Shotty Snipe Slayer FFA                   1        1          0  -
                                     610363ee   Dynasty                  cfd90b63-62fd-441a-8015-8d7804b9c3c3
  100e12e4-402a-4163-8073-9d0cf5f658ec        1        0          0  -
  178cb9bc-209b-47a9-b9fe-06b001359ae8        1        0          0  -
  44cb684b-ccc0-4778-9943-f2bcf63d1769        1        0          0  -
  72180250-b204-4847-b6e3-085817578f5e        1        0          0  -
  7c5983b7-99c9-4ea6-a697-44c93de7f8ed        1        0          0  -
  8347c528-7e81-4715-9c77-5fc6c12dd7fe        1        0          0  -
  Arena                                     7        0          0  -
  Arena Neutral Flag                        2        0          0  -
  Attrition                                 2        0          0  -
  Battle of the Academy                     1        0          0  -
  CTF 3 Captures                            1        0          0  -
  Heroic KOTH                               1        0          0  -
  Heroic King of the Hill                   2        0          0  -
  Land Grab                                 1        0          0  -
  Legendary King of the Hill                1        0          0  -
  Shotty Snipes Slayer                      1        0          0  -
  f526fb9e-6259-423b-8da4-048552d148d5        1        0          0  -
  urvive The Undead 3.0                     1        0          0  -
