# D3-bis — TOTAL CONTROL, seuil (2) seul : combien de zones designees par manche (2026-08-27)
# Executeur : un film par processus. a349fea8 EXCLU d'office (bombe memoire connue).

66aa5f0b : 1 manche(s) reelle(s), 4 slot(s) designateur (tag 5 chaine), 93915 lecture(s) ti=13, chainage 6486/44849
  manche 0 [3647 ; 266007] ms : 1 zone(s) designee(s) [406999041]
SIGNAL 66aa5f0b : 0/1 manche(s) a exactement 3 zones = 0.0 % (seuil 80 %) — SOUS LE SEUIL
bf831a6b : 1 manche(s) reelle(s), 3 slot(s) designateur (tag 5 chaine), 158186 lecture(s) ti=13, chainage 9771/78529
  manche 0 [5398 ; 334872] ms : 1 zone(s) designee(s) [1645931192]
SIGNAL bf831a6b : 0/1 manche(s) a exactement 3 zones = 0.0 % (seuil 80 %) — SOUS LE SEUIL
a521164d : 1 manche(s) reelle(s), 40 slot(s) designateur (tag 5 chaine), 327145 lecture(s) ti=13, chainage 10043/189128
  manche 0 [3 ; 358606] ms : 54 zone(s) designee(s) [705855570 705855573 705855647 705856992 706826030 1076369039 1083179510 1083179556 1083376801 1085015272 1085277563 1085346717 1088948806 1091307749 1091442603 1091442979 1091900619 1092028368 1093665402 1093999814 1095113835 1101077571 1103959776 1754812800 1833435136 2631587464 3219988122 3220836320 3221624536 3223655061 3224638102 3224769174 3224900246 3225162391 3226011486 3228571109 3231252702 3231588077 3237153220 3237941819 3238336906 3239712684 3241289972 3241411154 3241411194 3241607802 3241869946 3242269194 3243839641 3252890703 3252946612 3261536434 3832327985 4137747824]
SIGNAL a521164d : 0/1 manche(s) a exactement 3 zones = 0.0 % (seuil 80 %) — SOUS LE SEUIL
2f05dc98 : 1 manche(s) reelle(s), 18 slot(s) designateur (tag 5 chaine), 1053410 lecture(s) ti=13, chainage 77355/700578
  manche 0 [7681 ; 769326] ms : 19 zone(s) designee(s) [218790676 281448267 282432403 282497731 282561083 283544491 284850964 298261284 350980667 1316996210 1377934366 1619629372 1994488862 1994497054 3005560768 3301695258 3414588112 3446390589 3699599372]
SIGNAL 2f05dc98 : 0/1 manche(s) a exactement 3 zones = 0.0 % (seuil 80 %) — SOUS LE SEUIL
0862dce4 : 1 manche(s) reelle(s), 79 slot(s) designateur (tag 5 chaine), 1426526 lecture(s) ti=13, chainage 79741/895626
  manche 0 [2705 ; 937357] ms : 119 zone(s) designee(s) [43518097 55593912 110626961 135739623 140249360 140296393 140832929 140884133 140943379 177735825 244844689 294515255 311953553 379062417 408531164 408766611 408828107 409569521 412766209 446171281 449946389 513280145 580389009 647497873 714606737 848824465 943042786 945572051 945578013 946122833 946481367 946919661 983042193 1050151057 1117259921 1158540123 1184368785 1214091484 1214134476 1214197906 1214228543 1214308355 1214347331 1251477649 1318586513 1385695377 1452804241 1475537107 1482584300 1519913105 1587021969 1650753536 1654130833 1690514194 1721239697 1749491949 1750864059 1750925542 1750939895 1751097532 1751138351 1751812322 1788348561 1855457425 1922566289 2019528941 2019692720 2020227126 2281253098 2287874180 2287937705 2287949834 2318503944 2536463606 2549752042 2556170412 2556264630 2556805278 2556874955 2557034746 2557098249 2593655016 2818248938 2824546433 2824624256 2824706049 2824808632 2824978594 2825482309 2825492661 2825494674 2952807418 3093964914 3094001698 3179427877 3179431991 3222909743 3223434764 3361478702 3362404537 3588529571 3615643701 3629840422 3662396120 3894321646 3898460395 3898484913 3898806416 4028964162 4070049964 4115853017 4137158828 4160606442 4160749605 4166836477 4166889482 4167710896 4204267692 4271376556]
SIGNAL 0862dce4 : 0/1 manche(s) a exactement 3 zones = 0.0 % (seuil 80 %) — SOUS LE SEUIL
d2c64f8c : 1 manche(s) reelle(s), 24 slot(s) designateur (tag 5 chaine), 1689543 lecture(s) ti=13, chainage 79725/1002091
  manche 0 [0 ; 1120981] ms : 23 zone(s) designee(s) [74866914 321536001 335497172 368454548 405426177 637206490 661446562 915307528 1026879710 1027175218 1161557322 1340963980 1468357599 2405891252 2425618501 2720074043 2738944705 3074391008 3385397261 3460800515 3752417279 4035460021 4139469197]
SIGNAL d2c64f8c : 0/1 manche(s) a exactement 3 zones = 0.0 % (seuil 80 %) — SOUS LE SEUIL
