=== LOT A PHASE 2 — gates web (worktree wt/score-web) ===

[A.2.0] frontiere + garde etendue + module pur
EXIT_VITEST_A20=0  (55 tests : scoreTimelineLogic 30, replayContract 22, objectivesLayer 3)
EXIT_TSC_A20=0
EXIT_LINT_A20=0  (19 avertissements, tous preexistants ; 0 erreur ; aucun sur les fichiers du lot)

[A.2.1] rejeu : score vivant en-tete + fiches, retournements sur la frise
EXIT_VITEST_A21=0  (49 fichiers, 710 tests — suite match-replay complete)
EXIT_TSC_A21=0
EXIT_LINT_A21=0  (19 avertissements = baseline exacte, 0 erreur)
Cliquet ReplayCanvas.tsx : 861/861 (extraction useLeadMarks.ts plutot que relevement)

[A.2.2] match view : MatchScoreCurveChart dans le deroule du match
EXIT_VITEST_A22=0  (78 fichiers, 989 tests — match-replay + match-view + lib/formatters)
EXIT_TSC_A22=0
EXIT_LINT_A22=0  (19 avertissements = baseline exacte, 0 erreur)

=== [A.2.3] GATES DE CLOTURE — 2026-08-18 08:56 ===
EXIT_TSC=0
EXIT_VITEST=0
 Test Files  73 passed (73)
      Tests  930 passed (930)
EXIT_LINT=0
  81:5  warning  Unused eslint-disable directive (no problems were reported from 'react-hooks/exhaustive-deps')
  74:5  warning  Unused eslint-disable directive (no problems were reported from 'react-hooks/exhaustive-deps')
✖ 19 problems (0 errors, 19 warnings)

=== [CORRECTIF P8.5] la logique du score passe dans lib/replay — 2026-08-18 ===
RATCHET cross-feature : 11 (> plafond 7, PUSH BLOQUE) -> 7 (= plafond, EXIT 0)
  dont lot A phase 2 : 4 occurrences -> 0
  3 supprimees par le deplacement dans lib/replay/scoreTimeline.ts
  1 (useMatchReplay) declaree : paire match-view=>match-replay, justification ecrite
  les 7 restants sont PREEXISTANTS (6 fichiers : ascension x2, explorer, match-view x2, squad)
EXIT_RATCHET=0
EXIT_TSC=0
EXIT_VITEST=0  (162 fichiers, 1852 tests — match-replay + match-view + lib)
  NB : src/lib/title-routing/langSegmentInheritance.test.ts a flake 2 fois sur 3 passes
  (timeout a 5017 et 5039 ms sur une limite de 5000) ; vert seul et a la 3e passe complete.
  Fichier NON touche par le lot — flake de charge preexistant.
EXIT_LINT=0  (19 avertissements = baseline exacte, 0 erreur)
