=== RUN   TestTi13EtatLotCbis
    ti13_etat_test.go:93: FILM 696a9d7c — 36270 records ti=13 ancres, 8285 entierement consommes · ORACLE "zone" : 77 evenements d'objectif
    ti13_etat_test.go:95:   TEMOINS D'ANCRAGE : bande fantome (vide) 26217 records · purete ti=4 33874 records dont 1.10 % hors grammaire
    ti13_etat_test.go:98:   VALEURS RECOLTEES : i1 scalaire 4086 · i2..i33 par joueur 7084
    ti13_etat_test.go:102: 
    ti13_etat_test.go:102: === (a) TAG 5 identifiant de chaine — 4 slots en portent
    ti13_etat_test.go:102:   slot 1525 : identifiant dominant 0x67F43AC3 sur 1 emissions (100.0 %), 1 valeurs distinctes
    ti13_etat_test.go:102:   slot 1526 : identifiant dominant 0xD690D6B4 sur 1 emissions (100.0 %), 1 valeurs distinctes
    ti13_etat_test.go:102:   slot 1527 : identifiant dominant 0xF2F9EB27 sur 1 emissions (100.0 %), 1 valeurs distinctes
    ti13_etat_test.go:102:   slot 1537 : identifiant dominant 0xE2D00983 sur 1 emissions (100.0 %), 1 valeurs distinctes
    ti13_etat_test.go:102:   VERDICT (a) : aucun slot n'atteint 10 emissions — NON JUGEABLE sur ce film
    ti13_etat_test.go:103: 
    ti13_etat_test.go:103: === (b) TAG 3 rampe quantifiee — 3394 valeurs sur 5 slots · 85 rampes
    ti13_etat_test.go:103:   amplitude des rampes (quanta sur 2^24) : min 7191 · mediane 82693 · max 2516583 (soit 0.086 a 30.000 unite sur [-100, +100])
    ti13_etat_test.go:103:   captures couvertes par un sommets de rampe dans +/- 2000 ms : 73/77 = 94.8 % (seuil 80 %)
    ti13_etat_test.go:103:   temoin decale (+20000 ms) : 41/77 = 53.2 % (doit etre sous la MOITIE du reel, soit 47.4 %)
    ti13_etat_test.go:103:   NIVEAU DU HASARD : 60.8 % (85 instants, fenetre +/- 2000 ms, duree 558851 ms)
    ti13_etat_test.go:103:   VERDICT (b) : NON TENU
    ti13_etat_test.go:104: 
    ti13_etat_test.go:104: === (c) TAG 4 (R32) — 148 valeurs sur 9 slots
    ti13_etat_test.go:104:   slot 1530 : 12 valeurs, 2 distinctes (seuil <= 8)
    ti13_etat_test.go:104:   slot 1531 : 34 valeurs, 3 distinctes (seuil <= 8)
    ti13_etat_test.go:104:   slot 1535 : 16 valeurs, 3 distinctes (seuil <= 8)
    ti13_etat_test.go:104:   slot 1536 : 35 valeurs, 6 distinctes (seuil <= 8)
    ti13_etat_test.go:104:   slot 1537 : 2 valeurs, 2 distinctes (seuil <= 8)
    ti13_etat_test.go:104:   slot 1539 : 1 valeurs, 1 distinctes (seuil <= 8)
    ti13_etat_test.go:104:   slot 1540 : 10 valeurs, 2 distinctes (seuil <= 8)
    ti13_etat_test.go:104:   slot 1541 : 31 valeurs, 3 distinctes (seuil <= 8)
    ti13_etat_test.go:104:   slot 1546 : 7 valeurs, 2 distinctes (seuil <= 8)
    ti13_etat_test.go:104:   ENUMERABILITE : 6/6 slots juges ont <= 8 valeurs distinctes = 100.0 % : TENUE
    ti13_etat_test.go:104:   135 changements de valeur detectes
    ti13_etat_test.go:104:   captures couvertes par un changement de valeur dans +/- 2000 ms : 77/77 = 100.0 % (seuil 80 %)
    ti13_etat_test.go:104:   temoin decale (+20000 ms) : 41/77 = 53.2 % (doit etre sous la MOITIE du reel, soit 50.0 %)
    ti13_etat_test.go:104:   NIVEAU DU HASARD : 96.6 % (135 instants, fenetre +/- 2000 ms, duree 558851 ms)
    ti13_etat_test.go:104:   VERDICT (c/TAG 4 (R32)) : NON TENU
    ti13_etat_test.go:104: 
    ti13_etat_test.go:104: === (c) TAG 1 (enumere) — 4 valeurs sur 4 slots
    ti13_etat_test.go:104:   slot 1522 : 1 valeurs, 1 distinctes (seuil <= 8)
    ti13_etat_test.go:104:   slot 1525 : 1 valeurs, 1 distinctes (seuil <= 8)
    ti13_etat_test.go:104:   slot 1529 : 1 valeurs, 1 distinctes (seuil <= 8)
    ti13_etat_test.go:104:   slot 1537 : 1 valeurs, 1 distinctes (seuil <= 8)
    ti13_etat_test.go:104:   ENUMERABILITE : aucun slot n'atteint 10 valeurs — non jugeable
    ti13_etat_test.go:104:   0 changements de valeur detectes
    ti13_etat_test.go:104:   captures couvertes par un changement de valeur dans +/- 2000 ms : 0/77 = 0.0 % (seuil 80 %)
    ti13_etat_test.go:104:   temoin decale (+20000 ms) : 0/77 = 0.0 % (doit etre sous la MOITIE du reel, soit 0.0 %)
    ti13_etat_test.go:104:   NIVEAU DU HASARD : 0.0 % (0 instants, fenetre +/- 2000 ms, duree 558851 ms)
    ti13_etat_test.go:104:   VERDICT (c/TAG 1 (enumere)) : NON TENU
    ti13_etat_test.go:105: 
    ti13_etat_test.go:105: === (d) UNICITE : une seule zone active a la fois ? — 85 rampes sur 5 slots
    ti13_etat_test.go:105:   temps couvert par au moins une rampe : 516496 ms, dont 23896 ms par UNE SEULE = 4.6 % (seuil 90 %) : NON TENUE
    ti13_etat_test.go:106: 
    ti13_etat_test.go:106: === (d bis / e) VALEURS PAR JOUEUR (i2..i33) — 7084 echantillons
    ti13_etat_test.go:106:   distribution des tags : t0:3498 (49.4 %) t2:1147 (16.2 %) t9:562 (7.9 %) t8:235 (3.3 %) t15:234 (3.3 %) t3:216 (3.0 %)
    ti13_etat_test.go:106:   joueur 0 : 17 valeurs, 14 distinctes
    ti13_etat_test.go:106:   joueur 1 : 27 valeurs, 17 distinctes
    ti13_etat_test.go:106:   joueur 2 : 47 valeurs, 24 distinctes
    ti13_etat_test.go:106:   joueur 3 : 20 valeurs, 18 distinctes
    ti13_etat_test.go:106:   joueur 4 : 30 valeurs, 20 distinctes
    ti13_etat_test.go:106:   joueur 5 : 44 valeurs, 13 distinctes
    ti13_etat_test.go:106:   joueur 6 : 29 valeurs, 23 distinctes
    ti13_etat_test.go:106:   joueur 7 : 24 valeurs, 17 distinctes
    ti13_etat_test.go:106:   joueur 8 : 32 valeurs, 15 distinctes
    ti13_etat_test.go:106:   joueur 9 : 22 valeurs, 16 distinctes
    ti13_etat_test.go:106:   joueur 10 : 27 valeurs, 15 distinctes
    ti13_etat_test.go:106:   joueur 11 : 35 valeurs, 14 distinctes
    ti13_etat_test.go:106:   joueur 12 : 29 valeurs, 14 distinctes
    ti13_etat_test.go:106:   joueur 13 : 42 valeurs, 13 distinctes
    ti13_etat_test.go:106:   joueur 14 : 49 valeurs, 28 distinctes
    ti13_etat_test.go:106:   joueur 15 : 28 valeurs, 18 distinctes
    ti13_etat_test.go:106:   joueur 16 : 27 valeurs, 16 distinctes
    ti13_etat_test.go:106:   joueur 17 : 52 valeurs, 20 distinctes
    ti13_etat_test.go:106:   joueur 18 : 40 valeurs, 23 distinctes
    ti13_etat_test.go:106:   joueur 19 : 17 valeurs, 5 distinctes
    ti13_etat_test.go:106:   joueur 20 : 21 valeurs, 13 distinctes
    ti13_etat_test.go:106:   joueur 21 : 21 valeurs, 12 distinctes
    ti13_etat_test.go:106:   joueur 22 : 23 valeurs, 12 distinctes
    ti13_etat_test.go:106:   joueur 23 : 566 valeurs, 13 distinctes
    ti13_etat_test.go:106:   joueur 24 : 51 valeurs, 15 distinctes
    ti13_etat_test.go:106:   joueur 25 : 174 valeurs, 19 distinctes
    ti13_etat_test.go:106:   joueur 26 : 10 valeurs, 7 distinctes
    ti13_etat_test.go:106:   joueur 27 : 19 valeurs, 13 distinctes
    ti13_etat_test.go:106:   joueur 28 : 32 valeurs, 14 distinctes
    ti13_etat_test.go:106:   joueur 29 : 14 valeurs, 12 distinctes
    ti13_etat_test.go:106:   joueur 30 : 15 valeurs, 12 distinctes
    ti13_etat_test.go:106:   joueur 31 : 27 valeurs, 11 distinctes
    ti13_etat_test.go:106:   RESERVE : la phase 0 a mesure qu'en Strongholds le trafic apparent de ces composants est de la CONTAMINATION d'ancrage (0 % de chainage). Les chiffres ci-dessus ne valent que sur les films ou le chainage les valide (KOTH).
    ti13_etat_test.go:107:   ecrit : C:\Users\Guillaume\Projects\LevelUp-wt-zones-ti13\.ai\V7.5\replay2d\registre_film\lotC\696a9d7c_ti13_etat.tsv (2113 octets)
--- PASS: TestTi13EtatLotCbis (63.10s)
PASS
