=== RUN   TestZoneEtatPhase2a
    zone_state_p2a_test.go:92: FILM 606d9844 (KOTH, chasm) — 20 slots dans la bande ti=13 · 1335 records ancres, 969 rejoues entierement, 589 CHAINES (60.8 %)
    zone_state_p2a_test.go:95:   VALEURS : i1 scalaire 372 · i2..i33 par joueur 1601 · film de 247114 ms (0 -> 247114)
    zone_state_p2a_test.go:97:   CHAINAGE par population : records SCALAIRES (i0/i1 seuls) 349/371 = 94.1 % · records PAR JOUEUR 240/598 = 40.1 % · temoin decale de 3 bits 6/969 = 0.6 %
2026/08/18 13:01:10 INFO pont slot->joueur slots=38 viesNommees=35 viesTotal=56 lecturesIndex=13 desaccordsIndex=0 collisionsSlot=0
2026/08/18 13:01:10 INFO rejeu : poses d'equipement balaye=false calibre=false decoupage="" poses=0 nommees=0 autres=0 avecPoseur=0 avecCap=0 deployees=0 lachees=0 origineInconnue=0
2026/08/18 13:01:10 INFO rejeu : socles d'arme au sol balaye=false ancres=0 acceptees=0 retenues=0 ecartees=0 lachees=0 apparues=0 auRepos=0 grappes=0 socles=0 occupations=0 datees=0 sansPassage=0 jamaisVidees=0 cyclesEtablis=0
2026/08/18 13:01:10 INFO rejeu : episodes d'equipement actif viesPubliees=42 viesCamo=0 episodesCamo=0 viesSurbouclier=0 episodesSurbouclier=0
2026/08/18 13:01:10 INFO rejeu : palette de capacites palette="non classee" lectures=0 rangsNommes=0
2026/08/18 13:01:10 INFO rejeu : couverture par calque tirsRattaches=0 tirsDisponibles=0 tirsSansSlot=0 tirsAmbigus=0 tirsHorsFenetre=0 tirsNonPublies=0 grenadesRattachees=0 grenadesDisponibles=0 verdictTirs="aucune donnée" verdictGrenades="aucune donnée" verdictPont=nominal
    zone_state_p2a_test.go:108:   REJEU : 42 trajectoires, 2342 frames de 100 ms, origine 6890 ms · CATALOGUE : 8 zones
    zone_state_p2a_test.go:117: 
    zone_state_p2a_test.go:117: === STRUCTURE de ti=13 — 16 slots emettent une valeur scalaire
    zone_state_p2a_test.go:117:     slot 1413  nom i0 0x002742DA x1 · tag dominant 15 (1/1)
    zone_state_p2a_test.go:117:     slot 1415  nom i0 (jamais emis) · tag dominant 8 (1/1)
    zone_state_p2a_test.go:117:     slot 1416  nom i0 (jamais emis) · tag dominant 12 (1/2)
    zone_state_p2a_test.go:117:     slot 1417  nom i0 0xFBE080EF x1 · tag dominant 10 (1/3)
    zone_state_p2a_test.go:117:     slot 1419  nom i0 0x1853EAC2 x1 · tag dominant 15 (1/1)
    zone_state_p2a_test.go:117:     slot 1420  nom i0 0xA1FE6A9E x1 · tag dominant 1 (1/1)
    zone_state_p2a_test.go:117:     slot 1423  nom i0 0xE407C9E1 x1 · tag dominant 6 (2/3)
    zone_state_p2a_test.go:117:     slot 1424  nom i0 0x00000660 x3 · tag dominant 6 (2/2)
    zone_state_p2a_test.go:117:     slot 1425  nom i0 0x37D3C101 x1 · tag dominant 6 (1/2)
    zone_state_p2a_test.go:117:     slot 1426  nom i0 0x19A6BA9C x1 · tag dominant 5 (1/1)
    zone_state_p2a_test.go:117:     slot 1427  nom i0 0x37EDC101 x1 · tag dominant 10 (2/3)
    zone_state_p2a_test.go:117:     slot 1497  nom i0 0x8002AB20 x1 · tag dominant 12 (1/1)
    zone_state_p2a_test.go:117:     slot 1498  nom i0 0x62AAC800 x1 · tag dominant 5 (2/4)
    zone_state_p2a_test.go:117:     slot 1499  nom i0 0x8002AB20 x1 · tag dominant 4 (13/14)
    zone_state_p2a_test.go:117:     slot 1500  nom i0 0x00000406 x1 · tag dominant 4 (14/16)
    zone_state_p2a_test.go:117:     slot 1501  nom i0 0x602AC81E x1 · tag dominant 3 (316/317)
    zone_state_p2a_test.go:118: 
    zone_state_p2a_test.go:118: === CB.2a.1 APPARIEMENT slot ti=13 -> zone — 0 captures identifiees par xuid
    zone_state_p2a_test.go:118:   aucun oracle nomme sur ce mode : volet CB.2a.1 SANS OBJET (attendu hors zones)
    zone_state_p2a_test.go:120: 
    zone_state_p2a_test.go:120: === CB.2a.2 SEMANTIQUE DU TAG 4
    zone_state_p2a_test.go:120:   aucune carte slot -> zone : volet CB.2a.2 SANS OBJET sur ce film
    zone_state_p2a_test.go:122: 
    zone_state_p2a_test.go:122: === CB.2a.3 KOTH — zone active appariee par la grappe des positions
    zone_state_p2a_test.go:122:   7 rampes -> 7 periodes brutes, attribuees par la grappe puis fusionnees
    zone_state_p2a_test.go:122:   periode slot 1501  [  44794 ;   51834]   7040 ms -> zone rang 4 (InstanceID 0) · 27/54 positions dedans (2e zone 9) · temoin translate 27
    zone_state_p2a_test.go:122:   periode slot 1501  [  51834 ;   99035]  47201 ms -> zone rang 0 (InstanceID 0) · 61/263 positions dedans (2e zone 55) · temoin translate 70
    zone_state_p2a_test.go:122:   periode slot 1501  [  99035 ;  119071]  20036 ms -> zone rang 4 (InstanceID 0) · 272/968 positions dedans (2e zone 192) · temoin translate 260
    zone_state_p2a_test.go:122:   periode slot 1501  [ 119071 ;  173743]  54672 ms -> zone rang 5 (InstanceID 0) · 951/2893 positions dedans (2e zone 571) · temoin translate 470
    zone_state_p2a_test.go:122:   periode slot 1501  [ 173743 ;  247114]  73371 ms -> zone rang 3 (InstanceID 0) · 293/1374 positions dedans (2e zone 244) · temoin translate 279
    zone_state_p2a_test.go:122:   NETTETE : 0/5 periodes ou la zone retenue devance la 2e d'un facteur 2 ET bat le temoin translate — 0 ms sur 202320 ms attribues (0.0 %)
    zone_state_p2a_test.go:122:   5 periodes · temps couvert 202320 ms dont 202320 ms ATTRIBUES a une zone = 81.9 % du film (247114 ms) — seuil 80 % : TENU
    zone_state_p2a_test.go:122:   GRAPPE : 1604/5552 positions dans la zone retenue (28.9 %) · TEMOIN zones a 12 m : 1106 (19.9 %)
--- PASS: TestZoneEtatPhase2a (40.84s)
PASS
ok  	levelup/go-api/internal/analysis/replay	41.946s
