=== RUN   TestTi13EtatLotCbis
    ti13_etat_test.go:93: FILM 01e1f945 — 6483 records ti=13 ancres, 4891 entierement consommes · ORACLE "none" : 0 evenements d'objectif
    ti13_etat_test.go:95:   TEMOINS D'ANCRAGE : bande fantome (vide) 14236 records · purete ti=4 32534 records dont 0.73 % hors grammaire
    ti13_etat_test.go:98:   VALEURS RECOLTEES : i1 scalaire 3423 · i2..i33 par joueur 3603
    ti13_etat_test.go:102: 
    ti13_etat_test.go:102: === (a) TAG 5 identifiant de chaine — 4 slots en portent
    ti13_etat_test.go:102:   slot 1395 : identifiant dominant 0x6050ABD7 sur 1 emissions (100.0 %), 1 valeurs distinctes
    ti13_etat_test.go:102:   slot 1396 : identifiant dominant 0x3327C7DA sur 1 emissions (100.0 %), 1 valeurs distinctes
    ti13_etat_test.go:102:   slot 1397 : identifiant dominant 0xF2F9EB27 sur 1 emissions (100.0 %), 1 valeurs distinctes
    ti13_etat_test.go:102:   slot 1471 : identifiant dominant 0x78F81557 sur 4 emissions (25.0 %), 4 valeurs distinctes
    ti13_etat_test.go:102:   VERDICT (a) : aucun slot n'atteint 10 emissions — NON JUGEABLE sur ce film
    ti13_etat_test.go:103: 
    ti13_etat_test.go:103: === (b) TAG 3 rampe quantifiee — 3166 valeurs sur 2 slots · 60 rampes
    ti13_etat_test.go:103:   amplitude des rampes (quanta sur 2^24) : min 4895 · mediane 81090 · max 82491 (soit 0.058 a 0.983 unite sur [-100, +100])
    ti13_etat_test.go:103:   volet (b) : ORACLE ABSENT sur ce film (famille "none") — aucune capture nommee, le volet n'est pas jugeable ici
    ti13_etat_test.go:104: 
    ti13_etat_test.go:104: === (c) TAG 4 (R32) — 209 valeurs sur 8 slots
    ti13_etat_test.go:104:   slot 1385 : 1 valeurs, 1 distinctes (seuil <= 8)
    ti13_etat_test.go:104:   slot 1386 : 1 valeurs, 1 distinctes (seuil <= 8)
    ti13_etat_test.go:104:   slot 1387 : 1 valeurs, 1 distinctes (seuil <= 8)
    ti13_etat_test.go:104:   slot 1388 : 2 valeurs, 2 distinctes (seuil <= 8)
    ti13_etat_test.go:104:   slot 1395 : 1 valeurs, 1 distinctes (seuil <= 8)
    ti13_etat_test.go:104:   slot 1396 : 1 valeurs, 1 distinctes (seuil <= 8)
    ti13_etat_test.go:104:   slot 1472 : 98 valeurs, 3 distinctes (seuil <= 8)
    ti13_etat_test.go:104:   slot 1473 : 104 valeurs, 3 distinctes (seuil <= 8)
    ti13_etat_test.go:104:   ENUMERABILITE : 2/2 slots juges ont <= 8 valeurs distinctes = 100.0 % : TENUE
    ti13_etat_test.go:104:   198 changements de valeur detectes
    ti13_etat_test.go:104:   volet (c/TAG 4 (R32)) : ORACLE ABSENT sur ce film (famille "none") — aucune capture nommee, le volet n'est pas jugeable ici
    ti13_etat_test.go:104: 
    ti13_etat_test.go:104: === (c) TAG 1 (enumere) — 2 valeurs sur 2 slots
    ti13_etat_test.go:104:   slot 1388 : 1 valeurs, 1 distinctes (seuil <= 8)
    ti13_etat_test.go:104:   slot 1393 : 1 valeurs, 1 distinctes (seuil <= 8)
    ti13_etat_test.go:104:   ENUMERABILITE : aucun slot n'atteint 10 valeurs — non jugeable
    ti13_etat_test.go:104:   0 changements de valeur detectes
    ti13_etat_test.go:104:   volet (c/TAG 1 (enumere)) : ORACLE ABSENT sur ce film (famille "none") — aucune capture nommee, le volet n'est pas jugeable ici
    ti13_etat_test.go:105: 
    ti13_etat_test.go:105: === (d) UNICITE : une seule zone active a la fois ? — 60 rampes sur 2 slots
    ti13_etat_test.go:105:   temps couvert par au moins une rampe : 293244 ms, dont 293244 ms par UNE SEULE = 100.0 % (seuil 90 %) : TENUE
    ti13_etat_test.go:106: 
    ti13_etat_test.go:106: === (d bis / e) VALEURS PAR JOUEUR (i2..i33) — 3603 echantillons
    ti13_etat_test.go:106:   distribution des tags : t7:1809 (50.2 %) t8:265 (7.4 %) t15:258 (7.2 %) t0:239 (6.6 %) t6:156 (4.3 %) t4:127 (3.5 %)
    ti13_etat_test.go:106:   joueur 0 : 248 valeurs, 51 distinctes
    ti13_etat_test.go:106:   joueur 1 : 212 valeurs, 52 distinctes
    ti13_etat_test.go:106:   joueur 2 : 258 valeurs, 51 distinctes
    ti13_etat_test.go:106:   joueur 3 : 247 valeurs, 51 distinctes
    ti13_etat_test.go:106:   joueur 4 : 241 valeurs, 47 distinctes
    ti13_etat_test.go:106:   joueur 5 : 240 valeurs, 45 distinctes
    ti13_etat_test.go:106:   joueur 6 : 251 valeurs, 54 distinctes
    ti13_etat_test.go:106:   joueur 7 : 235 valeurs, 42 distinctes
    ti13_etat_test.go:106:   joueur 8 : 74 valeurs, 46 distinctes
    ti13_etat_test.go:106:   joueur 9 : 20 valeurs, 16 distinctes
    ti13_etat_test.go:106:   joueur 10 : 22 valeurs, 15 distinctes
    ti13_etat_test.go:106:   joueur 11 : 25 valeurs, 16 distinctes
    ti13_etat_test.go:106:   joueur 12 : 16 valeurs, 13 distinctes
    ti13_etat_test.go:106:   joueur 13 : 11 valeurs, 7 distinctes
    ti13_etat_test.go:106:   joueur 14 : 41 valeurs, 35 distinctes
    ti13_etat_test.go:106:   joueur 15 : 13 valeurs, 8 distinctes
    ti13_etat_test.go:106:   joueur 16 : 76 valeurs, 16 distinctes
    ti13_etat_test.go:106:   joueur 17 : 21 valeurs, 12 distinctes
    ti13_etat_test.go:106:   joueur 18 : 26 valeurs, 17 distinctes
    ti13_etat_test.go:106:   joueur 19 : 21 valeurs, 13 distinctes
    ti13_etat_test.go:106:   joueur 20 : 11 valeurs, 10 distinctes
    ti13_etat_test.go:106:   joueur 21 : 45 valeurs, 25 distinctes
    ti13_etat_test.go:106:   joueur 22 : 13 valeurs, 11 distinctes
    ti13_etat_test.go:106:   joueur 23 : 10 valeurs, 8 distinctes
    ti13_etat_test.go:106:   joueur 24 : 59 valeurs, 17 distinctes
    ti13_etat_test.go:106:   joueur 25 : 230 valeurs, 30 distinctes
    ti13_etat_test.go:106:   joueur 26 : 8 valeurs, 7 distinctes
    ti13_etat_test.go:106:   joueur 27 : 9 valeurs, 7 distinctes
    ti13_etat_test.go:106:   joueur 28 : 15 valeurs, 12 distinctes
    ti13_etat_test.go:106:   joueur 29 : 6 valeurs, 5 distinctes
    ti13_etat_test.go:106:   joueur 30 : 14 valeurs, 11 distinctes
    ti13_etat_test.go:106:   joueur 31 : 11 valeurs, 9 distinctes
    ti13_etat_test.go:106:   RESERVE : la phase 0 a mesure qu'en Strongholds le trafic apparent de ces composants est de la CONTAMINATION d'ancrage (0 % de chainage). Les chiffres ci-dessus ne valent que sur les films ou le chainage les valide (KOTH).
    ti13_etat_test.go:107:   ecrit : C:\Users\Guillaume\Projects\LevelUp-wt-zones-ti13\.ai\V7.5\replay2d\registre_film\lotC\01e1f945_ti13_etat.tsv (1874 octets)
--- PASS: TestTi13EtatLotCbis (24.51s)
PASS
