=== RUN   TestTi13EtatLotCbis
    ti13_etat_test.go:93: FILM 530820e5 — 2855 records ti=13 ancres, 1740 entierement consommes · ORACLE "flag" : 56 evenements d'objectif
    ti13_etat_test.go:95:   TEMOINS D'ANCRAGE : bande fantome (vide) 18800 records · purete ti=4 28647 records dont 0.21 % hors grammaire
    ti13_etat_test.go:98:   VALEURS RECOLTEES : i1 scalaire 614 · i2..i33 par joueur 1787
    ti13_etat_test.go:102: 
    ti13_etat_test.go:102: === (a) TAG 5 identifiant de chaine — 3 slots en portent
    ti13_etat_test.go:102:   slot 1376 : identifiant dominant 0x30CE8ECB sur 1 emissions (100.0 %), 1 valeurs distinctes
    ti13_etat_test.go:102:   slot 1380 : identifiant dominant 0x14CFA482 sur 1 emissions (100.0 %), 1 valeurs distinctes
    ti13_etat_test.go:102:   slot 1381 : identifiant dominant 0x1340FA63 sur 1 emissions (100.0 %), 1 valeurs distinctes
    ti13_etat_test.go:102:   VERDICT (a) : aucun slot n'atteint 10 emissions — NON JUGEABLE sur ce film
    ti13_etat_test.go:103: 
    ti13_etat_test.go:103: === (b) TAG 3 rampe quantifiee — 476 valeurs sur 2 slots · 21 rampes
    ti13_etat_test.go:103:   amplitude des rampes (quanta sur 2^24) : min 4893 · mediane 33556 · max 83887 (soit 0.058 a 1.000 unite sur [-100, +100])
    ti13_etat_test.go:103:   captures couvertes par un sommets de rampe dans +/- 2000 ms : 24/56 = 42.9 % (seuil 80 %)
    ti13_etat_test.go:103:   temoin decale (+20000 ms) : 20/56 = 35.7 % (doit etre sous la MOITIE du reel, soit 21.4 %)
    ti13_etat_test.go:103:   NIVEAU DU HASARD : 17.4 % (21 instants, fenetre +/- 2000 ms, duree 482701 ms)
    ti13_etat_test.go:103:   VERDICT (b) : NON TENU
    ti13_etat_test.go:104: 
    ti13_etat_test.go:104: === (c) TAG 4 (R32) — 83 valeurs sur 7 slots
    ti13_etat_test.go:104:   slot 1381 : 1 valeurs, 1 distinctes (seuil <= 8)
    ti13_etat_test.go:104:   slot 1392 : 1 valeurs, 1 distinctes (seuil <= 8)
    ti13_etat_test.go:104:   slot 1401 : 35 valeurs, 3 distinctes (seuil <= 8)
    ti13_etat_test.go:104:   slot 1406 : 38 valeurs, 4 distinctes (seuil <= 8)
    ti13_etat_test.go:104:   slot 1407 : 6 valeurs, 6 distinctes (seuil <= 8)
    ti13_etat_test.go:104:   slot 1408 : 1 valeurs, 1 distinctes (seuil <= 8)
    ti13_etat_test.go:104:   slot 1410 : 1 valeurs, 1 distinctes (seuil <= 8)
    ti13_etat_test.go:104:   ENUMERABILITE : 2/2 slots juges ont <= 8 valeurs distinctes = 100.0 % : TENUE
    ti13_etat_test.go:104:   76 changements de valeur detectes
    ti13_etat_test.go:104:   captures couvertes par un changement de valeur dans +/- 2000 ms : 54/56 = 96.4 % (seuil 80 %)
    ti13_etat_test.go:104:   temoin decale (+20000 ms) : 32/56 = 57.1 % (doit etre sous la MOITIE du reel, soit 48.2 %)
    ti13_etat_test.go:104:   NIVEAU DU HASARD : 63.0 % (76 instants, fenetre +/- 2000 ms, duree 482701 ms)
    ti13_etat_test.go:104:   VERDICT (c/TAG 4 (R32)) : NON TENU
    ti13_etat_test.go:104: 
    ti13_etat_test.go:104: === (c) TAG 1 (enumere) — 11 valeurs sur 7 slots
    ti13_etat_test.go:104:   slot 1375 : 2 valeurs, 1 distinctes (seuil <= 8)
    ti13_etat_test.go:104:   slot 1377 : 2 valeurs, 1 distinctes (seuil <= 8)
    ti13_etat_test.go:104:   slot 1404 : 2 valeurs, 1 distinctes (seuil <= 8)
    ti13_etat_test.go:104:   slot 1406 : 1 valeurs, 1 distinctes (seuil <= 8)
    ti13_etat_test.go:104:   slot 1407 : 1 valeurs, 1 distinctes (seuil <= 8)
    ti13_etat_test.go:104:   slot 1408 : 1 valeurs, 1 distinctes (seuil <= 8)
    ti13_etat_test.go:104:   slot 1410 : 2 valeurs, 2 distinctes (seuil <= 8)
    ti13_etat_test.go:104:   ENUMERABILITE : aucun slot n'atteint 10 valeurs — non jugeable
    ti13_etat_test.go:104:   1 changements de valeur detectes
    ti13_etat_test.go:104:   captures couvertes par un changement de valeur dans +/- 2000 ms : 0/56 = 0.0 % (seuil 80 %)
    ti13_etat_test.go:104:   temoin decale (+20000 ms) : 0/56 = 0.0 % (doit etre sous la MOITIE du reel, soit 0.0 %)
    ti13_etat_test.go:104:   NIVEAU DU HASARD : 0.8 % (1 instants, fenetre +/- 2000 ms, duree 482701 ms)
    ti13_etat_test.go:104:   VERDICT (c/TAG 1 (enumere)) : NON TENU
    ti13_etat_test.go:105: 
    ti13_etat_test.go:105: === (d) UNICITE : une seule zone active a la fois ? — 21 rampes sur 2 slots
    ti13_etat_test.go:105:   temps couvert par au moins une rampe : 224125 ms, dont 175174 ms par UNE SEULE = 78.2 % (seuil 90 %) : NON TENUE
    ti13_etat_test.go:106: 
    ti13_etat_test.go:106: === (d bis / e) VALEURS PAR JOUEUR (i2..i33) — 1787 echantillons
    ti13_etat_test.go:106:   distribution des tags : t8:238 (13.3 %) t15:218 (12.2 %) t0:186 (10.4 %) t4:152 (8.5 %) t1:143 (8.0 %) t2:127 (7.1 %)
    ti13_etat_test.go:106:   joueur 0 : 27 valeurs, 15 distinctes
    ti13_etat_test.go:106:   joueur 1 : 40 valeurs, 16 distinctes
    ti13_etat_test.go:106:   joueur 2 : 34 valeurs, 19 distinctes
    ti13_etat_test.go:106:   joueur 3 : 24 valeurs, 12 distinctes
    ti13_etat_test.go:106:   joueur 4 : 18 valeurs, 10 distinctes
    ti13_etat_test.go:106:   joueur 5 : 28 valeurs, 9 distinctes
    ti13_etat_test.go:106:   joueur 6 : 49 valeurs, 29 distinctes
    ti13_etat_test.go:106:   joueur 7 : 21 valeurs, 10 distinctes
    ti13_etat_test.go:106:   joueur 8 : 13 valeurs, 11 distinctes
    ti13_etat_test.go:106:   joueur 9 : 13 valeurs, 10 distinctes
    ti13_etat_test.go:106:   joueur 10 : 28 valeurs, 17 distinctes
    ti13_etat_test.go:106:   joueur 11 : 21 valeurs, 17 distinctes
    ti13_etat_test.go:106:   joueur 12 : 31 valeurs, 12 distinctes
    ti13_etat_test.go:106:   joueur 13 : 28 valeurs, 13 distinctes
    ti13_etat_test.go:106:   joueur 14 : 16 valeurs, 13 distinctes
    ti13_etat_test.go:106:   joueur 15 : 20 valeurs, 12 distinctes
    ti13_etat_test.go:106:   joueur 16 : 11 valeurs, 8 distinctes
    ti13_etat_test.go:106:   joueur 17 : 15 valeurs, 12 distinctes
    ti13_etat_test.go:106:   joueur 18 : 25 valeurs, 13 distinctes
    ti13_etat_test.go:106:   joueur 19 : 18 valeurs, 11 distinctes
    ti13_etat_test.go:106:   joueur 20 : 17 valeurs, 11 distinctes
    ti13_etat_test.go:106:   joueur 21 : 16 valeurs, 11 distinctes
    ti13_etat_test.go:106:   joueur 22 : 14 valeurs, 12 distinctes
    ti13_etat_test.go:106:   joueur 23 : 7 valeurs, 3 distinctes
    ti13_etat_test.go:106:   joueur 24 : 78 valeurs, 14 distinctes
    ti13_etat_test.go:106:   joueur 25 : 157 valeurs, 28 distinctes
    ti13_etat_test.go:106:   joueur 26 : 10 valeurs, 9 distinctes
    ti13_etat_test.go:106:   joueur 27 : 7 valeurs, 5 distinctes
    ti13_etat_test.go:106:   joueur 28 : 16 valeurs, 13 distinctes
    ti13_etat_test.go:106:   joueur 29 : 7 valeurs, 5 distinctes
    ti13_etat_test.go:106:   joueur 30 : 14 valeurs, 13 distinctes
    ti13_etat_test.go:106:   joueur 31 : 11 valeurs, 7 distinctes
    ti13_etat_test.go:106:   RESERVE : la phase 0 a mesure qu'en Strongholds le trafic apparent de ces composants est de la CONTAMINATION d'ancrage (0 % de chainage). Les chiffres ci-dessus ne valent que sur les films ou le chainage les valide (KOTH).
    ti13_etat_test.go:107:   ecrit : C:\Users\Guillaume\Projects\LevelUp-wt-zones-ti13\.ai\V7.5\replay2d\registre_film\lotC\530820e5_ti13_etat.tsv (2098 octets)
--- PASS: TestTi13EtatLotCbis (18.11s)
PASS
