=== RUN   TestTi13EtatLotCbis
    ti13_etat_test.go:93: FILM 7344d24f — 35687 records ti=13 ancres, 10590 entierement consommes · ORACLE "zone" : 71 evenements d'objectif
    ti13_etat_test.go:95:   TEMOINS D'ANCRAGE : bande fantome (vide) 26899 records · purete ti=4 35698 records dont 0.68 % hors grammaire
    ti13_etat_test.go:98:   VALEURS RECOLTEES : i1 scalaire 3635 · i2..i33 par joueur 11464
    ti13_etat_test.go:102: 
    ti13_etat_test.go:102: === (a) TAG 5 identifiant de chaine — 5 slots en portent
    ti13_etat_test.go:102:   slot 1525 : identifiant dominant 0x67F43AC3 sur 1 emissions (100.0 %), 1 valeurs distinctes
    ti13_etat_test.go:102:   slot 1526 : identifiant dominant 0xD690D6B4 sur 1 emissions (100.0 %), 1 valeurs distinctes
    ti13_etat_test.go:102:   slot 1527 : identifiant dominant 0xF2F9EB27 sur 1 emissions (100.0 %), 1 valeurs distinctes
    ti13_etat_test.go:102:   slot 1530 : identifiant dominant 0xC8971200 sur 1 emissions (100.0 %), 1 valeurs distinctes
    ti13_etat_test.go:102:   slot 1537 : identifiant dominant 0x27954600 sur 1 emissions (100.0 %), 1 valeurs distinctes
    ti13_etat_test.go:102:   VERDICT (a) : aucun slot n'atteint 10 emissions — NON JUGEABLE sur ce film
    ti13_etat_test.go:103: 
    ti13_etat_test.go:103: === (b) TAG 3 rampe quantifiee — 3390 valeurs sur 6 slots · 84 rampes
    ti13_etat_test.go:103:   amplitude des rampes (quanta sur 2^24) : min 7969 · mediane 82822 · max 4414896 (soit 0.095 a 52.630 unite sur [-100, +100])
    ti13_etat_test.go:103:   captures couvertes par un sommets de rampe dans +/- 2000 ms : 69/71 = 97.2 % (seuil 80 %)
    ti13_etat_test.go:103:   temoin decale (+20000 ms) : 33/71 = 46.5 % (doit etre sous la MOITIE du reel, soit 48.6 %)
    ti13_etat_test.go:103:   NIVEAU DU HASARD : 56.7 % (84 instants, fenetre +/- 2000 ms, duree 592957 ms)
    ti13_etat_test.go:103:   VERDICT (b) : TENU
    ti13_etat_test.go:104: 
    ti13_etat_test.go:104: === (c) TAG 4 (R32) — 150 valeurs sur 10 slots
    ti13_etat_test.go:104:   slot 1522 : 1 valeurs, 1 distinctes (seuil <= 8)
    ti13_etat_test.go:104:   slot 1530 : 16 valeurs, 2 distinctes (seuil <= 8)
    ti13_etat_test.go:104:   slot 1531 : 36 valeurs, 3 distinctes (seuil <= 8)
    ti13_etat_test.go:104:   slot 1535 : 12 valeurs, 2 distinctes (seuil <= 8)
    ti13_etat_test.go:104:   slot 1536 : 36 valeurs, 6 distinctes (seuil <= 8)
    ti13_etat_test.go:104:   slot 1537 : 1 valeurs, 1 distinctes (seuil <= 8)
    ti13_etat_test.go:104:   slot 1540 : 11 valeurs, 2 distinctes (seuil <= 8)
    ti13_etat_test.go:104:   slot 1541 : 31 valeurs, 3 distinctes (seuil <= 8)
    ti13_etat_test.go:104:   slot 1545 : 1 valeurs, 1 distinctes (seuil <= 8)
    ti13_etat_test.go:104:   slot 1546 : 5 valeurs, 2 distinctes (seuil <= 8)
    ti13_etat_test.go:104:   ENUMERABILITE : 6/6 slots juges ont <= 8 valeurs distinctes = 100.0 % : TENUE
    ti13_etat_test.go:104:   138 changements de valeur detectes
    ti13_etat_test.go:104:   captures couvertes par un changement de valeur dans +/- 2000 ms : 71/71 = 100.0 % (seuil 80 %)
    ti13_etat_test.go:104:   temoin decale (+20000 ms) : 43/71 = 60.6 % (doit etre sous la MOITIE du reel, soit 50.0 %)
    ti13_etat_test.go:104:   NIVEAU DU HASARD : 93.1 % (138 instants, fenetre +/- 2000 ms, duree 592957 ms)
    ti13_etat_test.go:104:   VERDICT (c/TAG 4 (R32)) : NON TENU
    ti13_etat_test.go:104: 
    ti13_etat_test.go:104: === (c) TAG 1 (enumere) — 19 valeurs sur 7 slots
    ti13_etat_test.go:104:   slot 1530 : 2 valeurs, 1 distinctes (seuil <= 8)
    ti13_etat_test.go:104:   slot 1532 : 4 valeurs, 1 distinctes (seuil <= 8)
    ti13_etat_test.go:104:   slot 1536 : 4 valeurs, 2 distinctes (seuil <= 8)
    ti13_etat_test.go:104:   slot 1537 : 1 valeurs, 1 distinctes (seuil <= 8)
    ti13_etat_test.go:104:   slot 1538 : 5 valeurs, 1 distinctes (seuil <= 8)
    ti13_etat_test.go:104:   slot 1546 : 2 valeurs, 1 distinctes (seuil <= 8)
    ti13_etat_test.go:104:   slot 1547 : 1 valeurs, 1 distinctes (seuil <= 8)
    ti13_etat_test.go:104:   ENUMERABILITE : aucun slot n'atteint 10 valeurs — non jugeable
    ti13_etat_test.go:104:   1 changements de valeur detectes
    ti13_etat_test.go:104:   captures couvertes par un changement de valeur dans +/- 2000 ms : 0/71 = 0.0 % (seuil 80 %)
    ti13_etat_test.go:104:   temoin decale (+20000 ms) : 0/71 = 0.0 % (doit etre sous la MOITIE du reel, soit 0.0 %)
    ti13_etat_test.go:104:   NIVEAU DU HASARD : 0.7 % (1 instants, fenetre +/- 2000 ms, duree 592957 ms)
    ti13_etat_test.go:104:   VERDICT (c/TAG 1 (enumere)) : NON TENU
    ti13_etat_test.go:105: 
    ti13_etat_test.go:105: === (d) UNICITE : une seule zone active a la fois ? — 84 rampes sur 6 slots
    ti13_etat_test.go:105:   temps couvert par au moins une rampe : 554808 ms, dont 35197 ms par UNE SEULE = 6.3 % (seuil 90 %) : NON TENUE
    ti13_etat_test.go:106: 
    ti13_etat_test.go:106: === (d bis / e) VALEURS PAR JOUEUR (i2..i33) — 11464 echantillons
    ti13_etat_test.go:106:   distribution des tags : t0:7305 (63.7 %) t2:2157 (18.8 %) t4:266 (2.3 %) t8:259 (2.3 %) t3:229 (2.0 %) t6:175 (1.5 %)
    ti13_etat_test.go:106:   joueur 0 : 26 valeurs, 16 distinctes
    ti13_etat_test.go:106:   joueur 1 : 42 valeurs, 24 distinctes
    ti13_etat_test.go:106:   joueur 2 : 71 valeurs, 30 distinctes
    ti13_etat_test.go:106:   joueur 3 : 30 valeurs, 15 distinctes
    ti13_etat_test.go:106:   joueur 4 : 30 valeurs, 13 distinctes
    ti13_etat_test.go:106:   joueur 5 : 54 valeurs, 19 distinctes
    ti13_etat_test.go:106:   joueur 6 : 22 valeurs, 15 distinctes
    ti13_etat_test.go:106:   joueur 7 : 23 valeurs, 13 distinctes
    ti13_etat_test.go:106:   joueur 8 : 17 valeurs, 10 distinctes
    ti13_etat_test.go:106:   joueur 9 : 32 valeurs, 18 distinctes
    ti13_etat_test.go:106:   joueur 10 : 24 valeurs, 16 distinctes
    ti13_etat_test.go:106:   joueur 11 : 16 valeurs, 13 distinctes
    ti13_etat_test.go:106:   joueur 12 : 33 valeurs, 15 distinctes
    ti13_etat_test.go:106:   joueur 13 : 18 valeurs, 11 distinctes
    ti13_etat_test.go:106:   joueur 14 : 47 valeurs, 35 distinctes
    ti13_etat_test.go:106:   joueur 15 : 27 valeurs, 10 distinctes
    ti13_etat_test.go:106:   joueur 16 : 17 valeurs, 10 distinctes
    ti13_etat_test.go:106:   joueur 17 : 57 valeurs, 25 distinctes
    ti13_etat_test.go:106:   joueur 18 : 40 valeurs, 22 distinctes
    ti13_etat_test.go:106:   joueur 19 : 23 valeurs, 11 distinctes
    ti13_etat_test.go:106:   joueur 20 : 30 valeurs, 17 distinctes
    ti13_etat_test.go:106:   joueur 21 : 32 valeurs, 21 distinctes
    ti13_etat_test.go:106:   joueur 22 : 24 valeurs, 13 distinctes
    ti13_etat_test.go:106:   joueur 23 : 40 valeurs, 11 distinctes
    ti13_etat_test.go:106:   joueur 24 : 77 valeurs, 22 distinctes
    ti13_etat_test.go:106:   joueur 25 : 105 valeurs, 47 distinctes
    ti13_etat_test.go:106:   joueur 26 : 21 valeurs, 16 distinctes
    ti13_etat_test.go:106:   joueur 27 : 28 valeurs, 18 distinctes
    ti13_etat_test.go:106:   joueur 28 : 23 valeurs, 12 distinctes
    ti13_etat_test.go:106:   joueur 29 : 17 valeurs, 11 distinctes
    ti13_etat_test.go:106:   joueur 30 : 31 valeurs, 19 distinctes
    ti13_etat_test.go:106:   joueur 31 : 26 valeurs, 12 distinctes
    ti13_etat_test.go:106:   RESERVE : la phase 0 a mesure qu'en Strongholds le trafic apparent de ces composants est de la CONTAMINATION d'ancrage (0 % de chainage). Les chiffres ci-dessus ne valent que sur les films ou le chainage les valide (KOTH).
    ti13_etat_test.go:107:   ecrit : C:\Users\Guillaume\Projects\LevelUp-wt-zones-ti13\.ai\V7.5\replay2d\registre_film\lotC\7344d24f_ti13_etat.tsv (2319 octets)
--- PASS: TestTi13EtatLotCbis (13.78s)
PASS
