=== LOT C-bis PHASE 0 — gates joues le 2026-08-18 (branche wt/zones-ti13) ===
EXIT_VET=0
ok  	levelup/go-api/internal/analysis/filmdec	27.224s
ok  	levelup/go-api/internal/analysis/replay	35.048s
ok  	levelup/go-api/internal/analysis/objectiveevents	0.989s
EXIT_TEST_FILMDEC=0
0 issues.
EXIT_LINT=0

=== LOT C-bis PHASE 1 (CB.1.1 port) — gates joues le 2026-08-18 ===
EXIT_VET=0
ok  	levelup/go-api/internal/analysis/filmdec	2.198s
ok  	levelup/go-api/internal/analysis/replay	39.911s
ok  	levelup/go-api/internal/analysis/objectiveevents	1.345s
EXIT_TEST_FILMDEC=0
EXIT_BUILD_CGO=0
golangci-lint : level=warning msg="[runner/nolint_filter] Found unknown linters in //nolint directives: gosec — 
limit/placeholders maîtrisés, plr0913 — coordinator function"
Au caractère Ligne:7 : 1
+ golangci-lint run --new-from-merge-base=origin/main ./... 2>&1 | Tee- ...
+ ~~~~~~~~~~~~~~~~~~~~~~~~~~~~~~~~~~~~~~~~~~~~~~~~~~~~~~~~~~~~~~
    + CategoryInfo          : NotSpecified: (level=warning m...nator function":String) [], RemoteException
    + FullyQualifiedErrorId : NativeCommandError
 
internal\analysis\filmdec\components_managed_property.go:125:1: File is not properly formatted (gofmt)
	ManagedPropertyFieldCount                      = 2
^
1 issues:
* gofmt: 1
EXIT_LINT=1
EXIT_BUILD_CGO=0
EXIT_LINT=0
=== LOT C-bis PHASE 1 (CB.1.2 mesure) — gates joues le 2026-08-18 ===
EXIT_FMT=0
EXIT_VET=0
ok  	levelup/go-api/internal/analysis/filmdec	1.647s
ok  	levelup/go-api/internal/analysis/replay	29.089s
ok  	levelup/go-api/internal/analysis/objectiveevents	0.938s
EXIT_TEST_FILMDEC=0
EXIT_LINT=0
