
> web@0.0.0 typecheck
> tsc -b

TSC=0

> web@0.0.0 lint
> eslint .


C:\Users\Guillaume\Downloads\Scripts\LevelUp-go-migration\apps\web\src\components\ui\useGamertagSuggestions.ts
  133:5   warning  Error: Calling setState synchronously within an effect can trigger cascading renders

Effects are intended to synchronize state between React and external systems such as manually updating the DOM, state management libraries, or other platform APIs. In general, the body of an effect should do one or both of the following:
* Update external systems with the latest state from React.
* Subscribe for updates from some external system, calling setState in a callback function when external state changes.

Calling setState synchronously within an effect body causes cascading renders that can hurt performance, and is not recommended. (https://react.dev/learn/you-might-not-need-an-effect).

C:\Users\Guillaume\Downloads\Scripts\LevelUp-go-migration\apps\web\src\components\ui\useGamertagSuggestions.ts:133:5
  131 |   const [liveArmedQuery, setLiveArmedQuery] = useState<string | null>(null)
  132 |   useEffect(() => {
> 133 |     setLiveArmedQuery(null)
      |     ^^^^^^^^^^^^^^^^^ Avoid calling setState() directly within an effect
  134 |   }, [trimmed])
  135 |   const liveEnabled = liveArmedQuery !== null && liveArmedQuery === trimmed && remoteEnabled
  136 |   const liveQuery = useQuery({               react-hooks/set-state-in-effect
  155:41  warning  Compilation Skipped: Existing memoization could not be preserved

React Compiler has skipped optimizing this component because the existing manual memoization could not be preserved. The inferred dependencies did not match the manually specified dependencies, which could cause the value to change more or less frequently than expected. The inferred dependency was `setLiveArmedQuery`, but the source dependencies were [trimmed]. Inferred different dependency than source.

C:\Users\Guillaume\Downloads\Scripts\LevelUp-go-migration\apps\web\src\components\ui\useGamertagSuggestions.ts:155:41
  153 |   // la query courante (référence stable : jamais de littéral recréé à chaque rendu).
  154 |   const liveData = liveEnabled ? liveQuery.data : undefined
> 155 |   const triggerLiveSearch = useCallback(() => {
      |                                         ^^^^^^^
> 156 |     if (trimmed.length >= REMOTE_MIN_CHARS) setLiveArmedQuery(trimmed)
      | ^^^^^^^^^^^^^^^^^^^^^^^^^^^^^^^^^^^^^^^^^^^^^^^^^^^^^^^^^^^^^^^^^^^^^^
> 157 |   }, [trimmed])
      | ^^^^ Could not preserve existing manual memoization
  158 |
  159 |   return useMemo<UseGamertagSuggestionsResult>(() => {
  160 |     const q = query.trim()  react-hooks/preserve-manual-memoization

C:\Users\Guillaume\Downloads\Scripts\LevelUp-go-migration\apps\web\src\features\admin\convergence\PostSyncMatrix.tsx
  81:5  warning  Unused eslint-disable directive (no problems were reported from 'react-hooks/exhaustive-deps')

C:\Users\Guillaume\Downloads\Scripts\LevelUp-go-migration\apps\web\src\features\admin\data-quality\IssueTable.tsx
  260:17  warning  Compilation Skipped: Use of incompatible library

This API returns functions which cannot be memoized without leading to stale UI. To prevent this, by default React Compiler will skip memoizing this component/hook. However, you may see issues if values from this API are passed to other components/hooks that are memoized.

C:\Users\Guillaume\Downloads\Scripts\LevelUp-go-migration\apps\web\src\features\admin\data-quality\IssueTable.tsx:260:17
  258 | function IssueTablePagination({ pagination, tA }: { pagination: IssuePagination; tA: TAdmin }) {
  259 |   const { pageIndex, pageSize, total, onPageChange } = pagination
> 260 |   const table = useReactTable({
      |                 ^^^^^^^^^^^^^ TanStack Table's `useReactTable()` API returns functions that cannot be memoized safely
  261 |     data: NO_ROWS,
  262 |     columns: NO_COLS,
  263 |     getCoreRowModel: getCoreRowModel(),  react-hooks/incompatible-library

C:\Users\Guillaume\Downloads\Scripts\LevelUp-go-migration\apps\web\src\features\admin\monitoring\DetectionsPanel.tsx
  203:17  warning  Compilation Skipped: Use of incompatible library

This API returns functions which cannot be memoized without leading to stale UI. To prevent this, by default React Compiler will skip memoizing this component/hook. However, you may see issues if values from this API are passed to other components/hooks that are memoized.

C:\Users\Guillaume\Downloads\Scripts\LevelUp-go-migration\apps\web\src\features\admin\monitoring\DetectionsPanel.tsx:203:17
  201 |   )
  202 |
> 203 |   const table = useReactTable({
      |                 ^^^^^^^^^^^^^ TanStack Table's `useReactTable()` API returns functions that cannot be memoized safely
  204 |     data: detections,
  205 |     columns,
  206 |     state: { sorting },  react-hooks/incompatible-library

C:\Users\Guillaume\Downloads\Scripts\LevelUp-go-migration\apps\web\src\features\admin\titles\AdminTitlesPage.tsx
  70:9  warning  The 'titles' logical expression could make the dependencies of useMemo Hook (at line 75) change on every render. To fix this, wrap the initialization of 'titles' in its own useMemo() Hook  react-hooks/exhaustive-deps
  74:5  warning  Unused eslint-disable directive (no problems were reported from 'react-hooks/exhaustive-deps')

C:\Users\Guillaume\Downloads\Scripts\LevelUp-go-migration\apps\web\src\features\career\CareerChartsSection.gauges.tsx
  49:17  warning  Fast refresh only works when a file only exports components. Use a new file to share constants or functions between components  react-refresh/only-export-components

C:\Users\Guillaume\Downloads\Scripts\LevelUp-go-migration\apps\web\src\features\explorer\ExplorerMatchesTable.tsx
  950:17  warning  Compilation Skipped: Use of incompatible library

This API returns functions which cannot be memoized without leading to stale UI. To prevent this, by default React Compiler will skip memoizing this component/hook. However, you may see issues if values from this API are passed to other components/hooks that are memoized.

C:\Users\Guillaume\Downloads\Scripts\LevelUp-go-migration\apps\web\src\features\explorer\ExplorerMatchesTable.tsx:950:17
  948 |   )
  949 |
> 950 |   const table = useReactTable<ExplorerMatchRow>({
      |                 ^^^^^^^^^^^^^ TanStack Table's `useReactTable()` API returns functions that cannot be memoized safely
  951 |     data: rows,
  952 |     columns,
  953 |     // columnVisibility piloté par le parent (prop) : pas de toggle interne donc pas  react-hooks/incompatible-library

C:\Users\Guillaume\Downloads\Scripts\LevelUp-go-migration\apps\web\src\features\match-replay\ReplayExportDialog.tsx
  52:17  warning  Fast refresh only works when a file only exports components. Use a new file to share constants or functions between components  react-refresh/only-export-components

C:\Users\Guillaume\Downloads\Scripts\LevelUp-go-migration\apps\web\src\features\match-replay\ReplayFeedName.tsx
  50:17  warning  Fast refresh only works when a file only exports components. Use a new file to share constants or functions between components  react-refresh/only-export-components

C:\Users\Guillaume\Downloads\Scripts\LevelUp-go-migration\apps\web\src\features\match-replay\useReplaySound.ts
  498:5  warning  React Hook useCallback has a missing dependency: 'locale'. Either include it or remove the dependency array  react-hooks/exhaustive-deps

C:\Users\Guillaume\Downloads\Scripts\LevelUp-go-migration\apps\web\src\features\match-view\MatchEncountersTable.tsx
  458:17  warning  Compilation Skipped: Use of incompatible library

This API returns functions which cannot be memoized without leading to stale UI. To prevent this, by default React Compiler will skip memoizing this component/hook. However, you may see issues if values from this API are passed to other components/hooks that are memoized.

C:\Users\Guillaume\Downloads\Scripts\LevelUp-go-migration\apps\web\src\features\match-view\MatchEncountersTable.tsx:458:17
  456 |   const [sorting, setSorting] = useState<SortingState>([])
  457 |
> 458 |   const table = useReactTable<MatchEncounterRow>({
      |                 ^^^^^^^^^^^^^ TanStack Table's `useReactTable()` API returns functions that cannot be memoized safely
  459 |     data: rows,
  460 |     columns,
  461 |     state: { sorting },  react-hooks/incompatible-library

C:\Users\Guillaume\Downloads\Scripts\LevelUp-go-migration\apps\web\src\features\match-view\MatchKDCumulChart.tsx
  356:5  warning  React Hook useCallback has a missing dependency: 't'. Either include it or remove the dependency array  react-hooks/exhaustive-deps

C:\Users\Guillaume\Downloads\Scripts\LevelUp-go-migration\apps\web\src\features\match-view\MatchPositionsHeatmap.tsx
   68:17  warning  Fast refresh only works when a file only exports components. Use a new file to share constants or functions between components                                                          react-refresh/only-export-components
  127:9   warning  The 'all' logical expression could make the dependencies of useMemo Hook (at line 128) change on every render. To fix this, wrap the initialization of 'all' in its own useMemo() Hook  react-hooks/exhaustive-deps
  127:9   warning  The 'all' logical expression could make the dependencies of useMemo Hook (at line 133) change on every render. To fix this, wrap the initialization of 'all' in its own useMemo() Hook  react-hooks/exhaustive-deps

C:\Users\Guillaume\Downloads\Scripts\LevelUp-go-migration\apps\web\src\features\match-view\MatchScoreboard.tsx
  503:17  warning  Compilation Skipped: Use of incompatible library

This API returns functions which cannot be memoized without leading to stale UI. To prevent this, by default React Compiler will skip memoizing this component/hook. However, you may see issues if values from this API are passed to other components/hooks that are memoized.

C:\Users\Guillaume\Downloads\Scripts\LevelUp-go-migration\apps\web\src\features\match-view\MatchScoreboard.tsx:503:17
  501 |   const [sorting, setSorting] = useState<SortingState>([])
  502 |
> 503 |   const table = useReactTable<ScoreboardRowVM>({
      |                 ^^^^^^^^^^^^^ TanStack Table's `useReactTable()` API returns functions that cannot be memoized safely
  504 |     data,
  505 |     columns,
  506 |     state: { sorting },  react-hooks/incompatible-library

C:\Users\Guillaume\Downloads\Scripts\LevelUp-go-migration\apps\web\src\features\media\MediaAudioConfigButton.tsx
  71:5  warning  Error: Calling setState synchronously within an effect can trigger cascading renders

Effects are intended to synchronize state between React and external systems such as manually updating the DOM, state management libraries, or other platform APIs. In general, the body of an effect should do one or both of the following:
* Update external systems with the latest state from React.
* Subscribe for updates from some external system, calling setState in a callback function when external state changes.

Calling setState synchronously within an effect body causes cascading renders that can hurt performance, and is not recommended. (https://react.dev/learn/you-might-not-need-an-effect).

C:\Users\Guillaume\Downloads\Scripts\LevelUp-go-migration\apps\web\src\features\media\MediaAudioConfigButton.tsx:71:5
  69 |   useEffect(() => {
  70 |     if (!data) return
> 71 |     setMode(data.mode ?? 'auto')
     |     ^^^^^^^ Avoid calling setState() directly within an effect
  72 |     setRoles(data.track_roles && data.track_roles.length > 0 ? data.track_roles : EMPTY_ROLES)
  73 |   }, [data])
  74 |  react-hooks/set-state-in-effect

C:\Users\Guillaume\Downloads\Scripts\LevelUp-go-migration\apps\web\src\features\palmares\RelationsTable.tsx
  344:17  warning  Compilation Skipped: Use of incompatible library

This API returns functions which cannot be memoized without leading to stale UI. To prevent this, by default React Compiler will skip memoizing this component/hook. However, you may see issues if values from this API are passed to other components/hooks that are memoized.

C:\Users\Guillaume\Downloads\Scripts\LevelUp-go-migration\apps\web\src\features\palmares\RelationsTable.tsx:344:17
  342 |     pageSize: RELATIONS_PAGE_SIZE,
  343 |   })
> 344 |   const table = useReactTable<RelationInsight>({
      |                 ^^^^^^^^^^^^^ TanStack Table's `useReactTable()` API returns functions that cannot be memoized safely
  345 |     data: rows,
  346 |     columns,
  347 |     state: { sorting, pagination },  react-hooks/incompatible-library

C:\Users\Guillaume\Downloads\Scripts\LevelUp-go-migration\apps\web\src\features\squad\SquadAssistPairsTable.tsx
  146:17  warning  Compilation Skipped: Use of incompatible library

This API returns functions which cannot be memoized without leading to stale UI. To prevent this, by default React Compiler will skip memoizing this component/hook. However, you may see issues if values from this API are passed to other components/hooks that are memoized.

C:\Users\Guillaume\Downloads\Scripts\LevelUp-go-migration\apps\web\src\features\squad\SquadAssistPairsTable.tsx:146:17
  144 |   // qu'aucun en-tête n'est cliqué — même règle que le tableau d'historique voisin.
  145 |   const [sorting, setSorting] = useState<SortingState>([])
> 146 |   const table = useReactTable<SquadAssistPair>({
      |                 ^^^^^^^^^^^^^ TanStack Table's `useReactTable()` API returns functions that cannot be memoized safely
  147 |     data: pairs,
  148 |     columns,
  149 |     state: { sorting },  react-hooks/incompatible-library

C:\Users\Guillaume\Downloads\Scripts\LevelUp-go-migration\apps\web\src\features\squad\SquadImpactScoreboard.tsx
  301:17  warning  Compilation Skipped: Use of incompatible library

This API returns functions which cannot be memoized without leading to stale UI. To prevent this, by default React Compiler will skip memoizing this component/hook. However, you may see issues if values from this API are passed to other components/hooks that are memoized.

C:\Users\Guillaume\Downloads\Scripts\LevelUp-go-migration\apps\web\src\features\squad\SquadImpactScoreboard.tsx:301:17
  299 |   }, [matrixMatches, matrixBadgeOrd, extremes, scoreExt, i18n])
  300 |
> 301 |   const table = useReactTable<ImpactRow>({
      |                 ^^^^^^^^^^^^^ TanStack Table's `useReactTable()` API returns functions that cannot be memoized safely
  302 |     data: rows,
  303 |     columns,
  304 |     getCoreRowModel: getCoreRowModel(),  react-hooks/incompatible-library

C:\Users\Guillaume\Downloads\Scripts\LevelUp-go-migration\apps\web\src\features\squad\SquadSynergyHistoryTable.tsx
  375:17  warning  Compilation Skipped: Use of incompatible library

This API returns functions which cannot be memoized without leading to stale UI. To prevent this, by default React Compiler will skip memoizing this component/hook. However, you may see issues if values from this API are passed to other components/hooks that are memoized.

C:\Users\Guillaume\Downloads\Scripts\LevelUp-go-migration\apps\web\src\features\squad\SquadSynergyHistoryTable.tsx:375:17
  373 |   const [pagination, setPagination] = useState({ pageIndex: 0, pageSize: PAGE_SIZE })
  374 |
> 375 |   const table = useReactTable<SquadMatchHistoryRow>({
      |                 ^^^^^^^^^^^^^ TanStack Table's `useReactTable()` API returns functions that cannot be memoized safely
  376 |     data: sortedRows,
  377 |     columns,
  378 |     state: { sorting, pagination },  react-hooks/incompatible-library

✖ 23 problems (0 errors, 23 warnings)
  0 errors and 2 warnings potentially fixable with the `--fix` option.

LINT=0
