# TI11_T1_cadre.log — LOG FIGE du gate T1 (cadre ti=11). Mesure 2026-08-27.
# Instrument: WalkKeyframeFullState (stub des 10 feuilles non resolues), oracle WalkKeyframeWorld.
# Corpus: 12 films, 3 familles (Oddball 5, CTF 3, KOTH 4). Films Strongholds ecartes (0 record ti=11 borne).
# GATE T1 (recopie du plan): atterrissage bit-exact >= 85% sur >= 2 familles ; temoin <= 20%.

## INVENTAIRE (records ti=11 BORNES par film, 10 non portes stubbes a 0)
film 24dbb67d : 34 composants ti=11 · 10 non portes · 27 images-cle · 115 records ti=11 BORNES
film 43716616 : 34 composants ti=11 · 10 non portes · 18 images-cle · 70 records ti=11 BORNES
film 92f18088 : 34 composants ti=11 · 10 non portes · 32 images-cle · 136 records ti=11 BORNES
film d9781168 : 34 composants ti=11 · 10 non portes · 37 images-cle · 166 records ti=11 BORNES
film c88ec007 : 34 composants ti=11 · 10 non portes · 34 images-cle · 150 records ti=11 BORNES
film 64e8adfa : 34 composants ti=11 · 10 non portes · 43 images-cle · 201 records ti=11 BORNES
film 530820e5 : 34 composants ti=11 · 10 non portes · 25 images-cle · 115 records ti=11 BORNES
film 53ce4390 : 34 composants ti=11 · 10 non portes · 39 images-cle · 185 records ti=11 BORNES
film 7344d24f : 34 composants ti=11 · 10 non portes · 31 images-cle · 0 records ti=11 BORNES
film 696a9d7c : 34 composants ti=11 · 10 non portes · 29 images-cle · 0 records ti=11 BORNES
film 10ed320d : 34 composants ti=11 · 10 non portes · 32 images-cle · 0 records ti=11 BORNES
film 01e1f945 : 34 composants ti=11 · 10 non portes · 28 images-cle · 25 records ti=11 BORNES
film 606d9844 : 34 composants ti=11 · 10 non portes · 13 images-cle · 10 records ti=11 BORNES
film 8076f97f : 34 composants ti=11 · 10 non portes · 19 images-cle · 16 records ti=11 BORNES
film 0a247154 : 34 composants ti=11 · 10 non portes · 40 images-cle · 38 records ti=11 BORNES

## CUMUL MULTI-FAMILLES (12 films, 1227 records ti=11 bornes)
======== CUMUL MULTI-FAMILLES (12 films) ========
  TEMOIN record NEW cumule : bornes 1227 · exactes 0 | 0.00 %
  corr=false C0 en-tete 64 nu : bornes 1227 · exactes 0 · chainees 0 | ATTERRISSAGE 0.00 %
  corr=false C1 en-tete 108 nu : bornes 1227 · exactes 0 · chainees 0 | ATTERRISSAGE 0.00 %
  corr=false C2 108 + etat par defaut : bornes 1227 · exactes 0 · chainees 0 | ATTERRISSAGE 0.00 %
  corr=false C3 108 + mots de taille : bornes 1227 · exactes 0 · chainees 0 | ATTERRISSAGE 0.00 %
  corr=false C4 108 + taille + etat par defaut (cadre JEU FUN_142e2bfd0) : bornes 1227 · exactes 0 · chainees 0 | ATTERRISSAGE 0.00 %
  corr=false C5 cadre JEU + LevelShift : bornes 1227 · exactes 0 · chainees 0 | ATTERRISSAGE 0.00 %
  corr=false C6 en-tete 64 + etat par defaut : bornes 1227 · exactes 0 · chainees 0 | ATTERRISSAGE 0.00 %
  corr=true C0 en-tete 64 nu : bornes 1227 · exactes 0 · chainees 0 | ATTERRISSAGE 0.00 %
  corr=true C1 en-tete 108 nu : bornes 1227 · exactes 0 · chainees 0 | ATTERRISSAGE 0.00 %
  corr=true C2 108 + etat par defaut : bornes 1227 · exactes 0 · chainees 0 | ATTERRISSAGE 0.00 %
  corr=true C3 108 + mots de taille : bornes 1227 · exactes 0 · chainees 0 | ATTERRISSAGE 0.00 %
  corr=true C4 108 + taille + etat par defaut (cadre JEU FUN_142e2bfd0) : bornes 1227 · exactes 0 · chainees 0 | ATTERRISSAGE 0.00 %
  corr=true C5 cadre JEU + LevelShift : bornes 1227 · exactes 0 · chainees 0 | ATTERRISSAGE 0.00 %
  corr=true C6 en-tete 64 + etat par defaut : bornes 1227 · exactes 0 · chainees 0 | ATTERRISSAGE 0.00 %

## PAR FILM — cadre JEU C4 (108+taille+etat par defaut), corr=false
  [24dbb67d corr=false] C4 108 + taille + etat par defaut (cadre JEU FUN_142e2bfd0) : bornes 115 · exactes 0 · chainees 0 · perdues 115 · desync 0 | ATTERRISSAGE 0.00 %
  [43716616 corr=false] C4 108 + taille + etat par defaut (cadre JEU FUN_142e2bfd0) : bornes 70 · exactes 0 · chainees 0 · perdues 70 · desync 0 | ATTERRISSAGE 0.00 %
  [92f18088 corr=false] C4 108 + taille + etat par defaut (cadre JEU FUN_142e2bfd0) : bornes 136 · exactes 0 · chainees 0 · perdues 136 · desync 0 | ATTERRISSAGE 0.00 %
  [d9781168 corr=false] C4 108 + taille + etat par defaut (cadre JEU FUN_142e2bfd0) : bornes 166 · exactes 0 · chainees 0 · perdues 166 · desync 0 | ATTERRISSAGE 0.00 %
  [c88ec007 corr=false] C4 108 + taille + etat par defaut (cadre JEU FUN_142e2bfd0) : bornes 150 · exactes 0 · chainees 0 · perdues 150 · desync 0 | ATTERRISSAGE 0.00 %
  [64e8adfa corr=false] C4 108 + taille + etat par defaut (cadre JEU FUN_142e2bfd0) : bornes 201 · exactes 0 · chainees 0 · perdues 201 · desync 0 | ATTERRISSAGE 0.00 %
  [530820e5 corr=false] C4 108 + taille + etat par defaut (cadre JEU FUN_142e2bfd0) : bornes 115 · exactes 0 · chainees 0 · perdues 115 · desync 0 | ATTERRISSAGE 0.00 %
  [53ce4390 corr=false] C4 108 + taille + etat par defaut (cadre JEU FUN_142e2bfd0) : bornes 185 · exactes 0 · chainees 0 · perdues 185 · desync 0 | ATTERRISSAGE 0.00 %
  [01e1f945 corr=false] C4 108 + taille + etat par defaut (cadre JEU FUN_142e2bfd0) : bornes 25 · exactes 0 · chainees 0 · perdues 25 · desync 0 | ATTERRISSAGE 0.00 %
  [606d9844 corr=false] C4 108 + taille + etat par defaut (cadre JEU FUN_142e2bfd0) : bornes 10 · exactes 0 · chainees 0 · perdues 10 · desync 0 | ATTERRISSAGE 0.00 %
  [8076f97f corr=false] C4 108 + taille + etat par defaut (cadre JEU FUN_142e2bfd0) : bornes 16 · exactes 0 · chainees 0 · perdues 16 · desync 0 | ATTERRISSAGE 0.00 %
  [0a247154 corr=false] C4 108 + taille + etat par defaut (cadre JEU FUN_142e2bfd0) : bornes 38 · exactes 0 · chainees 0 · perdues 38 · desync 0 | ATTERRISSAGE 0.00 %

## PROFIL D ECART (C4 stub) — longueur reelle vs consommee, ecart signe (want-EndBit)
  [24dbb67d] cadre JEU C4 (stub) : records 115 · longueur REELLE mediane 997 · longueur CONSOMMEE mediane 894 · ecart SIGNE median 103
      ecart signe want-EndBit (bits), + = sous-lecture : 1 valeurs distinctes
             103 :  115 fois
  [64e8adfa] cadre JEU C4 (stub) : records 201 · longueur REELLE mediane 974 · longueur CONSOMMEE mediane 894 · ecart SIGNE median 80
      ecart signe want-EndBit (bits), + = sous-lecture : 8 valeurs distinctes
              80 :   80 fois
             103 :   47 fois
              66 :   41 fois
            2047 :   23 fois
            1831 :    6 fois
             535 :    2 fois
             751 :    1 fois
             319 :    1 fois
  [01e1f945] cadre JEU C4 (stub) : records 25 · longueur REELLE mediane 960 · longueur CONSOMMEE mediane 894 · ecart SIGNE median 66
      ecart signe want-EndBit (bits), + = sous-lecture : 1 valeurs distinctes
              66 :   25 fois

## DIAGNOSTIC SANS STUB — composant de decrochage (100% a i2, premier non resolu)
  [24dbb67d] cadre JEU sans stub : bornes 115 · exactes 0 · desync 115
      composant de decrochage (sans stub) : 1 valeurs distinctes
        i2 managed-objective-formatted-text-component                   115 fois
  [64e8adfa] cadre JEU sans stub : bornes 201 · exactes 0 · desync 201
      composant de decrochage (sans stub) : 1 valeurs distinctes
        i2 managed-objective-formatted-text-component                   201 fois
  [01e1f945] cadre JEU sans stub : bornes 25 · exactes 0 · desync 25
      composant de decrochage (sans stub) : 1 valeurs distinctes
        i2 managed-objective-formatted-text-component                    25 fois

## VERDICT T1 : GATE NON TENU. Atterrissage bit-exact = 0.00% (0/1227), temoin 0.00%.
## Diagnostic: la marche COMPLETE (desync=0 en stub) mais sous-lit d un deficit PETIT et
## souvent CONSTANT par film (103b Oddball, 66b KOTH, ~80b median CTF) = les 10 feuilles NON
## resolues stubbees a 0 (i2/i9 formatted-text variable, i32 outro 8b quant, i4/i6/i7/i8/i10/i11/i33).
## Le mur bit-exact est donc les FEUILLES NON RESOLUES, PAS prouve etre le cadre (contra plan).
